	Command being timed: "hw/soc/tools/cocotb-venv/bin/python hw/soc/out/pcie-vco-v6-divider-tail115-v1-eighthstep-20261006/compare_saved_steps01.py"
	User time (seconds): 4.99
	System time (seconds): 2.01
	Percent of CPU this job got: 99%
	Elapsed (wall clock) time (h:mm:ss or m:ss): 0:07.00
	Average shared text size (kbytes): 0
	Average unshared data size (kbytes): 0
	Average stack size (kbytes): 0
	Average total size (kbytes): 0
	Maximum resident set size (kbytes): 1807040
	Average resident set size (kbytes): 0
	Major (requiring I/O) page faults: 1
	Minor (reclaiming a frame) page faults: 1306363
	Voluntary context switches: 2
	Involuntary context switches: 25
	Swaps: 0
	File system inputs: 8
	File system outputs: 696
	Socket messages sent: 0
	Socket messages received: 0
	Signals delivered: 0
	Page size (bytes): 4096
	Exit status: 0
