	Command being timed: "taskset -c 10 hw/soc/tools/cocotb-venv/bin/python -c import resource,runpy; resource.setrlimit(resource.RLIMIT_AS,(2*1024**3,)*2); runpy.run_path('hw/soc/out/pcie-vco-v6-divider-tail115-v1-eighthstep-20261006/seal_probe01.py',run_name='__main__')"
	User time (seconds): 132.16
	System time (seconds): 1.41
	Percent of CPU this job got: 99%
	Elapsed (wall clock) time (h:mm:ss or m:ss): 2:13.58
	Average shared text size (kbytes): 0
	Average unshared data size (kbytes): 0
	Average stack size (kbytes): 0
	Average total size (kbytes): 0
	Maximum resident set size (kbytes): 1261492
	Average resident set size (kbytes): 0
	Major (requiring I/O) page faults: 1
	Minor (reclaiming a frame) page faults: 536729
	Voluntary context switches: 7
	Involuntary context switches: 535
	Swaps: 0
	File system inputs: 16
	File system outputs: 757696
	Socket messages sent: 0
	Socket messages received: 0
	Signals delivered: 0
	Page size (bytes): 4096
	Exit status: 0
