{
  "delay_by_cell_family": {
    "launch_ff": {
      "count": 1,
      "delay_ns": 0.236463
    },
    "buffer": {
      "count": 20,
      "delay_ns": 3.277957
    },
    "xor_xnor": {
      "count": 1,
      "delay_ns": 0.181031
    },
    "other_boolean": {
      "count": 20,
      "delay_ns": 2.573342
    },
    "mux": {
      "count": 6,
      "delay_ns": 1.0962199999999998
    }
  },
  "word_support_growth": [
    {
      "cell": "_188441_",
      "arrival_ns": 0.236463,
      "structural_current_word_support": []
    },
    {
      "cell": "_181162_",
      "arrival_ns": 6.785876,
      "structural_current_word_support": [
        0
      ]
    },
    {
      "cell": "_181163_",
      "arrival_ns": 6.960299,
      "structural_current_word_support": [
        0,
        1
      ]
    },
    {
      "cell": "_181165_",
      "arrival_ns": 7.14715,
      "structural_current_word_support": [
        0,
        1,
        2
      ]
    },
    {
      "cell": "_181166_",
      "arrival_ns": 7.292096,
      "structural_current_word_support": [
        0,
        1,
        2,
        3
      ]
    }
  ]
}
