{
  "status": "PASS_SOURCE_ONLY_V21_MERGED_NATIVE_CONTINUATION",
  "policy": {
    "bytes": 7537,
    "sha256": "688adf4334d92975f11255ea8a0219456ba970e8304e89bb660b8a3ff2234faa"
  },
  "findings": [],
  "method": {
    "bytes": 5777,
    "sha256": "d1f26dd82b90d2bdbc601a02d2d5b09930f36625460bf3e76673c5f30605c5c2"
  },
  "detacher": {
    "bytes": 2099,
    "sha256": "1351b259f7509530a4664aad0f79ac70d806d086fbaad5a5ba983261e9ad311f"
  },
  "verified_whole_source_bridges": 9,
  "verified_method_pins": 19,
  "verified_sources": 9,
  "all_capsule_members_read": 345,
  "pytest_recounts": [
    {
      "passed": 26,
      "failed": 1,
      "skipped": 0
    },
    {
      "passed": 6,
      "failed": 0,
      "skipped": 0
    }
  ],
  "raw_helper_recount_count": 21,
  "actual_fault_boundary_witnesses": [
    [
      0,
      false,
      0,
      0
    ],
    [
      0,
      true,
      6,
      1
    ],
    [
      1,
      false,
      0,
      0
    ],
    [
      1,
      true,
      14,
      0
    ]
  ],
  "original_negative_invalidated": true,
  "registered_boundary_review": "Original01 descriptorQ membership alone did not exclude extra direct payload bypass. Additive02 now requires no original ring content FFQ in every output D support, while allowing pointer/control ancestry through legitimate fault enables. Corresponding descriptor Q/actualFF and flags and no descriptor payload Q availability remain strict. Requires original slot_data labels/FFQ nonempty; actual emitted graph still pending.",
  "lifecycle": "Four continuation functions and complete map native tail exact inherited V20 after version substitution; helpers whole-byte version-only. SameCPU6/2GiB/original4ns/max150/ring64. New immutable policy02/controller02/boundary02 preserves all01 sources and complete control capsule. Detached exclusive marker, exactpeer/policy/source gates; no native executed by reviewer.",
  "scope": "Finite source and saved functional review only.33 executions32pytestPASS/1historicalFAIL retained; one old assertion-only negative explicitly not semantic evidence.15 unchanged+corrected16th public cases composite, no fullprofile rerun. Actual map, graph boundary, import pin proof and timing pending; no physical/fullPHY closure."
}
