{
  "delta_vs_v11": {
    "slow_max": -0.012712000000000057,
    "slow_min": -0.028527000000000025,
    "typical_max": -0.000284000000000062,
    "typical_min": -0.00019799999999997597,
    "fast_max": -0.00895899999999994,
    "fast_min": -0.00019199999999999773
  },
  "delta_vs_v17": {
    "slow_max": -0.22843999999999998,
    "slow_min": -0.030098999999999987,
    "typical_max": -0.14741700000000002,
    "typical_min": 1.0000000000287557e-06,
    "fast_max": -0.09608699999999992,
    "fast_min": 0.0
  },
  "repaired": [
    {
      "stage": "PREPLACEMENT_REPAIRED",
      "corner": "slow",
      "direction": "max",
      "all_group_slacks_ns": [
        3.561266,
        -3.564723
      ],
      "worst_slack_ns": -3.564723
    },
    {
      "stage": "PREPLACEMENT_REPAIRED",
      "corner": "slow",
      "direction": "min",
      "all_group_slacks_ns": [
        0.401006,
        0.370907
      ],
      "worst_slack_ns": 0.370907
    },
    {
      "stage": "PREPLACEMENT_REPAIRED",
      "corner": "typical",
      "direction": "max",
      "all_group_slacks_ns": [
        3.652583,
        -0.758974
      ],
      "worst_slack_ns": -0.758974
    },
    {
      "stage": "PREPLACEMENT_REPAIRED",
      "corner": "typical",
      "direction": "min",
      "all_group_slacks_ns": [
        0.3266,
        0.260213
      ],
      "worst_slack_ns": 0.260213
    },
    {
      "stage": "PREPLACEMENT_REPAIRED",
      "corner": "fast",
      "direction": "max",
      "all_group_slacks_ns": [
        3.698173,
        0.847446
      ],
      "worst_slack_ns": 0.847446
    },
    {
      "stage": "PREPLACEMENT_REPAIRED",
      "corner": "fast",
      "direction": "min",
      "all_group_slacks_ns": [
        0.286336,
        0.176
      ],
      "worst_slack_ns": 0.176
    }
  ]
}
