{
  "status": "PASS_SYNTHETIC_BUCKET_PHASE_SENSITIVITY_REGRESSION_NO_ORACLE_ADOPTION",
  "findings": [],
  "method": {
    "bytes": 4636,
    "sha256": "8f8faf2650370f3331094313fcddb5a4fdc6161e2db4c38e75c009f2c667c543"
  },
  "production_source": {
    "bytes": 9578,
    "sha256": "f2e8fe57309ee15bb73dffc4954720b635842db333f8df81799ddb29e45f0737"
  },
  "exact_production_count_expression": "[sum((a <= e < b for e in osc)) for a, b in zip(slow[:-1], slow[1:])]",
  "production_count_AST_sha256": "a8f3ca5f511eb0305941984d9ae4c4de02ce1f39d3ab3e146582699325dcfe5e",
  "time_units": "Arbitrary exact rational units; inputUI1000; no simulator or physical waveform implied.",
  "perfect_div4_falling_phase": {
    "events": 51,
    "exact_input_ordinals": [
      0,
      4,
      8,
      12,
      16,
      20,
      24,
      28,
      32,
      36,
      40,
      44,
      48,
      52,
      56,
      60,
      64,
      68,
      72,
      76,
      80,
      84,
      88,
      92,
      96,
      100,
      104,
      108,
      112,
      116,
      120,
      124,
      128,
      132,
      136,
      140,
      144,
      148,
      152,
      156,
      160,
      164,
      168,
      172,
      176,
      180,
      184,
      188,
      192,
      196,
      200
    ],
    "phase_range": [
      7,
      -7
    ],
    "bucket_counts": [
      4,
      4,
      4,
      4,
      4,
      4,
      4,
      4,
      4,
      4,
      4,
      4,
      4,
      4,
      4,
      4,
      4,
      4,
      4,
      4,
      4,
      4,
      4,
      4,
      3,
      4,
      4,
      4,
      4,
      4,
      4,
      4,
      4,
      4,
      4,
      4,
      4,
      4,
      4,
      4,
      4,
      4,
      4,
      4,
      4,
      4,
      4,
      4,
      4,
      4
    ],
    "bad_indices": [
      24
    ],
    "fixed_global_synthetic_bound_pass": true
  },
  "perfect_div4_rising_phase": {
    "events": 51,
    "phase_range": [
      -7,
      7
    ],
    "bucket_counts": [
      4,
      4,
      4,
      4,
      4,
      4,
      4,
      4,
      4,
      4,
      4,
      4,
      4,
      4,
      4,
      4,
      4,
      4,
      4,
      4,
      4,
      4,
      4,
      4,
      4,
      5,
      4,
      4,
      4,
      4,
      4,
      4,
      4,
      4,
      4,
      4,
      4,
      4,
      4,
      4,
      4,
      4,
      4,
      4,
      4,
      4,
      4,
      4,
      4,
      4
    ],
    "bad_indices": [
      25
    ],
    "fixed_global_synthetic_bound_pass": true
  },
  "six_actual_event_mutations": [
    {
      "name": "missing_output",
      "rejected": true,
      "diagnostic": "event_census_or_order",
      "output_events": 50,
      "original_bucket_counts": [
        4,
        4,
        4,
        4,
        4,
        4,
        4,
        4,
        4,
        4,
        4,
        4,
        4,
        4,
        4,
        4,
        4,
        4,
        4,
        8,
        4,
        4,
        4,
        3,
        4,
        4,
        4,
        4,
        4,
        4,
        4,
        4,
        4,
        4,
        4,
        4,
        4,
        4,
        4,
        4,
        4,
        4,
        4,
        4,
        4,
        4,
        4,
        4,
        4
      ]
    },
    {
      "name": "extra_output",
      "rejected": true,
      "diagnostic": "event_census_or_order",
      "output_events": 52,
      "original_bucket_counts": [
        4,
        4,
        4,
        4,
        4,
        4,
        4,
        4,
        4,
        4,
        4,
        4,
        4,
        4,
        4,
        4,
        4,
        4,
        4,
        2,
        2,
        4,
        4,
        4,
        4,
        3,
        4,
        4,
        4,
        4,
        4,
        4,
        4,
        4,
        4,
        4,
        4,
        4,
        4,
        4,
        4,
        4,
        4,
        4,
        4,
        4,
        4,
        4,
        4,
        4,
        4
      ]
    },
    {
      "name": "glitch_doublet",
      "rejected": true,
      "diagnostic": "event_census_or_order",
      "output_events": 52,
      "original_bucket_counts": [
        4,
        4,
        4,
        4,
        4,
        4,
        4,
        4,
        4,
        4,
        4,
        4,
        4,
        4,
        4,
        4,
        4,
        4,
        4,
        4,
        0,
        4,
        4,
        4,
        4,
        3,
        4,
        4,
        4,
        4,
        4,
        4,
        4,
        4,
        4,
        4,
        4,
        4,
        4,
        4,
        4,
        4,
        4,
        4,
        4,
        4,
        4,
        4,
        4,
        4,
        4
      ]
    },
    {
      "name": "ratio3",
      "rejected": true,
      "diagnostic": "fixed_global_phase_bound",
      "output_events": 51,
      "original_bucket_counts": [
        3,
        3,
        3,
        3,
        3,
        3,
        3,
        3,
        3,
        3,
        3,
        3,
        3,
        3,
        3,
        3,
        3,
        3,
        3,
        3,
        3,
        3,
        3,
        3,
        2,
        3,
        3,
        3,
        3,
        3,
        3,
        3,
        3,
        3,
        3,
        3,
        3,
        3,
        3,
        3,
        3,
        3,
        3,
        3,
        3,
        3,
        3,
        3,
        3,
        3
      ]
    },
    {
      "name": "ratio5",
      "rejected": true,
      "diagnostic": "fixed_global_phase_bound",
      "output_events": 51,
      "original_bucket_counts": [
        5,
        5,
        5,
        5,
        5,
        5,
        5,
        5,
        5,
        5,
        5,
        5,
        5,
        5,
        5,
        5,
        5,
        5,
        5,
        5,
        5,
        5,
        5,
        5,
        4,
        5,
        5,
        5,
        5,
        5,
        5,
        5,
        5,
        5,
        5,
        5,
        5,
        5,
        5,
        5,
        5,
        5,
        5,
        5,
        0,
        0,
        0,
        0,
        0,
        0
      ]
    },
    {
      "name": "stall_with_later_catchup",
      "rejected": true,
      "diagnostic": "fixed_global_phase_bound",
      "output_events": 51,
      "original_bucket_counts": [
        4,
        4,
        4,
        4,
        4,
        4,
        4,
        4,
        4,
        4,
        4,
        4,
        4,
        4,
        4,
        4,
        4,
        4,
        4,
        5,
        4,
        4,
        3,
        4,
        3,
        4,
        4,
        4,
        4,
        4,
        4,
        4,
        4,
        4,
        4,
        4,
        4,
        4,
        4,
        4,
        4,
        4,
        4,
        4,
        4,
        4,
        4,
        4,
        4,
        4
      ]
    }
  ],
  "nearest_ordinal_halfUI_counterexample": {
    "phase_range": [
      493,
      507
    ],
    "nearest_ordinals": [
      0,
      4,
      8,
      12,
      16,
      20,
      24,
      28,
      32,
      36,
      40,
      44,
      48,
      52,
      56,
      60,
      64,
      68,
      72,
      76,
      80,
      84,
      88,
      92,
      96,
      100,
      105,
      109,
      113,
      117,
      121,
      125,
      129,
      133,
      137,
      141,
      145,
      149,
      153,
      157,
      161,
      165,
      169,
      173,
      177,
      181,
      185,
      189,
      193,
      197,
      201
    ],
    "advances": [
      4,
      4,
      4,
      4,
      4,
      4,
      4,
      4,
      4,
      4,
      4,
      4,
      4,
      4,
      4,
      4,
      4,
      4,
      4,
      4,
      4,
      4,
      4,
      4,
      4,
      5,
      4,
      4,
      4,
      4,
      4,
      4,
      4,
      4,
      4,
      4,
      4,
      4,
      4,
      4,
      4,
      4,
      4,
      4,
      4,
      4,
      4,
      4,
      4,
      4
    ],
    "scope": "Nearest-edge selection has its own halfUI boundary. Do not substitute nearest counts for an independently anchored global correspondence."
  },
  "scope": "Executed the exact inherited production AST expression on synthetic event fixtures. Both perfect divisions produce a3or5 half-open artifact solelyfrom smoothphase crossingzero. Six explicit event mutations reject under separately declared synthetic anchor/bound; this doesnot qualify any physical oracle. Real tolerance must be predeclared after numerical convergence and independently justified. All existing production code/criteria/results remain unchanged."
}
