{
  "status": "REJECTED_FOR_NEW_DRT_WORSE_GRT_SETUP_THAN_UNCHANGED_BASELINE",
  "method": {
    "bytes": 2660,
    "sha256": "fd2ce3f82586b9ade7aee126e582e9bc59f3e7171263bfb78902455da7dca0f3"
  },
  "result": {
    "bytes": 14738,
    "sha256": "8a31acd25d11a5480cfc3060c641923c49b8b10c615968f56bed3078aecbe9ef"
  },
  "summary": {
    "UNCHANGED_RX14A_ACTUAL_RC_slow_max": {
      "recovery": {
        "reported": 100,
        "worst_ns": 0.358675,
        "negative": 0
      },
      "setup": {
        "reported": 100,
        "worst_ns": -0.402478,
        "negative": 100
      }
    },
    "UNCHANGED_RX14A_ACTUAL_RC_slow_min": {
      "hold": {
        "reported": 10,
        "worst_ns": 0.049182,
        "negative": 0
      },
      "removal": {
        "reported": 10,
        "worst_ns": 0.908593,
        "negative": 0
      }
    },
    "UNCHANGED_RX14A_ACTUAL_RC_typical_max": {
      "recovery": {
        "reported": 100,
        "worst_ns": 1.66134,
        "negative": 0
      },
      "setup": {
        "reported": 100,
        "worst_ns": 1.257879,
        "negative": 0
      }
    },
    "UNCHANGED_RX14A_ACTUAL_RC_typical_min": {
      "hold": {
        "reported": 10,
        "worst_ns": 0.077344,
        "negative": 0
      },
      "removal": {
        "reported": 10,
        "worst_ns": 0.610976,
        "negative": 0
      }
    },
    "UNCHANGED_RX14A_ACTUAL_RC_fast_max": {
      "recovery": {
        "reported": 100,
        "worst_ns": 2.452655,
        "negative": 0
      },
      "setup": {
        "reported": 100,
        "worst_ns": 2.157137,
        "negative": 0
      }
    },
    "UNCHANGED_RX14A_ACTUAL_RC_fast_min": {
      "hold": {
        "reported": 10,
        "worst_ns": 0.09783,
        "negative": 0
      },
      "removal": {
        "reported": 10,
        "worst_ns": 0.436682,
        "negative": 0
      }
    },
    "RX16DEBUG03_GRT_BEFORE_BROAD_REPAIR_slow_max": {
      "recovery": {
        "reported": 100,
        "worst_ns": 1.012446,
        "negative": 0
      },
      "setup": {
        "reported": 100,
        "worst_ns": 0.030589,
        "negative": 0
      }
    },
    "RX16DEBUG03_GRT_BEFORE_BROAD_REPAIR_slow_min": {
      "hold": {
        "reported": 10,
        "worst_ns": 0.10515,
        "negative": 0
      },
      "removal": {
        "reported": 10,
        "worst_ns": 0.642277,
        "negative": 0
      }
    },
    "RX16DEBUG03_GRT_BEFORE_BROAD_REPAIR_typical_max": {
      "recovery": {
        "reported": 100,
        "worst_ns": 2.049963,
        "negative": 0
      },
      "setup": {
        "reported": 100,
        "worst_ns": 1.494561,
        "negative": 0
      }
    },
    "RX16DEBUG03_GRT_BEFORE_BROAD_REPAIR_typical_min": {
      "hold": {
        "reported": 10,
        "worst_ns": 0.123593,
        "negative": 0
      },
      "removal": {
        "reported": 10,
        "worst_ns": 0.456179,
        "negative": 0
      }
    },
    "RX16DEBUG03_GRT_BEFORE_BROAD_REPAIR_fast_max": {
      "recovery": {
        "reported": 100,
        "worst_ns": 2.679612,
        "negative": 0
      },
      "setup": {
        "reported": 100,
        "worst_ns": 2.34246,
        "negative": 0
      }
    },
    "RX16DEBUG03_GRT_BEFORE_BROAD_REPAIR_fast_min": {
      "hold": {
        "reported": 10,
        "worst_ns": 0.140951,
        "negative": 0
      },
      "removal": {
        "reported": 10,
        "worst_ns": 0.348443,
        "negative": 0
      }
    },
    "RX16DEBUG03_RELOADED_ACTUAL_RC_BEFORE_REPAIR_slow_max": {
      "recovery": {
        "reported": 100,
        "worst_ns": 0.358675,
        "negative": 0
      },
      "setup": {
        "reported": 100,
        "worst_ns": -0.402478,
        "negative": 100
      }
    },
    "RX16DEBUG03_RELOADED_ACTUAL_RC_BEFORE_REPAIR_slow_min": {
      "hold": {
        "reported": 10,
        "worst_ns": 0.049182,
        "negative": 0
      },
      "removal": {
        "reported": 10,
        "worst_ns": 0.908593,
        "negative": 0
      }
    },
    "RX16DEBUG03_RELOADED_ACTUAL_RC_BEFORE_REPAIR_typical_max": {
      "recovery": {
        "reported": 100,
        "worst_ns": 1.66134,
        "negative": 0
      },
      "setup": {
        "reported": 100,
        "worst_ns": 1.257879,
        "negative": 0
      }
    },
    "RX16DEBUG03_RELOADED_ACTUAL_RC_BEFORE_REPAIR_typical_min": {
      "hold": {
        "reported": 10,
        "worst_ns": 0.077344,
        "negative": 0
      },
      "removal": {
        "reported": 10,
        "worst_ns": 0.610976,
        "negative": 0
      }
    },
    "RX16DEBUG03_RELOADED_ACTUAL_RC_BEFORE_REPAIR_fast_max": {
      "recovery": {
        "reported": 100,
        "worst_ns": 2.452655,
        "negative": 0
      },
      "setup": {
        "reported": 100,
        "worst_ns": 2.157137,
        "negative": 0
      }
    },
    "RX16DEBUG03_RELOADED_ACTUAL_RC_BEFORE_REPAIR_fast_min": {
      "hold": {
        "reported": 10,
        "worst_ns": 0.09783,
        "negative": 0
      },
      "removal": {
        "reported": 10,
        "worst_ns": 0.436682,
        "negative": 0
      }
    },
    "RX16DEBUG03_GRT_AFTER_BROAD_REPAIR_ESTIMATES_ONLY_slow_max": {
      "recovery": {
        "reported": 100,
        "worst_ns": 1.023707,
        "negative": 0
      },
      "setup": {
        "reported": 100,
        "worst_ns": -0.062476,
        "negative": 32
      }
    },
    "RX16DEBUG03_GRT_AFTER_BROAD_REPAIR_ESTIMATES_ONLY_slow_min": {
      "hold": {
        "reported": 10,
        "worst_ns": 0.107715,
        "negative": 0
      },
      "removal": {
        "reported": 10,
        "worst_ns": 0.647413,
        "negative": 0
      }
    },
    "RX16DEBUG03_GRT_AFTER_BROAD_REPAIR_ESTIMATES_ONLY_typical_max": {
      "recovery": {
        "reported": 100,
        "worst_ns": 2.057655,
        "negative": 0
      },
      "setup": {
        "reported": 100,
        "worst_ns": 1.420361,
        "negative": 0
      }
    },
    "RX16DEBUG03_GRT_AFTER_BROAD_REPAIR_ESTIMATES_ONLY_typical_min": {
      "hold": {
        "reported": 10,
        "worst_ns": 0.125423,
        "negative": 0
      },
      "removal": {
        "reported": 10,
        "worst_ns": 0.458113,
        "negative": 0
      }
    },
    "RX16DEBUG03_GRT_AFTER_BROAD_REPAIR_ESTIMATES_ONLY_fast_max": {
      "recovery": {
        "reported": 100,
        "worst_ns": 2.68535,
        "negative": 0
      },
      "setup": {
        "reported": 100,
        "worst_ns": 2.293287,
        "negative": 0
      }
    },
    "RX16DEBUG03_GRT_AFTER_BROAD_REPAIR_ESTIMATES_ONLY_fast_min": {
      "hold": {
        "reported": 10,
        "worst_ns": 0.141523,
        "negative": 0
      },
      "removal": {
        "reported": 10,
        "worst_ns": 0.348744,
        "negative": 0
      }
    }
  },
  "actual_path_records": 2640,
  "setup_estimate_gain_ns": -0.093065,
  "final_route_context_clean": true,
  "fullGRT_netlist_unchanged": true,
  "native_not_reexecuted": true,
  "scope": "Same original4ns/hold0.05; actual-SPEF-first original clone/sizeup/buffer/split with debuglevel3 produced worse final cleanGRT setup than the original baseline GRT. Finite experiment retained; no new proof/ports/DRT/RC or closure claim."
}
