{
  "status": "REJECTED_FOR_NEW_DRT_WORSE_GRT_SETUP_THAN_UNCHANGED_BASELINE",
  "method": {
    "bytes": 2667,
    "sha256": "114e7ecff7626576e30a333f3e0603bbbe7ce283a1b0eab463512e59e6f33d10"
  },
  "result": {
    "bytes": 14983,
    "sha256": "1a426bc085bbfd4a86093c55d972be8174cf3602bc14f402dfc5e95bb1c8354a"
  },
  "summary": {
    "UNCHANGED_RX14A_ACTUAL_RC_slow_max": {
      "recovery": {
        "reported": 100,
        "worst_ns": 0.358675,
        "negative": 0
      },
      "setup": {
        "reported": 100,
        "worst_ns": -0.402478,
        "negative": 100
      }
    },
    "UNCHANGED_RX14A_ACTUAL_RC_slow_min": {
      "hold": {
        "reported": 10,
        "worst_ns": 0.049182,
        "negative": 0
      },
      "removal": {
        "reported": 10,
        "worst_ns": 0.908593,
        "negative": 0
      }
    },
    "UNCHANGED_RX14A_ACTUAL_RC_typical_max": {
      "recovery": {
        "reported": 100,
        "worst_ns": 1.66134,
        "negative": 0
      },
      "setup": {
        "reported": 100,
        "worst_ns": 1.257879,
        "negative": 0
      }
    },
    "UNCHANGED_RX14A_ACTUAL_RC_typical_min": {
      "hold": {
        "reported": 10,
        "worst_ns": 0.077344,
        "negative": 0
      },
      "removal": {
        "reported": 10,
        "worst_ns": 0.610976,
        "negative": 0
      }
    },
    "UNCHANGED_RX14A_ACTUAL_RC_fast_max": {
      "recovery": {
        "reported": 100,
        "worst_ns": 2.452655,
        "negative": 0
      },
      "setup": {
        "reported": 100,
        "worst_ns": 2.157137,
        "negative": 0
      }
    },
    "UNCHANGED_RX14A_ACTUAL_RC_fast_min": {
      "hold": {
        "reported": 10,
        "worst_ns": 0.09783,
        "negative": 0
      },
      "removal": {
        "reported": 10,
        "worst_ns": 0.436682,
        "negative": 0
      }
    },
    "RX16MIXED02_GRT_BEFORE_BROAD_REPAIR_slow_max": {
      "recovery": {
        "reported": 100,
        "worst_ns": 1.012446,
        "negative": 0
      },
      "setup": {
        "reported": 100,
        "worst_ns": 0.030589,
        "negative": 0
      }
    },
    "RX16MIXED02_GRT_BEFORE_BROAD_REPAIR_slow_min": {
      "hold": {
        "reported": 10,
        "worst_ns": 0.10515,
        "negative": 0
      },
      "removal": {
        "reported": 10,
        "worst_ns": 0.642277,
        "negative": 0
      }
    },
    "RX16MIXED02_GRT_BEFORE_BROAD_REPAIR_typical_max": {
      "recovery": {
        "reported": 100,
        "worst_ns": 2.049963,
        "negative": 0
      },
      "setup": {
        "reported": 100,
        "worst_ns": 1.494561,
        "negative": 0
      }
    },
    "RX16MIXED02_GRT_BEFORE_BROAD_REPAIR_typical_min": {
      "hold": {
        "reported": 10,
        "worst_ns": 0.123593,
        "negative": 0
      },
      "removal": {
        "reported": 10,
        "worst_ns": 0.456179,
        "negative": 0
      }
    },
    "RX16MIXED02_GRT_BEFORE_BROAD_REPAIR_fast_max": {
      "recovery": {
        "reported": 100,
        "worst_ns": 2.679612,
        "negative": 0
      },
      "setup": {
        "reported": 100,
        "worst_ns": 2.34246,
        "negative": 0
      }
    },
    "RX16MIXED02_GRT_BEFORE_BROAD_REPAIR_fast_min": {
      "hold": {
        "reported": 10,
        "worst_ns": 0.140951,
        "negative": 0
      },
      "removal": {
        "reported": 10,
        "worst_ns": 0.348443,
        "negative": 0
      }
    },
    "RX16MIXED02_RELOADED_ACTUAL_RC_BEFORE_REPAIR_slow_max": {
      "recovery": {
        "reported": 100,
        "worst_ns": 0.358675,
        "negative": 0
      },
      "setup": {
        "reported": 100,
        "worst_ns": -0.402478,
        "negative": 100
      }
    },
    "RX16MIXED02_RELOADED_ACTUAL_RC_BEFORE_REPAIR_slow_min": {
      "hold": {
        "reported": 10,
        "worst_ns": 0.049182,
        "negative": 0
      },
      "removal": {
        "reported": 10,
        "worst_ns": 0.908593,
        "negative": 0
      }
    },
    "RX16MIXED02_RELOADED_ACTUAL_RC_BEFORE_REPAIR_typical_max": {
      "recovery": {
        "reported": 100,
        "worst_ns": 1.66134,
        "negative": 0
      },
      "setup": {
        "reported": 100,
        "worst_ns": 1.257879,
        "negative": 0
      }
    },
    "RX16MIXED02_RELOADED_ACTUAL_RC_BEFORE_REPAIR_typical_min": {
      "hold": {
        "reported": 10,
        "worst_ns": 0.077344,
        "negative": 0
      },
      "removal": {
        "reported": 10,
        "worst_ns": 0.610976,
        "negative": 0
      }
    },
    "RX16MIXED02_RELOADED_ACTUAL_RC_BEFORE_REPAIR_fast_max": {
      "recovery": {
        "reported": 100,
        "worst_ns": 2.452655,
        "negative": 0
      },
      "setup": {
        "reported": 100,
        "worst_ns": 2.157137,
        "negative": 0
      }
    },
    "RX16MIXED02_RELOADED_ACTUAL_RC_BEFORE_REPAIR_fast_min": {
      "hold": {
        "reported": 10,
        "worst_ns": 0.09783,
        "negative": 0
      },
      "removal": {
        "reported": 10,
        "worst_ns": 0.436682,
        "negative": 0
      }
    },
    "RX16MIXED02_GRT_AFTER_BROAD_REPAIR_ESTIMATES_ONLY_slow_max": {
      "recovery": {
        "reported": 100,
        "worst_ns": 1.014987,
        "negative": 0
      },
      "setup": {
        "reported": 100,
        "worst_ns": -0.066987,
        "negative": 82
      }
    },
    "RX16MIXED02_GRT_AFTER_BROAD_REPAIR_ESTIMATES_ONLY_slow_min": {
      "hold": {
        "reported": 10,
        "worst_ns": 0.10818,
        "negative": 0
      },
      "removal": {
        "reported": 10,
        "worst_ns": 0.652327,
        "negative": 0
      }
    },
    "RX16MIXED02_GRT_AFTER_BROAD_REPAIR_ESTIMATES_ONLY_typical_max": {
      "recovery": {
        "reported": 100,
        "worst_ns": 2.050872,
        "negative": 0
      },
      "setup": {
        "reported": 100,
        "worst_ns": 1.434174,
        "negative": 0
      }
    },
    "RX16MIXED02_GRT_AFTER_BROAD_REPAIR_ESTIMATES_ONLY_typical_min": {
      "hold": {
        "reported": 10,
        "worst_ns": 0.126318,
        "negative": 0
      },
      "removal": {
        "reported": 10,
        "worst_ns": 0.46215,
        "negative": 0
      }
    },
    "RX16MIXED02_GRT_AFTER_BROAD_REPAIR_ESTIMATES_ONLY_fast_max": {
      "recovery": {
        "reported": 100,
        "worst_ns": 2.679365,
        "negative": 0
      },
      "setup": {
        "reported": 100,
        "worst_ns": 2.302812,
        "negative": 0
      }
    },
    "RX16MIXED02_GRT_AFTER_BROAD_REPAIR_ESTIMATES_ONLY_fast_min": {
      "hold": {
        "reported": 10,
        "worst_ns": 0.143266,
        "negative": 0
      },
      "removal": {
        "reported": 10,
        "worst_ns": 0.352329,
        "negative": 0
      }
    }
  },
  "actual_path_records": 2640,
  "setup_estimate_gain_ns": -0.097576,
  "final_route_context_clean": true,
  "fullGRT_netlist_unchanged": true,
  "native_not_reexecuted": true,
  "scope": "Same original4ns/hold0.05; actual-SPEF-first clone/buffer/split optimization without crashing sizeup produced worse final cleanGRT setup than the original baseline GRT. Finite experiment retained; no new proof/ports/DRT/RC or closure claim."
}
