{
  "status": "REJECTED_FOR_NEW_DRT_WORSE_GRT_SETUP_THAN_UNCHANGED_BASELINE",
  "method": {
    "bytes": 2677,
    "sha256": "d4a712ce467c97f5c3919f31cf0d88846230127025adc5ff647e00170ebefcef"
  },
  "result": {
    "bytes": 15384,
    "sha256": "695687b14c985e8192f06554aaa9bde5959ad4ada2503c716f8f9555eaac1c81"
  },
  "summary": {
    "UNCHANGED_RX14A_ACTUAL_RC_slow_max": {
      "setup": {
        "reported": 100,
        "worst_ns": -0.402478,
        "negative": 100
      },
      "recovery": {
        "reported": 100,
        "worst_ns": 0.358675,
        "negative": 0
      }
    },
    "UNCHANGED_RX14A_ACTUAL_RC_slow_min": {
      "hold": {
        "reported": 10,
        "worst_ns": 0.049182,
        "negative": 0
      },
      "removal": {
        "reported": 10,
        "worst_ns": 0.908593,
        "negative": 0
      }
    },
    "UNCHANGED_RX14A_ACTUAL_RC_typical_max": {
      "setup": {
        "reported": 100,
        "worst_ns": 1.257879,
        "negative": 0
      },
      "recovery": {
        "reported": 100,
        "worst_ns": 1.66134,
        "negative": 0
      }
    },
    "UNCHANGED_RX14A_ACTUAL_RC_typical_min": {
      "hold": {
        "reported": 10,
        "worst_ns": 0.077344,
        "negative": 0
      },
      "removal": {
        "reported": 10,
        "worst_ns": 0.610976,
        "negative": 0
      }
    },
    "UNCHANGED_RX14A_ACTUAL_RC_fast_max": {
      "setup": {
        "reported": 100,
        "worst_ns": 2.157137,
        "negative": 0
      },
      "recovery": {
        "reported": 100,
        "worst_ns": 2.452655,
        "negative": 0
      }
    },
    "UNCHANGED_RX14A_ACTUAL_RC_fast_min": {
      "hold": {
        "reported": 10,
        "worst_ns": 0.09783,
        "negative": 0
      },
      "removal": {
        "reported": 10,
        "worst_ns": 0.436682,
        "negative": 0
      }
    },
    "RX16ONE04_GRT_BEFORE_BROAD_REPAIR_slow_max": {
      "setup": {
        "reported": 100,
        "worst_ns": 0.030589,
        "negative": 0
      },
      "recovery": {
        "reported": 100,
        "worst_ns": 1.012446,
        "negative": 0
      }
    },
    "RX16ONE04_GRT_BEFORE_BROAD_REPAIR_slow_min": {
      "hold": {
        "reported": 10,
        "worst_ns": 0.10515,
        "negative": 0
      },
      "removal": {
        "reported": 10,
        "worst_ns": 0.642277,
        "negative": 0
      }
    },
    "RX16ONE04_GRT_BEFORE_BROAD_REPAIR_typical_max": {
      "setup": {
        "reported": 100,
        "worst_ns": 1.494561,
        "negative": 0
      },
      "recovery": {
        "reported": 100,
        "worst_ns": 2.049963,
        "negative": 0
      }
    },
    "RX16ONE04_GRT_BEFORE_BROAD_REPAIR_typical_min": {
      "hold": {
        "reported": 10,
        "worst_ns": 0.123593,
        "negative": 0
      },
      "removal": {
        "reported": 10,
        "worst_ns": 0.456179,
        "negative": 0
      }
    },
    "RX16ONE04_GRT_BEFORE_BROAD_REPAIR_fast_max": {
      "setup": {
        "reported": 100,
        "worst_ns": 2.34246,
        "negative": 0
      },
      "recovery": {
        "reported": 100,
        "worst_ns": 2.679612,
        "negative": 0
      }
    },
    "RX16ONE04_GRT_BEFORE_BROAD_REPAIR_fast_min": {
      "hold": {
        "reported": 10,
        "worst_ns": 0.140951,
        "negative": 0
      },
      "removal": {
        "reported": 10,
        "worst_ns": 0.348443,
        "negative": 0
      }
    },
    "RX16ONE04_RELOADED_ACTUAL_RC_BEFORE_REPAIR_slow_max": {
      "setup": {
        "reported": 100,
        "worst_ns": -0.402478,
        "negative": 100
      },
      "recovery": {
        "reported": 100,
        "worst_ns": 0.358675,
        "negative": 0
      }
    },
    "RX16ONE04_RELOADED_ACTUAL_RC_BEFORE_REPAIR_slow_min": {
      "hold": {
        "reported": 10,
        "worst_ns": 0.049182,
        "negative": 0
      },
      "removal": {
        "reported": 10,
        "worst_ns": 0.908593,
        "negative": 0
      }
    },
    "RX16ONE04_RELOADED_ACTUAL_RC_BEFORE_REPAIR_typical_max": {
      "setup": {
        "reported": 100,
        "worst_ns": 1.257879,
        "negative": 0
      },
      "recovery": {
        "reported": 100,
        "worst_ns": 1.66134,
        "negative": 0
      }
    },
    "RX16ONE04_RELOADED_ACTUAL_RC_BEFORE_REPAIR_typical_min": {
      "hold": {
        "reported": 10,
        "worst_ns": 0.077344,
        "negative": 0
      },
      "removal": {
        "reported": 10,
        "worst_ns": 0.610976,
        "negative": 0
      }
    },
    "RX16ONE04_RELOADED_ACTUAL_RC_BEFORE_REPAIR_fast_max": {
      "setup": {
        "reported": 100,
        "worst_ns": 2.157137,
        "negative": 0
      },
      "recovery": {
        "reported": 100,
        "worst_ns": 2.452655,
        "negative": 0
      }
    },
    "RX16ONE04_RELOADED_ACTUAL_RC_BEFORE_REPAIR_fast_min": {
      "hold": {
        "reported": 10,
        "worst_ns": 0.09783,
        "negative": 0
      },
      "removal": {
        "reported": 10,
        "worst_ns": 0.436682,
        "negative": 0
      }
    },
    "RX16ONE04_GRT_AFTER_BROAD_REPAIR_ESTIMATES_ONLY_slow_max": {
      "setup": {
        "reported": 100,
        "worst_ns": -0.040985,
        "negative": 41
      },
      "recovery": {
        "reported": 100,
        "worst_ns": 1.014103,
        "negative": 0
      }
    },
    "RX16ONE04_GRT_AFTER_BROAD_REPAIR_ESTIMATES_ONLY_slow_min": {
      "hold": {
        "reported": 10,
        "worst_ns": 0.1087,
        "negative": 0
      },
      "removal": {
        "reported": 10,
        "worst_ns": 0.652962,
        "negative": 0
      }
    },
    "RX16ONE04_GRT_AFTER_BROAD_REPAIR_ESTIMATES_ONLY_typical_max": {
      "setup": {
        "reported": 100,
        "worst_ns": 1.428392,
        "negative": 0
      },
      "recovery": {
        "reported": 100,
        "worst_ns": 2.050209,
        "negative": 0
      }
    },
    "RX16ONE04_GRT_AFTER_BROAD_REPAIR_ESTIMATES_ONLY_typical_min": {
      "hold": {
        "reported": 10,
        "worst_ns": 0.126373,
        "negative": 0
      },
      "removal": {
        "reported": 10,
        "worst_ns": 0.462944,
        "negative": 0
      }
    },
    "RX16ONE04_GRT_AFTER_BROAD_REPAIR_ESTIMATES_ONLY_fast_max": {
      "setup": {
        "reported": 100,
        "worst_ns": 2.287932,
        "negative": 0
      },
      "recovery": {
        "reported": 100,
        "worst_ns": 2.679139,
        "negative": 0
      }
    },
    "RX16ONE04_GRT_AFTER_BROAD_REPAIR_ESTIMATES_ONLY_fast_min": {
      "hold": {
        "reported": 10,
        "worst_ns": 0.142497,
        "negative": 0
      },
      "removal": {
        "reported": 10,
        "worst_ns": 0.353009,
        "negative": 0
      }
    }
  },
  "actual_path_records": 2640,
  "setup_estimate_gain_ns": -0.071574,
  "final_route_context_clean": true,
  "fullGRT_netlist_unchanged": true,
  "native_not_reexecuted": true,
  "scope": "Same original4ns/hold0.05; actual-SPEF-first original clone/sizeup/buffer/split with debuglevel3 and max_repairs_per_pass1 produced worse final cleanGRT setup than the original baseline GRT. Finite experiment retained; no new proof/ports/DRT/RC or closure claim."
}
