{
  "status": "PASS_ACTUAL_NESTED_STAGE_NATIVE_SIGNAL_CLEANUP",
  "identities": [
    {
      "pid": 232013,
      "process_group": 232013,
      "session": 232013,
      "start_ticks": "4345333"
    },
    {
      "pid": 232014,
      "start_ticks": "4345336",
      "group": 232014
    },
    {
      "pid": 232015,
      "start_ticks": "4345339",
      "group": 232015
    }
  ],
  "controller_returncode": 1,
  "elapsed_seconds": 2.20259832800366,
  "all_three_groups_no_live_members": true,
  "native_ignored_SIGTERM": true,
  "production_stage_function_used": true,
  "production_outer_failure_grace_seconds": 15,
  "actual_stage_env_sanitized": true,
  "method": {
    "bytes": 4223,
    "sha256": "0dbfe7ed8190a4d4e538ba2f93819405005581d0823e1ae792dc5735c35625c7"
  },
  "production": {
    "bytes": 4709,
    "sha256": "e0bd956cd1819f820307177487dcfb06b7d1c1bbeb5873e0b9ab053059326d0e"
  },
  "helper": {
    "bytes": 4133,
    "sha256": "39dedf775c53370fe7696fab46b198bf3d727c3dbf52dbd4148c3d70134ff526"
  },
  "raw": {
    "native.json": {
      "bytes": 58,
      "sha256": "526f63efb6d9bff53af90b50ecffb7c9399b71bafb4607e08b78eaee60cb3639"
    },
    "native.log": {
      "bytes": 0,
      "sha256": "e3b0c44298fc1c149afbf4c8996fb92427ae41e4649b934ca495991b7852b855"
    },
    "stage.json": {
      "bytes": 58,
      "sha256": "468366cb56c018d4180d8fe2ccd377507b443b6d9f25b3d0fdf76e97068e4850"
    },
    "stage.log": {
      "bytes": 627,
      "sha256": "e951e8f0956b18b80d1f5be683601d095bc1e725b40b11c456ced76909009f2d"
    },
    "controller.log": {
      "bytes": 1106,
      "sha256": "3d36d44cb92973e7ace7b9bd46b78b6e5e41f276ddafdee19ad58a461819d547"
    },
    "controller/status.json": {
      "bytes": 332,
      "sha256": "6189fbaa835146c44c049325d6fa03c58d814bc77eb11b057bc469c3cd32c169"
    }
  }
}
