2026-10-06 06:25:12 +0300: Memory Usage (420576K) : Starting running SG13G2 Klayout LVS runset on /dev/shm/nssoc-div4-v8-cap-v1-layout-01/nssoc_clock_div4_v8_cap_v1_layout.gds
2026-10-06 06:25:12 +0300: Memory Usage (420576K) : Ruby Version for klayout: 3.3.10
2026-10-06 06:25:12 +0300: Memory Usage (421360K) : Loading database to memory is complete.
2026-10-06 06:25:12 +0300: Memory Usage (421360K) : SG13G2 Klayout LVS runset output at default location: nssoc_clock_div4_v8_cap_v1_layout.lvsdb
2026-10-06 06:25:12 +0300: Memory Usage (421360K) : Evaluate switches.
2026-10-06 06:25:12 +0300: Memory Usage (421360K) : Extracted netlist with net names: true
2026-10-06 06:25:12 +0300: Memory Usage (421360K) : Extracted netlist with comments in details: false
2026-10-06 06:25:12 +0300: Memory Usage (421360K) : Selected NET_ONLY option: true
2026-10-06 06:25:12 +0300: Memory Usage (421360K) : Selected LAYOUT_NETLIST option: (none)
2026-10-06 06:25:12 +0300: Memory Usage (421360K) : Selected IGNORE_TOP_PORTS_MISMATCH option: 
2026-10-06 06:25:12 +0300: Memory Usage (421360K) : Selected IMPLICIT_NETS option: (none)
2026-10-06 06:25:12 +0300: Memory Usage (421360K) : Selected TOP_LVL_PINS option: true
2026-10-06 06:25:12 +0300: Memory Usage (421360K) : Selected COMBINE DEVICES option: false
2026-10-06 06:25:12 +0300: Memory Usage (421360K) : Selected PURGE option: false
2026-10-06 06:25:12 +0300: Memory Usage (421360K) : Selected PURGE_NETS option: false
2026-10-06 06:25:12 +0300: Memory Usage (421360K) : Selected SIMPLIFY option: false
2026-10-06 06:25:12 +0300: Memory Usage (421360K) : Selected SERIES_RES option: true
2026-10-06 06:25:12 +0300: Memory Usage (421360K) : Selected PARALLEL_RES option: true
2026-10-06 06:25:12 +0300: Memory Usage (421360K) : Selected DISABLE_TAP_EXTRACTION option: false
2026-10-06 06:25:12 +0300: Memory Usage (421360K) : flat  mode is enabled.
2026-10-06 06:25:12 +0300: Memory Usage (421360K) : LVS extracted netlist at: /dev/shm/nssoc-div4-v8-cap-v1-wire-native-01/extracted.cir
2026-10-06 06:25:12 +0300: Memory Usage (421360K) : Applying SRAM integration support.
2026-10-06 06:25:12 +0300: Memory Usage (421360K) : Starting SG13G2 LVS runset
2026-10-06 06:25:12 +0300: Memory Usage (421360K) : Read in polygons from layers.
2026-10-06 06:25:12 +0300: Memory Usage (423048K) : activ_drw has 86 polygons
2026-10-06 06:25:12 +0300: Memory Usage (423048K) : activ_filler has 0 polygons
2026-10-06 06:25:12 +0300: Memory Usage (423048K) : activ has 86 polygons
2026-10-06 06:25:12 +0300: Memory Usage (423048K) : activ_pin has 0 polygons
2026-10-06 06:25:12 +0300: Memory Usage (423048K) : activ_mask has 34 polygons
2026-10-06 06:25:12 +0300: Memory Usage (423048K) : activ_nofill has 0 polygons
2026-10-06 06:25:12 +0300: Memory Usage (423048K) : activ_OPC has 0 polygons
2026-10-06 06:25:12 +0300: Memory Usage (423048K) : activ_iOPC has 0 polygons
2026-10-06 06:25:12 +0300: Memory Usage (423048K) : activ_noqrc has 0 polygons
2026-10-06 06:25:12 +0300: Memory Usage (423208K) : biwind_drw has 0 polygons
2026-10-06 06:25:12 +0300: Memory Usage (423368K) : biwind_OPC has 0 polygons
2026-10-06 06:25:12 +0300: Memory Usage (423368K) : gatpoly_drw has 66 polygons
2026-10-06 06:25:12 +0300: Memory Usage (423368K) : gatpoly_filler has 0 polygons
2026-10-06 06:25:12 +0300: Memory Usage (423368K) : gatpoly has 66 polygons
2026-10-06 06:25:12 +0300: Memory Usage (423368K) : gatpoly_pin has 0 polygons
2026-10-06 06:25:12 +0300: Memory Usage (423848K) : gatpoly_nofill has 0 polygons
2026-10-06 06:25:12 +0300: Memory Usage (424008K) : gatpoly_OPC has 0 polygons
2026-10-06 06:25:12 +0300: Memory Usage (424008K) : gatpoly_iOPC has 0 polygons
2026-10-06 06:25:12 +0300: Memory Usage (424168K) : gatpoly_noqrc has 0 polygons
2026-10-06 06:25:12 +0300: Memory Usage (424168K) : cont_drw has 698 polygons
2026-10-06 06:25:12 +0300: Memory Usage (424168K) : cont_OPC has 0 polygons
2026-10-06 06:25:12 +0300: Memory Usage (424328K) : nsd_drw has 0 polygons
2026-10-06 06:25:12 +0300: Memory Usage (424704K) : nsd_block has 34 polygons
2026-10-06 06:25:12 +0300: Memory Usage (424864K) : metal1_drw has 243 polygons
2026-10-06 06:25:12 +0300: Memory Usage (425024K) : metal1_filler has 0 polygons
2026-10-06 06:25:12 +0300: Memory Usage (425184K) : metal1_slit has 0 polygons
2026-10-06 06:25:12 +0300: Memory Usage (425344K) : metal1 has 243 polygons
2026-10-06 06:25:12 +0300: Memory Usage (425504K) : metal1_pin has 152 polygons
2026-10-06 06:25:12 +0300: Memory Usage (425664K) : metal1_mask has 0 polygons
2026-10-06 06:25:12 +0300: Memory Usage (425824K) : metal1_nofill has 0 polygons
2026-10-06 06:25:12 +0300: Memory Usage (425824K) : metal1_text has 0 polygons
2026-10-06 06:25:12 +0300: Memory Usage (425984K) : metal1_OPC has 0 polygons
2026-10-06 06:25:12 +0300: Memory Usage (426144K) : metal1_noqrc has 0 polygons
2026-10-06 06:25:12 +0300: Memory Usage (426304K) : metal1_res has 0 polygons
2026-10-06 06:25:12 +0300: Memory Usage (426464K) : metal1_iprobe has 0 polygons
2026-10-06 06:25:12 +0300: Memory Usage (426624K) : metal1_diffprb has 0 polygons
2026-10-06 06:25:12 +0300: Memory Usage (426784K) : passiv_drw has 0 polygons
2026-10-06 06:25:12 +0300: Memory Usage (426944K) : passiv_pin has 0 polygons
2026-10-06 06:25:12 +0300: Memory Usage (427744K) : passiv_sbump has 0 polygons
2026-10-06 06:25:12 +0300: Memory Usage (427904K) : passiv_pillar has 0 polygons
2026-10-06 06:25:12 +0300: Memory Usage (427904K) : passiv_pdl has 0 polygons
2026-10-06 06:25:12 +0300: Memory Usage (428064K) : metal2_drw has 186 polygons
2026-10-06 06:25:12 +0300: Memory Usage (428064K) : metal2_filler has 0 polygons
2026-10-06 06:25:12 +0300: Memory Usage (428064K) : metal2_slit has 0 polygons
2026-10-06 06:25:12 +0300: Memory Usage (428224K) : metal2 has 186 polygons
2026-10-06 06:25:12 +0300: Memory Usage (428384K) : metal2_pin has 34 polygons
2026-10-06 06:25:12 +0300: Memory Usage (428544K) : metal2_mask has 0 polygons
2026-10-06 06:25:12 +0300: Memory Usage (428704K) : metal2_nofill has 0 polygons
2026-10-06 06:25:12 +0300: Memory Usage (428704K) : metal2_text has 0 polygons
2026-10-06 06:25:12 +0300: Memory Usage (428864K) : metal2_OPC has 0 polygons
2026-10-06 06:25:12 +0300: Memory Usage (429024K) : metal2_noqrc has 0 polygons
2026-10-06 06:25:12 +0300: Memory Usage (429184K) : metal2_res has 0 polygons
2026-10-06 06:25:12 +0300: Memory Usage (429344K) : metal2_iprobe has 0 polygons
2026-10-06 06:25:12 +0300: Memory Usage (429664K) : metal2_diffprb has 0 polygons
2026-10-06 06:25:12 +0300: Memory Usage (429824K) : baspoly_drw has 0 polygons
2026-10-06 06:25:12 +0300: Memory Usage (429984K) : baspoly_pin has 0 polygons
2026-10-06 06:25:12 +0300: Memory Usage (430144K) : psd_drw has 85 polygons
2026-10-06 06:25:12 +0300: Memory Usage (430304K) : nldb_drw has 0 polygons
2026-10-06 06:25:12 +0300: Memory Usage (430464K) : digibnd_drw has 0 polygons
2026-10-06 06:25:12 +0300: Memory Usage (430624K) : via1_drw has 1216 polygons
2026-10-06 06:25:12 +0300: Memory Usage (430944K) : backmetal1_drw has 0 polygons
2026-10-06 06:25:12 +0300: Memory Usage (430944K) : backmetal1_pin has 0 polygons
2026-10-06 06:25:12 +0300: Memory Usage (431264K) : backmetal1_mask has 0 polygons
2026-10-06 06:25:12 +0300: Memory Usage (431424K) : backmetal1_filler has 0 polygons
2026-10-06 06:25:12 +0300: Memory Usage (431584K) : backmetal1_nofill has 0 polygons
2026-10-06 06:25:12 +0300: Memory Usage (431744K) : backmetal1_slit has 0 polygons
2026-10-06 06:25:12 +0300: Memory Usage (431744K) : backmetal1_text has 0 polygons
2026-10-06 06:25:12 +0300: Memory Usage (431904K) : backmetal1_OPC has 0 polygons
2026-10-06 06:25:12 +0300: Memory Usage (432064K) : backmetal1_noqrc has 0 polygons
2026-10-06 06:25:12 +0300: Memory Usage (432224K) : backmetal1_res has 0 polygons
2026-10-06 06:25:12 +0300: Memory Usage (432384K) : backmetal1_iprobe has 0 polygons
2026-10-06 06:25:12 +0300: Memory Usage (432544K) : backmetal1_diffprb has 0 polygons
2026-10-06 06:25:12 +0300: Memory Usage (432864K) : backpassiv_drw has 0 polygons
2026-10-06 06:25:12 +0300: Memory Usage (433024K) : res_drw has 0 polygons
2026-10-06 06:25:12 +0300: Memory Usage (433184K) : sram_drw has 0 polygons
2026-10-06 06:25:12 +0300: Memory Usage (433344K) : trans_drw has 34 polygons
2026-10-06 06:25:12 +0300: Memory Usage (433504K) : ind_drw has 0 polygons
2026-10-06 06:25:12 +0300: Memory Usage (433664K) : ind_pin has 0 polygons
2026-10-06 06:25:12 +0300: Memory Usage (433664K) : ind_text has 0 polygons
2026-10-06 06:25:12 +0300: Memory Usage (433824K) : salblock_drw has 33 polygons
2026-10-06 06:25:12 +0300: Memory Usage (433984K) : via2_drw has 624 polygons
2026-10-06 06:25:12 +0300: Memory Usage (434304K) : metal3_drw has 186 polygons
2026-10-06 06:25:12 +0300: Memory Usage (434464K) : metal3_filler has 0 polygons
2026-10-06 06:25:12 +0300: Memory Usage (434624K) : metal3_slit has 0 polygons
2026-10-06 06:25:12 +0300: Memory Usage (434784K) : metal3 has 186 polygons
2026-10-06 06:25:12 +0300: Memory Usage (434944K) : metal3_pin has 0 polygons
2026-10-06 06:25:12 +0300: Memory Usage (435104K) : metal3_mask has 0 polygons
2026-10-06 06:25:12 +0300: Memory Usage (435104K) : metal3_nofill has 0 polygons
2026-10-06 06:25:12 +0300: Memory Usage (435104K) : metal3_text has 0 polygons
2026-10-06 06:25:12 +0300: Memory Usage (435104K) : metal3_OPC has 0 polygons
2026-10-06 06:25:12 +0300: Memory Usage (435104K) : metal3_noqrc has 0 polygons
2026-10-06 06:25:12 +0300: Memory Usage (435104K) : metal3_res has 0 polygons
2026-10-06 06:25:12 +0300: Memory Usage (435104K) : metal3_iprobe has 0 polygons
2026-10-06 06:25:12 +0300: Memory Usage (435104K) : metal3_diffprb has 0 polygons
2026-10-06 06:25:12 +0300: Memory Usage (435104K) : nwell_drw has 0 polygons
2026-10-06 06:25:12 +0300: Memory Usage (435104K) : nwell_pin has 0 polygons
2026-10-06 06:25:12 +0300: Memory Usage (435104K) : nwell_text has 0 polygons
2026-10-06 06:25:12 +0300: Memory Usage (435104K) : nbulay_drw has 0 polygons
2026-10-06 06:25:12 +0300: Memory Usage (435104K) : nbulay_pin has 0 polygons
2026-10-06 06:25:12 +0300: Memory Usage (435104K) : nbulay_block has 0 polygons
2026-10-06 06:25:12 +0300: Memory Usage (435104K) : emwind_drw has 91 polygons
2026-10-06 06:25:12 +0300: Memory Usage (435104K) : emwind_OPC has 0 polygons
2026-10-06 06:25:12 +0300: Memory Usage (435104K) : deepco_drw has 0 polygons
2026-10-06 06:25:12 +0300: Memory Usage (435104K) : mim_drw has 6 polygons
2026-10-06 06:25:12 +0300: Memory Usage (435104K) : edgeseal_drw has 0 polygons
2026-10-06 06:25:12 +0300: Memory Usage (435104K) : substrate_drw has 18 polygons
2026-10-06 06:25:12 +0300: Memory Usage (435104K) : substrate_text has 0 polygons
2026-10-06 06:25:12 +0300: Memory Usage (435104K) : dfpad_drw has 0 polygons
2026-10-06 06:25:12 +0300: Memory Usage (435104K) : dfpad_pillar has 0 polygons
2026-10-06 06:25:12 +0300: Memory Usage (435104K) : dfpad_sbump has 0 polygons
2026-10-06 06:25:12 +0300: Memory Usage (435104K) : thickgateox_drw has 0 polygons
2026-10-06 06:25:12 +0300: Memory Usage (435104K) : pldb_drw has 0 polygons
2026-10-06 06:25:12 +0300: Memory Usage (435104K) : pwell_drw has 0 polygons
2026-10-06 06:25:12 +0300: Memory Usage (435104K) : pwell_pin has 0 polygons
2026-10-06 06:25:12 +0300: Memory Usage (435104K) : pwell_block has 0 polygons
2026-10-06 06:25:12 +0300: Memory Usage (435104K) : ic_drw has 0 polygons
2026-10-06 06:25:12 +0300: Memory Usage (435104K) : via3_drw has 390 polygons
2026-10-06 06:25:12 +0300: Memory Usage (435104K) : metal4_drw has 205 polygons
2026-10-06 06:25:12 +0300: Memory Usage (435104K) : metal4_filler has 0 polygons
2026-10-06 06:25:12 +0300: Memory Usage (435104K) : metal4_slit has 0 polygons
2026-10-06 06:25:12 +0300: Memory Usage (435104K) : metal4 has 205 polygons
2026-10-06 06:25:12 +0300: Memory Usage (435104K) : metal4_pin has 0 polygons
2026-10-06 06:25:12 +0300: Memory Usage (435104K) : metal4_mask has 0 polygons
2026-10-06 06:25:12 +0300: Memory Usage (435104K) : metal4_nofill has 0 polygons
2026-10-06 06:25:12 +0300: Memory Usage (435104K) : metal4_text has 0 polygons
2026-10-06 06:25:12 +0300: Memory Usage (435104K) : metal4_OPC has 0 polygons
2026-10-06 06:25:12 +0300: Memory Usage (435264K) : metal4_noqrc has 0 polygons
2026-10-06 06:25:12 +0300: Memory Usage (435424K) : metal4_res has 0 polygons
2026-10-06 06:25:12 +0300: Memory Usage (435424K) : metal4_iprobe has 0 polygons
2026-10-06 06:25:12 +0300: Memory Usage (435584K) : metal4_diffprb has 0 polygons
2026-10-06 06:25:12 +0300: Memory Usage (435744K) : heattrans_drw has 0 polygons
2026-10-06 06:25:12 +0300: Memory Usage (435904K) : heatres_drw has 33 polygons
2026-10-06 06:25:12 +0300: Memory Usage (436064K) : fbe_drw has 0 polygons
2026-10-06 06:25:12 +0300: Memory Usage (436224K) : empoly_drw has 0 polygons
2026-10-06 06:25:12 +0300: Memory Usage (436384K) : digisub_drw has 0 polygons
2026-10-06 06:25:12 +0300: Memory Usage (436556K) : text_drw has 221 polygons
2026-10-06 06:25:12 +0300: Memory Usage (436716K) : via4_drw has 610 polygons
2026-10-06 06:25:12 +0300: Memory Usage (436876K) : metal5_drw has 59 polygons
2026-10-06 06:25:12 +0300: Memory Usage (437036K) : metal5_filler has 0 polygons
2026-10-06 06:25:12 +0300: Memory Usage (437196K) : metal5_slit has 0 polygons
2026-10-06 06:25:12 +0300: Memory Usage (437196K) : metal5 has 59 polygons
2026-10-06 06:25:12 +0300: Memory Usage (437196K) : metal5_pin has 7 polygons
2026-10-06 06:25:12 +0300: Memory Usage (437196K) : metal5_mask has 0 polygons
2026-10-06 06:25:12 +0300: Memory Usage (437196K) : metal5_nofill has 0 polygons
2026-10-06 06:25:12 +0300: Memory Usage (437196K) : metal5_text has 7 polygons
2026-10-06 06:25:12 +0300: Memory Usage (437196K) : metal5_OPC has 0 polygons
2026-10-06 06:25:12 +0300: Memory Usage (437196K) : metal5_noqrc has 0 polygons
2026-10-06 06:25:12 +0300: Memory Usage (437196K) : metal5_res has 0 polygons
2026-10-06 06:25:12 +0300: Memory Usage (437196K) : metal5_iprobe has 0 polygons
2026-10-06 06:25:12 +0300: Memory Usage (437196K) : metal5_diffprb has 0 polygons
2026-10-06 06:25:12 +0300: Memory Usage (437196K) : radhard_drw has 0 polygons
2026-10-06 06:25:12 +0300: Memory Usage (437196K) : memcap_drw has 0 polygons
2026-10-06 06:25:12 +0300: Memory Usage (437196K) : varicap_drw has 0 polygons
2026-10-06 06:25:12 +0300: Memory Usage (437196K) : intbondvia_drw has 0 polygons
2026-10-06 06:25:12 +0300: Memory Usage (437196K) : intbondmet_drw has 0 polygons
2026-10-06 06:25:12 +0300: Memory Usage (437196K) : devbondvia_drw has 0 polygons
2026-10-06 06:25:12 +0300: Memory Usage (437196K) : devbondmet_drw has 0 polygons
2026-10-06 06:25:12 +0300: Memory Usage (437196K) : devtrench_drw has 0 polygons
2026-10-06 06:25:12 +0300: Memory Usage (437196K) : redist_drw has 0 polygons
2026-10-06 06:25:12 +0300: Memory Usage (437196K) : graphbot_drw has 0 polygons
2026-10-06 06:25:12 +0300: Memory Usage (437196K) : graphtop_drw has 0 polygons
2026-10-06 06:25:12 +0300: Memory Usage (437196K) : antvia1_drw has 0 polygons
2026-10-06 06:25:12 +0300: Memory Usage (437196K) : antmetal2_drw has 0 polygons
2026-10-06 06:25:12 +0300: Memory Usage (437196K) : graphcont_drw has 0 polygons
2026-10-06 06:25:12 +0300: Memory Usage (437196K) : siwg_drw has 0 polygons
2026-10-06 06:25:12 +0300: Memory Usage (437196K) : siwg_filler has 0 polygons
2026-10-06 06:25:12 +0300: Memory Usage (437196K) : siwg_nofill has 0 polygons
2026-10-06 06:25:12 +0300: Memory Usage (437196K) : sigrating_drw has 0 polygons
2026-10-06 06:25:12 +0300: Memory Usage (437196K) : singrating_drw has 0 polygons
2026-10-06 06:25:12 +0300: Memory Usage (437196K) : graphpas_drw has 0 polygons
2026-10-06 06:25:12 +0300: Memory Usage (437196K) : emwind3_drw has 0 polygons
2026-10-06 06:25:12 +0300: Memory Usage (437196K) : emwihv3_drw has 0 polygons
2026-10-06 06:25:12 +0300: Memory Usage (437196K) : redbulay_drw has 0 polygons
2026-10-06 06:25:12 +0300: Memory Usage (437196K) : smos_drw has 0 polygons
2026-10-06 06:25:12 +0300: Memory Usage (437196K) : graphpad_drw has 0 polygons
2026-10-06 06:25:12 +0300: Memory Usage (437356K) : polimide_drw has 0 polygons
2026-10-06 06:25:12 +0300: Memory Usage (437356K) : polimide_pin has 0 polygons
2026-10-06 06:25:12 +0300: Memory Usage (437516K) : recog_drw has 0 polygons
2026-10-06 06:25:12 +0300: Memory Usage (437676K) : recog_pin has 0 polygons
2026-10-06 06:25:12 +0300: Memory Usage (437836K) : recog_esd has 0 polygons
2026-10-06 06:25:12 +0300: Memory Usage (437996K) : recog_diode has 0 polygons
2026-10-06 06:25:12 +0300: Memory Usage (438156K) : recog_tsv has 0 polygons
2026-10-06 06:25:12 +0300: Memory Usage (438316K) : recog_iprobe has 0 polygons
2026-10-06 06:25:12 +0300: Memory Usage (438316K) : recog_diffprb has 0 polygons
2026-10-06 06:25:12 +0300: Memory Usage (438476K) : recog_pillar has 0 polygons
2026-10-06 06:25:12 +0300: Memory Usage (438636K) : recog_sbump has 0 polygons
2026-10-06 06:25:12 +0300: Memory Usage (438796K) : recog_otp has 0 polygons
2026-10-06 06:25:12 +0300: Memory Usage (438956K) : recog_pdiode has 0 polygons
2026-10-06 06:25:12 +0300: Memory Usage (439116K) : recog_mom has 0 polygons
2026-10-06 06:25:12 +0300: Memory Usage (439276K) : recog_momf has 0 polygons
2026-10-06 06:25:12 +0300: Memory Usage (439276K) : recog_pcm has 0 polygons
2026-10-06 06:25:12 +0300: Memory Usage (439436K) : colopen_drw has 0 polygons
2026-10-06 06:25:12 +0300: Memory Usage (439596K) : graphmetal1_drw has 0 polygons
2026-10-06 06:25:12 +0300: Memory Usage (439756K) : graphmetal1_filler has 0 polygons
2026-10-06 06:25:12 +0300: Memory Usage (439916K) : graphmetal1_nofill has 0 polygons
2026-10-06 06:25:12 +0300: Memory Usage (440076K) : graphmetal1_slit has 0 polygons
2026-10-06 06:25:12 +0300: Memory Usage (440236K) : graphmetal1_OPC has 0 polygons
2026-10-06 06:25:12 +0300: Memory Usage (440236K) : graphmet1l_drw has 0 polygons
2026-10-06 06:25:12 +0300: Memory Usage (440396K) : graphmet1l_filler has 0 polygons
2026-10-06 06:25:12 +0300: Memory Usage (440556K) : graphmet1l_nofill has 0 polygons
2026-10-06 06:25:12 +0300: Memory Usage (440716K) : graphmet1l_slit has 0 polygons
2026-10-06 06:25:12 +0300: Memory Usage (441036K) : graphmet1l_OPC has 0 polygons
2026-10-06 06:25:12 +0300: Memory Usage (441196K) : extblock_drw has 33 polygons
2026-10-06 06:25:12 +0300: Memory Usage (441356K) : nldd_drw has 0 polygons
2026-10-06 06:25:12 +0300: Memory Usage (441516K) : pldd_drw has 0 polygons
2026-10-06 06:25:12 +0300: Memory Usage (441676K) : next_drw has 0 polygons
2026-10-06 06:25:12 +0300: Memory Usage (441836K) : pext_drw has 0 polygons
2026-10-06 06:25:12 +0300: Memory Usage (441996K) : nexthv_drw has 0 polygons
2026-10-06 06:25:12 +0300: Memory Usage (442156K) : pexthv_drw has 0 polygons
2026-10-06 06:25:12 +0300: Memory Usage (442316K) : graphgate_drw has 0 polygons
2026-10-06 06:25:12 +0300: Memory Usage (442476K) : sinwg_drw has 0 polygons
2026-10-06 06:25:12 +0300: Memory Usage (442636K) : sinwg_filler has 0 polygons
2026-10-06 06:25:12 +0300: Memory Usage (442796K) : sinwg_nofill has 0 polygons
2026-10-06 06:25:12 +0300: Memory Usage (442956K) : mempad_drw has 0 polygons
2026-10-06 06:25:12 +0300: Memory Usage (443116K) : topvia1_drw has 176 polygons
2026-10-06 06:25:12 +0300: Memory Usage (443116K) : topmetal1_drw has 49 polygons
2026-10-06 06:25:12 +0300: Memory Usage (443116K) : topmetal1_filler has 0 polygons
2026-10-06 06:25:12 +0300: Memory Usage (443116K) : topmetal1_slit has 0 polygons
2026-10-06 06:25:12 +0300: Memory Usage (443116K) : topmetal1 has 49 polygons
2026-10-06 06:25:12 +0300: Memory Usage (443116K) : topmetal1_pin has 0 polygons
2026-10-06 06:25:12 +0300: Memory Usage (443116K) : topmetal1_mask has 0 polygons
2026-10-06 06:25:12 +0300: Memory Usage (443116K) : topmetal1_nofill has 0 polygons
2026-10-06 06:25:12 +0300: Memory Usage (443116K) : topmetal1_text has 0 polygons
2026-10-06 06:25:12 +0300: Memory Usage (443116K) : topmetal1_noqrc has 0 polygons
2026-10-06 06:25:12 +0300: Memory Usage (443116K) : topmetal1_res has 0 polygons
2026-10-06 06:25:12 +0300: Memory Usage (443116K) : topmetal1_iprobe has 0 polygons
2026-10-06 06:25:12 +0300: Memory Usage (443116K) : topmetal1_diffprb has 0 polygons
2026-10-06 06:25:12 +0300: Memory Usage (443116K) : inldpwl_drw has 0 polygons
2026-10-06 06:25:12 +0300: Memory Usage (443116K) : polyres_drw has 33 polygons
2026-10-06 06:25:13 +0300: Memory Usage (443116K) : polyres_pin has 0 polygons
2026-10-06 06:25:13 +0300: Memory Usage (443116K) : vmim_drw has 726 polygons
2026-10-06 06:25:13 +0300: Memory Usage (443116K) : nbulaycut_drw has 0 polygons
2026-10-06 06:25:13 +0300: Memory Usage (443116K) : antmetal1_drw has 0 polygons
2026-10-06 06:25:13 +0300: Memory Usage (443116K) : topvia2_drw has 188 polygons
2026-10-06 06:25:13 +0300: Memory Usage (443116K) : topmetal2_drw has 6 polygons
2026-10-06 06:25:13 +0300: Memory Usage (443116K) : topmetal2_filler has 0 polygons
2026-10-06 06:25:13 +0300: Memory Usage (443116K) : topmetal2_slit has 0 polygons
2026-10-06 06:25:13 +0300: Memory Usage (443116K) : topmetal2 has 6 polygons
2026-10-06 06:25:13 +0300: Memory Usage (443116K) : topmetal2_pin has 0 polygons
2026-10-06 06:25:13 +0300: Memory Usage (443116K) : topmetal2_mask has 0 polygons
2026-10-06 06:25:13 +0300: Memory Usage (443116K) : topmetal2_nofill has 0 polygons
2026-10-06 06:25:13 +0300: Memory Usage (443116K) : topmetal2_text has 0 polygons
2026-10-06 06:25:13 +0300: Memory Usage (443116K) : topmetal2_noqrc has 0 polygons
2026-10-06 06:25:13 +0300: Memory Usage (443116K) : topmetal2_res has 0 polygons
2026-10-06 06:25:13 +0300: Memory Usage (443116K) : topmetal2_iprobe has 0 polygons
2026-10-06 06:25:13 +0300: Memory Usage (443116K) : topmetal2_diffprb has 0 polygons
2026-10-06 06:25:13 +0300: Memory Usage (443116K) : snsring_drw has 0 polygons
2026-10-06 06:25:13 +0300: Memory Usage (443116K) : sensor_drw has 0 polygons
2026-10-06 06:25:13 +0300: Memory Usage (443116K) : snsarms_drw has 0 polygons
2026-10-06 06:25:13 +0300: Memory Usage (443116K) : snscmosvia_drw has 0 polygons
2026-10-06 06:25:13 +0300: Memory Usage (443116K) : colwind_drw has 0 polygons
2026-10-06 06:25:13 +0300: Memory Usage (443116K) : flm_drw has 0 polygons
2026-10-06 06:25:13 +0300: Memory Usage (443116K) : hafniumox_drw has 0 polygons
2026-10-06 06:25:13 +0300: Memory Usage (443116K) : memvia_drw has 0 polygons
2026-10-06 06:25:13 +0300: Memory Usage (443116K) : thinfilmres_drw has 0 polygons
2026-10-06 06:25:13 +0300: Memory Usage (443116K) : rfmem_drw has 0 polygons
2026-10-06 06:25:13 +0300: Memory Usage (443116K) : norcx_drw has 0 polygons
2026-10-06 06:25:13 +0300: Memory Usage (443116K) : norcx_m2m3 has 0 polygons
2026-10-06 06:25:13 +0300: Memory Usage (443116K) : norcx_m2m4 has 0 polygons
2026-10-06 06:25:13 +0300: Memory Usage (443116K) : norcx_m2m5 has 0 polygons
2026-10-06 06:25:13 +0300: Memory Usage (443116K) : norcx_m2tm1 has 0 polygons
2026-10-06 06:25:13 +0300: Memory Usage (443116K) : norcx_m2tm2 has 0 polygons
2026-10-06 06:25:13 +0300: Memory Usage (443116K) : norcx_m3m4 has 0 polygons
2026-10-06 06:25:13 +0300: Memory Usage (443116K) : norcx_m3m5 has 0 polygons
2026-10-06 06:25:13 +0300: Memory Usage (443116K) : norcx_m3tm1 has 0 polygons
2026-10-06 06:25:13 +0300: Memory Usage (443276K) : norcx_m3tm2 has 0 polygons
2026-10-06 06:25:13 +0300: Memory Usage (443276K) : norcx_m4m5 has 0 polygons
2026-10-06 06:25:13 +0300: Memory Usage (443276K) : norcx_m4tm1 has 0 polygons
2026-10-06 06:25:13 +0300: Memory Usage (443276K) : norcx_m4tm2 has 0 polygons
2026-10-06 06:25:13 +0300: Memory Usage (443276K) : norcx_m5tm1 has 0 polygons
2026-10-06 06:25:13 +0300: Memory Usage (443276K) : norcx_m5tm2 has 0 polygons
2026-10-06 06:25:13 +0300: Memory Usage (443276K) : norcx_tm1tm2 has 0 polygons
2026-10-06 06:25:13 +0300: Memory Usage (443276K) : norcx_m1sub has 0 polygons
2026-10-06 06:25:13 +0300: Memory Usage (443276K) : norcx_m2sub has 0 polygons
2026-10-06 06:25:13 +0300: Memory Usage (443276K) : norcx_m3sub has 0 polygons
2026-10-06 06:25:13 +0300: Memory Usage (443276K) : norcx_m4sub has 0 polygons
2026-10-06 06:25:13 +0300: Memory Usage (443276K) : norcx_m5sub has 0 polygons
2026-10-06 06:25:13 +0300: Memory Usage (443276K) : norcx_tm1sub has 0 polygons
2026-10-06 06:25:13 +0300: Memory Usage (443276K) : norcx_tm2sub has 0 polygons
2026-10-06 06:25:13 +0300: Memory Usage (443276K) : snsbotvia_drw has 0 polygons
2026-10-06 06:25:13 +0300: Memory Usage (443276K) : snstopvia_drw has 0 polygons
2026-10-06 06:25:13 +0300: Memory Usage (443276K) : deepvia_drw has 0 polygons
2026-10-06 06:25:13 +0300: Memory Usage (443276K) : fgetch_drw has 0 polygons
2026-10-06 06:25:13 +0300: Memory Usage (443276K) : ctrgat_drw has 0 polygons
2026-10-06 06:25:13 +0300: Memory Usage (443276K) : fgimp_drw has 0 polygons
2026-10-06 06:25:13 +0300: Memory Usage (443276K) : emwihv_drw has 0 polygons
2026-10-06 06:25:13 +0300: Memory Usage (443276K) : lbe_drw has 0 polygons
2026-10-06 06:25:13 +0300: Memory Usage (443276K) : alcustop_drw has 0 polygons
2026-10-06 06:25:13 +0300: Memory Usage (443276K) : nometfiller_drw has 0 polygons
2026-10-06 06:25:13 +0300: Memory Usage (443276K) : prboundary_drw has 0 polygons
2026-10-06 06:25:13 +0300: Memory Usage (443276K) : exchange0_drw has 0 polygons
2026-10-06 06:25:13 +0300: Memory Usage (443276K) : exchange0_pin has 0 polygons
2026-10-06 06:25:13 +0300: Memory Usage (443276K) : exchange0_text has 0 polygons
2026-10-06 06:25:13 +0300: Memory Usage (443276K) : exchange1_drw has 0 polygons
2026-10-06 06:25:13 +0300: Memory Usage (443276K) : exchange1_pin has 0 polygons
2026-10-06 06:25:13 +0300: Memory Usage (443276K) : exchange1_text has 0 polygons
2026-10-06 06:25:13 +0300: Memory Usage (443276K) : exchange2_drw has 0 polygons
2026-10-06 06:25:13 +0300: Memory Usage (443276K) : exchange2_pin has 0 polygons
2026-10-06 06:25:13 +0300: Memory Usage (443276K) : exchange2_text has 0 polygons
2026-10-06 06:25:13 +0300: Memory Usage (443276K) : exchange3_drw has 0 polygons
2026-10-06 06:25:13 +0300: Memory Usage (443276K) : exchange3_pin has 0 polygons
2026-10-06 06:25:13 +0300: Memory Usage (443276K) : exchange3_text has 0 polygons
2026-10-06 06:25:13 +0300: Memory Usage (443276K) : exchange4_drw has 0 polygons
2026-10-06 06:25:13 +0300: Memory Usage (443276K) : exchange4_pin has 0 polygons
2026-10-06 06:25:13 +0300: Memory Usage (443276K) : exchange4_text has 0 polygons
2026-10-06 06:25:13 +0300: Memory Usage (443276K) : isonwell_drw has 0 polygons
2026-10-06 06:25:13 +0300: Memory Usage (443276K) : Total no. of polygons in the design is 6569
2026-10-06 06:25:13 +0300: Memory Usage (443276K) : Starting base layers derivations
2026-10-06 06:25:13 +0300: Memory Usage (443276K) : Starting general LVS derivations
2026-10-06 06:25:13 +0300: Memory Usage (444340K) : Starting MOSFET DERIVATIONS
2026-10-06 06:25:13 +0300: Memory Usage (444340K) : Starting NMOS DERIVATIONS
2026-10-06 06:25:13 +0300: Memory Usage (444340K) : Starting PMOS DERIVATIONS
2026-10-06 06:25:13 +0300: Memory Usage (444340K) : Starting RF-MOSFET DERIVATIONS
2026-10-06 06:25:13 +0300: Memory Usage (444340K) : Starting RF-NMOS DERIVATIONS
2026-10-06 06:25:13 +0300: Memory Usage (444340K) : Starting RF-PMOS DERIVATIONS
2026-10-06 06:25:13 +0300: Memory Usage (444340K) : Starting BJT DERIVATIONS
2026-10-06 06:25:13 +0300: Memory Usage (444340K) : Starting NPN-BJT DERIVATIONS
2026-10-06 06:25:13 +0300: Memory Usage (444504K) : Starting PNP-BJT DERIVATIONS
2026-10-06 06:25:13 +0300: Memory Usage (444504K) : Starting DIODE DERIVATIONS
2026-10-06 06:25:13 +0300: Memory Usage (444504K) : Starting RESISTOR DERIVATIONS
2026-10-06 06:25:13 +0300: Memory Usage (444840K) : Starting CAP DERIVATIONS
2026-10-06 06:25:13 +0300: Memory Usage (444840K) : Starting CAP_CMOM DERIVATIONS
2026-10-06 06:25:13 +0300: Memory Usage (444840K) : Starting CAP_CMOMF DERIVATIONS
2026-10-06 06:25:13 +0300: Memory Usage (445160K) : Starting ESD DERIVATIONS
2026-10-06 06:25:13 +0300: Memory Usage (449160K) : Starting Inductor DERIVATIONS
2026-10-06 06:25:13 +0300: Memory Usage (449160K) : Starting Taps DERIVATIONS
2026-10-06 06:25:13 +0300: Memory Usage (449160K) : Starting SG13G2 LVS connectivity setup
2026-10-06 06:25:13 +0300: Memory Usage (449160K) : Starting SG13G2 LVS connectivity setup (Inter-layer)
2026-10-06 06:25:13 +0300: Memory Usage (449504K) : Starting SG13G2 LVS connectivity setup (Global)
2026-10-06 06:25:13 +0300: Memory Usage (449504K) : Starting LVS MOSFET CONNECTIONS
2026-10-06 06:25:13 +0300: Memory Usage (449504K) : Starting LVS RF-MOSFET CONNECTIONS
2026-10-06 06:25:13 +0300: Memory Usage (449504K) : Starting LVS BJT CONNECTIONS
2026-10-06 06:25:13 +0300: Memory Usage (449504K) : Starting LVS DIODE CONNECTIONS
2026-10-06 06:25:13 +0300: Memory Usage (449504K) : Starting RESISTOR CONNECTIONS
2026-10-06 06:25:13 +0300: Memory Usage (449504K) : Starting LVS CAP CONNECTIONS
2026-10-06 06:25:13 +0300: Memory Usage (449504K) : Starting CAP_CMOM CONNECTIONS
2026-10-06 06:25:13 +0300: Memory Usage (449504K) : Starting CAP_CMOMF CONNECTIONS
2026-10-06 06:25:13 +0300: Memory Usage (449504K) : Starting ESD CONNECTIONS
2026-10-06 06:25:13 +0300: Memory Usage (449504K) : Starting Inductor CONNECTIONS
2026-10-06 06:25:13 +0300: Memory Usage (449504K) : Starting LVS Taps CONNECTIONS
2026-10-06 06:25:13 +0300: Memory Usage (449504K) : Starting SG13G2 LVS DEVICES EXTRACTION
2026-10-06 06:25:13 +0300: Memory Usage (449504K) : Starting MOSFET EXTRACTION
2026-10-06 06:25:13 +0300: Memory Usage (449504K) : Starting NMOS EXTRACTION
2026-10-06 06:25:13 +0300: Memory Usage (449504K) : Extraction of NMOS-LV transistor
2026-10-06 06:25:13 +0300: Memory Usage (449836K) : Extraction of NMOS-HV transistor
2026-10-06 06:25:13 +0300: Memory Usage (449836K) : Starting PMOS EXTRACTION
2026-10-06 06:25:13 +0300: Memory Usage (449836K) : Extraction of PMOS-LV transistor
2026-10-06 06:25:13 +0300: Memory Usage (449836K) : Extraction of PMOS-HV transistor
2026-10-06 06:25:13 +0300: Memory Usage (449836K) : Starting RF-MOSFET EXTRACTION
2026-10-06 06:25:13 +0300: Memory Usage (449836K) : Extraction of RF-NMOS-LV transistor
2026-10-06 06:25:13 +0300: Memory Usage (449836K) : Extraction of RF-NMOS-HV transistor
2026-10-06 06:25:13 +0300: Memory Usage (449836K) : Extraction of RF-PMOS-LV transistor
2026-10-06 06:25:13 +0300: Memory Usage (449836K) : Extraction of RF-PMOS-HV transistor
2026-10-06 06:25:13 +0300: Memory Usage (449836K) : Starting BJT EXTRACTION
2026-10-06 06:25:13 +0300: Memory Usage (449836K) : Starting NPN-BJT EXTRACTION
2026-10-06 06:25:13 +0300: Memory Usage (449836K) : Extraction of npn13G2 BJT transistor
2026-10-06 06:25:13 +0300: Memory Usage (450212K) : Extraction of npn13G2L BJT transistor
2026-10-06 06:25:13 +0300: Memory Usage (450212K) : Extraction of npn13G2V BJT transistor
2026-10-06 06:25:13 +0300: Memory Usage (450212K) : Starting PNP-BJT EXTRACTION
2026-10-06 06:25:13 +0300: Memory Usage (450212K) : Extracting pnpMPA BJT
2026-10-06 06:25:13 +0300: Memory Usage (450212K) : Starting DIODE EXTRACTION
2026-10-06 06:25:13 +0300: Memory Usage (450212K) : Extracting dantenna diode
2026-10-06 06:25:13 +0300: Memory Usage (450212K) : Extracting dpantenna diode
2026-10-06 06:25:13 +0300: Memory Usage (450212K) : Extracting schottky_nbl1 diode
2026-10-06 06:25:13 +0300: Memory Usage (450212K) : Extracting isolbox diode
2026-10-06 06:25:13 +0300: Memory Usage (450212K) : Starting RESISTOR EXTRACTION
2026-10-06 06:25:13 +0300: Memory Usage (450212K) : Extracting rsil resistor
2026-10-06 06:25:13 +0300: Memory Usage (450212K) : Extracting rppd resistor
2026-10-06 06:25:13 +0300: Memory Usage (450424K) : Extracting rhigh resistor
2026-10-06 06:25:13 +0300: Memory Usage (450424K) : Extracting res_metal1 resistor
2026-10-06 06:25:13 +0300: Memory Usage (450424K) : Extracting res_metal2 resistor
2026-10-06 06:25:13 +0300: Memory Usage (450424K) : Extracting res_metal3 resistor
2026-10-06 06:25:13 +0300: Memory Usage (450424K) : Extracting res_metal4 resistor
2026-10-06 06:25:13 +0300: Memory Usage (450424K) : Extracting res_metal5 resistor
2026-10-06 06:25:13 +0300: Memory Usage (450424K) : Extracting res_topmetal1 resistor
2026-10-06 06:25:13 +0300: Memory Usage (450424K) : Extracting res_topmetal2 resistor
2026-10-06 06:25:13 +0300: Memory Usage (450424K) : Starting CAP EXTRACTION
2026-10-06 06:25:13 +0300: Memory Usage (450424K) : Extracting cap_cmim device
2026-10-06 06:25:13 +0300: Memory Usage (450424K) : Extracting rfcmim device
2026-10-06 06:25:13 +0300: Memory Usage (450424K) : Extracting sg13_hv_svaricap varactor
2026-10-06 06:25:13 +0300: Memory Usage (450424K) : Extracting cap_cmomi device
2026-10-06 06:25:13 +0300: Memory Usage (450424K) : Extracting cap_cmomf device
2026-10-06 06:25:13 +0300: Memory Usage (450424K) : Extracting sg13_moscap_n capacitor
2026-10-06 06:25:13 +0300: Memory Usage (450424K) : Extracting sg13_moscap_p capacitor
2026-10-06 06:25:13 +0300: Memory Usage (450424K) : Starting ESD EXTRACTION
2026-10-06 06:25:13 +0300: Memory Usage (450424K) : Extracting diodevdd_2kv ESD device
2026-10-06 06:25:13 +0300: Memory Usage (450424K) : Extracting diodevdd_4kv ESD device
2026-10-06 06:25:13 +0300: Memory Usage (450424K) : Extracting diodevss_2kv ESD device
2026-10-06 06:25:13 +0300: Memory Usage (450424K) : Extracting diodevss_4kv ESD device
2026-10-06 06:25:13 +0300: Memory Usage (450424K) : Extracting idiodevdd_2kv ESD device
2026-10-06 06:25:13 +0300: Memory Usage (450424K) : Extracting idiodevdd_4kv ESD device
2026-10-06 06:25:13 +0300: Memory Usage (450424K) : Extracting idiodevss_2kv ESD device
2026-10-06 06:25:13 +0300: Memory Usage (450424K) : Extracting idiodevss_4kv ESD device
2026-10-06 06:25:13 +0300: Memory Usage (450424K) : Extracting nmoscl_2 ESD device
2026-10-06 06:25:13 +0300: Memory Usage (450424K) : Extracting nmoscl_4 ESD device
2026-10-06 06:25:13 +0300: Memory Usage (450424K) : Starting Inductor EXTRACTION
2026-10-06 06:25:13 +0300: Memory Usage (450424K) : Extracting Inductor2 device
2026-10-06 06:25:13 +0300: Memory Usage (450424K) : Extracting Inductor3 device
2026-10-06 06:25:13 +0300: Memory Usage (450424K) : Starting Taps EXTRACTION
2026-10-06 06:25:13 +0300: Memory Usage (450424K) : Extracting ntap1 device
2026-10-06 06:25:13 +0300: Memory Usage (450424K) : Extracting ptap1 device
2026-10-06 06:25:13 +0300: Memory Usage (450424K) : Starting SG13G2 LVS RF MOS Model Mapping
2026-10-06 06:25:13 +0300: Memory Usage (450424K) : [layout_netlist] Apply RF MOS model mapping and rfmode parameter.
2026-10-06 06:25:13 +0300: Memory Usage (450584K) : Starting SG13G2 LVS Options Preparations
2026-10-06 06:25:13 +0300: Memory Usage (450584K) : NET_ONLY enabled: apply extraction netlist options and skip comparison.
2026-10-06 06:25:13 +0300: Memory Usage (450584K) : SG13G2 LVS flow: extraction -> option preparation -> write netlist -> exit.
2026-10-06 06:25:13 +0300: Memory Usage (450584K) : Starting SG13G2 LVS Simplification
2026-10-06 06:25:13 +0300: Memory Usage (450584K) : [layout_netlist] simplify: SKIPPED
2026-10-06 06:25:13 +0300: Memory Usage (450584K) : [layout_netlist] make_top_level_pins: ENABLED
2026-10-06 06:25:13 +0300: Memory Usage (450584K) : [layout_netlist] combine_devices: SKIPPED
2026-10-06 06:25:13 +0300: Memory Usage (450584K) : [layout_netlist] purge: SKIPPED
2026-10-06 06:25:13 +0300: Memory Usage (450584K) : [layout_netlist] purge_nets: SKIPPED
2026-10-06 06:25:13 +0300: Memory Usage (450584K) : [layout_netlist] purge_devices: SKIPPED
2026-10-06 06:25:13 +0300: Memory Usage (450584K) : LVS Total Run time 1.224713 seconds
2026-10-06 06:25:13 +0300: Memory Usage (450584K) : NSSOC_UNSIMPLIFIED_GEOMETRY_L2N_EXPORT_REQUESTED
