2026-10-06 04:37:11 +0300: Memory Usage (420700K) : Starting running SG13G2 Klayout LVS runset on /dev/shm/nssoc-div4-v7-power-v2-layout-01/nssoc_clock_div4_v7_power_v2_layout.gds
2026-10-06 04:37:11 +0300: Memory Usage (420700K) : Ruby Version for klayout: 3.3.10
2026-10-06 04:37:11 +0300: Memory Usage (421484K) : Loading database to memory is complete.
2026-10-06 04:37:11 +0300: Memory Usage (421484K) : SG13G2 Klayout LVS runset output at default location: nssoc_clock_div4_v7_power_v2_layout.lvsdb
2026-10-06 04:37:11 +0300: Memory Usage (421484K) : Evaluate switches.
2026-10-06 04:37:11 +0300: Memory Usage (421484K) : Extracted netlist with net names: true
2026-10-06 04:37:11 +0300: Memory Usage (421484K) : Extracted netlist with comments in details: false
2026-10-06 04:37:11 +0300: Memory Usage (421484K) : Selected NET_ONLY option: true
2026-10-06 04:37:11 +0300: Memory Usage (421484K) : Selected LAYOUT_NETLIST option: (none)
2026-10-06 04:37:11 +0300: Memory Usage (421484K) : Selected IGNORE_TOP_PORTS_MISMATCH option: 
2026-10-06 04:37:11 +0300: Memory Usage (421484K) : Selected IMPLICIT_NETS option: (none)
2026-10-06 04:37:11 +0300: Memory Usage (421484K) : Selected TOP_LVL_PINS option: true
2026-10-06 04:37:11 +0300: Memory Usage (421484K) : Selected COMBINE DEVICES option: false
2026-10-06 04:37:11 +0300: Memory Usage (421484K) : Selected PURGE option: false
2026-10-06 04:37:11 +0300: Memory Usage (421484K) : Selected PURGE_NETS option: false
2026-10-06 04:37:11 +0300: Memory Usage (421484K) : Selected SIMPLIFY option: false
2026-10-06 04:37:11 +0300: Memory Usage (421484K) : Selected SERIES_RES option: true
2026-10-06 04:37:11 +0300: Memory Usage (421484K) : Selected PARALLEL_RES option: true
2026-10-06 04:37:11 +0300: Memory Usage (421484K) : Selected DISABLE_TAP_EXTRACTION option: false
2026-10-06 04:37:11 +0300: Memory Usage (421484K) : flat  mode is enabled.
2026-10-06 04:37:11 +0300: Memory Usage (421484K) : LVS extracted netlist at: /dev/shm/nssoc-div4-v7-power-v2-wire-native-02/extracted.cir
2026-10-06 04:37:11 +0300: Memory Usage (421484K) : Applying SRAM integration support.
2026-10-06 04:37:11 +0300: Memory Usage (421484K) : Starting SG13G2 LVS runset
2026-10-06 04:37:11 +0300: Memory Usage (421484K) : Read in polygons from layers.
2026-10-06 04:37:11 +0300: Memory Usage (422512K) : activ_drw has 86 polygons
2026-10-06 04:37:11 +0300: Memory Usage (422512K) : activ_filler has 0 polygons
2026-10-06 04:37:11 +0300: Memory Usage (422684K) : activ has 86 polygons
2026-10-06 04:37:11 +0300: Memory Usage (422684K) : activ_pin has 0 polygons
2026-10-06 04:37:11 +0300: Memory Usage (422684K) : activ_mask has 34 polygons
2026-10-06 04:37:11 +0300: Memory Usage (422684K) : activ_nofill has 0 polygons
2026-10-06 04:37:11 +0300: Memory Usage (422684K) : activ_OPC has 0 polygons
2026-10-06 04:37:11 +0300: Memory Usage (422844K) : activ_iOPC has 0 polygons
2026-10-06 04:37:11 +0300: Memory Usage (423324K) : activ_noqrc has 0 polygons
2026-10-06 04:37:11 +0300: Memory Usage (423484K) : biwind_drw has 0 polygons
2026-10-06 04:37:11 +0300: Memory Usage (423484K) : biwind_OPC has 0 polygons
2026-10-06 04:37:11 +0300: Memory Usage (423484K) : gatpoly_drw has 66 polygons
2026-10-06 04:37:11 +0300: Memory Usage (423484K) : gatpoly_filler has 0 polygons
2026-10-06 04:37:11 +0300: Memory Usage (423484K) : gatpoly has 66 polygons
2026-10-06 04:37:11 +0300: Memory Usage (423644K) : gatpoly_pin has 0 polygons
2026-10-06 04:37:11 +0300: Memory Usage (424124K) : gatpoly_nofill has 0 polygons
2026-10-06 04:37:11 +0300: Memory Usage (424284K) : gatpoly_OPC has 0 polygons
2026-10-06 04:37:11 +0300: Memory Usage (424284K) : gatpoly_iOPC has 0 polygons
2026-10-06 04:37:11 +0300: Memory Usage (424284K) : gatpoly_noqrc has 0 polygons
2026-10-06 04:37:11 +0300: Memory Usage (424284K) : cont_drw has 698 polygons
2026-10-06 04:37:11 +0300: Memory Usage (424284K) : cont_OPC has 0 polygons
2026-10-06 04:37:11 +0300: Memory Usage (424444K) : nsd_drw has 0 polygons
2026-10-06 04:37:11 +0300: Memory Usage (424604K) : nsd_block has 34 polygons
2026-10-06 04:37:11 +0300: Memory Usage (424924K) : metal1_drw has 243 polygons
2026-10-06 04:37:11 +0300: Memory Usage (425084K) : metal1_filler has 0 polygons
2026-10-06 04:37:11 +0300: Memory Usage (425244K) : metal1_slit has 0 polygons
2026-10-06 04:37:11 +0300: Memory Usage (425404K) : metal1 has 243 polygons
2026-10-06 04:37:11 +0300: Memory Usage (425564K) : metal1_pin has 152 polygons
2026-10-06 04:37:11 +0300: Memory Usage (425724K) : metal1_mask has 0 polygons
2026-10-06 04:37:11 +0300: Memory Usage (425724K) : metal1_nofill has 0 polygons
2026-10-06 04:37:11 +0300: Memory Usage (425884K) : metal1_text has 0 polygons
2026-10-06 04:37:11 +0300: Memory Usage (426044K) : metal1_OPC has 0 polygons
2026-10-06 04:37:11 +0300: Memory Usage (426204K) : metal1_noqrc has 0 polygons
2026-10-06 04:37:11 +0300: Memory Usage (426364K) : metal1_res has 0 polygons
2026-10-06 04:37:11 +0300: Memory Usage (426524K) : metal1_iprobe has 0 polygons
2026-10-06 04:37:11 +0300: Memory Usage (426684K) : metal1_diffprb has 0 polygons
2026-10-06 04:37:11 +0300: Memory Usage (426844K) : passiv_drw has 0 polygons
2026-10-06 04:37:11 +0300: Memory Usage (427004K) : passiv_pin has 0 polygons
2026-10-06 04:37:11 +0300: Memory Usage (427804K) : passiv_sbump has 0 polygons
2026-10-06 04:37:11 +0300: Memory Usage (427804K) : passiv_pillar has 0 polygons
2026-10-06 04:37:11 +0300: Memory Usage (427964K) : passiv_pdl has 0 polygons
2026-10-06 04:37:11 +0300: Memory Usage (428124K) : metal2_drw has 186 polygons
2026-10-06 04:37:11 +0300: Memory Usage (428124K) : metal2_filler has 0 polygons
2026-10-06 04:37:11 +0300: Memory Usage (428124K) : metal2_slit has 0 polygons
2026-10-06 04:37:11 +0300: Memory Usage (428124K) : metal2 has 186 polygons
2026-10-06 04:37:11 +0300: Memory Usage (428284K) : metal2_pin has 34 polygons
2026-10-06 04:37:11 +0300: Memory Usage (428444K) : metal2_mask has 0 polygons
2026-10-06 04:37:11 +0300: Memory Usage (428604K) : metal2_nofill has 0 polygons
2026-10-06 04:37:11 +0300: Memory Usage (428764K) : metal2_text has 0 polygons
2026-10-06 04:37:11 +0300: Memory Usage (428924K) : metal2_OPC has 0 polygons
2026-10-06 04:37:11 +0300: Memory Usage (429084K) : metal2_noqrc has 0 polygons
2026-10-06 04:37:11 +0300: Memory Usage (429244K) : metal2_res has 0 polygons
2026-10-06 04:37:11 +0300: Memory Usage (429404K) : metal2_iprobe has 0 polygons
2026-10-06 04:37:11 +0300: Memory Usage (429564K) : metal2_diffprb has 0 polygons
2026-10-06 04:37:11 +0300: Memory Usage (429724K) : baspoly_drw has 0 polygons
2026-10-06 04:37:11 +0300: Memory Usage (429884K) : baspoly_pin has 0 polygons
2026-10-06 04:37:11 +0300: Memory Usage (430044K) : psd_drw has 85 polygons
2026-10-06 04:37:11 +0300: Memory Usage (430204K) : nldb_drw has 0 polygons
2026-10-06 04:37:11 +0300: Memory Usage (430524K) : digibnd_drw has 0 polygons
2026-10-06 04:37:11 +0300: Memory Usage (430684K) : via1_drw has 1216 polygons
2026-10-06 04:37:11 +0300: Memory Usage (431004K) : backmetal1_drw has 0 polygons
2026-10-06 04:37:11 +0300: Memory Usage (431004K) : backmetal1_pin has 0 polygons
2026-10-06 04:37:11 +0300: Memory Usage (431164K) : backmetal1_mask has 0 polygons
2026-10-06 04:37:11 +0300: Memory Usage (431324K) : backmetal1_filler has 0 polygons
2026-10-06 04:37:11 +0300: Memory Usage (431484K) : backmetal1_nofill has 0 polygons
2026-10-06 04:37:11 +0300: Memory Usage (431644K) : backmetal1_slit has 0 polygons
2026-10-06 04:37:11 +0300: Memory Usage (431804K) : backmetal1_text has 0 polygons
2026-10-06 04:37:11 +0300: Memory Usage (431964K) : backmetal1_OPC has 0 polygons
2026-10-06 04:37:11 +0300: Memory Usage (432124K) : backmetal1_noqrc has 0 polygons
2026-10-06 04:37:11 +0300: Memory Usage (432284K) : backmetal1_res has 0 polygons
2026-10-06 04:37:11 +0300: Memory Usage (432444K) : backmetal1_iprobe has 0 polygons
2026-10-06 04:37:11 +0300: Memory Usage (432604K) : backmetal1_diffprb has 0 polygons
2026-10-06 04:37:11 +0300: Memory Usage (432764K) : backpassiv_drw has 0 polygons
2026-10-06 04:37:11 +0300: Memory Usage (432924K) : res_drw has 0 polygons
2026-10-06 04:37:11 +0300: Memory Usage (433084K) : sram_drw has 0 polygons
2026-10-06 04:37:11 +0300: Memory Usage (433244K) : trans_drw has 34 polygons
2026-10-06 04:37:11 +0300: Memory Usage (433404K) : ind_drw has 0 polygons
2026-10-06 04:37:11 +0300: Memory Usage (433724K) : ind_pin has 0 polygons
2026-10-06 04:37:11 +0300: Memory Usage (433724K) : ind_text has 0 polygons
2026-10-06 04:37:11 +0300: Memory Usage (433884K) : salblock_drw has 33 polygons
2026-10-06 04:37:11 +0300: Memory Usage (434044K) : via2_drw has 624 polygons
2026-10-06 04:37:11 +0300: Memory Usage (434364K) : metal3_drw has 186 polygons
2026-10-06 04:37:11 +0300: Memory Usage (434524K) : metal3_filler has 0 polygons
2026-10-06 04:37:11 +0300: Memory Usage (434684K) : metal3_slit has 0 polygons
2026-10-06 04:37:11 +0300: Memory Usage (434684K) : metal3 has 186 polygons
2026-10-06 04:37:11 +0300: Memory Usage (435192K) : metal3_pin has 0 polygons
2026-10-06 04:37:11 +0300: Memory Usage (435192K) : metal3_mask has 0 polygons
2026-10-06 04:37:11 +0300: Memory Usage (435192K) : metal3_nofill has 0 polygons
2026-10-06 04:37:11 +0300: Memory Usage (435192K) : metal3_text has 0 polygons
2026-10-06 04:37:11 +0300: Memory Usage (435192K) : metal3_OPC has 0 polygons
2026-10-06 04:37:11 +0300: Memory Usage (435192K) : metal3_noqrc has 0 polygons
2026-10-06 04:37:11 +0300: Memory Usage (435192K) : metal3_res has 0 polygons
2026-10-06 04:37:11 +0300: Memory Usage (435192K) : metal3_iprobe has 0 polygons
2026-10-06 04:37:11 +0300: Memory Usage (435192K) : metal3_diffprb has 0 polygons
2026-10-06 04:37:11 +0300: Memory Usage (435192K) : nwell_drw has 0 polygons
2026-10-06 04:37:11 +0300: Memory Usage (435192K) : nwell_pin has 0 polygons
2026-10-06 04:37:11 +0300: Memory Usage (435192K) : nwell_text has 0 polygons
2026-10-06 04:37:11 +0300: Memory Usage (435192K) : nbulay_drw has 0 polygons
2026-10-06 04:37:11 +0300: Memory Usage (435192K) : nbulay_pin has 0 polygons
2026-10-06 04:37:11 +0300: Memory Usage (435192K) : nbulay_block has 0 polygons
2026-10-06 04:37:11 +0300: Memory Usage (435192K) : emwind_drw has 91 polygons
2026-10-06 04:37:11 +0300: Memory Usage (435192K) : emwind_OPC has 0 polygons
2026-10-06 04:37:11 +0300: Memory Usage (435192K) : deepco_drw has 0 polygons
2026-10-06 04:37:11 +0300: Memory Usage (435192K) : mim_drw has 6 polygons
2026-10-06 04:37:11 +0300: Memory Usage (435192K) : edgeseal_drw has 0 polygons
2026-10-06 04:37:11 +0300: Memory Usage (435192K) : substrate_drw has 18 polygons
2026-10-06 04:37:11 +0300: Memory Usage (435192K) : substrate_text has 0 polygons
2026-10-06 04:37:11 +0300: Memory Usage (435192K) : dfpad_drw has 0 polygons
2026-10-06 04:37:11 +0300: Memory Usage (435192K) : dfpad_pillar has 0 polygons
2026-10-06 04:37:11 +0300: Memory Usage (435192K) : dfpad_sbump has 0 polygons
2026-10-06 04:37:11 +0300: Memory Usage (435192K) : thickgateox_drw has 0 polygons
2026-10-06 04:37:11 +0300: Memory Usage (435192K) : pldb_drw has 0 polygons
2026-10-06 04:37:11 +0300: Memory Usage (435192K) : pwell_drw has 0 polygons
2026-10-06 04:37:11 +0300: Memory Usage (435192K) : pwell_pin has 0 polygons
2026-10-06 04:37:11 +0300: Memory Usage (435192K) : pwell_block has 0 polygons
2026-10-06 04:37:11 +0300: Memory Usage (435192K) : ic_drw has 0 polygons
2026-10-06 04:37:11 +0300: Memory Usage (435192K) : via3_drw has 390 polygons
2026-10-06 04:37:11 +0300: Memory Usage (435192K) : metal4_drw has 205 polygons
2026-10-06 04:37:11 +0300: Memory Usage (435192K) : metal4_filler has 0 polygons
2026-10-06 04:37:11 +0300: Memory Usage (435192K) : metal4_slit has 0 polygons
2026-10-06 04:37:11 +0300: Memory Usage (435192K) : metal4 has 205 polygons
2026-10-06 04:37:11 +0300: Memory Usage (435192K) : metal4_pin has 0 polygons
2026-10-06 04:37:11 +0300: Memory Usage (435192K) : metal4_mask has 0 polygons
2026-10-06 04:37:11 +0300: Memory Usage (435352K) : metal4_nofill has 0 polygons
2026-10-06 04:37:11 +0300: Memory Usage (435352K) : metal4_text has 0 polygons
2026-10-06 04:37:11 +0300: Memory Usage (435512K) : metal4_OPC has 0 polygons
2026-10-06 04:37:11 +0300: Memory Usage (435512K) : metal4_noqrc has 0 polygons
2026-10-06 04:37:11 +0300: Memory Usage (435672K) : metal4_res has 0 polygons
2026-10-06 04:37:11 +0300: Memory Usage (435832K) : metal4_iprobe has 0 polygons
2026-10-06 04:37:11 +0300: Memory Usage (435992K) : metal4_diffprb has 0 polygons
2026-10-06 04:37:11 +0300: Memory Usage (436152K) : heattrans_drw has 0 polygons
2026-10-06 04:37:11 +0300: Memory Usage (436312K) : heatres_drw has 33 polygons
2026-10-06 04:37:11 +0300: Memory Usage (436472K) : fbe_drw has 0 polygons
2026-10-06 04:37:11 +0300: Memory Usage (436472K) : empoly_drw has 0 polygons
2026-10-06 04:37:11 +0300: Memory Usage (436632K) : digisub_drw has 0 polygons
2026-10-06 04:37:11 +0300: Memory Usage (436792K) : text_drw has 221 polygons
2026-10-06 04:37:11 +0300: Memory Usage (436792K) : via4_drw has 610 polygons
2026-10-06 04:37:11 +0300: Memory Usage (437112K) : metal5_drw has 59 polygons
2026-10-06 04:37:11 +0300: Memory Usage (437272K) : metal5_filler has 0 polygons
2026-10-06 04:37:11 +0300: Memory Usage (437272K) : metal5_slit has 0 polygons
2026-10-06 04:37:11 +0300: Memory Usage (437272K) : metal5 has 59 polygons
2026-10-06 04:37:11 +0300: Memory Usage (437272K) : metal5_pin has 7 polygons
2026-10-06 04:37:11 +0300: Memory Usage (437272K) : metal5_mask has 0 polygons
2026-10-06 04:37:11 +0300: Memory Usage (437272K) : metal5_nofill has 0 polygons
2026-10-06 04:37:11 +0300: Memory Usage (437272K) : metal5_text has 7 polygons
2026-10-06 04:37:11 +0300: Memory Usage (437272K) : metal5_OPC has 0 polygons
2026-10-06 04:37:11 +0300: Memory Usage (437272K) : metal5_noqrc has 0 polygons
2026-10-06 04:37:11 +0300: Memory Usage (437272K) : metal5_res has 0 polygons
2026-10-06 04:37:11 +0300: Memory Usage (437272K) : metal5_iprobe has 0 polygons
2026-10-06 04:37:11 +0300: Memory Usage (437272K) : metal5_diffprb has 0 polygons
2026-10-06 04:37:11 +0300: Memory Usage (437272K) : radhard_drw has 0 polygons
2026-10-06 04:37:11 +0300: Memory Usage (437272K) : memcap_drw has 0 polygons
2026-10-06 04:37:11 +0300: Memory Usage (437272K) : varicap_drw has 0 polygons
2026-10-06 04:37:11 +0300: Memory Usage (437272K) : intbondvia_drw has 0 polygons
2026-10-06 04:37:11 +0300: Memory Usage (437272K) : intbondmet_drw has 0 polygons
2026-10-06 04:37:11 +0300: Memory Usage (437272K) : devbondvia_drw has 0 polygons
2026-10-06 04:37:11 +0300: Memory Usage (437272K) : devbondmet_drw has 0 polygons
2026-10-06 04:37:11 +0300: Memory Usage (437272K) : devtrench_drw has 0 polygons
2026-10-06 04:37:11 +0300: Memory Usage (437272K) : redist_drw has 0 polygons
2026-10-06 04:37:11 +0300: Memory Usage (437272K) : graphbot_drw has 0 polygons
2026-10-06 04:37:11 +0300: Memory Usage (437272K) : graphtop_drw has 0 polygons
2026-10-06 04:37:11 +0300: Memory Usage (437272K) : antvia1_drw has 0 polygons
2026-10-06 04:37:11 +0300: Memory Usage (437272K) : antmetal2_drw has 0 polygons
2026-10-06 04:37:11 +0300: Memory Usage (437272K) : graphcont_drw has 0 polygons
2026-10-06 04:37:11 +0300: Memory Usage (437272K) : siwg_drw has 0 polygons
2026-10-06 04:37:11 +0300: Memory Usage (437272K) : siwg_filler has 0 polygons
2026-10-06 04:37:11 +0300: Memory Usage (437272K) : siwg_nofill has 0 polygons
2026-10-06 04:37:11 +0300: Memory Usage (437272K) : sigrating_drw has 0 polygons
2026-10-06 04:37:11 +0300: Memory Usage (437272K) : singrating_drw has 0 polygons
2026-10-06 04:37:11 +0300: Memory Usage (437272K) : graphpas_drw has 0 polygons
2026-10-06 04:37:11 +0300: Memory Usage (437272K) : emwind3_drw has 0 polygons
2026-10-06 04:37:11 +0300: Memory Usage (437272K) : emwihv3_drw has 0 polygons
2026-10-06 04:37:11 +0300: Memory Usage (437272K) : redbulay_drw has 0 polygons
2026-10-06 04:37:11 +0300: Memory Usage (437272K) : smos_drw has 0 polygons
2026-10-06 04:37:11 +0300: Memory Usage (437272K) : graphpad_drw has 0 polygons
2026-10-06 04:37:11 +0300: Memory Usage (437432K) : polimide_drw has 0 polygons
2026-10-06 04:37:11 +0300: Memory Usage (437592K) : polimide_pin has 0 polygons
2026-10-06 04:37:11 +0300: Memory Usage (437752K) : recog_drw has 0 polygons
2026-10-06 04:37:11 +0300: Memory Usage (437752K) : recog_pin has 0 polygons
2026-10-06 04:37:11 +0300: Memory Usage (437912K) : recog_esd has 0 polygons
2026-10-06 04:37:11 +0300: Memory Usage (438072K) : recog_diode has 0 polygons
2026-10-06 04:37:11 +0300: Memory Usage (438232K) : recog_tsv has 0 polygons
2026-10-06 04:37:11 +0300: Memory Usage (438392K) : recog_iprobe has 0 polygons
2026-10-06 04:37:11 +0300: Memory Usage (438552K) : recog_diffprb has 0 polygons
2026-10-06 04:37:11 +0300: Memory Usage (438712K) : recog_pillar has 0 polygons
2026-10-06 04:37:11 +0300: Memory Usage (438712K) : recog_sbump has 0 polygons
2026-10-06 04:37:11 +0300: Memory Usage (438872K) : recog_otp has 0 polygons
2026-10-06 04:37:11 +0300: Memory Usage (439032K) : recog_pdiode has 0 polygons
2026-10-06 04:37:11 +0300: Memory Usage (439192K) : recog_mom has 0 polygons
2026-10-06 04:37:11 +0300: Memory Usage (439352K) : recog_momf has 0 polygons
2026-10-06 04:37:11 +0300: Memory Usage (439512K) : recog_pcm has 0 polygons
2026-10-06 04:37:11 +0300: Memory Usage (439672K) : colopen_drw has 0 polygons
2026-10-06 04:37:11 +0300: Memory Usage (439672K) : graphmetal1_drw has 0 polygons
2026-10-06 04:37:11 +0300: Memory Usage (439832K) : graphmetal1_filler has 0 polygons
2026-10-06 04:37:11 +0300: Memory Usage (439992K) : graphmetal1_nofill has 0 polygons
2026-10-06 04:37:11 +0300: Memory Usage (440152K) : graphmetal1_slit has 0 polygons
2026-10-06 04:37:11 +0300: Memory Usage (440312K) : graphmetal1_OPC has 0 polygons
2026-10-06 04:37:11 +0300: Memory Usage (440632K) : graphmet1l_drw has 0 polygons
2026-10-06 04:37:11 +0300: Memory Usage (440792K) : graphmet1l_filler has 0 polygons
2026-10-06 04:37:11 +0300: Memory Usage (440952K) : graphmet1l_nofill has 0 polygons
2026-10-06 04:37:11 +0300: Memory Usage (441112K) : graphmet1l_slit has 0 polygons
2026-10-06 04:37:11 +0300: Memory Usage (441272K) : graphmet1l_OPC has 0 polygons
2026-10-06 04:37:11 +0300: Memory Usage (441432K) : extblock_drw has 33 polygons
2026-10-06 04:37:11 +0300: Memory Usage (441592K) : nldd_drw has 0 polygons
2026-10-06 04:37:11 +0300: Memory Usage (441752K) : pldd_drw has 0 polygons
2026-10-06 04:37:11 +0300: Memory Usage (441912K) : next_drw has 0 polygons
2026-10-06 04:37:11 +0300: Memory Usage (442072K) : pext_drw has 0 polygons
2026-10-06 04:37:11 +0300: Memory Usage (442232K) : nexthv_drw has 0 polygons
2026-10-06 04:37:11 +0300: Memory Usage (442392K) : pexthv_drw has 0 polygons
2026-10-06 04:37:11 +0300: Memory Usage (442552K) : graphgate_drw has 0 polygons
2026-10-06 04:37:11 +0300: Memory Usage (442712K) : sinwg_drw has 0 polygons
2026-10-06 04:37:11 +0300: Memory Usage (442872K) : sinwg_filler has 0 polygons
2026-10-06 04:37:11 +0300: Memory Usage (443032K) : sinwg_nofill has 0 polygons
2026-10-06 04:37:11 +0300: Memory Usage (443192K) : mempad_drw has 0 polygons
2026-10-06 04:37:11 +0300: Memory Usage (443192K) : topvia1_drw has 176 polygons
2026-10-06 04:37:11 +0300: Memory Usage (443192K) : topmetal1_drw has 49 polygons
2026-10-06 04:37:11 +0300: Memory Usage (443192K) : topmetal1_filler has 0 polygons
2026-10-06 04:37:11 +0300: Memory Usage (443192K) : topmetal1_slit has 0 polygons
2026-10-06 04:37:11 +0300: Memory Usage (443192K) : topmetal1 has 49 polygons
2026-10-06 04:37:11 +0300: Memory Usage (443192K) : topmetal1_pin has 0 polygons
2026-10-06 04:37:11 +0300: Memory Usage (443192K) : topmetal1_mask has 0 polygons
2026-10-06 04:37:11 +0300: Memory Usage (443192K) : topmetal1_nofill has 0 polygons
2026-10-06 04:37:11 +0300: Memory Usage (443192K) : topmetal1_text has 0 polygons
2026-10-06 04:37:11 +0300: Memory Usage (443192K) : topmetal1_noqrc has 0 polygons
2026-10-06 04:37:11 +0300: Memory Usage (443192K) : topmetal1_res has 0 polygons
2026-10-06 04:37:11 +0300: Memory Usage (443192K) : topmetal1_iprobe has 0 polygons
2026-10-06 04:37:11 +0300: Memory Usage (443192K) : topmetal1_diffprb has 0 polygons
2026-10-06 04:37:11 +0300: Memory Usage (443192K) : inldpwl_drw has 0 polygons
2026-10-06 04:37:11 +0300: Memory Usage (443192K) : polyres_drw has 33 polygons
2026-10-06 04:37:11 +0300: Memory Usage (443192K) : polyres_pin has 0 polygons
2026-10-06 04:37:11 +0300: Memory Usage (443192K) : vmim_drw has 454 polygons
2026-10-06 04:37:11 +0300: Memory Usage (443192K) : nbulaycut_drw has 0 polygons
2026-10-06 04:37:11 +0300: Memory Usage (443192K) : antmetal1_drw has 0 polygons
2026-10-06 04:37:11 +0300: Memory Usage (443192K) : topvia2_drw has 188 polygons
2026-10-06 04:37:11 +0300: Memory Usage (443192K) : topmetal2_drw has 6 polygons
2026-10-06 04:37:11 +0300: Memory Usage (443192K) : topmetal2_filler has 0 polygons
2026-10-06 04:37:11 +0300: Memory Usage (443192K) : topmetal2_slit has 0 polygons
2026-10-06 04:37:11 +0300: Memory Usage (443192K) : topmetal2 has 6 polygons
2026-10-06 04:37:11 +0300: Memory Usage (443192K) : topmetal2_pin has 0 polygons
2026-10-06 04:37:11 +0300: Memory Usage (443192K) : topmetal2_mask has 0 polygons
2026-10-06 04:37:11 +0300: Memory Usage (443192K) : topmetal2_nofill has 0 polygons
2026-10-06 04:37:11 +0300: Memory Usage (443192K) : topmetal2_text has 0 polygons
2026-10-06 04:37:11 +0300: Memory Usage (443192K) : topmetal2_noqrc has 0 polygons
2026-10-06 04:37:11 +0300: Memory Usage (443192K) : topmetal2_res has 0 polygons
2026-10-06 04:37:11 +0300: Memory Usage (443192K) : topmetal2_iprobe has 0 polygons
2026-10-06 04:37:11 +0300: Memory Usage (443192K) : topmetal2_diffprb has 0 polygons
2026-10-06 04:37:11 +0300: Memory Usage (443192K) : snsring_drw has 0 polygons
2026-10-06 04:37:11 +0300: Memory Usage (443192K) : sensor_drw has 0 polygons
2026-10-06 04:37:11 +0300: Memory Usage (443192K) : snsarms_drw has 0 polygons
2026-10-06 04:37:11 +0300: Memory Usage (443192K) : snscmosvia_drw has 0 polygons
2026-10-06 04:37:11 +0300: Memory Usage (443192K) : colwind_drw has 0 polygons
2026-10-06 04:37:11 +0300: Memory Usage (443192K) : flm_drw has 0 polygons
2026-10-06 04:37:11 +0300: Memory Usage (443192K) : hafniumox_drw has 0 polygons
2026-10-06 04:37:11 +0300: Memory Usage (443192K) : memvia_drw has 0 polygons
2026-10-06 04:37:11 +0300: Memory Usage (443192K) : thinfilmres_drw has 0 polygons
2026-10-06 04:37:11 +0300: Memory Usage (443192K) : rfmem_drw has 0 polygons
2026-10-06 04:37:11 +0300: Memory Usage (443192K) : norcx_drw has 0 polygons
2026-10-06 04:37:11 +0300: Memory Usage (443192K) : norcx_m2m3 has 0 polygons
2026-10-06 04:37:11 +0300: Memory Usage (443192K) : norcx_m2m4 has 0 polygons
2026-10-06 04:37:11 +0300: Memory Usage (443192K) : norcx_m2m5 has 0 polygons
2026-10-06 04:37:11 +0300: Memory Usage (443192K) : norcx_m2tm1 has 0 polygons
2026-10-06 04:37:11 +0300: Memory Usage (443192K) : norcx_m2tm2 has 0 polygons
2026-10-06 04:37:11 +0300: Memory Usage (443192K) : norcx_m3m4 has 0 polygons
2026-10-06 04:37:11 +0300: Memory Usage (443192K) : norcx_m3m5 has 0 polygons
2026-10-06 04:37:11 +0300: Memory Usage (443192K) : norcx_m3tm1 has 0 polygons
2026-10-06 04:37:11 +0300: Memory Usage (443352K) : norcx_m3tm2 has 0 polygons
2026-10-06 04:37:11 +0300: Memory Usage (443352K) : norcx_m4m5 has 0 polygons
2026-10-06 04:37:11 +0300: Memory Usage (443352K) : norcx_m4tm1 has 0 polygons
2026-10-06 04:37:11 +0300: Memory Usage (443352K) : norcx_m4tm2 has 0 polygons
2026-10-06 04:37:11 +0300: Memory Usage (443352K) : norcx_m5tm1 has 0 polygons
2026-10-06 04:37:11 +0300: Memory Usage (443352K) : norcx_m5tm2 has 0 polygons
2026-10-06 04:37:11 +0300: Memory Usage (443352K) : norcx_tm1tm2 has 0 polygons
2026-10-06 04:37:11 +0300: Memory Usage (443352K) : norcx_m1sub has 0 polygons
2026-10-06 04:37:11 +0300: Memory Usage (443352K) : norcx_m2sub has 0 polygons
2026-10-06 04:37:11 +0300: Memory Usage (443352K) : norcx_m3sub has 0 polygons
2026-10-06 04:37:11 +0300: Memory Usage (443352K) : norcx_m4sub has 0 polygons
2026-10-06 04:37:11 +0300: Memory Usage (443352K) : norcx_m5sub has 0 polygons
2026-10-06 04:37:11 +0300: Memory Usage (443352K) : norcx_tm1sub has 0 polygons
2026-10-06 04:37:11 +0300: Memory Usage (443352K) : norcx_tm2sub has 0 polygons
2026-10-06 04:37:11 +0300: Memory Usage (443352K) : snsbotvia_drw has 0 polygons
2026-10-06 04:37:11 +0300: Memory Usage (443352K) : snstopvia_drw has 0 polygons
2026-10-06 04:37:11 +0300: Memory Usage (443352K) : deepvia_drw has 0 polygons
2026-10-06 04:37:11 +0300: Memory Usage (443352K) : fgetch_drw has 0 polygons
2026-10-06 04:37:11 +0300: Memory Usage (443352K) : ctrgat_drw has 0 polygons
2026-10-06 04:37:11 +0300: Memory Usage (443352K) : fgimp_drw has 0 polygons
2026-10-06 04:37:11 +0300: Memory Usage (443352K) : emwihv_drw has 0 polygons
2026-10-06 04:37:11 +0300: Memory Usage (443352K) : lbe_drw has 0 polygons
2026-10-06 04:37:11 +0300: Memory Usage (443352K) : alcustop_drw has 0 polygons
2026-10-06 04:37:11 +0300: Memory Usage (443352K) : nometfiller_drw has 0 polygons
2026-10-06 04:37:11 +0300: Memory Usage (443352K) : prboundary_drw has 0 polygons
2026-10-06 04:37:11 +0300: Memory Usage (443352K) : exchange0_drw has 0 polygons
2026-10-06 04:37:11 +0300: Memory Usage (443352K) : exchange0_pin has 0 polygons
2026-10-06 04:37:11 +0300: Memory Usage (443352K) : exchange0_text has 0 polygons
2026-10-06 04:37:11 +0300: Memory Usage (443352K) : exchange1_drw has 0 polygons
2026-10-06 04:37:11 +0300: Memory Usage (443352K) : exchange1_pin has 0 polygons
2026-10-06 04:37:11 +0300: Memory Usage (443352K) : exchange1_text has 0 polygons
2026-10-06 04:37:11 +0300: Memory Usage (443352K) : exchange2_drw has 0 polygons
2026-10-06 04:37:11 +0300: Memory Usage (443352K) : exchange2_pin has 0 polygons
2026-10-06 04:37:11 +0300: Memory Usage (443352K) : exchange2_text has 0 polygons
2026-10-06 04:37:11 +0300: Memory Usage (443352K) : exchange3_drw has 0 polygons
2026-10-06 04:37:11 +0300: Memory Usage (443352K) : exchange3_pin has 0 polygons
2026-10-06 04:37:11 +0300: Memory Usage (443352K) : exchange3_text has 0 polygons
2026-10-06 04:37:11 +0300: Memory Usage (443352K) : exchange4_drw has 0 polygons
2026-10-06 04:37:11 +0300: Memory Usage (443352K) : exchange4_pin has 0 polygons
2026-10-06 04:37:11 +0300: Memory Usage (443352K) : exchange4_text has 0 polygons
2026-10-06 04:37:11 +0300: Memory Usage (443352K) : isonwell_drw has 0 polygons
2026-10-06 04:37:11 +0300: Memory Usage (443352K) : Total no. of polygons in the design is 6297
2026-10-06 04:37:11 +0300: Memory Usage (443352K) : Starting base layers derivations
2026-10-06 04:37:11 +0300: Memory Usage (443352K) : Starting general LVS derivations
2026-10-06 04:37:12 +0300: Memory Usage (444592K) : Starting MOSFET DERIVATIONS
2026-10-06 04:37:12 +0300: Memory Usage (444592K) : Starting NMOS DERIVATIONS
2026-10-06 04:37:12 +0300: Memory Usage (444592K) : Starting PMOS DERIVATIONS
2026-10-06 04:37:12 +0300: Memory Usage (444592K) : Starting RF-MOSFET DERIVATIONS
2026-10-06 04:37:12 +0300: Memory Usage (444592K) : Starting RF-NMOS DERIVATIONS
2026-10-06 04:37:12 +0300: Memory Usage (444592K) : Starting RF-PMOS DERIVATIONS
2026-10-06 04:37:12 +0300: Memory Usage (444592K) : Starting BJT DERIVATIONS
2026-10-06 04:37:12 +0300: Memory Usage (444592K) : Starting NPN-BJT DERIVATIONS
2026-10-06 04:37:12 +0300: Memory Usage (444592K) : Starting PNP-BJT DERIVATIONS
2026-10-06 04:37:12 +0300: Memory Usage (444592K) : Starting DIODE DERIVATIONS
2026-10-06 04:37:12 +0300: Memory Usage (444592K) : Starting RESISTOR DERIVATIONS
2026-10-06 04:37:12 +0300: Memory Usage (444788K) : Starting CAP DERIVATIONS
2026-10-06 04:37:12 +0300: Memory Usage (444788K) : Starting CAP_CMOM DERIVATIONS
2026-10-06 04:37:12 +0300: Memory Usage (444788K) : Starting CAP_CMOMF DERIVATIONS
2026-10-06 04:37:12 +0300: Memory Usage (444788K) : Starting ESD DERIVATIONS
2026-10-06 04:37:12 +0300: Memory Usage (449428K) : Starting Inductor DERIVATIONS
2026-10-06 04:37:12 +0300: Memory Usage (449428K) : Starting Taps DERIVATIONS
2026-10-06 04:37:12 +0300: Memory Usage (449428K) : Starting SG13G2 LVS connectivity setup
2026-10-06 04:37:12 +0300: Memory Usage (449428K) : Starting SG13G2 LVS connectivity setup (Inter-layer)
2026-10-06 04:37:12 +0300: Memory Usage (449748K) : Starting SG13G2 LVS connectivity setup (Global)
2026-10-06 04:37:12 +0300: Memory Usage (449748K) : Starting LVS MOSFET CONNECTIONS
2026-10-06 04:37:12 +0300: Memory Usage (449748K) : Starting LVS RF-MOSFET CONNECTIONS
2026-10-06 04:37:12 +0300: Memory Usage (449748K) : Starting LVS BJT CONNECTIONS
2026-10-06 04:37:12 +0300: Memory Usage (449748K) : Starting LVS DIODE CONNECTIONS
2026-10-06 04:37:12 +0300: Memory Usage (449748K) : Starting RESISTOR CONNECTIONS
2026-10-06 04:37:12 +0300: Memory Usage (449748K) : Starting LVS CAP CONNECTIONS
2026-10-06 04:37:12 +0300: Memory Usage (449748K) : Starting CAP_CMOM CONNECTIONS
2026-10-06 04:37:12 +0300: Memory Usage (449748K) : Starting CAP_CMOMF CONNECTIONS
2026-10-06 04:37:12 +0300: Memory Usage (449748K) : Starting ESD CONNECTIONS
2026-10-06 04:37:12 +0300: Memory Usage (449748K) : Starting Inductor CONNECTIONS
2026-10-06 04:37:12 +0300: Memory Usage (449748K) : Starting LVS Taps CONNECTIONS
2026-10-06 04:37:12 +0300: Memory Usage (449748K) : Starting SG13G2 LVS DEVICES EXTRACTION
2026-10-06 04:37:12 +0300: Memory Usage (449748K) : Starting MOSFET EXTRACTION
2026-10-06 04:37:12 +0300: Memory Usage (449748K) : Starting NMOS EXTRACTION
2026-10-06 04:37:12 +0300: Memory Usage (449748K) : Extraction of NMOS-LV transistor
2026-10-06 04:37:12 +0300: Memory Usage (450120K) : Extraction of NMOS-HV transistor
2026-10-06 04:37:12 +0300: Memory Usage (450120K) : Starting PMOS EXTRACTION
2026-10-06 04:37:12 +0300: Memory Usage (450120K) : Extraction of PMOS-LV transistor
2026-10-06 04:37:12 +0300: Memory Usage (450120K) : Extraction of PMOS-HV transistor
2026-10-06 04:37:12 +0300: Memory Usage (450120K) : Starting RF-MOSFET EXTRACTION
2026-10-06 04:37:12 +0300: Memory Usage (450120K) : Extraction of RF-NMOS-LV transistor
2026-10-06 04:37:12 +0300: Memory Usage (450120K) : Extraction of RF-NMOS-HV transistor
2026-10-06 04:37:12 +0300: Memory Usage (450120K) : Extraction of RF-PMOS-LV transistor
2026-10-06 04:37:12 +0300: Memory Usage (450120K) : Extraction of RF-PMOS-HV transistor
2026-10-06 04:37:12 +0300: Memory Usage (450120K) : Starting BJT EXTRACTION
2026-10-06 04:37:12 +0300: Memory Usage (450120K) : Starting NPN-BJT EXTRACTION
2026-10-06 04:37:12 +0300: Memory Usage (450120K) : Extraction of npn13G2 BJT transistor
2026-10-06 04:37:12 +0300: Memory Usage (450496K) : Extraction of npn13G2L BJT transistor
2026-10-06 04:37:12 +0300: Memory Usage (450496K) : Extraction of npn13G2V BJT transistor
2026-10-06 04:37:12 +0300: Memory Usage (450496K) : Starting PNP-BJT EXTRACTION
2026-10-06 04:37:12 +0300: Memory Usage (450496K) : Extracting pnpMPA BJT
2026-10-06 04:37:12 +0300: Memory Usage (450496K) : Starting DIODE EXTRACTION
2026-10-06 04:37:12 +0300: Memory Usage (450496K) : Extracting dantenna diode
2026-10-06 04:37:12 +0300: Memory Usage (450496K) : Extracting dpantenna diode
2026-10-06 04:37:12 +0300: Memory Usage (450496K) : Extracting schottky_nbl1 diode
2026-10-06 04:37:12 +0300: Memory Usage (450496K) : Extracting isolbox diode
2026-10-06 04:37:12 +0300: Memory Usage (450496K) : Starting RESISTOR EXTRACTION
2026-10-06 04:37:12 +0300: Memory Usage (450496K) : Extracting rsil resistor
2026-10-06 04:37:12 +0300: Memory Usage (450496K) : Extracting rppd resistor
2026-10-06 04:37:12 +0300: Memory Usage (450708K) : Extracting rhigh resistor
2026-10-06 04:37:12 +0300: Memory Usage (450708K) : Extracting res_metal1 resistor
2026-10-06 04:37:12 +0300: Memory Usage (450708K) : Extracting res_metal2 resistor
2026-10-06 04:37:12 +0300: Memory Usage (450708K) : Extracting res_metal3 resistor
2026-10-06 04:37:12 +0300: Memory Usage (450708K) : Extracting res_metal4 resistor
2026-10-06 04:37:12 +0300: Memory Usage (450708K) : Extracting res_metal5 resistor
2026-10-06 04:37:12 +0300: Memory Usage (450708K) : Extracting res_topmetal1 resistor
2026-10-06 04:37:12 +0300: Memory Usage (450708K) : Extracting res_topmetal2 resistor
2026-10-06 04:37:12 +0300: Memory Usage (450708K) : Starting CAP EXTRACTION
2026-10-06 04:37:12 +0300: Memory Usage (450708K) : Extracting cap_cmim device
2026-10-06 04:37:12 +0300: Memory Usage (450708K) : Extracting rfcmim device
2026-10-06 04:37:12 +0300: Memory Usage (450708K) : Extracting sg13_hv_svaricap varactor
2026-10-06 04:37:12 +0300: Memory Usage (450708K) : Extracting cap_cmomi device
2026-10-06 04:37:12 +0300: Memory Usage (450708K) : Extracting cap_cmomf device
2026-10-06 04:37:12 +0300: Memory Usage (450708K) : Extracting sg13_moscap_n capacitor
2026-10-06 04:37:12 +0300: Memory Usage (450708K) : Extracting sg13_moscap_p capacitor
2026-10-06 04:37:12 +0300: Memory Usage (450708K) : Starting ESD EXTRACTION
2026-10-06 04:37:12 +0300: Memory Usage (450708K) : Extracting diodevdd_2kv ESD device
2026-10-06 04:37:12 +0300: Memory Usage (450708K) : Extracting diodevdd_4kv ESD device
2026-10-06 04:37:12 +0300: Memory Usage (450708K) : Extracting diodevss_2kv ESD device
2026-10-06 04:37:12 +0300: Memory Usage (450708K) : Extracting diodevss_4kv ESD device
2026-10-06 04:37:12 +0300: Memory Usage (450708K) : Extracting idiodevdd_2kv ESD device
2026-10-06 04:37:12 +0300: Memory Usage (450708K) : Extracting idiodevdd_4kv ESD device
2026-10-06 04:37:12 +0300: Memory Usage (450708K) : Extracting idiodevss_2kv ESD device
2026-10-06 04:37:12 +0300: Memory Usage (450708K) : Extracting idiodevss_4kv ESD device
2026-10-06 04:37:12 +0300: Memory Usage (450708K) : Extracting nmoscl_2 ESD device
2026-10-06 04:37:12 +0300: Memory Usage (450708K) : Extracting nmoscl_4 ESD device
2026-10-06 04:37:12 +0300: Memory Usage (450708K) : Starting Inductor EXTRACTION
2026-10-06 04:37:12 +0300: Memory Usage (450708K) : Extracting Inductor2 device
2026-10-06 04:37:12 +0300: Memory Usage (450708K) : Extracting Inductor3 device
2026-10-06 04:37:12 +0300: Memory Usage (450708K) : Starting Taps EXTRACTION
2026-10-06 04:37:12 +0300: Memory Usage (450708K) : Extracting ntap1 device
2026-10-06 04:37:12 +0300: Memory Usage (450708K) : Extracting ptap1 device
2026-10-06 04:37:12 +0300: Memory Usage (450708K) : Starting SG13G2 LVS RF MOS Model Mapping
2026-10-06 04:37:12 +0300: Memory Usage (450708K) : [layout_netlist] Apply RF MOS model mapping and rfmode parameter.
2026-10-06 04:37:12 +0300: Memory Usage (450708K) : Starting SG13G2 LVS Options Preparations
2026-10-06 04:37:12 +0300: Memory Usage (450708K) : NET_ONLY enabled: apply extraction netlist options and skip comparison.
2026-10-06 04:37:12 +0300: Memory Usage (450708K) : SG13G2 LVS flow: extraction -> option preparation -> write netlist -> exit.
2026-10-06 04:37:12 +0300: Memory Usage (450708K) : Starting SG13G2 LVS Simplification
2026-10-06 04:37:12 +0300: Memory Usage (450708K) : [layout_netlist] simplify: SKIPPED
2026-10-06 04:37:12 +0300: Memory Usage (450708K) : [layout_netlist] make_top_level_pins: ENABLED
2026-10-06 04:37:12 +0300: Memory Usage (450708K) : [layout_netlist] combine_devices: SKIPPED
2026-10-06 04:37:12 +0300: Memory Usage (450708K) : [layout_netlist] purge: SKIPPED
2026-10-06 04:37:12 +0300: Memory Usage (450708K) : [layout_netlist] purge_nets: SKIPPED
2026-10-06 04:37:12 +0300: Memory Usage (450708K) : [layout_netlist] purge_devices: SKIPPED
2026-10-06 04:37:12 +0300: Memory Usage (450708K) : LVS Total Run time 1.143099 seconds
2026-10-06 04:37:12 +0300: Memory Usage (450708K) : NSSOC_UNSIMPLIFIED_GEOMETRY_L2N_EXPORT_REQUESTED
