2026-10-06 08:33:06 +0300: Memory Usage (420676K) : Starting running SG13G2 Klayout LVS runset on /dev/shm/nssoc-div4-v10-tail-v1-layout-01/nssoc_clock_div4_v10_tail_v1_layout.gds
2026-10-06 08:33:06 +0300: Memory Usage (420676K) : Ruby Version for klayout: 3.3.10
2026-10-06 08:33:06 +0300: Memory Usage (421560K) : Loading database to memory is complete.
2026-10-06 08:33:06 +0300: Memory Usage (421560K) : SG13G2 Klayout LVS runset output at default location: nssoc_clock_div4_v10_tail_v1_layout.lvsdb
2026-10-06 08:33:06 +0300: Memory Usage (421560K) : Evaluate switches.
2026-10-06 08:33:06 +0300: Memory Usage (421560K) : Extracted netlist with net names: true
2026-10-06 08:33:06 +0300: Memory Usage (421560K) : Extracted netlist with comments in details: false
2026-10-06 08:33:06 +0300: Memory Usage (421560K) : Selected NET_ONLY option: true
2026-10-06 08:33:06 +0300: Memory Usage (421560K) : Selected LAYOUT_NETLIST option: (none)
2026-10-06 08:33:06 +0300: Memory Usage (421560K) : Selected IGNORE_TOP_PORTS_MISMATCH option: 
2026-10-06 08:33:06 +0300: Memory Usage (421560K) : Selected IMPLICIT_NETS option: (none)
2026-10-06 08:33:06 +0300: Memory Usage (421560K) : Selected TOP_LVL_PINS option: true
2026-10-06 08:33:06 +0300: Memory Usage (421560K) : Selected COMBINE DEVICES option: false
2026-10-06 08:33:06 +0300: Memory Usage (421560K) : Selected PURGE option: false
2026-10-06 08:33:06 +0300: Memory Usage (421560K) : Selected PURGE_NETS option: false
2026-10-06 08:33:06 +0300: Memory Usage (421560K) : Selected SIMPLIFY option: false
2026-10-06 08:33:06 +0300: Memory Usage (421560K) : Selected SERIES_RES option: true
2026-10-06 08:33:06 +0300: Memory Usage (421560K) : Selected PARALLEL_RES option: true
2026-10-06 08:33:06 +0300: Memory Usage (421560K) : Selected DISABLE_TAP_EXTRACTION option: false
2026-10-06 08:33:06 +0300: Memory Usage (421560K) : flat  mode is enabled.
2026-10-06 08:33:06 +0300: Memory Usage (421560K) : LVS extracted netlist at: /dev/shm/nssoc-div4-v10-tail-v1-wire-native-01/extracted.cir
2026-10-06 08:33:06 +0300: Memory Usage (421560K) : Applying SRAM integration support.
2026-10-06 08:33:06 +0300: Memory Usage (421560K) : Starting SG13G2 LVS runset
2026-10-06 08:33:06 +0300: Memory Usage (421560K) : Read in polygons from layers.
2026-10-06 08:33:06 +0300: Memory Usage (422996K) : activ_drw has 86 polygons
2026-10-06 08:33:06 +0300: Memory Usage (422996K) : activ_filler has 0 polygons
2026-10-06 08:33:06 +0300: Memory Usage (423168K) : activ has 86 polygons
2026-10-06 08:33:06 +0300: Memory Usage (423168K) : activ_pin has 0 polygons
2026-10-06 08:33:06 +0300: Memory Usage (423168K) : activ_mask has 34 polygons
2026-10-06 08:33:06 +0300: Memory Usage (423328K) : activ_nofill has 0 polygons
2026-10-06 08:33:06 +0300: Memory Usage (423328K) : activ_OPC has 0 polygons
2026-10-06 08:33:06 +0300: Memory Usage (423328K) : activ_iOPC has 0 polygons
2026-10-06 08:33:06 +0300: Memory Usage (423328K) : activ_noqrc has 0 polygons
2026-10-06 08:33:06 +0300: Memory Usage (423488K) : biwind_drw has 0 polygons
2026-10-06 08:33:06 +0300: Memory Usage (423488K) : biwind_OPC has 0 polygons
2026-10-06 08:33:06 +0300: Memory Usage (423488K) : gatpoly_drw has 66 polygons
2026-10-06 08:33:06 +0300: Memory Usage (423488K) : gatpoly_filler has 0 polygons
2026-10-06 08:33:06 +0300: Memory Usage (423488K) : gatpoly has 66 polygons
2026-10-06 08:33:06 +0300: Memory Usage (423648K) : gatpoly_pin has 0 polygons
2026-10-06 08:33:06 +0300: Memory Usage (424128K) : gatpoly_nofill has 0 polygons
2026-10-06 08:33:06 +0300: Memory Usage (424288K) : gatpoly_OPC has 0 polygons
2026-10-06 08:33:06 +0300: Memory Usage (424288K) : gatpoly_iOPC has 0 polygons
2026-10-06 08:33:06 +0300: Memory Usage (424288K) : gatpoly_noqrc has 0 polygons
2026-10-06 08:33:06 +0300: Memory Usage (424448K) : cont_drw has 698 polygons
2026-10-06 08:33:06 +0300: Memory Usage (424448K) : cont_OPC has 0 polygons
2026-10-06 08:33:06 +0300: Memory Usage (424608K) : nsd_drw has 0 polygons
2026-10-06 08:33:06 +0300: Memory Usage (424768K) : nsd_block has 34 polygons
2026-10-06 08:33:06 +0300: Memory Usage (424928K) : metal1_drw has 243 polygons
2026-10-06 08:33:06 +0300: Memory Usage (425088K) : metal1_filler has 0 polygons
2026-10-06 08:33:06 +0300: Memory Usage (425248K) : metal1_slit has 0 polygons
2026-10-06 08:33:06 +0300: Memory Usage (425408K) : metal1 has 243 polygons
2026-10-06 08:33:06 +0300: Memory Usage (425568K) : metal1_pin has 152 polygons
2026-10-06 08:33:06 +0300: Memory Usage (425728K) : metal1_mask has 0 polygons
2026-10-06 08:33:06 +0300: Memory Usage (425888K) : metal1_nofill has 0 polygons
2026-10-06 08:33:06 +0300: Memory Usage (425888K) : metal1_text has 0 polygons
2026-10-06 08:33:06 +0300: Memory Usage (426048K) : metal1_OPC has 0 polygons
2026-10-06 08:33:06 +0300: Memory Usage (426208K) : metal1_noqrc has 0 polygons
2026-10-06 08:33:06 +0300: Memory Usage (426368K) : metal1_res has 0 polygons
2026-10-06 08:33:06 +0300: Memory Usage (426528K) : metal1_iprobe has 0 polygons
2026-10-06 08:33:06 +0300: Memory Usage (426688K) : metal1_diffprb has 0 polygons
2026-10-06 08:33:06 +0300: Memory Usage (426848K) : passiv_drw has 0 polygons
2026-10-06 08:33:06 +0300: Memory Usage (427008K) : passiv_pin has 0 polygons
2026-10-06 08:33:06 +0300: Memory Usage (427808K) : passiv_sbump has 0 polygons
2026-10-06 08:33:06 +0300: Memory Usage (427808K) : passiv_pillar has 0 polygons
2026-10-06 08:33:06 +0300: Memory Usage (427968K) : passiv_pdl has 0 polygons
2026-10-06 08:33:06 +0300: Memory Usage (427968K) : metal2_drw has 186 polygons
2026-10-06 08:33:06 +0300: Memory Usage (428128K) : metal2_filler has 0 polygons
2026-10-06 08:33:06 +0300: Memory Usage (428128K) : metal2_slit has 0 polygons
2026-10-06 08:33:06 +0300: Memory Usage (428288K) : metal2 has 186 polygons
2026-10-06 08:33:06 +0300: Memory Usage (428448K) : metal2_pin has 34 polygons
2026-10-06 08:33:06 +0300: Memory Usage (428608K) : metal2_mask has 0 polygons
2026-10-06 08:33:06 +0300: Memory Usage (428768K) : metal2_nofill has 0 polygons
2026-10-06 08:33:06 +0300: Memory Usage (428768K) : metal2_text has 0 polygons
2026-10-06 08:33:06 +0300: Memory Usage (428928K) : metal2_OPC has 0 polygons
2026-10-06 08:33:06 +0300: Memory Usage (429088K) : metal2_noqrc has 0 polygons
2026-10-06 08:33:06 +0300: Memory Usage (429248K) : metal2_res has 0 polygons
2026-10-06 08:33:06 +0300: Memory Usage (429408K) : metal2_iprobe has 0 polygons
2026-10-06 08:33:06 +0300: Memory Usage (429728K) : metal2_diffprb has 0 polygons
2026-10-06 08:33:06 +0300: Memory Usage (429888K) : baspoly_drw has 0 polygons
2026-10-06 08:33:06 +0300: Memory Usage (430048K) : baspoly_pin has 0 polygons
2026-10-06 08:33:06 +0300: Memory Usage (430208K) : psd_drw has 85 polygons
2026-10-06 08:33:06 +0300: Memory Usage (430368K) : nldb_drw has 0 polygons
2026-10-06 08:33:06 +0300: Memory Usage (430528K) : digibnd_drw has 0 polygons
2026-10-06 08:33:06 +0300: Memory Usage (430688K) : via1_drw has 1216 polygons
2026-10-06 08:33:06 +0300: Memory Usage (431008K) : backmetal1_drw has 0 polygons
2026-10-06 08:33:06 +0300: Memory Usage (431008K) : backmetal1_pin has 0 polygons
2026-10-06 08:33:06 +0300: Memory Usage (431328K) : backmetal1_mask has 0 polygons
2026-10-06 08:33:06 +0300: Memory Usage (431488K) : backmetal1_filler has 0 polygons
2026-10-06 08:33:06 +0300: Memory Usage (431648K) : backmetal1_nofill has 0 polygons
2026-10-06 08:33:06 +0300: Memory Usage (431808K) : backmetal1_slit has 0 polygons
2026-10-06 08:33:06 +0300: Memory Usage (431808K) : backmetal1_text has 0 polygons
2026-10-06 08:33:06 +0300: Memory Usage (431968K) : backmetal1_OPC has 0 polygons
2026-10-06 08:33:06 +0300: Memory Usage (432128K) : backmetal1_noqrc has 0 polygons
2026-10-06 08:33:06 +0300: Memory Usage (432288K) : backmetal1_res has 0 polygons
2026-10-06 08:33:06 +0300: Memory Usage (432448K) : backmetal1_iprobe has 0 polygons
2026-10-06 08:33:06 +0300: Memory Usage (432608K) : backmetal1_diffprb has 0 polygons
2026-10-06 08:33:06 +0300: Memory Usage (432928K) : backpassiv_drw has 0 polygons
2026-10-06 08:33:06 +0300: Memory Usage (433088K) : res_drw has 0 polygons
2026-10-06 08:33:06 +0300: Memory Usage (433248K) : sram_drw has 0 polygons
2026-10-06 08:33:06 +0300: Memory Usage (433408K) : trans_drw has 34 polygons
2026-10-06 08:33:06 +0300: Memory Usage (433568K) : ind_drw has 0 polygons
2026-10-06 08:33:06 +0300: Memory Usage (433728K) : ind_pin has 0 polygons
2026-10-06 08:33:06 +0300: Memory Usage (433728K) : ind_text has 0 polygons
2026-10-06 08:33:06 +0300: Memory Usage (433888K) : salblock_drw has 33 polygons
2026-10-06 08:33:06 +0300: Memory Usage (434048K) : via2_drw has 624 polygons
2026-10-06 08:33:06 +0300: Memory Usage (434368K) : metal3_drw has 186 polygons
2026-10-06 08:33:06 +0300: Memory Usage (434528K) : metal3_filler has 0 polygons
2026-10-06 08:33:06 +0300: Memory Usage (434688K) : metal3_slit has 0 polygons
2026-10-06 08:33:06 +0300: Memory Usage (434848K) : metal3 has 186 polygons
2026-10-06 08:33:06 +0300: Memory Usage (435196K) : metal3_pin has 0 polygons
2026-10-06 08:33:06 +0300: Memory Usage (435356K) : metal3_mask has 0 polygons
2026-10-06 08:33:06 +0300: Memory Usage (435356K) : metal3_nofill has 0 polygons
2026-10-06 08:33:06 +0300: Memory Usage (435356K) : metal3_text has 0 polygons
2026-10-06 08:33:06 +0300: Memory Usage (435356K) : metal3_OPC has 0 polygons
2026-10-06 08:33:06 +0300: Memory Usage (435356K) : metal3_noqrc has 0 polygons
2026-10-06 08:33:06 +0300: Memory Usage (435356K) : metal3_res has 0 polygons
2026-10-06 08:33:06 +0300: Memory Usage (435356K) : metal3_iprobe has 0 polygons
2026-10-06 08:33:06 +0300: Memory Usage (435356K) : metal3_diffprb has 0 polygons
2026-10-06 08:33:06 +0300: Memory Usage (435356K) : nwell_drw has 0 polygons
2026-10-06 08:33:06 +0300: Memory Usage (435356K) : nwell_pin has 0 polygons
2026-10-06 08:33:06 +0300: Memory Usage (435356K) : nwell_text has 0 polygons
2026-10-06 08:33:06 +0300: Memory Usage (435356K) : nbulay_drw has 0 polygons
2026-10-06 08:33:06 +0300: Memory Usage (435356K) : nbulay_pin has 0 polygons
2026-10-06 08:33:06 +0300: Memory Usage (435356K) : nbulay_block has 0 polygons
2026-10-06 08:33:06 +0300: Memory Usage (435356K) : emwind_drw has 91 polygons
2026-10-06 08:33:06 +0300: Memory Usage (435356K) : emwind_OPC has 0 polygons
2026-10-06 08:33:06 +0300: Memory Usage (435356K) : deepco_drw has 0 polygons
2026-10-06 08:33:06 +0300: Memory Usage (435356K) : mim_drw has 6 polygons
2026-10-06 08:33:06 +0300: Memory Usage (435356K) : edgeseal_drw has 0 polygons
2026-10-06 08:33:06 +0300: Memory Usage (435356K) : substrate_drw has 18 polygons
2026-10-06 08:33:06 +0300: Memory Usage (435356K) : substrate_text has 0 polygons
2026-10-06 08:33:06 +0300: Memory Usage (435356K) : dfpad_drw has 0 polygons
2026-10-06 08:33:06 +0300: Memory Usage (435356K) : dfpad_pillar has 0 polygons
2026-10-06 08:33:06 +0300: Memory Usage (435356K) : dfpad_sbump has 0 polygons
2026-10-06 08:33:06 +0300: Memory Usage (435356K) : thickgateox_drw has 0 polygons
2026-10-06 08:33:06 +0300: Memory Usage (435356K) : pldb_drw has 0 polygons
2026-10-06 08:33:06 +0300: Memory Usage (435356K) : pwell_drw has 0 polygons
2026-10-06 08:33:06 +0300: Memory Usage (435356K) : pwell_pin has 0 polygons
2026-10-06 08:33:06 +0300: Memory Usage (435356K) : pwell_block has 0 polygons
2026-10-06 08:33:06 +0300: Memory Usage (435356K) : ic_drw has 0 polygons
2026-10-06 08:33:06 +0300: Memory Usage (435356K) : via3_drw has 390 polygons
2026-10-06 08:33:06 +0300: Memory Usage (435356K) : metal4_drw has 205 polygons
2026-10-06 08:33:06 +0300: Memory Usage (435356K) : metal4_filler has 0 polygons
2026-10-06 08:33:06 +0300: Memory Usage (435356K) : metal4_slit has 0 polygons
2026-10-06 08:33:06 +0300: Memory Usage (435356K) : metal4 has 205 polygons
2026-10-06 08:33:06 +0300: Memory Usage (435356K) : metal4_pin has 0 polygons
2026-10-06 08:33:06 +0300: Memory Usage (435356K) : metal4_mask has 0 polygons
2026-10-06 08:33:06 +0300: Memory Usage (435356K) : metal4_nofill has 0 polygons
2026-10-06 08:33:06 +0300: Memory Usage (435356K) : metal4_text has 0 polygons
2026-10-06 08:33:06 +0300: Memory Usage (435516K) : metal4_OPC has 0 polygons
2026-10-06 08:33:06 +0300: Memory Usage (435516K) : metal4_noqrc has 0 polygons
2026-10-06 08:33:06 +0300: Memory Usage (435676K) : metal4_res has 0 polygons
2026-10-06 08:33:06 +0300: Memory Usage (435836K) : metal4_iprobe has 0 polygons
2026-10-06 08:33:06 +0300: Memory Usage (435996K) : metal4_diffprb has 0 polygons
2026-10-06 08:33:06 +0300: Memory Usage (436156K) : heattrans_drw has 0 polygons
2026-10-06 08:33:06 +0300: Memory Usage (436316K) : heatres_drw has 33 polygons
2026-10-06 08:33:06 +0300: Memory Usage (436476K) : fbe_drw has 0 polygons
2026-10-06 08:33:06 +0300: Memory Usage (436476K) : empoly_drw has 0 polygons
2026-10-06 08:33:06 +0300: Memory Usage (436636K) : digisub_drw has 0 polygons
2026-10-06 08:33:06 +0300: Memory Usage (436796K) : text_drw has 221 polygons
2026-10-06 08:33:07 +0300: Memory Usage (436796K) : via4_drw has 610 polygons
2026-10-06 08:33:07 +0300: Memory Usage (437116K) : metal5_drw has 59 polygons
2026-10-06 08:33:07 +0300: Memory Usage (437276K) : metal5_filler has 0 polygons
2026-10-06 08:33:07 +0300: Memory Usage (437436K) : metal5_slit has 0 polygons
2026-10-06 08:33:07 +0300: Memory Usage (437436K) : metal5 has 59 polygons
2026-10-06 08:33:07 +0300: Memory Usage (437436K) : metal5_pin has 7 polygons
2026-10-06 08:33:07 +0300: Memory Usage (437436K) : metal5_mask has 0 polygons
2026-10-06 08:33:07 +0300: Memory Usage (437436K) : metal5_nofill has 0 polygons
2026-10-06 08:33:07 +0300: Memory Usage (437436K) : metal5_text has 7 polygons
2026-10-06 08:33:07 +0300: Memory Usage (437436K) : metal5_OPC has 0 polygons
2026-10-06 08:33:07 +0300: Memory Usage (437436K) : metal5_noqrc has 0 polygons
2026-10-06 08:33:07 +0300: Memory Usage (437436K) : metal5_res has 0 polygons
2026-10-06 08:33:07 +0300: Memory Usage (437436K) : metal5_iprobe has 0 polygons
2026-10-06 08:33:07 +0300: Memory Usage (437436K) : metal5_diffprb has 0 polygons
2026-10-06 08:33:07 +0300: Memory Usage (437436K) : radhard_drw has 0 polygons
2026-10-06 08:33:07 +0300: Memory Usage (437436K) : memcap_drw has 0 polygons
2026-10-06 08:33:07 +0300: Memory Usage (437436K) : varicap_drw has 0 polygons
2026-10-06 08:33:07 +0300: Memory Usage (437436K) : intbondvia_drw has 0 polygons
2026-10-06 08:33:07 +0300: Memory Usage (437436K) : intbondmet_drw has 0 polygons
2026-10-06 08:33:07 +0300: Memory Usage (437436K) : devbondvia_drw has 0 polygons
2026-10-06 08:33:07 +0300: Memory Usage (437436K) : devbondmet_drw has 0 polygons
2026-10-06 08:33:07 +0300: Memory Usage (437436K) : devtrench_drw has 0 polygons
2026-10-06 08:33:07 +0300: Memory Usage (437436K) : redist_drw has 0 polygons
2026-10-06 08:33:07 +0300: Memory Usage (437436K) : graphbot_drw has 0 polygons
2026-10-06 08:33:07 +0300: Memory Usage (437436K) : graphtop_drw has 0 polygons
2026-10-06 08:33:07 +0300: Memory Usage (437436K) : antvia1_drw has 0 polygons
2026-10-06 08:33:07 +0300: Memory Usage (437436K) : antmetal2_drw has 0 polygons
2026-10-06 08:33:07 +0300: Memory Usage (437436K) : graphcont_drw has 0 polygons
2026-10-06 08:33:07 +0300: Memory Usage (437436K) : siwg_drw has 0 polygons
2026-10-06 08:33:07 +0300: Memory Usage (437436K) : siwg_filler has 0 polygons
2026-10-06 08:33:07 +0300: Memory Usage (437436K) : siwg_nofill has 0 polygons
2026-10-06 08:33:07 +0300: Memory Usage (437436K) : sigrating_drw has 0 polygons
2026-10-06 08:33:07 +0300: Memory Usage (437436K) : singrating_drw has 0 polygons
2026-10-06 08:33:07 +0300: Memory Usage (437436K) : graphpas_drw has 0 polygons
2026-10-06 08:33:07 +0300: Memory Usage (437436K) : emwind3_drw has 0 polygons
2026-10-06 08:33:07 +0300: Memory Usage (437436K) : emwihv3_drw has 0 polygons
2026-10-06 08:33:07 +0300: Memory Usage (437436K) : redbulay_drw has 0 polygons
2026-10-06 08:33:07 +0300: Memory Usage (437436K) : smos_drw has 0 polygons
2026-10-06 08:33:07 +0300: Memory Usage (437436K) : graphpad_drw has 0 polygons
2026-10-06 08:33:07 +0300: Memory Usage (437436K) : polimide_drw has 0 polygons
2026-10-06 08:33:07 +0300: Memory Usage (437596K) : polimide_pin has 0 polygons
2026-10-06 08:33:07 +0300: Memory Usage (437756K) : recog_drw has 0 polygons
2026-10-06 08:33:07 +0300: Memory Usage (437916K) : recog_pin has 0 polygons
2026-10-06 08:33:07 +0300: Memory Usage (438076K) : recog_esd has 0 polygons
2026-10-06 08:33:07 +0300: Memory Usage (438076K) : recog_diode has 0 polygons
2026-10-06 08:33:07 +0300: Memory Usage (438236K) : recog_tsv has 0 polygons
2026-10-06 08:33:07 +0300: Memory Usage (438396K) : recog_iprobe has 0 polygons
2026-10-06 08:33:07 +0300: Memory Usage (438556K) : recog_diffprb has 0 polygons
2026-10-06 08:33:07 +0300: Memory Usage (438716K) : recog_pillar has 0 polygons
2026-10-06 08:33:07 +0300: Memory Usage (438876K) : recog_sbump has 0 polygons
2026-10-06 08:33:07 +0300: Memory Usage (438876K) : recog_otp has 0 polygons
2026-10-06 08:33:07 +0300: Memory Usage (439036K) : recog_pdiode has 0 polygons
2026-10-06 08:33:07 +0300: Memory Usage (439196K) : recog_mom has 0 polygons
2026-10-06 08:33:07 +0300: Memory Usage (439356K) : recog_momf has 0 polygons
2026-10-06 08:33:07 +0300: Memory Usage (439516K) : recog_pcm has 0 polygons
2026-10-06 08:33:07 +0300: Memory Usage (439676K) : colopen_drw has 0 polygons
2026-10-06 08:33:07 +0300: Memory Usage (439836K) : graphmetal1_drw has 0 polygons
2026-10-06 08:33:07 +0300: Memory Usage (439836K) : graphmetal1_filler has 0 polygons
2026-10-06 08:33:07 +0300: Memory Usage (439996K) : graphmetal1_nofill has 0 polygons
2026-10-06 08:33:07 +0300: Memory Usage (440156K) : graphmetal1_slit has 0 polygons
2026-10-06 08:33:07 +0300: Memory Usage (440316K) : graphmetal1_OPC has 0 polygons
2026-10-06 08:33:07 +0300: Memory Usage (440476K) : graphmet1l_drw has 0 polygons
2026-10-06 08:33:07 +0300: Memory Usage (440636K) : graphmet1l_filler has 0 polygons
2026-10-06 08:33:07 +0300: Memory Usage (440796K) : graphmet1l_nofill has 0 polygons
2026-10-06 08:33:07 +0300: Memory Usage (440956K) : graphmet1l_slit has 0 polygons
2026-10-06 08:33:07 +0300: Memory Usage (441116K) : graphmet1l_OPC has 0 polygons
2026-10-06 08:33:07 +0300: Memory Usage (441276K) : extblock_drw has 33 polygons
2026-10-06 08:33:07 +0300: Memory Usage (441596K) : nldd_drw has 0 polygons
2026-10-06 08:33:07 +0300: Memory Usage (441756K) : pldd_drw has 0 polygons
2026-10-06 08:33:07 +0300: Memory Usage (441916K) : next_drw has 0 polygons
2026-10-06 08:33:07 +0300: Memory Usage (442076K) : pext_drw has 0 polygons
2026-10-06 08:33:07 +0300: Memory Usage (442236K) : nexthv_drw has 0 polygons
2026-10-06 08:33:07 +0300: Memory Usage (442396K) : pexthv_drw has 0 polygons
2026-10-06 08:33:07 +0300: Memory Usage (442556K) : graphgate_drw has 0 polygons
2026-10-06 08:33:07 +0300: Memory Usage (442716K) : sinwg_drw has 0 polygons
2026-10-06 08:33:07 +0300: Memory Usage (442876K) : sinwg_filler has 0 polygons
2026-10-06 08:33:07 +0300: Memory Usage (443036K) : sinwg_nofill has 0 polygons
2026-10-06 08:33:07 +0300: Memory Usage (443036K) : mempad_drw has 0 polygons
2026-10-06 08:33:07 +0300: Memory Usage (443036K) : topvia1_drw has 176 polygons
2026-10-06 08:33:07 +0300: Memory Usage (443036K) : topmetal1_drw has 49 polygons
2026-10-06 08:33:07 +0300: Memory Usage (443036K) : topmetal1_filler has 0 polygons
2026-10-06 08:33:07 +0300: Memory Usage (443036K) : topmetal1_slit has 0 polygons
2026-10-06 08:33:07 +0300: Memory Usage (443036K) : topmetal1 has 49 polygons
2026-10-06 08:33:07 +0300: Memory Usage (443036K) : topmetal1_pin has 0 polygons
2026-10-06 08:33:07 +0300: Memory Usage (443036K) : topmetal1_mask has 0 polygons
2026-10-06 08:33:07 +0300: Memory Usage (443036K) : topmetal1_nofill has 0 polygons
2026-10-06 08:33:07 +0300: Memory Usage (443036K) : topmetal1_text has 0 polygons
2026-10-06 08:33:07 +0300: Memory Usage (443036K) : topmetal1_noqrc has 0 polygons
2026-10-06 08:33:07 +0300: Memory Usage (443036K) : topmetal1_res has 0 polygons
2026-10-06 08:33:07 +0300: Memory Usage (443036K) : topmetal1_iprobe has 0 polygons
2026-10-06 08:33:07 +0300: Memory Usage (443036K) : topmetal1_diffprb has 0 polygons
2026-10-06 08:33:07 +0300: Memory Usage (443036K) : inldpwl_drw has 0 polygons
2026-10-06 08:33:07 +0300: Memory Usage (443036K) : polyres_drw has 33 polygons
2026-10-06 08:33:07 +0300: Memory Usage (443036K) : polyres_pin has 0 polygons
2026-10-06 08:33:07 +0300: Memory Usage (443036K) : vmim_drw has 726 polygons
2026-10-06 08:33:07 +0300: Memory Usage (443036K) : nbulaycut_drw has 0 polygons
2026-10-06 08:33:07 +0300: Memory Usage (443036K) : antmetal1_drw has 0 polygons
2026-10-06 08:33:07 +0300: Memory Usage (443036K) : topvia2_drw has 188 polygons
2026-10-06 08:33:07 +0300: Memory Usage (443036K) : topmetal2_drw has 6 polygons
2026-10-06 08:33:07 +0300: Memory Usage (443036K) : topmetal2_filler has 0 polygons
2026-10-06 08:33:07 +0300: Memory Usage (443036K) : topmetal2_slit has 0 polygons
2026-10-06 08:33:07 +0300: Memory Usage (443036K) : topmetal2 has 6 polygons
2026-10-06 08:33:07 +0300: Memory Usage (443036K) : topmetal2_pin has 0 polygons
2026-10-06 08:33:07 +0300: Memory Usage (443036K) : topmetal2_mask has 0 polygons
2026-10-06 08:33:07 +0300: Memory Usage (443036K) : topmetal2_nofill has 0 polygons
2026-10-06 08:33:07 +0300: Memory Usage (443036K) : topmetal2_text has 0 polygons
2026-10-06 08:33:07 +0300: Memory Usage (443036K) : topmetal2_noqrc has 0 polygons
2026-10-06 08:33:07 +0300: Memory Usage (443036K) : topmetal2_res has 0 polygons
2026-10-06 08:33:07 +0300: Memory Usage (443036K) : topmetal2_iprobe has 0 polygons
2026-10-06 08:33:07 +0300: Memory Usage (443036K) : topmetal2_diffprb has 0 polygons
2026-10-06 08:33:07 +0300: Memory Usage (443036K) : snsring_drw has 0 polygons
2026-10-06 08:33:07 +0300: Memory Usage (443036K) : sensor_drw has 0 polygons
2026-10-06 08:33:07 +0300: Memory Usage (443036K) : snsarms_drw has 0 polygons
2026-10-06 08:33:07 +0300: Memory Usage (443036K) : snscmosvia_drw has 0 polygons
2026-10-06 08:33:07 +0300: Memory Usage (443036K) : colwind_drw has 0 polygons
2026-10-06 08:33:07 +0300: Memory Usage (443036K) : flm_drw has 0 polygons
2026-10-06 08:33:07 +0300: Memory Usage (443036K) : hafniumox_drw has 0 polygons
2026-10-06 08:33:07 +0300: Memory Usage (443036K) : memvia_drw has 0 polygons
2026-10-06 08:33:07 +0300: Memory Usage (443036K) : thinfilmres_drw has 0 polygons
2026-10-06 08:33:07 +0300: Memory Usage (443036K) : rfmem_drw has 0 polygons
2026-10-06 08:33:07 +0300: Memory Usage (443036K) : norcx_drw has 0 polygons
2026-10-06 08:33:07 +0300: Memory Usage (443036K) : norcx_m2m3 has 0 polygons
2026-10-06 08:33:07 +0300: Memory Usage (443036K) : norcx_m2m4 has 0 polygons
2026-10-06 08:33:07 +0300: Memory Usage (443036K) : norcx_m2m5 has 0 polygons
2026-10-06 08:33:07 +0300: Memory Usage (443036K) : norcx_m2tm1 has 0 polygons
2026-10-06 08:33:07 +0300: Memory Usage (443036K) : norcx_m2tm2 has 0 polygons
2026-10-06 08:33:07 +0300: Memory Usage (443036K) : norcx_m3m4 has 0 polygons
2026-10-06 08:33:07 +0300: Memory Usage (443036K) : norcx_m3m5 has 0 polygons
2026-10-06 08:33:07 +0300: Memory Usage (443196K) : norcx_m3tm1 has 0 polygons
2026-10-06 08:33:07 +0300: Memory Usage (443196K) : norcx_m3tm2 has 0 polygons
2026-10-06 08:33:07 +0300: Memory Usage (443196K) : norcx_m4m5 has 0 polygons
2026-10-06 08:33:07 +0300: Memory Usage (443196K) : norcx_m4tm1 has 0 polygons
2026-10-06 08:33:07 +0300: Memory Usage (443196K) : norcx_m4tm2 has 0 polygons
2026-10-06 08:33:07 +0300: Memory Usage (443196K) : norcx_m5tm1 has 0 polygons
2026-10-06 08:33:07 +0300: Memory Usage (443196K) : norcx_m5tm2 has 0 polygons
2026-10-06 08:33:07 +0300: Memory Usage (443196K) : norcx_tm1tm2 has 0 polygons
2026-10-06 08:33:07 +0300: Memory Usage (443196K) : norcx_m1sub has 0 polygons
2026-10-06 08:33:07 +0300: Memory Usage (443196K) : norcx_m2sub has 0 polygons
2026-10-06 08:33:07 +0300: Memory Usage (443196K) : norcx_m3sub has 0 polygons
2026-10-06 08:33:07 +0300: Memory Usage (443196K) : norcx_m4sub has 0 polygons
2026-10-06 08:33:07 +0300: Memory Usage (443196K) : norcx_m5sub has 0 polygons
2026-10-06 08:33:07 +0300: Memory Usage (443196K) : norcx_tm1sub has 0 polygons
2026-10-06 08:33:07 +0300: Memory Usage (443196K) : norcx_tm2sub has 0 polygons
2026-10-06 08:33:07 +0300: Memory Usage (443196K) : snsbotvia_drw has 0 polygons
2026-10-06 08:33:07 +0300: Memory Usage (443196K) : snstopvia_drw has 0 polygons
2026-10-06 08:33:07 +0300: Memory Usage (443196K) : deepvia_drw has 0 polygons
2026-10-06 08:33:07 +0300: Memory Usage (443196K) : fgetch_drw has 0 polygons
2026-10-06 08:33:07 +0300: Memory Usage (443196K) : ctrgat_drw has 0 polygons
2026-10-06 08:33:07 +0300: Memory Usage (443196K) : fgimp_drw has 0 polygons
2026-10-06 08:33:07 +0300: Memory Usage (443196K) : emwihv_drw has 0 polygons
2026-10-06 08:33:07 +0300: Memory Usage (443196K) : lbe_drw has 0 polygons
2026-10-06 08:33:07 +0300: Memory Usage (443196K) : alcustop_drw has 0 polygons
2026-10-06 08:33:07 +0300: Memory Usage (443196K) : nometfiller_drw has 0 polygons
2026-10-06 08:33:07 +0300: Memory Usage (443196K) : prboundary_drw has 0 polygons
2026-10-06 08:33:07 +0300: Memory Usage (443196K) : exchange0_drw has 0 polygons
2026-10-06 08:33:07 +0300: Memory Usage (443196K) : exchange0_pin has 0 polygons
2026-10-06 08:33:07 +0300: Memory Usage (443196K) : exchange0_text has 0 polygons
2026-10-06 08:33:07 +0300: Memory Usage (443196K) : exchange1_drw has 0 polygons
2026-10-06 08:33:07 +0300: Memory Usage (443196K) : exchange1_pin has 0 polygons
2026-10-06 08:33:07 +0300: Memory Usage (443196K) : exchange1_text has 0 polygons
2026-10-06 08:33:07 +0300: Memory Usage (443196K) : exchange2_drw has 0 polygons
2026-10-06 08:33:07 +0300: Memory Usage (443196K) : exchange2_pin has 0 polygons
2026-10-06 08:33:07 +0300: Memory Usage (443196K) : exchange2_text has 0 polygons
2026-10-06 08:33:07 +0300: Memory Usage (443196K) : exchange3_drw has 0 polygons
2026-10-06 08:33:07 +0300: Memory Usage (443196K) : exchange3_pin has 0 polygons
2026-10-06 08:33:07 +0300: Memory Usage (443196K) : exchange3_text has 0 polygons
2026-10-06 08:33:07 +0300: Memory Usage (443196K) : exchange4_drw has 0 polygons
2026-10-06 08:33:07 +0300: Memory Usage (443196K) : exchange4_pin has 0 polygons
2026-10-06 08:33:07 +0300: Memory Usage (443196K) : exchange4_text has 0 polygons
2026-10-06 08:33:07 +0300: Memory Usage (443196K) : isonwell_drw has 0 polygons
2026-10-06 08:33:07 +0300: Memory Usage (443196K) : Total no. of polygons in the design is 6569
2026-10-06 08:33:07 +0300: Memory Usage (443196K) : Starting base layers derivations
2026-10-06 08:33:07 +0300: Memory Usage (443196K) : Starting general LVS derivations
2026-10-06 08:33:07 +0300: Memory Usage (444404K) : Starting MOSFET DERIVATIONS
2026-10-06 08:33:07 +0300: Memory Usage (446164K) : Starting NMOS DERIVATIONS
2026-10-06 08:33:07 +0300: Memory Usage (446164K) : Starting PMOS DERIVATIONS
2026-10-06 08:33:07 +0300: Memory Usage (446164K) : Starting RF-MOSFET DERIVATIONS
2026-10-06 08:33:07 +0300: Memory Usage (446164K) : Starting RF-NMOS DERIVATIONS
2026-10-06 08:33:07 +0300: Memory Usage (446164K) : Starting RF-PMOS DERIVATIONS
2026-10-06 08:33:07 +0300: Memory Usage (446164K) : Starting BJT DERIVATIONS
2026-10-06 08:33:07 +0300: Memory Usage (446164K) : Starting NPN-BJT DERIVATIONS
2026-10-06 08:33:07 +0300: Memory Usage (446164K) : Starting PNP-BJT DERIVATIONS
2026-10-06 08:33:07 +0300: Memory Usage (446164K) : Starting DIODE DERIVATIONS
2026-10-06 08:33:07 +0300: Memory Usage (446164K) : Starting RESISTOR DERIVATIONS
2026-10-06 08:33:07 +0300: Memory Usage (446360K) : Starting CAP DERIVATIONS
2026-10-06 08:33:07 +0300: Memory Usage (446360K) : Starting CAP_CMOM DERIVATIONS
2026-10-06 08:33:07 +0300: Memory Usage (446360K) : Starting CAP_CMOMF DERIVATIONS
2026-10-06 08:33:07 +0300: Memory Usage (446360K) : Starting ESD DERIVATIONS
2026-10-06 08:33:07 +0300: Memory Usage (446360K) : Starting Inductor DERIVATIONS
2026-10-06 08:33:07 +0300: Memory Usage (447800K) : Starting Taps DERIVATIONS
2026-10-06 08:33:07 +0300: Memory Usage (449560K) : Starting SG13G2 LVS connectivity setup
2026-10-06 08:33:07 +0300: Memory Usage (449560K) : Starting SG13G2 LVS connectivity setup (Inter-layer)
2026-10-06 08:33:07 +0300: Memory Usage (449908K) : Starting SG13G2 LVS connectivity setup (Global)
2026-10-06 08:33:07 +0300: Memory Usage (449908K) : Starting LVS MOSFET CONNECTIONS
2026-10-06 08:33:07 +0300: Memory Usage (449908K) : Starting LVS RF-MOSFET CONNECTIONS
2026-10-06 08:33:07 +0300: Memory Usage (449908K) : Starting LVS BJT CONNECTIONS
2026-10-06 08:33:07 +0300: Memory Usage (449908K) : Starting LVS DIODE CONNECTIONS
2026-10-06 08:33:07 +0300: Memory Usage (449908K) : Starting RESISTOR CONNECTIONS
2026-10-06 08:33:07 +0300: Memory Usage (449908K) : Starting LVS CAP CONNECTIONS
2026-10-06 08:33:07 +0300: Memory Usage (449908K) : Starting CAP_CMOM CONNECTIONS
2026-10-06 08:33:07 +0300: Memory Usage (449908K) : Starting CAP_CMOMF CONNECTIONS
2026-10-06 08:33:07 +0300: Memory Usage (449908K) : Starting ESD CONNECTIONS
2026-10-06 08:33:07 +0300: Memory Usage (449908K) : Starting Inductor CONNECTIONS
2026-10-06 08:33:07 +0300: Memory Usage (449908K) : Starting LVS Taps CONNECTIONS
2026-10-06 08:33:07 +0300: Memory Usage (449908K) : Starting SG13G2 LVS DEVICES EXTRACTION
2026-10-06 08:33:07 +0300: Memory Usage (449908K) : Starting MOSFET EXTRACTION
2026-10-06 08:33:07 +0300: Memory Usage (449908K) : Starting NMOS EXTRACTION
2026-10-06 08:33:07 +0300: Memory Usage (449908K) : Extraction of NMOS-LV transistor
2026-10-06 08:33:07 +0300: Memory Usage (450404K) : Extraction of NMOS-HV transistor
2026-10-06 08:33:07 +0300: Memory Usage (450404K) : Starting PMOS EXTRACTION
2026-10-06 08:33:07 +0300: Memory Usage (450404K) : Extraction of PMOS-LV transistor
2026-10-06 08:33:07 +0300: Memory Usage (450564K) : Extraction of PMOS-HV transistor
2026-10-06 08:33:07 +0300: Memory Usage (450564K) : Starting RF-MOSFET EXTRACTION
2026-10-06 08:33:07 +0300: Memory Usage (450564K) : Extraction of RF-NMOS-LV transistor
2026-10-06 08:33:07 +0300: Memory Usage (450564K) : Extraction of RF-NMOS-HV transistor
2026-10-06 08:33:07 +0300: Memory Usage (450564K) : Extraction of RF-PMOS-LV transistor
2026-10-06 08:33:07 +0300: Memory Usage (450564K) : Extraction of RF-PMOS-HV transistor
2026-10-06 08:33:07 +0300: Memory Usage (450564K) : Starting BJT EXTRACTION
2026-10-06 08:33:07 +0300: Memory Usage (450564K) : Starting NPN-BJT EXTRACTION
2026-10-06 08:33:07 +0300: Memory Usage (450564K) : Extraction of npn13G2 BJT transistor
2026-10-06 08:33:07 +0300: Memory Usage (450904K) : Extraction of npn13G2L BJT transistor
2026-10-06 08:33:07 +0300: Memory Usage (450904K) : Extraction of npn13G2V BJT transistor
2026-10-06 08:33:07 +0300: Memory Usage (450904K) : Starting PNP-BJT EXTRACTION
2026-10-06 08:33:07 +0300: Memory Usage (450904K) : Extracting pnpMPA BJT
2026-10-06 08:33:07 +0300: Memory Usage (450904K) : Starting DIODE EXTRACTION
2026-10-06 08:33:07 +0300: Memory Usage (450904K) : Extracting dantenna diode
2026-10-06 08:33:07 +0300: Memory Usage (450904K) : Extracting dpantenna diode
2026-10-06 08:33:07 +0300: Memory Usage (450904K) : Extracting schottky_nbl1 diode
2026-10-06 08:33:07 +0300: Memory Usage (450904K) : Extracting isolbox diode
2026-10-06 08:33:07 +0300: Memory Usage (450904K) : Starting RESISTOR EXTRACTION
2026-10-06 08:33:07 +0300: Memory Usage (450904K) : Extracting rsil resistor
2026-10-06 08:33:07 +0300: Memory Usage (450904K) : Extracting rppd resistor
2026-10-06 08:33:07 +0300: Memory Usage (451084K) : Extracting rhigh resistor
2026-10-06 08:33:07 +0300: Memory Usage (451084K) : Extracting res_metal1 resistor
2026-10-06 08:33:07 +0300: Memory Usage (451084K) : Extracting res_metal2 resistor
2026-10-06 08:33:07 +0300: Memory Usage (451084K) : Extracting res_metal3 resistor
2026-10-06 08:33:07 +0300: Memory Usage (451084K) : Extracting res_metal4 resistor
2026-10-06 08:33:07 +0300: Memory Usage (451084K) : Extracting res_metal5 resistor
2026-10-06 08:33:07 +0300: Memory Usage (451084K) : Extracting res_topmetal1 resistor
2026-10-06 08:33:07 +0300: Memory Usage (451084K) : Extracting res_topmetal2 resistor
2026-10-06 08:33:07 +0300: Memory Usage (451084K) : Starting CAP EXTRACTION
2026-10-06 08:33:07 +0300: Memory Usage (451084K) : Extracting cap_cmim device
2026-10-06 08:33:07 +0300: Memory Usage (451084K) : Extracting rfcmim device
2026-10-06 08:33:07 +0300: Memory Usage (451084K) : Extracting sg13_hv_svaricap varactor
2026-10-06 08:33:07 +0300: Memory Usage (451084K) : Extracting cap_cmomi device
2026-10-06 08:33:07 +0300: Memory Usage (451084K) : Extracting cap_cmomf device
2026-10-06 08:33:07 +0300: Memory Usage (451084K) : Extracting sg13_moscap_n capacitor
2026-10-06 08:33:07 +0300: Memory Usage (451084K) : Extracting sg13_moscap_p capacitor
2026-10-06 08:33:07 +0300: Memory Usage (451084K) : Starting ESD EXTRACTION
2026-10-06 08:33:07 +0300: Memory Usage (451084K) : Extracting diodevdd_2kv ESD device
2026-10-06 08:33:07 +0300: Memory Usage (451084K) : Extracting diodevdd_4kv ESD device
2026-10-06 08:33:07 +0300: Memory Usage (451084K) : Extracting diodevss_2kv ESD device
2026-10-06 08:33:07 +0300: Memory Usage (451084K) : Extracting diodevss_4kv ESD device
2026-10-06 08:33:07 +0300: Memory Usage (451084K) : Extracting idiodevdd_2kv ESD device
2026-10-06 08:33:07 +0300: Memory Usage (451084K) : Extracting idiodevdd_4kv ESD device
2026-10-06 08:33:07 +0300: Memory Usage (451084K) : Extracting idiodevss_2kv ESD device
2026-10-06 08:33:07 +0300: Memory Usage (451084K) : Extracting idiodevss_4kv ESD device
2026-10-06 08:33:07 +0300: Memory Usage (451084K) : Extracting nmoscl_2 ESD device
2026-10-06 08:33:07 +0300: Memory Usage (451084K) : Extracting nmoscl_4 ESD device
2026-10-06 08:33:07 +0300: Memory Usage (451084K) : Starting Inductor EXTRACTION
2026-10-06 08:33:07 +0300: Memory Usage (451084K) : Extracting Inductor2 device
2026-10-06 08:33:07 +0300: Memory Usage (451084K) : Extracting Inductor3 device
2026-10-06 08:33:07 +0300: Memory Usage (451084K) : Starting Taps EXTRACTION
2026-10-06 08:33:07 +0300: Memory Usage (451084K) : Extracting ntap1 device
2026-10-06 08:33:07 +0300: Memory Usage (451084K) : Extracting ptap1 device
2026-10-06 08:33:07 +0300: Memory Usage (451084K) : Starting SG13G2 LVS RF MOS Model Mapping
2026-10-06 08:33:07 +0300: Memory Usage (451244K) : [layout_netlist] Apply RF MOS model mapping and rfmode parameter.
2026-10-06 08:33:07 +0300: Memory Usage (451244K) : Starting SG13G2 LVS Options Preparations
2026-10-06 08:33:07 +0300: Memory Usage (451244K) : NET_ONLY enabled: apply extraction netlist options and skip comparison.
2026-10-06 08:33:07 +0300: Memory Usage (451244K) : SG13G2 LVS flow: extraction -> option preparation -> write netlist -> exit.
2026-10-06 08:33:07 +0300: Memory Usage (451244K) : Starting SG13G2 LVS Simplification
2026-10-06 08:33:07 +0300: Memory Usage (451244K) : [layout_netlist] simplify: SKIPPED
2026-10-06 08:33:07 +0300: Memory Usage (451244K) : [layout_netlist] make_top_level_pins: ENABLED
2026-10-06 08:33:07 +0300: Memory Usage (451244K) : [layout_netlist] combine_devices: SKIPPED
2026-10-06 08:33:07 +0300: Memory Usage (451244K) : [layout_netlist] purge: SKIPPED
2026-10-06 08:33:07 +0300: Memory Usage (451244K) : [layout_netlist] purge_nets: SKIPPED
2026-10-06 08:33:07 +0300: Memory Usage (451244K) : [layout_netlist] purge_devices: SKIPPED
2026-10-06 08:33:07 +0300: Memory Usage (451244K) : LVS Total Run time 0.879177 seconds
2026-10-06 08:33:07 +0300: Memory Usage (451244K) : NSSOC_UNSIMPLIFIED_GEOMETRY_L2N_EXPORT_REQUESTED
