DIV__XFIRST__XCORE__XS__SE 92.194 mV 69.079 ohm DIV__XFIRST__XCORE__XS__XCS:C DIV__XFIRST__XCORE__XS__XDP:E
DIV__XFIRST__XCORE__XS__TE 91.716 mV 67.433 ohm DIV__XFIRST__XCORE__XS__XT:C DIV__XFIRST__XCORE__XS__XCS:E
DIV__LP 89.998 mV 56.058 ohm DIV__XLN:C DIV__XLRP:rppd_2
DIV__S1P 89.684 mV 108.849 ohm DIV__XFIRST__XCORE__XS__XRP:rppd_2 DIV__XLSP:rppd_1
DIV__XFIRST__XCORE__MN 88.938 mV 64.204 ohm DIV__XFIRST__XCORE__XM__XLP:C DIV__XFIRST__XCORE__XM__XRN:rppd_2
DIV__S1N 88.425 mV 58.337 ohm DIV__XFIRST__XCORE__XS__XLP:C DIV__XFIRST__XCORE__XS__XRN:rppd_2
DIV__LN 88.34 mV 58.111 ohm DIV__XLP:C DIV__XLRN:rppd_2
DIV__LT 88.256 mV 56.231 ohm DIV__XLP:E DIV__XLT:C
DIV__XFIRST__XCORE__MP 85.941 mV 62.151 ohm DIV__XFIRST__XCORE__XM__XLN:C DIV__XFIRST__XCORE__XM__XRP:rppd_2
DIV__XFIRST__XCORE__XS__HE 85.446 mV 65.853 ohm DIV__XFIRST__XCORE__XS__XCH:C DIV__XFIRST__XCORE__XS__XLP:E
DIV__XFIRST__XCORE__XM__SE 83.999 mV 64.679 ohm DIV__XFIRST__XCORE__XM__XCS:C DIV__XFIRST__XCORE__XM__XDP:E
DIV__XFIRST__XCORE__XM__TE 83.102 mV 63.033 ohm DIV__XFIRST__XCORE__XM__XT:C DIV__XFIRST__XCORE__XM__XCS:E
DIV__XFIRST__XCORE__XM__HE 81.651 mV 61.453 ohm DIV__XFIRST__XCORE__XM__XCH:C DIV__XFIRST__XCORE__XM__XLP:E
DIV__XSECOND__XS__TE 77.848 mV 62.739 ohm DIV__XSECOND__XS__XT:C DIV__XSECOND__XS__XCH:E
DIV__XSECOND__XM__TE 72.609 mV 60.099 ohm DIV__XSECOND__XM__XT:C DIV__XSECOND__XM__XCS:E
DIV__XSECOND__MN 68.458 mV 64.791 ohm DIV__XSECOND__XM__XDP:C DIV__XSECOND__XM__XRN:rppd_2
DIV__XSECOND__XS__HE 66.919 mV 61.159 ohm DIV__XSECOND__XS__XCH:C DIV__XSECOND__XS__XLN:E
DIV__XSECOND__XM__SE 66.037 mV 61.745 ohm DIV__XSECOND__XM__XCS:C DIV__XSECOND__XM__XDP:E
DIV__XFIRST__CKP 64.195 mV 58.296 ohm DIV__XFIRST__XUP:rppd_2 DIV__XFIRST__XSP:rppd_2
DIV__XSECOND__MP 64.033 mV 62.737 ohm DIV__XSECOND__XM__XDN:C DIV__XSECOND__XM__XRP:rppd_2
DIV__XSECOND__XS__SE 63.904 mV 66.146 ohm DIV__XSECOND__XS__XCS:C DIV__XSECOND__XS__XDP:E
DIV__XFIRST__CKN 62.173 mV 56.829 ohm DIV__XFIRST__XUN:rppd_2 DIV__XFIRST__XSN:rppd_2
QN 59.171 mV 55.991 ohm DIV__XSECOND__XS__XDP:C DIV__XSECOND__XS__XRN:rppd_2
DIV__XSECOND__XM__HE 56.903 mV 58.519 ohm DIV__XSECOND__XM__XCH:C DIV__XSECOND__XM__XLP:E
QP 55.779 mV 47.484 ohm DIV__XSECOND__XS__XLN:C DIV__XSECOND__XS__XRP:rppd_2
DIV__CKP 39.762 mV 55.682 ohm DIV__XSP:rppd_2 DIV__XDP:rppd_1
DIV__CKN 39.012 mV 54.216 ohm DIV__XSN:rppd_2 DIV__XDN:rppd_1
DIV__LREF 37.916 mV 58.449 ohm DIV__XLREF:C DIV__XLB:rppd_2
DIV__XFIRST__XCORE__REF 29.689 mV 61.639 ohm DIV__XFIRST__XCORE__XREF:C DIV__XFIRST__XCORE__XBIAS:rppd_2
DIV__XSECOND__REF 27.608 mV 58.706 ohm DIV__XSECOND__XREF:C DIV__XSECOND__XBIAS:rppd_2
DIV__BIP 27.53 mV 53.072 ohm DIV__XLSP:rppd_2 DIV__XLDP:rppd_1
DIV__BIN 26.729 mV 51.605 ohm DIV__XLSN:rppd_2 DIV__XLDN:rppd_1
{'bytes': 627786, 'sha256': '03d92d06ef76075453554f28051eab27098fa4cdf8028d57a5c3ff88b1ce21ad'}
