sw/tests/test_pcie_gen3_continuous_rx_integrity_v24.py::test_actual_wide_rx_full_positive_profiles[150]
sw/tests/test_pcie_gen3_continuous_rx_integrity_v24.py::test_actual_wide_rx_fault_rejected[selector_loses_stp]
sw/tests/test_pcie_gen3_continuous_rx_integrity_v24.py::test_actual_wide_rx_fault_rejected[sequence_byte_order]
sw/tests/test_pcie_gen3_continuous_rx_integrity_v24.py::test_actual_wide_rx_fault_rejected[carry_word_order]
sw/tests/test_pcie_gen3_continuous_rx_integrity_v24.py::test_actual_wide_rx_fault_rejected[stp_suffix_word_order]
sw/tests/test_pcie_gen3_continuous_rx_integrity_v24.py::test_actual_wide_rx_fault_rejected[initial_dllp_loses_carry]
sw/tests/test_pcie_gen3_continuous_rx_integrity_v24.py::test_actual_wide_rx_fault_rejected[dllp_preceding_seed_order]
sw/tests/test_pcie_gen3_continuous_rx_integrity_v24.py::test_actual_wide_rx_fault_rejected[look_drops_successor]
sw/tests/test_pcie_gen3_continuous_rx_integrity_v24.py::test_actual_wide_rx_fault_rejected[edb_releases_bad]
sw/tests/test_pcie_gen3_continuous_rx_integrity_v24.py::test_actual_wide_rx_fault_rejected[fault_descriptor_survives]
sw/tests/test_pcie_gen3_continuous_rx_integrity_v24.py::test_actual_wide_rx_fault_rejected[restart_descriptor_survives]
sw/tests/test_pcie_gen3_continuous_rx_integrity_v24.py::test_actual_wide_rx_fault_rejected[empty_descriptor_blocks]
sw/tests/test_pcie_gen3_continuous_rx_integrity_v24.py::test_actual_wide_rx_fault_rejected[full_descriptor_overwrite]
sw/tests/test_pcie_gen3_integrity_v24_miter.py::test_v23_v24_cycle_exact_all_public_outputs[150]
sw/tests/test_pcie_gen3_integrity_v24_miter.py::test_actual_miter_fault_is_observed[public_data_inversion]
sw/tests/test_pcie_gen3_integrity_v24_miter.py::test_actual_miter_fault_is_observed[unqualified_speculative_fault]
sw/tests/test_pcie_gen3_integrity_v24_miter.py::test_actual_miter_fault_is_observed[cache_skips_step]
sw/tests/test_pcie_gen3_integrity_v24_miter.py::test_actual_miter_fault_is_observed[cache_inverts_value]
sw/tests/test_pcie_gen3_integrity_v24_miter.py::test_actual_miter_fault_is_observed[cache_stale_new_owner]
sw/tests/test_pcie_gen3_integrity_v24_miter.py::test_actual_miter_fault_is_observed[fault_keeps_ring_owner]
sw/tests/test_pcie_gen3_integrity_v24_miter.py::test_actual_miter_fault_is_observed[header_wrong_predecessor]
sw/tests/test_pcie_gen3_integrity_v24_miter.py::test_actual_miter_fault_is_observed[header_current_input_tail]
sw/tests/test_pcie_gen3_integrity_v24_miter.py::test_actual_miter_fault_is_observed[header_shift_wrong]
sw/tests/test_pcie_gen3_integrity_v24_miter.py::test_actual_miter_fault_is_observed[header_promote_stale]
sw/tests/test_pcie_gen3_integrity_v24_miter.py::test_actual_miter_fault_is_observed[header_carried_invert]
sw/tests/test_pcie_gen3_integrity_v24_miter.py::test_actual_miter_fault_is_observed[header_carried_always_bad]
sw/tests/test_pcie_gen3_integrity_v24_miter.py::test_only_registered_header_edits_to_frozen_sources
sw/tests/test_pcie_gen3_integrity_v24_miter.py::test_actual_old_predecessor_observer_negative
sw/tests/test_pcie_gen3_integrity_v24_block_burst.py::test_actual_block_burst_scoreboard_and_promotion
sw/tests/test_pcie_gen3_integrity_v24_block_burst.py::test_actual_context_bank_fault_detected[context_capture_zero]
sw/tests/test_pcie_gen3_integrity_v24_block_burst.py::test_actual_context_bank_fault_detected[context_next_uses_current]
sw/tests/test_pcie_gen3_integrity_v24_block_burst.py::test_actual_context_bank_fault_detected[context_shift_wrong]
sw/tests/test_pcie_gen3_integrity_v24_block_burst.py::test_actual_context_bank_fault_detected[context_promote_stale]
sw/tests/test_pcie_gen3_integrity_v24_prefix.py::test_actual_finite_matrix_alphabet[None]
sw/tests/test_pcie_gen3_integrity_v24_prefix.py::test_actual_finite_matrix_alphabet[wrong_initial_column]
sw/tests/test_pcie_gen3_integrity_v24_prefix.py::test_actual_finite_matrix_alphabet[drop_bad_carry]
sw/tests/test_pcie_gen3_integrity_v24_prefix.py::test_actual_finite_matrix_alphabet[drop_middle_exit]
sw/tests/test_pcie_gen3_integrity_v24_prefix.py::test_actual_finite_matrix_alphabet[wrong_suffix]
sw/tests/test_pcie_gen3_integrity_v24_prefix.py::test_exact_generated_inverse_and_wrapper_bridge
sw/tests/test_pcie_gen3_integrity_v24_prefix.py::test_actual_block_context_pack_and_eds[None]
sw/tests/test_pcie_gen3_integrity_v24_prefix.py::test_actual_block_context_pack_and_eds[premature_eds]
sw/tests/test_pcie_gen3_integrity_v24_prefix.py::test_actual_block_context_pack_and_eds[wrong_word_offset]

42/44 tests collected (2 deselected) in 0.19s
