{
  "delay_by_cell_family": {
    "launch_ff": {
      "count": 1,
      "delay_ns": 0.234542
    },
    "buffer": {
      "count": 16,
      "delay_ns": 2.628616
    },
    "other_boolean": {
      "count": 23,
      "delay_ns": 3.70487
    },
    "mux": {
      "count": 5,
      "delay_ns": 0.868041
    }
  },
  "word_support_growth": [
    {
      "cell": "_184504_",
      "arrival_ns": 0.234542,
      "structural_current_word_support": []
    },
    {
      "cell": "_175220_",
      "arrival_ns": 6.74562,
      "structural_current_word_support": [
        0
      ]
    },
    {
      "cell": "_175221_",
      "arrival_ns": 6.920191,
      "structural_current_word_support": [
        0,
        1
      ]
    },
    {
      "cell": "_175222_",
      "arrival_ns": 7.094737,
      "structural_current_word_support": [
        0,
        1,
        2
      ]
    },
    {
      "cell": "_175223_",
      "arrival_ns": 7.268684,
      "structural_current_word_support": [
        0,
        1,
        2,
        3
      ]
    }
  ]
}
