{
  "delta_vs_v11": {
    "slow_max": -0.08284500000000028,
    "slow_min": -0.042935,
    "typical_max": -0.06894800000000001,
    "typical_min": -0.00589099999999998,
    "fast_max": -0.03315000000000001,
    "fast_min": -0.005243999999999999
  },
  "delta_vs_v17": {
    "slow_max": -0.2985730000000002,
    "slow_min": -0.04450699999999996,
    "typical_max": -0.21608099999999997,
    "typical_min": -0.005691999999999975,
    "fast_max": -0.120278,
    "fast_min": -0.005052000000000001
  },
  "repaired": [
    {
      "stage": "PREPLACEMENT_REPAIRED",
      "corner": "slow",
      "direction": "max",
      "all_group_slacks_ns": [
        3.561266,
        -3.634856
      ],
      "worst_slack_ns": -3.634856
    },
    {
      "stage": "PREPLACEMENT_REPAIRED",
      "corner": "slow",
      "direction": "min",
      "all_group_slacks_ns": [
        0.401006,
        0.356499
      ],
      "worst_slack_ns": 0.356499
    },
    {
      "stage": "PREPLACEMENT_REPAIRED",
      "corner": "typical",
      "direction": "max",
      "all_group_slacks_ns": [
        3.652583,
        -0.827638
      ],
      "worst_slack_ns": -0.827638
    },
    {
      "stage": "PREPLACEMENT_REPAIRED",
      "corner": "typical",
      "direction": "min",
      "all_group_slacks_ns": [
        0.3266,
        0.25452
      ],
      "worst_slack_ns": 0.25452
    },
    {
      "stage": "PREPLACEMENT_REPAIRED",
      "corner": "fast",
      "direction": "max",
      "all_group_slacks_ns": [
        3.698173,
        0.823255
      ],
      "worst_slack_ns": 0.823255
    },
    {
      "stage": "PREPLACEMENT_REPAIRED",
      "corner": "fast",
      "direction": "min",
      "all_group_slacks_ns": [
        0.286336,
        0.170948
      ],
      "worst_slack_ns": 0.170948
    }
  ]
}
