{
  "peer": {
    "bytes": 7651,
    "sha256": "906c37cd0d4bb4ef800378b664c81f9bc00a32860afe6ae2700ed20b0977656e"
  },
  "status": "PASS_SOURCE_ONLY_DIVIDER_V8_CAP_V1",
  "inputs": 646,
  "graph_delta": [
    "div.xcp",
    "div.xcn"
  ],
  "geometry": {
    "20": {
      "vias": 225,
      "MIM": [
        0,
        0,
        20,
        20
      ],
      "Metal5": [
        "-0.6",
        "-0.6",
        "20.6",
        "20.6"
      ],
      "TopMetal1": [
        "0.550",
        "0.550",
        "19.450",
        "19.450"
      ],
      "cut_first": "0.970",
      "cut_last": "18.610"
    },
    "24": {
      "vias": 361,
      "MIM": [
        0,
        0,
        24,
        24
      ],
      "Metal5": [
        "-0.6",
        "-0.6",
        "24.6",
        "24.6"
      ],
      "TopMetal1": [
        "0.030",
        "0.030",
        "23.970",
        "23.970"
      ],
      "cut_first": "0.450",
      "cut_last": "23.130"
    }
  }
}
