.F....................F......................................            [100%]
=================================== FAILURES ===================================
____ test_compact_planner_preserves_graph_and_orders_with_separated_tracks _____

    def test_compact_planner_preserves_graph_and_orders_with_separated_tracks():
        import make_pcie_clock_div4_v7_power_v2 as old
        rows = m.devices(ROOT)
        assert len(rows) == len(old.devices(ROOT)) == 73
        plan, starts, nets = m.placement_plan(rows)
        original, _, _ = old.placement_plan(rows)
        assert set(plan) == set(original)
        assert Counter(p[0] for p in plan.values()) == {0: 30, 1: 17, 2: 26}
        assert len({(p[1], p[2]) for p in plan.values()}) == 73
        assert max(p[1] for p in plan.values()) == 856
        assert starts == {0: 0.0, 1: 176.0, 2: 328.0}
        for rid in range(3):
            names = [n for n in plan if plan[n][0] == rid]
            assert sorted(names,key=lambda n:plan[n][1]) == sorted(names,key=lambda n:original[n][1])
            tracks = [m.bus_offset(nets[rid],n) for n in nets[rid]]
            assert tracks[0] == 72
            for i in range(1,len(tracks)):
                wide = bool(set(nets[rid][i-1:i+1]) & {"DIV_AVDD", "AVSS"})
                assert tracks[i]-tracks[i-1] == (8 if wide else 4)
            if rid < 2:
                assert starts[rid+1] == starts[rid]+tracks[-1]+24
        assert nets[0][5:7] == ["DIV__XFIRST__XCORE__XS__SE", "DIV__XFIRST__XCORE__XS__TE"]
        assert nets[1][3] == "DIV__LP"
        assert nets[2][5:7] == ["DIV__XSECOND__XS__TE", "DIV__XSECOND__XM__TE"]
        assert [rid for rid in nets if "CLKP" in nets[rid]] == [0]
        assert [rid for rid in nets if "DIV__S1P" in nets[rid]] == [0, 1]
        # Conservative intrinsic + left escape envelopes, independent of the
        # generated GDS. Actual DRC will verify native polygons and all routes.
        by = {r["name"]:r for r in rows}
        for rid in range(3):
            ordered = sorted((n for n in plan if plan[n][0]==rid), key=lambda n:plan[n][1])
            for before,after in zip(ordered,ordered[1:]):
                a = by[before]
                right = 8.9 if a["kind"]=="hbt" else a["width_um"]+0.6
>               assert plan[after][1]-9-(plan[before][1]+right) >= (2.4 if before in {"DIV__XCP", "DIV__XCN"} else 5)
E               assert ((556.0 - 9) - (520.0 + 24.6)) >= 2.4

sw/tests/test_pcie_clock_div4_v8_cap_v1_layout.py:103: AssertionError
__________ test_each_real_reference_fault_binds_once[feedforward_mim] __________

fault = 'feedforward_mim'

    @pytest.mark.parametrize("fault", c.REFERENCE_FAULTS)
    def test_each_real_reference_fault_binds_once(fault):
        text = m.physical_reference(ROOT)
>       changed = c.fault_reference(text, fault)
                  ^^^^^^^^^^^^^^^^^^^^^^^^^^^^^^

sw/tests/test_pcie_clock_div4_v8_cap_v1_layout.py:201: 
_ _ _ _ _ _ _ _ _ _ _ _ _ _ _ _ _ _ _ _ _ _ _ _ _ _ _ _ _ _ _ _ _ _ _ _ _ _ _ _ 

text = '* SPDX-FileCopyrightText: 2026 Hasan Melih Akbulut\n* SPDX-License-Identifier: CERN-OHL-W-2.0\n.subckt nssoc_clock_di...A=4p P=8u\nRTAP16 SUB BULK ptap1 A=4p P=8u\nRTAP17 SUB BULK ptap1 A=4p P=8u\n.ends nssoc_clock_div4_v8_cap_v1_layout\n'
fault = 'feedforward_mim'

    def fault_reference(text, fault):
        changes = {
            "limiter_load": (
                "RDIV__XLRP DIV_AVDD DIV__LP BULK rppd w=8u l=4.4u",
                "RDIV__XLRP DIV_AVDD DIV__LP BULK rppd w=8u l=4u",
            ),
            "feedback": (
                "QDIV__XSECOND__XM__XDP DIV__XSECOND__MN QN",
                "QDIV__XSECOND__XM__XDP DIV__XSECOND__MN QP",
            ),
            "limiter_nx": (
                "QDIV__XLP DIV__LN DIV__BIP DIV__LT BULK npn13G2 Nx=2",
                "QDIV__XLP DIV__LN DIV__BIP DIV__LT BULK npn13G2 Nx=1",
            ),
            "feedforward_mim": (
                "CDIV__XCP DIV__LP DIV__CKP cap_cmim w=20u",
                "CDIV__XCP DIV__LP DIV__CKP cap_cmim w=18u",
            ),
            "seed_asymmetry": (
                "CDIV__XSECOND__XSEEDP DIV__XSECOND__MP AVSS cap_cmim w=2.2u",
                "CDIV__XSECOND__XSEEDP DIV__XSECOND__MP AVSS cap_cmim w=2u",
            ),
            "missing_tap": ("RTAP0 SUB BULK ptap1 A=4p P=8u\n", ""),
            "supply_swap": (
                "RDIV__XSECOND__XBIAS DIV_AVDD",
                "RDIV__XSECOND__XBIAS AVSS",
            ),
            "conditioner_pullup": (
                "RDIV__XFIRST__XUP DIV_AVDD DIV__XFIRST__CKP BULK rppd w=1u l=4u",
                "RDIV__XFIRST__XUP DIV_AVDD DIV__XFIRST__CKP BULK rppd w=1u l=6.4u",
            ),
        }
        if fault not in changes:
            raise ValueError("Unknown exact reference fault")
        a, b = changes[fault]
        if text.count(a) != 1:
>           raise ValueError("Fault must bind exactly once: " + fault)
E           ValueError: Fault must bind exactly once: feedforward_mim

hw/soc/flow/check_pcie_clock_div4_v8_cap_v1.py:225: ValueError
=========================== short test summary info ============================
FAILED sw/tests/test_pcie_clock_div4_v8_cap_v1_layout.py::test_compact_planner_preserves_graph_and_orders_with_separated_tracks
FAILED sw/tests/test_pcie_clock_div4_v8_cap_v1_layout.py::test_each_real_reference_fault_binds_once[feedforward_mim]
2 failed, 59 passed in 2.74s
