# MISSING COPYRIGHT AND LICENSING INFORMATION

The following files have no copyright and licensing information:
* sw/tests/fixtures/pcie_clock_div4_v7_hybrid_v1/composition.json
* sw/tests/fixtures/pcie_clock_div4_v7_hybrid_v1/hybrid-open.spice
* sw/tests/fixtures/pcie_clock_div4_v7_hybrid_v1/inputs/anchors.json.gz
* sw/tests/fixtures/pcie_clock_div4_v7_hybrid_v1/inputs/device-location-geometry.json.gz
* sw/tests/fixtures/pcie_clock_div4_v7_hybrid_v1/inputs/extracted.cir.gz
* sw/tests/fixtures/pcie_clock_div4_v7_hybrid_v1/inputs/wire-component-geometry.json.gz
* sw/tests/fixtures/pcie_clock_div4_v7_hybrid_v1/inputs/wires.spice.gz
* sw/tests/fixtures/pcie_clock_div4_v7_hybrid_v1/source-native-bijection.json

# SUMMARY

* Bad licenses: 0
* Deprecated licenses: 0
* Licenses without file extension: 0
* Missing licenses: 0
* Unused licenses: 0
* Used licenses: AGPL-3.0-or-later, Apache-2.0, BSD-3-Clause, CC-BY-4.0, CERN-OHL-W-2.0, ECL-2.0, GPL-3.0-or-later, ISC, LGPL-2.1-or-later, LicenseRef-Magic-1985, MIT
* Read errors: 0
* Invalid SPDX License Expressions: 0
* Files with copyright information: 5884 / 5892
* Files with license information: 5884 / 5892

Unfortunately, your project is not compliant with version 3.3 of the REUSE Specification :-(


# RECOMMENDATIONS

* Fix missing copyright/licensing information: For one or more files, the tool
  cannot find copyright and/or licensing information. You typically do this by
  adding 'SPDX-FileCopyrightText' and 'SPDX-License-Identifier' tags to each
  file. The tutorial explains additional ways to do this:
  <https://reuse.software/tutorial/>

