{
  "original": {
    "path": "hw/soc/out/chip-closure-resume-20261005-1900/evq37187157260/original-review02.json",
    "bytes": 263695,
    "sha256": "aa4033a6f2f46e1bdbe3008c34bf822451439154463b9d0483ba0d27ad95edf1",
    "events": 46389,
    "samples": 161,
    "live_snapshot_disagreements": 18,
    "new_unknowns": 158,
    "first_new_unknown": {
      "sequence": 22062,
      "cycle": 1569459,
      "realtime_ns": "31389570.000",
      "signal": 463,
      "prior": "1",
      "value": "x",
      "signal_binding": {
        "index": 463,
        "instance": "_077330_",
        "field": "A",
        "expression": "dut._077330_.A",
        "role": "native"
      },
      "conductor": "\\u_npu.u_node0.u_evq_out.head_par "
    },
    "boot_pass": true,
    "complete_chip_accepted": false
  },
  "candidate": {
    "path": "hw/soc/out/chip-closure-resume-20261005-1900/evq37187157260/candidate-review02.json",
    "bytes": 11873673,
    "sha256": "8b6c36237c6226a463870c5a11488558119f421bb605726ae8fcc98263803d38",
    "events": 57465,
    "samples": 161,
    "live_snapshot_disagreements": 6,
    "new_unknowns": 21287,
    "first_new_unknown": {
      "sequence": 8628,
      "cycle": 1569426,
      "realtime_ns": "31388910.000",
      "signal": 1487,
      "prior": "0",
      "value": "x",
      "signal_binding": {
        "index": 1487,
        "instance": "_137360_",
        "field": "D",
        "expression": "dut._137360_.D",
        "role": "native"
      },
      "conductor": "\\u_npu.u_node0.u_evq_out.u_wptr_a.d [0]"
    },
    "boot_pass": false,
    "complete_chip_accepted": false
  }
}
