[
  {
    "name": "PowerV2",
    "minimum_hbt_vce": 0.4559147624221227,
    "signals": {
      "VCO source": {
        "nodes": [
          "v(clkp)",
          "v(clkn)"
        ],
        "minimum_v": -0.35936714391191227,
        "maximum_v": 0.36616321351910874,
        "positive_edges": 243,
        "frequency_hz": 8102526683.573754
      },
      "First latch slave collector /2": {
        "nodes": [
          {
            "source_device": "DIV__XFIRST__XCORE__XS__XDN",
            "terminal": "C",
            "logical": "DIV__S1P",
            "native_id": 6,
            "node": "v(xchain.xdiv.w_t0020)"
          },
          {
            "source_device": "DIV__XFIRST__XCORE__XS__XDP",
            "terminal": "C",
            "logical": "DIV__S1N",
            "native_id": 15,
            "node": "v(xchain.xdiv.w_t0056)"
          }
        ],
        "minimum_v": -0.14523138875785557,
        "maximum_v": 0.14128880905027374,
        "positive_edges": 121,
        "frequency_hz": 4051202758.7305784
      },
      "Second latch MASTER clock bases": {
        "nodes": [
          {
            "source_device": "DIV__XSECOND__XM__XCH",
            "terminal": "B",
            "logical": "DIV__CKP",
            "native_id": 27,
            "node": "v(xchain.xdiv.w_t0105)"
          },
          {
            "source_device": "DIV__XSECOND__XM__XCS",
            "terminal": "B",
            "logical": "DIV__CKN",
            "native_id": 28,
            "node": "v(xchain.xdiv.w_t0109)"
          }
        ],
        "minimum_v": -0.07730381596499725,
        "maximum_v": 0.058165376310824746,
        "positive_edges": 122,
        "frequency_hz": 4051246736.9323506
      },
      "Second latch SLAVE clock bases": {
        "nodes": [
          {
            "source_device": "DIV__XSECOND__XS__XCS",
            "terminal": "B",
            "logical": "DIV__CKP",
            "native_id": 21,
            "node": "v(xchain.xdiv.w_t0081)"
          },
          {
            "source_device": "DIV__XSECOND__XS__XCH",
            "terminal": "B",
            "logical": "DIV__CKN",
            "native_id": 20,
            "node": "v(xchain.xdiv.w_t0077)"
          }
        ],
        "minimum_v": -0.07732160595791071,
        "maximum_v": 0.05826200879691479,
        "positive_edges": 122,
        "frequency_hz": 4051250697.9858522
      },
      "Second latch MASTER collectors": {
        "nodes": [
          {
            "source_device": "DIV__XSECOND__XM__XDN",
            "terminal": "C",
            "logical": "DIV__XSECOND__MP",
            "native_id": 31,
            "node": "v(xchain.xdiv.w_t0120)"
          },
          {
            "source_device": "DIV__XSECOND__XM__XDP",
            "terminal": "C",
            "logical": "DIV__XSECOND__MN",
            "native_id": 32,
            "node": "v(xchain.xdiv.w_t0124)"
          }
        ],
        "minimum_v": -0.10261599452714165,
        "maximum_v": 0.11512300497073547,
        "positive_edges": 167,
        "frequency_hz": 5592881931.134499
      },
      "Second latch SLAVE collectors": {
        "nodes": [
          {
            "source_device": "DIV__XSECOND__XS__XDN",
            "terminal": "C",
            "logical": "QP",
            "native_id": 24,
            "node": "v(xchain.xdiv.w_t0092)"
          },
          {
            "source_device": "DIV__XSECOND__XS__XDP",
            "terminal": "C",
            "logical": "QN",
            "native_id": 25,
            "node": "v(xchain.xdiv.w_t0096)"
          }
        ],
        "minimum_v": -0.10032217724202663,
        "maximum_v": 0.10056146731525129,
        "positive_edges": 168,
        "frequency_hz": 5590249730.295814
      }
    }
  },
  {
    "name": "CompactV2",
    "minimum_hbt_vce": 0.4856206924610069,
    "signals": {
      "VCO source": {
        "nodes": [
          "v(clkp)",
          "v(clkn)"
        ],
        "minimum_v": -0.35962739505062136,
        "maximum_v": 0.36648210938904413,
        "positive_edges": 243,
        "frequency_hz": 8102486506.372829
      },
      "First latch slave collector /2": {
        "nodes": [
          {
            "source_device": "DIV__XFIRST__XCORE__XS__XDN",
            "terminal": "C",
            "logical": "DIV__S1P",
            "native_id": 14,
            "node": "v(xchain.xdiv.w_t0052)"
          },
          {
            "source_device": "DIV__XFIRST__XCORE__XS__XDP",
            "terminal": "C",
            "logical": "DIV__S1N",
            "native_id": 5,
            "node": "v(xchain.xdiv.w_t0016)"
          }
        ],
        "minimum_v": -0.15938695208618103,
        "maximum_v": 0.1613161647148642,
        "positive_edges": 122,
        "frequency_hz": 4051234402.7502184
      },
      "Second latch MASTER clock bases": {
        "nodes": [
          {
            "source_device": "DIV__XSECOND__XM__XCH",
            "terminal": "B",
            "logical": "DIV__CKP",
            "native_id": 27,
            "node": "v(xchain.xdiv.w_t0105)"
          },
          {
            "source_device": "DIV__XSECOND__XM__XCS",
            "terminal": "B",
            "logical": "DIV__CKN",
            "native_id": 28,
            "node": "v(xchain.xdiv.w_t0109)"
          }
        ],
        "minimum_v": -0.12854279154108528,
        "maximum_v": 0.13181982010299653,
        "positive_edges": 121,
        "frequency_hz": 4051271466.2762914
      },
      "Second latch SLAVE clock bases": {
        "nodes": [
          {
            "source_device": "DIV__XSECOND__XS__XCS",
            "terminal": "B",
            "logical": "DIV__CKP",
            "native_id": 22,
            "node": "v(xchain.xdiv.w_t0085)"
          },
          {
            "source_device": "DIV__XSECOND__XS__XCH",
            "terminal": "B",
            "logical": "DIV__CKN",
            "native_id": 20,
            "node": "v(xchain.xdiv.w_t0077)"
          }
        ],
        "minimum_v": -0.12859993727976016,
        "maximum_v": 0.1317864564024902,
        "positive_edges": 121,
        "frequency_hz": 4051271448.5972786
      },
      "Second latch MASTER collectors": {
        "nodes": [
          {
            "source_device": "DIV__XSECOND__XM__XDN",
            "terminal": "C",
            "logical": "DIV__XSECOND__MP",
            "native_id": 31,
            "node": "v(xchain.xdiv.w_t0120)"
          },
          {
            "source_device": "DIV__XSECOND__XM__XDP",
            "terminal": "C",
            "logical": "DIV__XSECOND__MN",
            "native_id": 32,
            "node": "v(xchain.xdiv.w_t0124)"
          }
        ],
        "minimum_v": -0.09183103019099015,
        "maximum_v": 0.1201416990730797,
        "positive_edges": 182,
        "frequency_hz": 6071595458.179299
      },
      "Second latch SLAVE collectors": {
        "nodes": [
          {
            "source_device": "DIV__XSECOND__XS__XDN",
            "terminal": "C",
            "logical": "QP",
            "native_id": 24,
            "node": "v(xchain.xdiv.w_t0092)"
          },
          {
            "source_device": "DIV__XSECOND__XS__XDP",
            "terminal": "C",
            "logical": "QN",
            "native_id": 25,
            "node": "v(xchain.xdiv.w_t0096)"
          }
        ],
        "minimum_v": -0.07370921756581783,
        "maximum_v": 0.09966670370412167,
        "positive_edges": 182,
        "frequency_hz": 6077664124.553893
      }
    }
  }
]
