Netgen 1.5.272 compiled on Tue Mar  5 23:16:53 UTC 2024
Warning: netgen command 'format' use fully-qualified name '::netgen::format'
Warning: netgen command 'global' use fully-qualified name '::netgen::global'
Warning:  A case-insensitive file has been read and so the	verilog file must be treated case-insensitive to match.
Reading SPICE netlist file '/home/hasanmelih/.ciel/ciel/ihp-sg13g2/versions/c4b8b4e5e7a05f375cca3815d51b3a37721fbf5c/ihp-sg13g2/libs.ref/sg13g2_stdcell/spice/sg13g2_stdcell.spice'...
Call to undefined subcircuit sg13_lv_nmos
Creating placeholder cell definition.
Call to undefined subcircuit sg13_lv_pmos
Creating placeholder cell definition.
Call to undefined subcircuit dantenna
Creating placeholder cell definition.
Call to undefined subcircuit dpantenna
Creating placeholder cell definition.
Reading SPICE netlist file '/home/hasanmelih/.ciel/ciel/ihp-sg13g2/versions/c4b8b4e5e7a05f375cca3815d51b3a37721fbf5c/ihp-sg13g2/libs.ref/sg13g2_io/spice/sg13g2_io.spi'...
Call to undefined subcircuit sg13_hv_nmos
Creating placeholder cell definition.
Call to undefined subcircuit sg13_hv_pmos
Creating placeholder cell definition.
Call to undefined subcircuit rppd
Creating placeholder cell definition.
Reading Verilog netlist file '/home/hasanmelih/Documents/neuromorphic-space-soc/hw/soc/pnr/runs/s77gate/47-openroad-fillinsertion/soc_top.pnl.v'...
Warning:  A case-insensitive file has been read and so the	verilog file must be treated case-insensitive to match.
Note:  Implicit pin Y in instance clkload0 of sg13g2_inv_2 in cell soc_top
Note:  Implicit pin X in instance clkload1 of sg13g2_buf_8 in cell soc_top
Note:  Implicit pin Y in instance clkload10 of sg13g2_inv_1 in cell soc_top
Note:  Implicit pin X in instance clkload100 of sg13g2_buf_8 in cell soc_top
Note:  Implicit pin Y in instance clkload101 of sg13g2_inv_8 in cell soc_top
Note:  Implicit pin Y in instance clkload102 of sg13g2_inv_8 in cell soc_top
Note:  Implicit pin Y in instance clkload103 of sg13g2_inv_1 in cell soc_top
Note:  Implicit pin Y in instance clkload104 of sg13g2_inv_4 in cell soc_top
Note:  Implicit pin X in instance clkload105 of sg13g2_buf_8 in cell soc_top
Note:  Implicit pin Y in instance clkload106 of sg13g2_inv_1 in cell soc_top
Note:  Implicit pin X in instance clkload107 of sg13g2_buf_8 in cell soc_top
Note:  Implicit pin Y in instance clkload108 of sg13g2_inv_1 in cell soc_top
Note:  Implicit pin Y in instance clkload109 of sg13g2_inv_1 in cell soc_top
Note:  Implicit pin Y in instance clkload11 of sg13g2_inv_1 in cell soc_top
Note:  Implicit pin Y in instance clkload110 of sg13g2_inv_1 in cell soc_top
Note:  Implicit pin Y in instance clkload111 of sg13g2_inv_1 in cell soc_top
Note:  Implicit pin X in instance clkload112 of sg13g2_buf_8 in cell soc_top
Note:  Implicit pin Y in instance clkload113 of sg13g2_inv_2 in cell soc_top
Note:  Implicit pin Y in instance clkload114 of sg13g2_inv_8 in cell soc_top
Note:  Implicit pin Y in instance clkload115 of sg13g2_inv_4 in cell soc_top
Note:  Implicit pin Y in instance clkload116 of sg13g2_inv_1 in cell soc_top
Note:  Implicit pin Y in instance clkload117 of sg13g2_inv_1 in cell soc_top
Note:  Implicit pin Y in instance clkload118 of sg13g2_inv_4 in cell soc_top
Note:  Implicit pin Y in instance clkload119 of sg13g2_inv_4 in cell soc_top
Note:  Implicit pin Y in instance clkload12 of sg13g2_inv_2 in cell soc_top
Note:  Implicit pin Y in instance clkload120 of sg13g2_inv_1 in cell soc_top
Note:  Implicit pin Y in instance clkload121 of sg13g2_inv_2 in cell soc_top
Note:  Implicit pin X in instance clkload122 of sg13g2_buf_8 in cell soc_top
Note:  Implicit pin Y in instance clkload123 of sg13g2_inv_2 in cell soc_top
Note:  Implicit pin Y in instance clkload124 of sg13g2_inv_4 in cell soc_top
Note:  Implicit pin Y in instance clkload125 of sg13g2_inv_1 in cell soc_top
Note:  Implicit pin Y in instance clkload126 of sg13g2_inv_8 in cell soc_top
Note:  Implicit pin Y in instance clkload127 of sg13g2_inv_2 in cell soc_top
Note:  Implicit pin Y in instance clkload128 of sg13g2_inv_4 in cell soc_top
Note:  Implicit pin Y in instance clkload129 of sg13g2_inv_1 in cell soc_top
Note:  Implicit pin Y in instance clkload13 of sg13g2_inv_1 in cell soc_top
Note:  Implicit pin Y in instance clkload130 of sg13g2_inv_1 in cell soc_top
Note:  Implicit pin Y in instance clkload131 of sg13g2_inv_4 in cell soc_top
Note:  Implicit pin Y in instance clkload132 of sg13g2_inv_1 in cell soc_top
Note:  Implicit pin Y in instance clkload133 of sg13g2_inv_1 in cell soc_top
Note:  Implicit pin Y in instance clkload134 of sg13g2_inv_1 in cell soc_top
Note:  Implicit pin X in instance clkload135 of sg13g2_buf_8 in cell soc_top
Note:  Implicit pin Y in instance clkload136 of sg13g2_inv_1 in cell soc_top
Note:  Implicit pin X in instance clkload137 of sg13g2_buf_8 in cell soc_top
Note:  Implicit pin Y in instance clkload138 of sg13g2_inv_4 in cell soc_top
Note:  Implicit pin X in instance clkload139 of sg13g2_buf_8 in cell soc_top
Note:  Implicit pin Y in instance clkload14 of sg13g2_inv_1 in cell soc_top
Note:  Implicit pin Y in instance clkload140 of sg13g2_inv_2 in cell soc_top
Note:  Implicit pin Y in instance clkload141 of sg13g2_inv_1 in cell soc_top
Note:  Implicit pin Y in instance clkload142 of sg13g2_inv_4 in cell soc_top
Note:  Implicit pin Y in instance clkload143 of sg13g2_inv_1 in cell soc_top
Note:  Implicit pin Y in instance clkload144 of sg13g2_inv_1 in cell soc_top
Note:  Implicit pin Y in instance clkload145 of sg13g2_inv_1 in cell soc_top
Note:  Implicit pin Y in instance clkload146 of sg13g2_inv_8 in cell soc_top
Note:  Implicit pin Y in instance clkload147 of sg13g2_inv_4 in cell soc_top
Note:  Implicit pin Y in instance clkload148 of sg13g2_inv_2 in cell soc_top
Note:  Implicit pin Y in instance clkload149 of sg13g2_inv_1 in cell soc_top
Note:  Implicit pin Y in instance clkload15 of sg13g2_inv_2 in cell soc_top
Note:  Implicit pin X in instance clkload150 of sg13g2_buf_8 in cell soc_top
Note:  Implicit pin Y in instance clkload151 of sg13g2_inv_2 in cell soc_top
Note:  Implicit pin X in instance clkload152 of sg13g2_buf_8 in cell soc_top
Note:  Implicit pin X in instance clkload153 of sg13g2_buf_8 in cell soc_top
Note:  Implicit pin Y in instance clkload154 of sg13g2_inv_1 in cell soc_top
Note:  Implicit pin Y in instance clkload155 of sg13g2_inv_2 in cell soc_top
Note:  Implicit pin Y in instance clkload156 of sg13g2_inv_4 in cell soc_top
Note:  Implicit pin Y in instance clkload157 of sg13g2_inv_8 in cell soc_top
Note:  Implicit pin Y in instance clkload158 of sg13g2_inv_4 in cell soc_top
Note:  Implicit pin X in instance clkload159 of sg13g2_buf_8 in cell soc_top
Note:  Implicit pin Y in instance clkload16 of sg13g2_inv_1 in cell soc_top
Note:  Implicit pin Y in instance clkload160 of sg13g2_inv_1 in cell soc_top
Note:  Implicit pin Y in instance clkload161 of sg13g2_inv_1 in cell soc_top
Note:  Implicit pin Y in instance clkload162 of sg13g2_inv_2 in cell soc_top
Note:  Implicit pin Y in instance clkload163 of sg13g2_inv_1 in cell soc_top
Note:  Implicit pin Y in instance clkload164 of sg13g2_inv_1 in cell soc_top
Note:  Implicit pin Y in instance clkload165 of sg13g2_inv_4 in cell soc_top
Note:  Implicit pin Y in instance clkload166 of sg13g2_inv_1 in cell soc_top
Note:  Implicit pin Y in instance clkload167 of sg13g2_inv_2 in cell soc_top
Note:  Implicit pin X in instance clkload168 of sg13g2_buf_8 in cell soc_top
Note:  Implicit pin X in instance clkload169 of sg13g2_buf_8 in cell soc_top
Note:  Implicit pin Y in instance clkload17 of sg13g2_inv_1 in cell soc_top
Note:  Implicit pin Y in instance clkload170 of sg13g2_inv_1 in cell soc_top
Note:  Implicit pin Y in instance clkload171 of sg13g2_inv_1 in cell soc_top
Note:  Implicit pin Y in instance clkload172 of sg13g2_inv_1 in cell soc_top
Note:  Implicit pin Y in instance clkload173 of sg13g2_inv_2 in cell soc_top
Note:  Implicit pin Y in instance clkload174 of sg13g2_inv_1 in cell soc_top
Note:  Implicit pin Y in instance clkload175 of sg13g2_inv_2 in cell soc_top
Note:  Implicit pin Y in instance clkload176 of sg13g2_inv_4 in cell soc_top
Note:  Implicit pin Y in instance clkload177 of sg13g2_inv_2 in cell soc_top
Note:  Implicit pin Y in instance clkload178 of sg13g2_inv_4 in cell soc_top
Note:  Implicit pin Y in instance clkload179 of sg13g2_inv_2 in cell soc_top
Note:  Implicit pin Y in instance clkload18 of sg13g2_inv_1 in cell soc_top
Note:  Implicit pin Y in instance clkload180 of sg13g2_inv_2 in cell soc_top
Note:  Implicit pin Y in instance clkload181 of sg13g2_inv_2 in cell soc_top
Note:  Implicit pin Y in instance clkload182 of sg13g2_inv_2 in cell soc_top
Note:  Implicit pin Y in instance clkload183 of sg13g2_inv_2 in cell soc_top
Note:  Implicit pin Y in instance clkload184 of sg13g2_inv_2 in cell soc_top
Note:  Implicit pin Y in instance clkload185 of sg13g2_inv_2 in cell soc_top
Note:  Implicit pin X in instance clkload186 of sg13g2_buf_8 in cell soc_top
Note:  Implicit pin X in instance clkload187 of sg13g2_buf_8 in cell soc_top
Note:  Implicit pin Y in instance clkload188 of sg13g2_inv_2 in cell soc_top
Note:  Implicit pin X in instance clkload189 of sg13g2_buf_8 in cell soc_top
Note:  Implicit pin Y in instance clkload19 of sg13g2_inv_2 in cell soc_top
Note:  Implicit pin Y in instance clkload190 of sg13g2_inv_8 in cell soc_top
Note:  Implicit pin Y in instance clkload191 of sg13g2_inv_4 in cell soc_top
Note:  Implicit pin Y in instance clkload192 of sg13g2_inv_2 in cell soc_top
Note:  Implicit pin Y in instance clkload193 of sg13g2_inv_1 in cell soc_top
Note:  Implicit pin Y in instance clkload194 of sg13g2_inv_1 in cell soc_top
Note:  Implicit pin Y in instance clkload195 of sg13g2_inv_1 in cell soc_top
Note:  Implicit pin X in instance clkload196 of sg13g2_buf_8 in cell soc_top
Note:  Implicit pin Y in instance clkload197 of sg13g2_inv_2 in cell soc_top
Note:  Implicit pin Y in instance clkload198 of sg13g2_inv_2 in cell soc_top
Note:  Implicit pin Y in instance clkload199 of sg13g2_inv_4 in cell soc_top
Note:  Implicit pin X in instance clkload2 of sg13g2_buf_8 in cell soc_top
Note:  Implicit pin Y in instance clkload20 of sg13g2_inv_2 in cell soc_top
Note:  Implicit pin Y in instance clkload200 of sg13g2_inv_4 in cell soc_top
Note:  Implicit pin Y in instance clkload201 of sg13g2_inv_1 in cell soc_top
Note:  Implicit pin Y in instance clkload202 of sg13g2_inv_4 in cell soc_top
Note:  Implicit pin Y in instance clkload203 of sg13g2_inv_1 in cell soc_top
Note:  Implicit pin Y in instance clkload204 of sg13g2_inv_2 in cell soc_top
Note:  Implicit pin Y in instance clkload205 of sg13g2_inv_8 in cell soc_top
Note:  Implicit pin Y in instance clkload206 of sg13g2_inv_1 in cell soc_top
Note:  Implicit pin Y in instance clkload207 of sg13g2_inv_2 in cell soc_top
Note:  Implicit pin X in instance clkload208 of sg13g2_buf_8 in cell soc_top
Note:  Implicit pin Y in instance clkload209 of sg13g2_inv_4 in cell soc_top
Note:  Implicit pin Y in instance clkload21 of sg13g2_inv_8 in cell soc_top
Note:  Implicit pin Y in instance clkload210 of sg13g2_inv_1 in cell soc_top
Note:  Implicit pin Y in instance clkload211 of sg13g2_inv_8 in cell soc_top
Note:  Implicit pin X in instance clkload212 of sg13g2_buf_8 in cell soc_top
Note:  Implicit pin Y in instance clkload213 of sg13g2_inv_2 in cell soc_top
Note:  Implicit pin Y in instance clkload214 of sg13g2_inv_4 in cell soc_top
Note:  Implicit pin X in instance clkload215 of sg13g2_buf_8 in cell soc_top
Note:  Implicit pin X in instance clkload216 of sg13g2_buf_8 in cell soc_top
Note:  Implicit pin X in instance clkload217 of sg13g2_buf_8 in cell soc_top
Note:  Implicit pin Y in instance clkload218 of sg13g2_inv_2 in cell soc_top
Note:  Implicit pin Y in instance clkload219 of sg13g2_inv_1 in cell soc_top
Note:  Implicit pin Y in instance clkload22 of sg13g2_inv_8 in cell soc_top
Note:  Implicit pin Y in instance clkload220 of sg13g2_inv_4 in cell soc_top
Note:  Implicit pin Y in instance clkload221 of sg13g2_inv_1 in cell soc_top
Note:  Implicit pin Y in instance clkload222 of sg13g2_inv_2 in cell soc_top
Note:  Implicit pin Y in instance clkload223 of sg13g2_inv_1 in cell soc_top
Note:  Implicit pin Y in instance clkload224 of sg13g2_inv_1 in cell soc_top
Note:  Implicit pin X in instance clkload225 of sg13g2_buf_8 in cell soc_top
Note:  Implicit pin Y in instance clkload226 of sg13g2_inv_2 in cell soc_top
Note:  Implicit pin Y in instance clkload227 of sg13g2_inv_8 in cell soc_top
Note:  Implicit pin Y in instance clkload228 of sg13g2_inv_2 in cell soc_top
Note:  Implicit pin Y in instance clkload229 of sg13g2_inv_2 in cell soc_top
Note:  Implicit pin Y in instance clkload23 of sg13g2_inv_8 in cell soc_top
Note:  Implicit pin Y in instance clkload230 of sg13g2_inv_2 in cell soc_top
Note:  Implicit pin X in instance clkload231 of sg13g2_buf_8 in cell soc_top
Note:  Implicit pin Y in instance clkload232 of sg13g2_inv_1 in cell soc_top
Note:  Implicit pin Y in instance clkload233 of sg13g2_inv_2 in cell soc_top
Note:  Implicit pin Y in instance clkload234 of sg13g2_inv_4 in cell soc_top
Note:  Implicit pin Y in instance clkload235 of sg13g2_inv_1 in cell soc_top
Note:  Implicit pin Y in instance clkload236 of sg13g2_inv_1 in cell soc_top
Note:  Implicit pin Y in instance clkload237 of sg13g2_inv_1 in cell soc_top
Note:  Implicit pin X in instance clkload238 of sg13g2_buf_8 in cell soc_top
Note:  Implicit pin Y in instance clkload239 of sg13g2_inv_4 in cell soc_top
Note:  Implicit pin X in instance clkload24 of sg13g2_buf_8 in cell soc_top
Note:  Implicit pin X in instance clkload240 of sg13g2_buf_8 in cell soc_top
Note:  Implicit pin Y in instance clkload241 of sg13g2_inv_1 in cell soc_top
Note:  Implicit pin Y in instance clkload242 of sg13g2_inv_1 in cell soc_top
Note:  Implicit pin Y in instance clkload243 of sg13g2_inv_2 in cell soc_top
Note:  Implicit pin Y in instance clkload244 of sg13g2_inv_4 in cell soc_top
Note:  Implicit pin X in instance clkload245 of sg13g2_buf_8 in cell soc_top
Note:  Implicit pin Y in instance clkload246 of sg13g2_inv_1 in cell soc_top
Note:  Implicit pin Y in instance clkload247 of sg13g2_inv_1 in cell soc_top
Note:  Implicit pin Y in instance clkload248 of sg13g2_inv_1 in cell soc_top
Note:  Implicit pin Y in instance clkload249 of sg13g2_inv_2 in cell soc_top
Note:  Implicit pin Y in instance clkload25 of sg13g2_inv_4 in cell soc_top
Note:  Implicit pin Y in instance clkload250 of sg13g2_inv_2 in cell soc_top
Note:  Implicit pin X in instance clkload251 of sg13g2_buf_8 in cell soc_top
Note:  Implicit pin X in instance clkload252 of sg13g2_buf_8 in cell soc_top
Note:  Implicit pin Y in instance clkload253 of sg13g2_inv_2 in cell soc_top
Note:  Implicit pin Y in instance clkload254 of sg13g2_inv_1 in cell soc_top
Note:  Implicit pin X in instance clkload255 of sg13g2_buf_8 in cell soc_top
Note:  Implicit pin Y in instance clkload256 of sg13g2_inv_1 in cell soc_top
Note:  Implicit pin Y in instance clkload257 of sg13g2_inv_1 in cell soc_top
Note:  Implicit pin Y in instance clkload258 of sg13g2_inv_4 in cell soc_top
Note:  Implicit pin Y in instance clkload259 of sg13g2_inv_8 in cell soc_top
Note:  Implicit pin X in instance clkload26 of sg13g2_buf_8 in cell soc_top
Note:  Implicit pin Y in instance clkload260 of sg13g2_inv_8 in cell soc_top
Note:  Implicit pin X in instance clkload261 of sg13g2_buf_8 in cell soc_top
Note:  Implicit pin Y in instance clkload262 of sg13g2_inv_1 in cell soc_top
Note:  Implicit pin Y in instance clkload263 of sg13g2_inv_1 in cell soc_top
Note:  Implicit pin Y in instance clkload264 of sg13g2_inv_2 in cell soc_top
Note:  Implicit pin Y in instance clkload265 of sg13g2_inv_1 in cell soc_top
Note:  Implicit pin Y in instance clkload266 of sg13g2_inv_2 in cell soc_top
Note:  Implicit pin X in instance clkload267 of sg13g2_buf_8 in cell soc_top
Note:  Implicit pin X in instance clkload268 of sg13g2_buf_8 in cell soc_top
Note:  Implicit pin X in instance clkload269 of sg13g2_buf_8 in cell soc_top
Note:  Implicit pin Y in instance clkload27 of sg13g2_inv_4 in cell soc_top
Note:  Implicit pin Y in instance clkload270 of sg13g2_inv_4 in cell soc_top
Note:  Implicit pin Y in instance clkload271 of sg13g2_inv_16 in cell soc_top
Note:  Implicit pin Y in instance clkload272 of sg13g2_inv_1 in cell soc_top
Note:  Implicit pin X in instance clkload273 of sg13g2_buf_8 in cell soc_top
Note:  Implicit pin Y in instance clkload274 of sg13g2_inv_8 in cell soc_top
Note:  Implicit pin Y in instance clkload275 of sg13g2_inv_8 in cell soc_top
Note:  Implicit pin Y in instance clkload276 of sg13g2_inv_1 in cell soc_top
Note:  Implicit pin X in instance clkload277 of sg13g2_buf_8 in cell soc_top
Note:  Implicit pin X in instance clkload278 of sg13g2_buf_8 in cell soc_top
Note:  Implicit pin X in instance clkload279 of sg13g2_buf_8 in cell soc_top
Note:  Implicit pin X in instance clkload28 of sg13g2_buf_8 in cell soc_top
Note:  Implicit pin Y in instance clkload280 of sg13g2_inv_2 in cell soc_top
Note:  Implicit pin Y in instance clkload281 of sg13g2_inv_4 in cell soc_top
Note:  Implicit pin Y in instance clkload282 of sg13g2_inv_2 in cell soc_top
Note:  Implicit pin X in instance clkload283 of sg13g2_buf_8 in cell soc_top
Note:  Implicit pin Y in instance clkload284 of sg13g2_inv_1 in cell soc_top
Note:  Implicit pin Y in instance clkload285 of sg13g2_inv_2 in cell soc_top
Note:  Implicit pin Y in instance clkload286 of sg13g2_inv_2 in cell soc_top
Note:  Implicit pin Y in instance clkload287 of sg13g2_inv_4 in cell soc_top
Note:  Implicit pin Y in instance clkload288 of sg13g2_inv_1 in cell soc_top
Note:  Implicit pin X in instance clkload289 of sg13g2_buf_8 in cell soc_top
Note:  Implicit pin Y in instance clkload29 of sg13g2_inv_1 in cell soc_top
Note:  Implicit pin Y in instance clkload290 of sg13g2_inv_2 in cell soc_top
Note:  Implicit pin Y in instance clkload291 of sg13g2_inv_4 in cell soc_top
Note:  Implicit pin Y in instance clkload292 of sg13g2_inv_4 in cell soc_top
Note:  Implicit pin Y in instance clkload293 of sg13g2_inv_1 in cell soc_top
Note:  Implicit pin Y in instance clkload294 of sg13g2_inv_1 in cell soc_top
Note:  Implicit pin Y in instance clkload295 of sg13g2_inv_1 in cell soc_top
Note:  Implicit pin Y in instance clkload296 of sg13g2_inv_4 in cell soc_top
Note:  Implicit pin Y in instance clkload297 of sg13g2_inv_2 in cell soc_top
Note:  Implicit pin Y in instance clkload298 of sg13g2_inv_1 in cell soc_top
Note:  Implicit pin Y in instance clkload299 of sg13g2_inv_2 in cell soc_top
Note:  Implicit pin X in instance clkload3 of sg13g2_buf_8 in cell soc_top
Note:  Implicit pin Y in instance clkload30 of sg13g2_inv_1 in cell soc_top
Note:  Implicit pin Y in instance clkload300 of sg13g2_inv_1 in cell soc_top
Note:  Implicit pin Y in instance clkload301 of sg13g2_inv_1 in cell soc_top
Note:  Implicit pin Y in instance clkload302 of sg13g2_inv_4 in cell soc_top
Note:  Implicit pin Y in instance clkload303 of sg13g2_inv_1 in cell soc_top
Note:  Implicit pin Y in instance clkload304 of sg13g2_inv_1 in cell soc_top
Note:  Implicit pin Y in instance clkload305 of sg13g2_inv_1 in cell soc_top
Note:  Implicit pin Y in instance clkload306 of sg13g2_inv_1 in cell soc_top
Note:  Implicit pin Y in instance clkload307 of sg13g2_inv_1 in cell soc_top
Note:  Implicit pin Y in instance clkload308 of sg13g2_inv_2 in cell soc_top
Note:  Implicit pin Y in instance clkload309 of sg13g2_inv_16 in cell soc_top
Note:  Implicit pin Y in instance clkload31 of sg13g2_inv_2 in cell soc_top
Note:  Implicit pin Y in instance clkload310 of sg13g2_inv_1 in cell soc_top
Note:  Implicit pin Y in instance clkload311 of sg13g2_inv_2 in cell soc_top
Note:  Implicit pin Y in instance clkload312 of sg13g2_inv_4 in cell soc_top
Note:  Implicit pin Y in instance clkload313 of sg13g2_inv_1 in cell soc_top
Note:  Implicit pin Y in instance clkload314 of sg13g2_inv_1 in cell soc_top
Note:  Implicit pin Y in instance clkload315 of sg13g2_inv_1 in cell soc_top
Note:  Implicit pin Y in instance clkload316 of sg13g2_inv_4 in cell soc_top
Note:  Implicit pin Y in instance clkload317 of sg13g2_inv_1 in cell soc_top
Note:  Implicit pin Y in instance clkload318 of sg13g2_inv_4 in cell soc_top
Note:  Implicit pin Y in instance clkload319 of sg13g2_inv_4 in cell soc_top
Note:  Implicit pin X in instance clkload32 of sg13g2_buf_8 in cell soc_top
Note:  Implicit pin X in instance clkload320 of sg13g2_buf_8 in cell soc_top
Note:  Implicit pin Y in instance clkload321 of sg13g2_inv_1 in cell soc_top
Note:  Implicit pin Y in instance clkload322 of sg13g2_inv_1 in cell soc_top
Note:  Implicit pin Y in instance clkload323 of sg13g2_inv_2 in cell soc_top
Note:  Implicit pin Y in instance clkload324 of sg13g2_inv_1 in cell soc_top
Note:  Implicit pin Y in instance clkload325 of sg13g2_inv_1 in cell soc_top
Note:  Implicit pin Y in instance clkload326 of sg13g2_inv_1 in cell soc_top
Note:  Implicit pin Y in instance clkload33 of sg13g2_inv_1 in cell soc_top
Note:  Implicit pin Y in instance clkload34 of sg13g2_inv_4 in cell soc_top
Note:  Implicit pin X in instance clkload35 of sg13g2_buf_8 in cell soc_top
Note:  Implicit pin Y in instance clkload36 of sg13g2_inv_1 in cell soc_top
Note:  Implicit pin Y in instance clkload37 of sg13g2_inv_2 in cell soc_top
Note:  Implicit pin Y in instance clkload38 of sg13g2_inv_4 in cell soc_top
Note:  Implicit pin Y in instance clkload39 of sg13g2_inv_2 in cell soc_top
Note:  Implicit pin X in instance clkload4 of sg13g2_buf_8 in cell soc_top
Note:  Implicit pin Y in instance clkload40 of sg13g2_inv_1 in cell soc_top
Note:  Implicit pin X in instance clkload41 of sg13g2_buf_8 in cell soc_top
Note:  Implicit pin X in instance clkload42 of sg13g2_buf_8 in cell soc_top
Note:  Implicit pin Y in instance clkload43 of sg13g2_inv_4 in cell soc_top
Note:  Implicit pin Y in instance clkload44 of sg13g2_inv_2 in cell soc_top
Note:  Implicit pin X in instance clkload45 of sg13g2_buf_8 in cell soc_top
Note:  Implicit pin Y in instance clkload46 of sg13g2_inv_4 in cell soc_top
Note:  Implicit pin Y in instance clkload47 of sg13g2_inv_4 in cell soc_top
Note:  Implicit pin Y in instance clkload48 of sg13g2_inv_1 in cell soc_top
Note:  Implicit pin Y in instance clkload49 of sg13g2_inv_2 in cell soc_top
Note:  Implicit pin X in instance clkload5 of sg13g2_buf_8 in cell soc_top
Note:  Implicit pin Y in instance clkload50 of sg13g2_inv_8 in cell soc_top
Note:  Implicit pin Y in instance clkload51 of sg13g2_inv_1 in cell soc_top
Note:  Implicit pin Y in instance clkload52 of sg13g2_inv_2 in cell soc_top
Note:  Implicit pin X in instance clkload53 of sg13g2_buf_8 in cell soc_top
Note:  Implicit pin Y in instance clkload54 of sg13g2_inv_2 in cell soc_top
Note:  Implicit pin Y in instance clkload55 of sg13g2_inv_2 in cell soc_top
Note:  Implicit pin Y in instance clkload56 of sg13g2_inv_1 in cell soc_top
Note:  Implicit pin Y in instance clkload57 of sg13g2_inv_2 in cell soc_top
Note:  Implicit pin X in instance clkload58 of sg13g2_buf_8 in cell soc_top
Note:  Implicit pin X in instance clkload59 of sg13g2_buf_8 in cell soc_top
Note:  Implicit pin X in instance clkload6 of sg13g2_buf_8 in cell soc_top
Note:  Implicit pin Y in instance clkload60 of sg13g2_inv_2 in cell soc_top
Note:  Implicit pin X in instance clkload61 of sg13g2_buf_8 in cell soc_top
Note:  Implicit pin X in instance clkload62 of sg13g2_buf_8 in cell soc_top
Note:  Implicit pin X in instance clkload63 of sg13g2_buf_8 in cell soc_top
Note:  Implicit pin X in instance clkload64 of sg13g2_buf_8 in cell soc_top
Note:  Implicit pin Y in instance clkload65 of sg13g2_inv_1 in cell soc_top
Note:  Implicit pin Y in instance clkload66 of sg13g2_inv_16 in cell soc_top
Note:  Implicit pin Y in instance clkload67 of sg13g2_inv_4 in cell soc_top
Note:  Implicit pin X in instance clkload68 of sg13g2_buf_8 in cell soc_top
Note:  Implicit pin Y in instance clkload69 of sg13g2_inv_2 in cell soc_top
Note:  Implicit pin Y in instance clkload7 of sg13g2_inv_2 in cell soc_top
Note:  Implicit pin Y in instance clkload70 of sg13g2_inv_1 in cell soc_top
Note:  Implicit pin Y in instance clkload71 of sg13g2_inv_4 in cell soc_top
Note:  Implicit pin Y in instance clkload72 of sg13g2_inv_4 in cell soc_top
Note:  Implicit pin Y in instance clkload73 of sg13g2_inv_2 in cell soc_top
Note:  Implicit pin Y in instance clkload74 of sg13g2_inv_1 in cell soc_top
Note:  Implicit pin Y in instance clkload75 of sg13g2_inv_8 in cell soc_top
Note:  Implicit pin X in instance clkload76 of sg13g2_buf_8 in cell soc_top
Note:  Implicit pin Y in instance clkload77 of sg13g2_inv_4 in cell soc_top
Note:  Implicit pin Y in instance clkload78 of sg13g2_inv_4 in cell soc_top
Note:  Implicit pin Y in instance clkload79 of sg13g2_inv_8 in cell soc_top
Note:  Implicit pin Y in instance clkload8 of sg13g2_inv_1 in cell soc_top
Note:  Implicit pin Y in instance clkload80 of sg13g2_inv_1 in cell soc_top
Note:  Implicit pin Y in instance clkload81 of sg13g2_inv_4 in cell soc_top
Note:  Implicit pin X in instance clkload82 of sg13g2_buf_8 in cell soc_top
Note:  Implicit pin X in instance clkload83 of sg13g2_buf_8 in cell soc_top
Note:  Implicit pin X in instance clkload84 of sg13g2_buf_8 in cell soc_top
Note:  Implicit pin X in instance clkload85 of sg13g2_buf_8 in cell soc_top
Note:  Implicit pin Y in instance clkload86 of sg13g2_inv_2 in cell soc_top
Note:  Implicit pin Y in instance clkload87 of sg13g2_inv_4 in cell soc_top
Note:  Implicit pin Y in instance clkload88 of sg13g2_inv_4 in cell soc_top
Note:  Implicit pin Y in instance clkload89 of sg13g2_inv_2 in cell soc_top
Note:  Implicit pin Y in instance clkload9 of sg13g2_inv_1 in cell soc_top
Note:  Implicit pin X in instance clkload90 of sg13g2_buf_8 in cell soc_top
Note:  Implicit pin Y in instance clkload91 of sg13g2_inv_2 in cell soc_top
Note:  Implicit pin Y in instance clkload92 of sg13g2_inv_2 in cell soc_top
Note:  Implicit pin Y in instance clkload93 of sg13g2_inv_8 in cell soc_top
Note:  Implicit pin Y in instance clkload94 of sg13g2_inv_4 in cell soc_top
Note:  Implicit pin X in instance clkload95 of sg13g2_buf_8 in cell soc_top
Note:  Implicit pin Y in instance clkload96 of sg13g2_inv_8 in cell soc_top
Note:  Implicit pin Y in instance clkload97 of sg13g2_inv_4 in cell soc_top
Note:  Implicit pin Y in instance clkload98 of sg13g2_inv_8 in cell soc_top
Note:  Implicit pin Y in instance clkload99 of sg13g2_inv_1 in cell soc_top
Creating placeholder cell definition for module RM_IHPSG13_1P_2048x64_c2_bm_bist.
Creating placeholder cell definition for module RM_IHPSG13_1P_1024x32_c2_bm_bist.
Treating empty subcircuits as black-box cells
Generating JSON file result

Reading setup file /home/hasanmelih/Documents/caravel-lif-crossbar/.venv-flow/lib/python3.12/site-packages/librelane/scripts/netgen/setup.tcl

Model rppd pin 1 == 2
No property b found for device rppd
Model sg13_hv_nmos pin 1 == 3
No property ng found for device sg13_hv_nmos
No property as found for device sg13_hv_nmos
No property ad found for device sg13_hv_nmos
No property pd found for device sg13_hv_nmos
No property ps found for device sg13_hv_nmos
No property trise found for device sg13_hv_nmos
No property z1 found for device sg13_hv_nmos
No property z2 found for device sg13_hv_nmos
No property wmin found for device sg13_hv_nmos
No property rfmode found for device sg13_hv_nmos
No property pre_layout found for device sg13_hv_nmos
Model sg13_hv_pmos pin 1 == 3
No property ng found for device sg13_hv_pmos
No property as found for device sg13_hv_pmos
No property ad found for device sg13_hv_pmos
No property pd found for device sg13_hv_pmos
No property ps found for device sg13_hv_pmos
No property trise found for device sg13_hv_pmos
No property z1 found for device sg13_hv_pmos
No property z2 found for device sg13_hv_pmos
No property wmin found for device sg13_hv_pmos
No property rfmode found for device sg13_hv_pmos
No property pre_layout found for device sg13_hv_pmos
Model sg13_lv_nmos pin 1 == 3
No property trise found for device sg13_lv_nmos
No property z1 found for device sg13_lv_nmos
No property z2 found for device sg13_lv_nmos
No property wmin found for device sg13_lv_nmos
No property rfmode found for device sg13_lv_nmos
No property pre_layout found for device sg13_lv_nmos
Model sg13_lv_pmos pin 1 == 3
No property trise found for device sg13_lv_pmos
No property z1 found for device sg13_lv_pmos
No property z2 found for device sg13_lv_pmos
No property wmin found for device sg13_lv_pmos
No property rfmode found for device sg13_lv_pmos
No property pre_layout found for device sg13_lv_pmos
No property DEV_A found for device dantenna
No property DEV_P found for device dantenna
No property DEV_C found for device dantenna
No property DEV_A found for device dpantenna
No property DEV_P found for device dpantenna
No property DEV_C found for device dpantenna
Comparison output logged to file /home/hasanmelih/Documents/neuromorphic-space-soc/hw/soc/pnr/runs/s77lvs-b-blackbox/01-netgen-lvs/reports/lvs.netgen.rpt
Logging to file "/home/hasanmelih/Documents/neuromorphic-space-soc/hw/soc/pnr/runs/s77lvs-b-blackbox/01-netgen-lvs/reports/lvs.netgen.rpt" enabled

Contents of circuit 1:  Circuit: 'sg13g2_decap_8'
Circuit sg13g2_decap_8 contains 0 device instances.
Circuit contains 0 nets, and 2 disconnected pins.
Contents of circuit 2:  Circuit: 'sg13g2_decap_8'
Circuit sg13g2_decap_8 contains 2 device instances.
  Class: sg13_lv_pmos          instances:   1
  Class: sg13_lv_nmos          instances:   1
Circuit contains 2 nets.

Circuit sg13g2_decap_8 contains no devices.

Contents of circuit 1:  Circuit: 'sg13g2_fill_1'
Circuit sg13g2_fill_1 contains 0 device instances.
Circuit contains 0 nets, and 2 disconnected pins.
Contents of circuit 2:  Circuit: 'sg13g2_fill_1'
Circuit sg13g2_fill_1 contains 0 device instances.
Circuit contains 0 nets, and 2 disconnected pins.

Circuit sg13g2_fill_1 contains no devices.

Contents of circuit 1:  Circuit: 'sg13g2_decap_4'
Circuit sg13g2_decap_4 contains 0 device instances.
Circuit contains 0 nets, and 2 disconnected pins.
Contents of circuit 2:  Circuit: 'sg13g2_decap_4'
Circuit sg13g2_decap_4 contains 2 device instances.
  Class: sg13_lv_pmos          instances:   1
  Class: sg13_lv_nmos          instances:   1
Circuit contains 2 nets.

Circuit sg13g2_decap_4 contains no devices.

Contents of circuit 1:  Circuit: 'sg13g2_dlygate4sd3_1'
Circuit sg13g2_dlygate4sd3_1 contains 0 device instances.
Circuit contains 0 nets, and 4 disconnected pins.
Contents of circuit 2:  Circuit: 'sg13g2_dlygate4sd3_1'
Circuit sg13g2_dlygate4sd3_1 contains 8 device instances.
  Class: sg13_lv_pmos          instances:   4
  Class: sg13_lv_nmos          instances:   4
Circuit contains 7 nets.

Circuit sg13g2_dlygate4sd3_1 contains no devices.

Contents of circuit 1:  Circuit: 'sg13g2_nand2_1'
Circuit sg13g2_nand2_1 contains 0 device instances.
Circuit contains 0 nets, and 5 disconnected pins.
Contents of circuit 2:  Circuit: 'sg13g2_nand2_1'
Circuit sg13g2_nand2_1 contains 4 device instances.
  Class: sg13_lv_pmos          instances:   2
  Class: sg13_lv_nmos          instances:   2
Circuit contains 6 nets.

Circuit sg13g2_nand2_1 contains no devices.

Contents of circuit 1:  Circuit: 'sg13g2_mux2_1'
Circuit sg13g2_mux2_1 contains 0 device instances.
Circuit contains 0 nets, and 6 disconnected pins.
Contents of circuit 2:  Circuit: 'sg13g2_mux2_1'
Circuit sg13g2_mux2_1 contains 12 device instances.
  Class: sg13_lv_pmos          instances:   6
  Class: sg13_lv_nmos          instances:   6
Circuit contains 12 nets.

Circuit sg13g2_mux2_1 contains no devices.

Contents of circuit 1:  Circuit: 'sg13g2_dfrbpq_1'
Circuit sg13g2_dfrbpq_1 contains 0 device instances.
Circuit contains 0 nets, and 6 disconnected pins.
Contents of circuit 2:  Circuit: 'sg13g2_dfrbpq_1'
Circuit sg13g2_dfrbpq_1 contains 32 device instances.
  Class: sg13_lv_pmos          instances:  16
  Class: sg13_lv_nmos          instances:  16
Circuit contains 21 nets.

Circuit sg13g2_dfrbpq_1 contains no devices.

Contents of circuit 1:  Circuit: 'sg13g2_a22oi_1'
Circuit sg13g2_a22oi_1 contains 0 device instances.
Circuit contains 0 nets, and 7 disconnected pins.
Contents of circuit 2:  Circuit: 'sg13g2_a22oi_1'
Circuit sg13g2_a22oi_1 contains 8 device instances.
  Class: sg13_lv_pmos          instances:   4
  Class: sg13_lv_nmos          instances:   4
Circuit contains 10 nets.

Circuit sg13g2_a22oi_1 contains no devices.

Contents of circuit 1:  Circuit: 'sg13g2_fill_2'
Circuit sg13g2_fill_2 contains 0 device instances.
Circuit contains 0 nets, and 2 disconnected pins.
Contents of circuit 2:  Circuit: 'sg13g2_fill_2'
Circuit sg13g2_fill_2 contains 0 device instances.
Circuit contains 0 nets, and 2 disconnected pins.

Circuit sg13g2_fill_2 contains no devices.

Contents of circuit 1:  Circuit: 'sg13g2_xnor2_1'
Circuit sg13g2_xnor2_1 contains 0 device instances.
Circuit contains 0 nets, and 5 disconnected pins.
Contents of circuit 2:  Circuit: 'sg13g2_xnor2_1'
Circuit sg13g2_xnor2_1 contains 10 device instances.
  Class: sg13_lv_pmos          instances:   5
  Class: sg13_lv_nmos          instances:   5
Circuit contains 9 nets.

Circuit sg13g2_xnor2_1 contains no devices.

Contents of circuit 1:  Circuit: 'sg13g2_and2_1'
Circuit sg13g2_and2_1 contains 0 device instances.
Circuit contains 0 nets, and 5 disconnected pins.
Contents of circuit 2:  Circuit: 'sg13g2_and2_1'
Circuit sg13g2_and2_1 contains 6 device instances.
  Class: sg13_lv_pmos          instances:   3
  Class: sg13_lv_nmos          instances:   3
Circuit contains 7 nets.

Circuit sg13g2_and2_1 contains no devices.

Contents of circuit 1:  Circuit: 'sg13g2_o21ai_1'
Circuit sg13g2_o21ai_1 contains 0 device instances.
Circuit contains 0 nets, and 6 disconnected pins.
Contents of circuit 2:  Circuit: 'sg13g2_o21ai_1'
Circuit sg13g2_o21ai_1 contains 6 device instances.
  Class: sg13_lv_pmos          instances:   3
  Class: sg13_lv_nmos          instances:   3
Circuit contains 8 nets.

Circuit sg13g2_o21ai_1 contains no devices.

Contents of circuit 1:  Circuit: 'sg13g2_tiehi'
Circuit sg13g2_tiehi contains 0 device instances.
Circuit contains 0 nets, and 3 disconnected pins.
Contents of circuit 2:  Circuit: 'sg13g2_tiehi'
Circuit sg13g2_tiehi contains 4 device instances.
  Class: sg13_lv_pmos          instances:   2
  Class: sg13_lv_nmos          instances:   2
Circuit contains 6 nets.

Circuit sg13g2_tiehi contains no devices.

Contents of circuit 1:  Circuit: 'sg13g2_a21oi_1'
Circuit sg13g2_a21oi_1 contains 0 device instances.
Circuit contains 0 nets, and 6 disconnected pins.
Contents of circuit 2:  Circuit: 'sg13g2_a21oi_1'
Circuit sg13g2_a21oi_1 contains 6 device instances.
  Class: sg13_lv_pmos          instances:   3
  Class: sg13_lv_nmos          instances:   3
Circuit contains 8 nets.

Circuit sg13g2_a21oi_1 contains no devices.

Contents of circuit 1:  Circuit: 'sg13g2_a221oi_1'
Circuit sg13g2_a221oi_1 contains 0 device instances.
Circuit contains 0 nets, and 8 disconnected pins.
Contents of circuit 2:  Circuit: 'sg13g2_a221oi_1'
Circuit sg13g2_a221oi_1 contains 10 device instances.
  Class: sg13_lv_pmos          instances:   5
  Class: sg13_lv_nmos          instances:   5
Circuit contains 12 nets.

Circuit sg13g2_a221oi_1 contains no devices.

Contents of circuit 1:  Circuit: 'sg13g2_xor2_1'
Circuit sg13g2_xor2_1 contains 0 device instances.
Circuit contains 0 nets, and 5 disconnected pins.
Contents of circuit 2:  Circuit: 'sg13g2_xor2_1'
Circuit sg13g2_xor2_1 contains 10 device instances.
  Class: sg13_lv_pmos          instances:   5
  Class: sg13_lv_nmos          instances:   5
Circuit contains 9 nets.

Circuit sg13g2_xor2_1 contains no devices.

Contents of circuit 1:  Circuit: 'sg13g2_a21o_1'
Circuit sg13g2_a21o_1 contains 0 device instances.
Circuit contains 0 nets, and 6 disconnected pins.
Contents of circuit 2:  Circuit: 'sg13g2_a21o_1'
Circuit sg13g2_a21o_1 contains 8 device instances.
  Class: sg13_lv_pmos          instances:   4
  Class: sg13_lv_nmos          instances:   4
Circuit contains 9 nets.

Circuit sg13g2_a21o_1 contains no devices.

Contents of circuit 1:  Circuit: 'sg13g2_nor2_1'
Circuit sg13g2_nor2_1 contains 0 device instances.
Circuit contains 0 nets, and 5 disconnected pins.
Contents of circuit 2:  Circuit: 'sg13g2_nor2_1'
Circuit sg13g2_nor2_1 contains 4 device instances.
  Class: sg13_lv_pmos          instances:   2
  Class: sg13_lv_nmos          instances:   2
Circuit contains 6 nets.

Circuit sg13g2_nor2_1 contains no devices.

Contents of circuit 1:  Circuit: 'sg13g2_nand3_1'
Circuit sg13g2_nand3_1 contains 0 device instances.
Circuit contains 0 nets, and 6 disconnected pins.
Contents of circuit 2:  Circuit: 'sg13g2_nand3_1'
Circuit sg13g2_nand3_1 contains 6 device instances.
  Class: sg13_lv_pmos          instances:   3
  Class: sg13_lv_nmos          instances:   3
Circuit contains 8 nets.

Circuit sg13g2_nand3_1 contains no devices.

Contents of circuit 1:  Circuit: 'sg13g2_nand4_1'
Circuit sg13g2_nand4_1 contains 0 device instances.
Circuit contains 0 nets, and 7 disconnected pins.
Contents of circuit 2:  Circuit: 'sg13g2_nand4_1'
Circuit sg13g2_nand4_1 contains 8 device instances.
  Class: sg13_lv_pmos          instances:   4
  Class: sg13_lv_nmos          instances:   4
Circuit contains 10 nets.

Circuit sg13g2_nand4_1 contains no devices.

Contents of circuit 1:  Circuit: 'sg13g2_buf_1'
Circuit sg13g2_buf_1 contains 0 device instances.
Circuit contains 0 nets, and 4 disconnected pins.
Contents of circuit 2:  Circuit: 'sg13g2_buf_1'
Circuit sg13g2_buf_1 contains 4 device instances.
  Class: sg13_lv_pmos          instances:   2
  Class: sg13_lv_nmos          instances:   2
Circuit contains 5 nets.

Circuit sg13g2_buf_1 contains no devices.

Contents of circuit 1:  Circuit: 'sg13g2_nor3_1'
Circuit sg13g2_nor3_1 contains 0 device instances.
Circuit contains 0 nets, and 6 disconnected pins.
Contents of circuit 2:  Circuit: 'sg13g2_nor3_1'
Circuit sg13g2_nor3_1 contains 6 device instances.
  Class: sg13_lv_pmos          instances:   3
  Class: sg13_lv_nmos          instances:   3
Circuit contains 8 nets.

Circuit sg13g2_nor3_1 contains no devices.

Contents of circuit 1:  Circuit: 'sg13g2_buf_16'
Circuit sg13g2_buf_16 contains 0 device instances.
Circuit contains 0 nets, and 4 disconnected pins.
Contents of circuit 2:  Circuit: 'sg13g2_buf_16'
Circuit sg13g2_buf_16 contains 4 device instances.
  Class: sg13_lv_pmos          instances:   2
  Class: sg13_lv_nmos          instances:   2
Circuit contains 5 nets.

Circuit sg13g2_buf_16 contains no devices.

Contents of circuit 1:  Circuit: 'sg13g2_buf_2'
Circuit sg13g2_buf_2 contains 0 device instances.
Circuit contains 0 nets, and 4 disconnected pins.
Contents of circuit 2:  Circuit: 'sg13g2_buf_2'
Circuit sg13g2_buf_2 contains 4 device instances.
  Class: sg13_lv_pmos          instances:   2
  Class: sg13_lv_nmos          instances:   2
Circuit contains 5 nets.

Circuit sg13g2_buf_2 contains no devices.

Contents of circuit 1:  Circuit: 'sg13g2_inv_1'
Circuit sg13g2_inv_1 contains 0 device instances.
Circuit contains 0 nets, and 4 disconnected pins.
Contents of circuit 2:  Circuit: 'sg13g2_inv_1'
Circuit sg13g2_inv_1 contains 2 device instances.
  Class: sg13_lv_pmos          instances:   1
  Class: sg13_lv_nmos          instances:   1
Circuit contains 4 nets.

Circuit sg13g2_inv_1 contains no devices.

Contents of circuit 1:  Circuit: 'sg13g2_or2_1'
Circuit sg13g2_or2_1 contains 0 device instances.
Circuit contains 0 nets, and 5 disconnected pins.
Contents of circuit 2:  Circuit: 'sg13g2_or2_1'
Circuit sg13g2_or2_1 contains 6 device instances.
  Class: sg13_lv_pmos          instances:   3
  Class: sg13_lv_nmos          instances:   3
Circuit contains 7 nets.

Circuit sg13g2_or2_1 contains no devices.

Contents of circuit 1:  Circuit: 'sg13g2_and3_1'
Circuit sg13g2_and3_1 contains 0 device instances.
Circuit contains 0 nets, and 6 disconnected pins.
Contents of circuit 2:  Circuit: 'sg13g2_and3_1'
Circuit sg13g2_and3_1 contains 8 device instances.
  Class: sg13_lv_pmos          instances:   4
  Class: sg13_lv_nmos          instances:   4
Circuit contains 9 nets.

Circuit sg13g2_and3_1 contains no devices.

Contents of circuit 1:  Circuit: 'sg13g2_buf_4'
Circuit sg13g2_buf_4 contains 0 device instances.
Circuit contains 0 nets, and 4 disconnected pins.
Contents of circuit 2:  Circuit: 'sg13g2_buf_4'
Circuit sg13g2_buf_4 contains 4 device instances.
  Class: sg13_lv_pmos          instances:   2
  Class: sg13_lv_nmos          instances:   2
Circuit contains 5 nets.

Circuit sg13g2_buf_4 contains no devices.

Contents of circuit 1:  Circuit: 'sg13g2_inv_2'
Circuit sg13g2_inv_2 contains 0 device instances.
Circuit contains 0 nets, and 4 disconnected pins.
Contents of circuit 2:  Circuit: 'sg13g2_inv_2'
Circuit sg13g2_inv_2 contains 2 device instances.
  Class: sg13_lv_pmos          instances:   1
  Class: sg13_lv_nmos          instances:   1
Circuit contains 4 nets.

Circuit sg13g2_inv_2 contains no devices.

Contents of circuit 1:  Circuit: 'sg13g2_or3_1'
Circuit sg13g2_or3_1 contains 0 device instances.
Circuit contains 0 nets, and 6 disconnected pins.
Contents of circuit 2:  Circuit: 'sg13g2_or3_1'
Circuit sg13g2_or3_1 contains 8 device instances.
  Class: sg13_lv_pmos          instances:   4
  Class: sg13_lv_nmos          instances:   4
Circuit contains 9 nets.

Circuit sg13g2_or3_1 contains no devices.

Contents of circuit 1:  Circuit: 'sg13g2_dfrbpq_2'
Circuit sg13g2_dfrbpq_2 contains 0 device instances.
Circuit contains 0 nets, and 6 disconnected pins.
Contents of circuit 2:  Circuit: 'sg13g2_dfrbpq_2'
Circuit sg13g2_dfrbpq_2 contains 32 device instances.
  Class: sg13_lv_pmos          instances:  16
  Class: sg13_lv_nmos          instances:  16
Circuit contains 21 nets.

Circuit sg13g2_dfrbpq_2 contains no devices.

Contents of circuit 1:  Circuit: 'sg13g2_antennanp'
Circuit sg13g2_antennanp contains 0 device instances.
Circuit contains 0 nets, and 3 disconnected pins.
Contents of circuit 2:  Circuit: 'sg13g2_antennanp'
Circuit sg13g2_antennanp contains 2 device instances.
  Class: dpantenna             instances:   1
  Class: dantenna              instances:   1
Circuit contains 3 nets.

Circuit sg13g2_antennanp contains no devices.

Contents of circuit 1:  Circuit: 'sg13g2_nand2b_1'
Circuit sg13g2_nand2b_1 contains 0 device instances.
Circuit contains 0 nets, and 5 disconnected pins.
Contents of circuit 2:  Circuit: 'sg13g2_nand2b_1'
Circuit sg13g2_nand2b_1 contains 6 device instances.
  Class: sg13_lv_pmos          instances:   3
  Class: sg13_lv_nmos          instances:   3
Circuit contains 7 nets.

Circuit sg13g2_nand2b_1 contains no devices.

Contents of circuit 1:  Circuit: 'sg13g2_buf_8'
Circuit sg13g2_buf_8 contains 0 device instances.
Circuit contains 0 nets, and 4 disconnected pins.
Contents of circuit 2:  Circuit: 'sg13g2_buf_8'
Circuit sg13g2_buf_8 contains 4 device instances.
  Class: sg13_lv_pmos          instances:   2
  Class: sg13_lv_nmos          instances:   2
Circuit contains 5 nets.

Circuit sg13g2_buf_8 contains no devices.

Contents of circuit 1:  Circuit: 'sg13g2_inv_16'
Circuit sg13g2_inv_16 contains 0 device instances.
Circuit contains 0 nets, and 4 disconnected pins.
Contents of circuit 2:  Circuit: 'sg13g2_inv_16'
Circuit sg13g2_inv_16 contains 2 device instances.
  Class: sg13_lv_pmos          instances:   1
  Class: sg13_lv_nmos          instances:   1
Circuit contains 4 nets.

Circuit sg13g2_inv_16 contains no devices.

Contents of circuit 1:  Circuit: 'sg13g2_nor2_2'
Circuit sg13g2_nor2_2 contains 0 device instances.
Circuit contains 0 nets, and 5 disconnected pins.
Contents of circuit 2:  Circuit: 'sg13g2_nor2_2'
Circuit sg13g2_nor2_2 contains 4 device instances.
  Class: sg13_lv_pmos          instances:   2
  Class: sg13_lv_nmos          instances:   2
Circuit contains 6 nets.

Circuit sg13g2_nor2_2 contains no devices.

Contents of circuit 1:  Circuit: 'sg13g2_and4_1'
Circuit sg13g2_and4_1 contains 0 device instances.
Circuit contains 0 nets, and 7 disconnected pins.
Contents of circuit 2:  Circuit: 'sg13g2_and4_1'
Circuit sg13g2_and4_1 contains 10 device instances.
  Class: sg13_lv_pmos          instances:   5
  Class: sg13_lv_nmos          instances:   5
Circuit contains 11 nets.

Circuit sg13g2_and4_1 contains no devices.

Contents of circuit 1:  Circuit: 'sg13g2_nor4_1'
Circuit sg13g2_nor4_1 contains 0 device instances.
Circuit contains 0 nets, and 7 disconnected pins.
Contents of circuit 2:  Circuit: 'sg13g2_nor4_1'
Circuit sg13g2_nor4_1 contains 8 device instances.
  Class: sg13_lv_pmos          instances:   4
  Class: sg13_lv_nmos          instances:   4
Circuit contains 10 nets.

Circuit sg13g2_nor4_1 contains no devices.

Contents of circuit 1:  Circuit: 'sg13g2_or4_1'
Circuit sg13g2_or4_1 contains 0 device instances.
Circuit contains 0 nets, and 7 disconnected pins.
Contents of circuit 2:  Circuit: 'sg13g2_or4_1'
Circuit sg13g2_or4_1 contains 10 device instances.
  Class: sg13_lv_pmos          instances:   5
  Class: sg13_lv_nmos          instances:   5
Circuit contains 11 nets.

Circuit sg13g2_or4_1 contains no devices.

Contents of circuit 1:  Circuit: 'sg13g2_tielo'
Circuit sg13g2_tielo contains 0 device instances.
Circuit contains 0 nets, and 3 disconnected pins.
Contents of circuit 2:  Circuit: 'sg13g2_tielo'
Circuit sg13g2_tielo contains 4 device instances.
  Class: sg13_lv_pmos          instances:   2
  Class: sg13_lv_nmos          instances:   2
Circuit contains 6 nets.

Circuit sg13g2_tielo contains no devices.

Contents of circuit 1:  Circuit: 'sg13g2_nor2b_1'
Circuit sg13g2_nor2b_1 contains 0 device instances.
Circuit contains 0 nets, and 5 disconnected pins.
Contents of circuit 2:  Circuit: 'sg13g2_nor2b_1'
Circuit sg13g2_nor2b_1 contains 6 device instances.
  Class: sg13_lv_pmos          instances:   3
  Class: sg13_lv_nmos          instances:   3
Circuit contains 7 nets.

Circuit sg13g2_nor2b_1 contains no devices.

Contents of circuit 1:  Circuit: 'sg13g2_nor3_2'
Circuit sg13g2_nor3_2 contains 0 device instances.
Circuit contains 0 nets, and 6 disconnected pins.
Contents of circuit 2:  Circuit: 'sg13g2_nor3_2'
Circuit sg13g2_nor3_2 contains 6 device instances.
  Class: sg13_lv_pmos          instances:   3
  Class: sg13_lv_nmos          instances:   3
Circuit contains 8 nets.

Circuit sg13g2_nor3_2 contains no devices.

Contents of circuit 1:  Circuit: 'sg13g2_nand2b_2'
Circuit sg13g2_nand2b_2 contains 0 device instances.
Circuit contains 0 nets, and 5 disconnected pins.
Contents of circuit 2:  Circuit: 'sg13g2_nand2b_2'
Circuit sg13g2_nand2b_2 contains 6 device instances.
  Class: sg13_lv_pmos          instances:   3
  Class: sg13_lv_nmos          instances:   3
Circuit contains 7 nets.

Circuit sg13g2_nand2b_2 contains no devices.

Contents of circuit 1:  Circuit: 'sg13g2_mux4_1'
Circuit sg13g2_mux4_1 contains 0 device instances.
Circuit contains 0 nets, and 9 disconnected pins.
Contents of circuit 2:  Circuit: 'sg13g2_mux4_1'
Circuit sg13g2_mux4_1 contains 26 device instances.
  Class: sg13_lv_pmos          instances:  13
  Class: sg13_lv_nmos          instances:  13
Circuit contains 22 nets.

Circuit sg13g2_mux4_1 contains no devices.

Contents of circuit 1:  Circuit: 'sg13g2_nand3b_1'
Circuit sg13g2_nand3b_1 contains 0 device instances.
Circuit contains 0 nets, and 6 disconnected pins.
Contents of circuit 2:  Circuit: 'sg13g2_nand3b_1'
Circuit sg13g2_nand3b_1 contains 8 device instances.
  Class: sg13_lv_pmos          instances:   4
  Class: sg13_lv_nmos          instances:   4
Circuit contains 9 nets.

Circuit sg13g2_nand3b_1 contains no devices.

Contents of circuit 1:  Circuit: 'RM_IHPSG13_1P_1024x32_c2_bm_bist'
Circuit RM_IHPSG13_1P_1024x32_c2_bm_bist contains 0 device instances.
Circuit contains 0 nets, and 193 disconnected pins.
Contents of circuit 2:  Circuit: 'RM_IHPSG13_1P_1024x32_c2_bm_bist'
Circuit RM_IHPSG13_1P_1024x32_c2_bm_bist contains 0 device instances.
Circuit contains 0 nets.

Circuit RM_IHPSG13_1P_1024x32_c2_bm_bist contains no devices.

Contents of circuit 1:  Circuit: 'sg13g2_inv_8'
Circuit sg13g2_inv_8 contains 0 device instances.
Circuit contains 0 nets, and 4 disconnected pins.
Contents of circuit 2:  Circuit: 'sg13g2_inv_8'
Circuit sg13g2_inv_8 contains 2 device instances.
  Class: sg13_lv_pmos          instances:   1
  Class: sg13_lv_nmos          instances:   1
Circuit contains 4 nets.

Circuit sg13g2_inv_8 contains no devices.

Contents of circuit 1:  Circuit: 'sg13g2_nor4_2'
Circuit sg13g2_nor4_2 contains 0 device instances.
Circuit contains 0 nets, and 7 disconnected pins.
Contents of circuit 2:  Circuit: 'sg13g2_nor4_2'
Circuit sg13g2_nor4_2 contains 8 device instances.
  Class: sg13_lv_pmos          instances:   4
  Class: sg13_lv_nmos          instances:   4
Circuit contains 10 nets.

Circuit sg13g2_nor4_2 contains no devices.

Contents of circuit 1:  Circuit: 'sg13g2_or3_2'
Circuit sg13g2_or3_2 contains 0 device instances.
Circuit contains 0 nets, and 6 disconnected pins.
Contents of circuit 2:  Circuit: 'sg13g2_or3_2'
Circuit sg13g2_or3_2 contains 8 device instances.
  Class: sg13_lv_pmos          instances:   4
  Class: sg13_lv_nmos          instances:   4
Circuit contains 9 nets.

Circuit sg13g2_or3_2 contains no devices.

Contents of circuit 1:  Circuit: 'sg13g2_a21oi_2'
Circuit sg13g2_a21oi_2 contains 0 device instances.
Circuit contains 0 nets, and 6 disconnected pins.
Contents of circuit 2:  Circuit: 'sg13g2_a21oi_2'
Circuit sg13g2_a21oi_2 contains 6 device instances.
  Class: sg13_lv_pmos          instances:   3
  Class: sg13_lv_nmos          instances:   3
Circuit contains 8 nets.

Circuit sg13g2_a21oi_2 contains no devices.

Contents of circuit 1:  Circuit: 'sg13g2_inv_4'
Circuit sg13g2_inv_4 contains 0 device instances.
Circuit contains 0 nets, and 4 disconnected pins.
Contents of circuit 2:  Circuit: 'sg13g2_inv_4'
Circuit sg13g2_inv_4 contains 2 device instances.
  Class: sg13_lv_pmos          instances:   1
  Class: sg13_lv_nmos          instances:   1
Circuit contains 4 nets.

Circuit sg13g2_inv_4 contains no devices.

Contents of circuit 1:  Circuit: 'sg13g2_nand2_2'
Circuit sg13g2_nand2_2 contains 0 device instances.
Circuit contains 0 nets, and 5 disconnected pins.
Contents of circuit 2:  Circuit: 'sg13g2_nand2_2'
Circuit sg13g2_nand2_2 contains 4 device instances.
  Class: sg13_lv_pmos          instances:   2
  Class: sg13_lv_nmos          instances:   2
Circuit contains 6 nets.

Circuit sg13g2_nand2_2 contains no devices.

Contents of circuit 1:  Circuit: 'sg13g2_or4_2'
Circuit sg13g2_or4_2 contains 0 device instances.
Circuit contains 0 nets, and 7 disconnected pins.
Contents of circuit 2:  Circuit: 'sg13g2_or4_2'
Circuit sg13g2_or4_2 contains 10 device instances.
  Class: sg13_lv_pmos          instances:   5
  Class: sg13_lv_nmos          instances:   5
Circuit contains 11 nets.

Circuit sg13g2_or4_2 contains no devices.

Contents of circuit 1:  Circuit: 'sg13g2_and2_2'
Circuit sg13g2_and2_2 contains 0 device instances.
Circuit contains 0 nets, and 5 disconnected pins.
Contents of circuit 2:  Circuit: 'sg13g2_and2_2'
Circuit sg13g2_and2_2 contains 6 device instances.
  Class: sg13_lv_pmos          instances:   3
  Class: sg13_lv_nmos          instances:   3
Circuit contains 7 nets.

Circuit sg13g2_and2_2 contains no devices.

Contents of circuit 1:  Circuit: 'sg13g2_nor2b_2'
Circuit sg13g2_nor2b_2 contains 0 device instances.
Circuit contains 0 nets, and 5 disconnected pins.
Contents of circuit 2:  Circuit: 'sg13g2_nor2b_2'
Circuit sg13g2_nor2b_2 contains 6 device instances.
  Class: sg13_lv_pmos          instances:   3
  Class: sg13_lv_nmos          instances:   3
Circuit contains 7 nets.

Circuit sg13g2_nor2b_2 contains no devices.

Contents of circuit 1:  Circuit: 'sg13g2_a21o_2'
Circuit sg13g2_a21o_2 contains 0 device instances.
Circuit contains 0 nets, and 6 disconnected pins.
Contents of circuit 2:  Circuit: 'sg13g2_a21o_2'
Circuit sg13g2_a21o_2 contains 8 device instances.
  Class: sg13_lv_pmos          instances:   4
  Class: sg13_lv_nmos          instances:   4
Circuit contains 9 nets.

Circuit sg13g2_a21o_2 contains no devices.

Contents of circuit 1:  Circuit: 'sg13g2_mux2_2'
Circuit sg13g2_mux2_2 contains 0 device instances.
Circuit contains 0 nets, and 6 disconnected pins.
Contents of circuit 2:  Circuit: 'sg13g2_mux2_2'
Circuit sg13g2_mux2_2 contains 12 device instances.
  Class: sg13_lv_pmos          instances:   6
  Class: sg13_lv_nmos          instances:   6
Circuit contains 12 nets.

Circuit sg13g2_mux2_2 contains no devices.

Contents of circuit 1:  Circuit: 'sg13g2_or2_2'
Circuit sg13g2_or2_2 contains 0 device instances.
Circuit contains 0 nets, and 5 disconnected pins.
Contents of circuit 2:  Circuit: 'sg13g2_or2_2'
Circuit sg13g2_or2_2 contains 6 device instances.
  Class: sg13_lv_pmos          instances:   3
  Class: sg13_lv_nmos          instances:   3
Circuit contains 7 nets.

Circuit sg13g2_or2_2 contains no devices.

Contents of circuit 1:  Circuit: 'RM_IHPSG13_1P_2048x64_c2_bm_bist'
Circuit RM_IHPSG13_1P_2048x64_c2_bm_bist contains 0 device instances.
Circuit contains 0 nets, and 355 disconnected pins.
Contents of circuit 2:  Circuit: 'RM_IHPSG13_1P_2048x64_c2_bm_bist'
Circuit RM_IHPSG13_1P_2048x64_c2_bm_bist contains 0 device instances.
Circuit contains 0 nets.

Circuit RM_IHPSG13_1P_2048x64_c2_bm_bist contains no devices.

Contents of circuit 1:  Circuit: 'sg13g2_lgcp_1'
Circuit sg13g2_lgcp_1 contains 0 device instances.
Circuit contains 0 nets, and 5 disconnected pins.
Contents of circuit 2:  Circuit: 'sg13g2_lgcp_1'
Circuit sg13g2_lgcp_1 contains 20 device instances.
  Class: sg13_lv_pmos          instances:  10
  Class: sg13_lv_nmos          instances:  10
Circuit contains 15 nets.

Circuit sg13g2_lgcp_1 contains no devices.

Contents of circuit 1:  Circuit: 'sg13g2_and4_2'
Circuit sg13g2_and4_2 contains 0 device instances.
Circuit contains 0 nets, and 7 disconnected pins.
Contents of circuit 2:  Circuit: 'sg13g2_and4_2'
Circuit sg13g2_and4_2 contains 10 device instances.
  Class: sg13_lv_pmos          instances:   5
  Class: sg13_lv_nmos          instances:   5
Circuit contains 11 nets.

Circuit sg13g2_and4_2 contains no devices.

Contents of circuit 1:  Circuit: 'sg13g2_and3_2'
Circuit sg13g2_and3_2 contains 0 device instances.
Circuit contains 0 nets, and 6 disconnected pins.
Contents of circuit 2:  Circuit: 'sg13g2_and3_2'
Circuit sg13g2_and3_2 contains 8 device instances.
  Class: sg13_lv_pmos          instances:   4
  Class: sg13_lv_nmos          instances:   4
Circuit contains 9 nets.

Circuit sg13g2_and3_2 contains no devices.

Contents of circuit 1:  Circuit: 'soc_top'
Circuit soc_top contains 176447 device instances.
  Class: sg13g2_dlygate4sd3_1  instances: 6623
  Class: sg13g2_antennanp      instances: 683
  Class: sg13g2_buf_16         instances: 241
  Class: sg13g2_dfrbpq_1       instances: 5861
  Class: sg13g2_dfrbpq_2       instances:  11
  Class: sg13g2_and3_1         instances: 240
  Class: sg13g2_and3_2         instances:   4
  Class: sg13g2_or2_1          instances: 495
  Class: sg13g2_or2_2          instances:   6
  Class: sg13g2_nor2b_1        instances: 572
  Class: sg13g2_nor2b_2        instances:  20
  Class: sg13g2_nand3_1        instances: 1163
  Class: sg13g2_mux2_1         instances: 2086
  Class: sg13g2_mux2_2         instances:  19
  Class: sg13g2_decap_4        instances: 13660
  Class: sg13g2_decap_8        instances: 66081
  Class: RM_IHPSG13_1P_2048x64_c2_bm_bist instances:   4
  Class: sg13g2_and2_1         instances: 888
  Class: sg13g2_and2_2         instances:  14
  Class: sg13g2_tiehi          instances: 1195
  Class: sg13g2_nor4_1         instances: 340
  Class: sg13g2_nor4_2         instances:  42
  Class: sg13g2_nand2_1        instances: 4884
  Class: sg13g2_nand2_2        instances:  59
  Class: sg13g2_inv_16         instances:   4
  Class: RM_IHPSG13_1P_1024x32_c2_bm_bist instances:   2
  Class: sg13g2_nor3_1         instances: 780
  Class: sg13g2_nor3_2         instances: 105
  Class: sg13g2_lgcp_1         instances:   3
  Class: sg13g2_nand3b_1       instances:  78
  Class: sg13g2_fill_1         instances: 17621
  Class: sg13g2_fill_2         instances: 16833
  Class: sg13g2_tielo          instances: 789
  Class: sg13g2_or4_1          instances:  71
  Class: sg13g2_or4_2          instances:  11
  Class: sg13g2_nor2_1         instances: 3901
  Class: sg13g2_nor2_2         instances:  40
  Class: sg13g2_buf_1          instances: 6879
  Class: sg13g2_buf_2          instances: 560
  Class: sg13g2_buf_4          instances: 680
  Class: sg13g2_buf_8          instances: 976
  Class: sg13g2_a22oi_1        instances: 3552
  Class: sg13g2_o21ai_1        instances: 4624
  Class: sg13g2_a21oi_1        instances: 3401
  Class: sg13g2_a21oi_2        instances:  72
  Class: sg13g2_a21o_1         instances: 502
  Class: sg13g2_a21o_2         instances:   5
  Class: sg13g2_nand2b_1       instances: 726
  Class: sg13g2_nand2b_2       instances:   9
  Class: sg13g2_a221oi_1       instances: 866
  Class: sg13g2_inv_1          instances: 1711
  Class: sg13g2_inv_2          instances: 129
  Class: sg13g2_inv_4          instances:  60
  Class: sg13g2_inv_8          instances:  25
  Class: sg13g2_xor2_1         instances: 1490
  Class: sg13g2_mux4_1         instances:  90
  Class: sg13g2_xnor2_1        instances: 2780
  Class: sg13g2_and4_1         instances: 264
  Class: sg13g2_and4_2         instances:   5
  Class: sg13g2_or3_1          instances: 146
  Class: sg13g2_or3_2          instances:  12
  Class: sg13g2_nand4_1        instances: 1454
Circuit contains 61912 nets.
Contents of circuit 2:  Circuit: 'soc_top'
Circuit soc_top contains 176447 device instances.
  Class: sg13g2_dlygate4sd3_1  instances: 6623
  Class: sg13g2_antennanp      instances: 683
  Class: sg13g2_buf_16         instances: 241
  Class: sg13g2_dfrbpq_1       instances: 5861
  Class: sg13g2_dfrbpq_2       instances:  11
  Class: sg13g2_and3_1         instances: 240
  Class: sg13g2_and3_2         instances:   4
  Class: sg13g2_or2_1          instances: 495
  Class: sg13g2_or2_2          instances:   6
  Class: sg13g2_nor2b_1        instances: 572
  Class: sg13g2_nor2b_2        instances:  20
  Class: sg13g2_nand3_1        instances: 1163
  Class: sg13g2_mux2_1         instances: 2086
  Class: sg13g2_mux2_2         instances:  19
  Class: sg13g2_decap_4        instances: 13660
  Class: sg13g2_decap_8        instances: 66081
  Class: RM_IHPSG13_1P_2048x64_c2_bm_bist instances:   4
  Class: sg13g2_and2_1         instances: 888
  Class: sg13g2_and2_2         instances:  14
  Class: sg13g2_tiehi          instances: 1195
  Class: sg13g2_nor4_1         instances: 340
  Class: sg13g2_nor4_2         instances:  42
  Class: sg13g2_nand2_1        instances: 4884
  Class: sg13g2_nand2_2        instances:  59
  Class: sg13g2_inv_16         instances:   4
  Class: RM_IHPSG13_1P_1024x32_c2_bm_bist instances:   2
  Class: sg13g2_nor3_1         instances: 780
  Class: sg13g2_nor3_2         instances: 105
  Class: sg13g2_lgcp_1         instances:   3
  Class: sg13g2_nand3b_1       instances:  78
  Class: sg13g2_fill_1         instances: 17621
  Class: sg13g2_fill_2         instances: 16833
  Class: sg13g2_tielo          instances: 789
  Class: sg13g2_or4_1          instances:  71
  Class: sg13g2_or4_2          instances:  11
  Class: sg13g2_nor2_1         instances: 3901
  Class: sg13g2_nor2_2         instances:  40
  Class: sg13g2_buf_1          instances: 6879
  Class: sg13g2_buf_2          instances: 560
  Class: sg13g2_buf_4          instances: 680
  Class: sg13g2_buf_8          instances: 976
  Class: sg13g2_a22oi_1        instances: 3552
  Class: sg13g2_o21ai_1        instances: 4624
  Class: sg13g2_a21oi_1        instances: 3401
  Class: sg13g2_a21oi_2        instances:  72
  Class: sg13g2_a21o_1         instances: 502
  Class: sg13g2_a21o_2         instances:   5
  Class: sg13g2_nand2b_1       instances: 726
  Class: sg13g2_nand2b_2       instances:   9
  Class: sg13g2_a221oi_1       instances: 866
  Class: sg13g2_inv_1          instances: 1711
  Class: sg13g2_inv_2          instances: 129
  Class: sg13g2_inv_4          instances:  60
  Class: sg13g2_inv_8          instances:  25
  Class: sg13g2_xor2_1         instances: 1490
  Class: sg13g2_mux4_1         instances:  90
  Class: sg13g2_xnor2_1        instances: 2780
  Class: sg13g2_and4_1         instances: 264
  Class: sg13g2_and4_2         instances:   5
  Class: sg13g2_or3_1          instances: 146
  Class: sg13g2_or3_2          instances:  12
  Class: sg13g2_nand4_1        instances: 1454
Circuit contains 61912 nets.

Circuit was modified by parallel/series device merging.
New circuit summary:

Contents of circuit 1:  Circuit: 'soc_top'
Circuit soc_top contains 62256 device instances.
  Class: sg13g2_dlygate4sd3_1  instances: 6623
  Class: sg13g2_antennanp      instances: 683
  Class: sg13g2_buf_16         instances: 241
  Class: sg13g2_dfrbpq_1       instances: 5861
  Class: sg13g2_dfrbpq_2       instances:  11
  Class: sg13g2_and3_1         instances: 240
  Class: sg13g2_and3_2         instances:   4
  Class: sg13g2_or2_1          instances: 495
  Class: sg13g2_or2_2          instances:   6
  Class: sg13g2_nor2b_1        instances: 572
  Class: sg13g2_nor2b_2        instances:  20
  Class: sg13g2_nand3_1        instances: 1163
  Class: sg13g2_mux2_1         instances: 2086
  Class: sg13g2_mux2_2         instances:  19
  Class: sg13g2_decap_4        instances:   1
  Class: sg13g2_decap_8        instances:   1
  Class: RM_IHPSG13_1P_2048x64_c2_bm_bist instances:   4
  Class: sg13g2_and2_1         instances: 888
  Class: sg13g2_and2_2         instances:  14
  Class: sg13g2_tiehi          instances: 1195
  Class: sg13g2_nor4_1         instances: 340
  Class: sg13g2_nor4_2         instances:  42
  Class: sg13g2_nand2_1        instances: 4884
  Class: sg13g2_nand2_2        instances:  59
  Class: sg13g2_inv_16         instances:   4
  Class: RM_IHPSG13_1P_1024x32_c2_bm_bist instances:   2
  Class: sg13g2_nor3_1         instances: 780
  Class: sg13g2_nor3_2         instances: 105
  Class: sg13g2_lgcp_1         instances:   3
  Class: sg13g2_nand3b_1       instances:  78
  Class: sg13g2_fill_1         instances:   1
  Class: sg13g2_fill_2         instances:   1
  Class: sg13g2_tielo          instances: 789
  Class: sg13g2_or4_1          instances:  71
  Class: sg13g2_or4_2          instances:  11
  Class: sg13g2_nor2_1         instances: 3901
  Class: sg13g2_nor2_2         instances:  40
  Class: sg13g2_buf_1          instances: 6879
  Class: sg13g2_buf_2          instances: 560
  Class: sg13g2_buf_4          instances: 680
  Class: sg13g2_buf_8          instances: 976
  Class: sg13g2_a22oi_1        instances: 3552
  Class: sg13g2_o21ai_1        instances: 4624
  Class: sg13g2_a21oi_1        instances: 3401
  Class: sg13g2_a21oi_2        instances:  72
  Class: sg13g2_a21o_1         instances: 502
  Class: sg13g2_a21o_2         instances:   5
  Class: sg13g2_nand2b_1       instances: 726
  Class: sg13g2_nand2b_2       instances:   9
  Class: sg13g2_a221oi_1       instances: 866
  Class: sg13g2_inv_1          instances: 1711
  Class: sg13g2_inv_2          instances: 129
  Class: sg13g2_inv_4          instances:  60
  Class: sg13g2_inv_8          instances:  25
  Class: sg13g2_xor2_1         instances: 1490
  Class: sg13g2_mux4_1         instances:  90
  Class: sg13g2_xnor2_1        instances: 2780
  Class: sg13g2_and4_1         instances: 264
  Class: sg13g2_and4_2         instances:   5
  Class: sg13g2_or3_1          instances: 146
  Class: sg13g2_or3_2          instances:  12
  Class: sg13g2_nand4_1        instances: 1454
Circuit contains 61912 nets.
Contents of circuit 2:  Circuit: 'soc_top'
Circuit soc_top contains 62256 device instances.
  Class: sg13g2_dlygate4sd3_1  instances: 6623
  Class: sg13g2_antennanp      instances: 683
  Class: sg13g2_buf_16         instances: 241
  Class: sg13g2_dfrbpq_1       instances: 5861
  Class: sg13g2_dfrbpq_2       instances:  11
  Class: sg13g2_and3_1         instances: 240
  Class: sg13g2_and3_2         instances:   4
  Class: sg13g2_or2_1          instances: 495
  Class: sg13g2_or2_2          instances:   6
  Class: sg13g2_nor2b_1        instances: 572
  Class: sg13g2_nor2b_2        instances:  20
  Class: sg13g2_nand3_1        instances: 1163
  Class: sg13g2_mux2_1         instances: 2086
  Class: sg13g2_mux2_2         instances:  19
  Class: sg13g2_decap_4        instances:   1
  Class: sg13g2_decap_8        instances:   1
  Class: RM_IHPSG13_1P_2048x64_c2_bm_bist instances:   4
  Class: sg13g2_and2_1         instances: 888
  Class: sg13g2_and2_2         instances:  14
  Class: sg13g2_tiehi          instances: 1195
  Class: sg13g2_nor4_1         instances: 340
  Class: sg13g2_nor4_2         instances:  42
  Class: sg13g2_nand2_1        instances: 4884
  Class: sg13g2_nand2_2        instances:  59
  Class: sg13g2_inv_16         instances:   4
  Class: RM_IHPSG13_1P_1024x32_c2_bm_bist instances:   2
  Class: sg13g2_nor3_1         instances: 780
  Class: sg13g2_nor3_2         instances: 105
  Class: sg13g2_lgcp_1         instances:   3
  Class: sg13g2_nand3b_1       instances:  78
  Class: sg13g2_fill_1         instances:   1
  Class: sg13g2_fill_2         instances:   1
  Class: sg13g2_tielo          instances: 789
  Class: sg13g2_or4_1          instances:  71
  Class: sg13g2_or4_2          instances:  11
  Class: sg13g2_nor2_1         instances: 3901
  Class: sg13g2_nor2_2         instances:  40
  Class: sg13g2_buf_1          instances: 6879
  Class: sg13g2_buf_2          instances: 560
  Class: sg13g2_buf_4          instances: 680
  Class: sg13g2_buf_8          instances: 976
  Class: sg13g2_a22oi_1        instances: 3552
  Class: sg13g2_o21ai_1        instances: 4624
  Class: sg13g2_a21oi_1        instances: 3401
  Class: sg13g2_a21oi_2        instances:  72
  Class: sg13g2_a21o_1         instances: 502
  Class: sg13g2_a21o_2         instances:   5
  Class: sg13g2_nand2b_1       instances: 726
  Class: sg13g2_nand2b_2       instances:   9
  Class: sg13g2_a221oi_1       instances: 866
  Class: sg13g2_inv_1          instances: 1711
  Class: sg13g2_inv_2          instances: 129
  Class: sg13g2_inv_4          instances:  60
  Class: sg13g2_inv_8          instances:  25
  Class: sg13g2_xor2_1         instances: 1490
  Class: sg13g2_mux4_1         instances:  90
  Class: sg13g2_xnor2_1        instances: 2780
  Class: sg13g2_and4_1         instances: 264
  Class: sg13g2_and4_2         instances:   5
  Class: sg13g2_or3_1          instances: 146
  Class: sg13g2_or3_2          instances:  12
  Class: sg13g2_nand4_1        instances: 1454
Circuit contains 61912 nets.

Circuit 1 contains 62256 devices, Circuit 2 contains 62256 devices.
Circuit 1 contains 61912 nets,    Circuit 2 contains 61912 nets.


Final result: 
Circuits match uniquely.
.
Logging to file "/home/hasanmelih/Documents/neuromorphic-space-soc/hw/soc/pnr/runs/s77lvs-b-blackbox/01-netgen-lvs/reports/lvs.netgen.rpt" disabled
LVS Done.
