No libs found for macro SP6TSRAM512x64 at corner nom_slow_1p08V_125C. The module will be black-boxed.
No libs found for macro DP8TSRAMDP256x16 at corner nom_slow_1p08V_125C. The module will be black-boxed.
No libs found for macro SP6TSRAM512x64 at corner nom_typ_1p20V_25C. The module will be black-boxed.
No libs found for macro DP8TSRAMDP256x16 at corner nom_typ_1p20V_25C. The module will be black-boxed.
No libs found for macro SP6TSRAM512x64 at corner nom_slow_1p08V_125C. The module will be black-boxed.
No libs found for macro DP8TSRAMDP256x16 at corner nom_slow_1p08V_125C. The module will be black-boxed.
No libs found for macro SP6TSRAM512x64 at corner nom_fast_1p32V_m40C. The module will be black-boxed.
No libs found for macro DP8TSRAMDP256x16 at corner nom_fast_1p32V_m40C. The module will be black-boxed.
Multi-clock files are not currently supported by the base SDC file. Only the first clock will be constrained.
No libs found for macro SP6TSRAM512x64 at corner nom_typ_1p20V_25C. The module will be black-boxed.
No libs found for macro DP8TSRAMDP256x16 at corner nom_typ_1p20V_25C. The module will be black-boxed.
No libs found for macro SP6TSRAM512x64 at corner nom_slow_1p08V_125C. The module will be black-boxed.
No libs found for macro DP8TSRAMDP256x16 at corner nom_slow_1p08V_125C. The module will be black-boxed.
No libs found for macro SP6TSRAM512x64 at corner nom_fast_1p32V_m40C. The module will be black-boxed.
No libs found for macro DP8TSRAMDP256x16 at corner nom_fast_1p32V_m40C. The module will be black-boxed.
[ORD-2011] LEF master DP8TSRAMDP256x16 has no liberty cell.
[ORD-2011] LEF master SP6TSRAM512x64 has no liberty cell.
Multi-clock files are not currently supported by the base SDC file. Only the first clock will be constrained.
No libs found for macro SP6TSRAM512x64 at corner nom_typ_1p20V_25C. The module will be black-boxed.
No libs found for macro DP8TSRAMDP256x16 at corner nom_typ_1p20V_25C. The module will be black-boxed.
No libs found for macro SP6TSRAM512x64 at corner nom_slow_1p08V_125C. The module will be black-boxed.
No libs found for macro DP8TSRAMDP256x16 at corner nom_slow_1p08V_125C. The module will be black-boxed.
No libs found for macro SP6TSRAM512x64 at corner nom_fast_1p32V_m40C. The module will be black-boxed.
No libs found for macro DP8TSRAMDP256x16 at corner nom_fast_1p32V_m40C. The module will be black-boxed.
Cell 'SP6TSRAM512x64' has (82) input pin(s) without antenna gate information. They might not be connected to a gate.
Cell 'SP6TSRAM512x64' has (64) output pin(s) without antenna diffusion information. They might not be driven.
No libs found for macro SP6TSRAM512x64 at corner nom_typ_1p20V_25C. The module will be black-boxed.
No libs found for macro DP8TSRAMDP256x16 at corner nom_typ_1p20V_25C. The module will be black-boxed.
No libs found for macro SP6TSRAM512x64 at corner nom_slow_1p08V_125C. The module will be black-boxed.
No libs found for macro DP8TSRAMDP256x16 at corner nom_slow_1p08V_125C. The module will be black-boxed.
No libs found for macro SP6TSRAM512x64 at corner nom_fast_1p32V_m40C. The module will be black-boxed.
No libs found for macro DP8TSRAMDP256x16 at corner nom_fast_1p32V_m40C. The module will be black-boxed.
Multi-clock files are not currently supported by the base SDC file. Only the first clock will be constrained.
No libs found for macro SP6TSRAM512x64 at corner nom_typ_1p20V_25C. The module will be black-boxed.
No libs found for macro DP8TSRAMDP256x16 at corner nom_typ_1p20V_25C. The module will be black-boxed.
No libs found for macro SP6TSRAM512x64 at corner nom_slow_1p08V_125C. The module will be black-boxed.
No libs found for macro DP8TSRAMDP256x16 at corner nom_slow_1p08V_125C. The module will be black-boxed.
No libs found for macro SP6TSRAM512x64 at corner nom_fast_1p32V_m40C. The module will be black-boxed.
No libs found for macro DP8TSRAMDP256x16 at corner nom_fast_1p32V_m40C. The module will be black-boxed.
Multi-clock files are not currently supported by the base SDC file. Only the first clock will be constrained.
No libs found for macro SP6TSRAM512x64 at corner nom_typ_1p20V_25C. The module will be black-boxed.
No libs found for macro DP8TSRAMDP256x16 at corner nom_typ_1p20V_25C. The module will be black-boxed.
No libs found for macro SP6TSRAM512x64 at corner nom_slow_1p08V_125C. The module will be black-boxed.
No libs found for macro DP8TSRAMDP256x16 at corner nom_slow_1p08V_125C. The module will be black-boxed.
No libs found for macro SP6TSRAM512x64 at corner nom_fast_1p32V_m40C. The module will be black-boxed.
No libs found for macro DP8TSRAMDP256x16 at corner nom_fast_1p32V_m40C. The module will be black-boxed.
Multi-clock files are not currently supported by the base SDC file. Only the first clock will be constrained.
[PDN-0195] Removing 8 via(s) between Metal4 and TopMetal2 at (2442.5000 um, 367.5850 um) for VGND
[PDN-0195] Removing 8 via(s) between Metal4 and TopMetal2 at (2442.5000 um, 745.5450 um) for VGND
[PDN-0195] Removing 8 via(s) between Metal4 and TopMetal2 at (2910.5000 um, 367.5850 um) for VGND
[PDN-0195] Removing 8 via(s) between Metal4 and TopMetal2 at (2910.5000 um, 745.5450 um) for VGND
Bterm VPWR is declared as a 'POWER' pin. It will be ignored.
Bterm VGND is declared as a 'GROUND' pin. It will be ignored.
No libs found for macro SP6TSRAM512x64 at corner nom_typ_1p20V_25C. The module will be black-boxed.
No libs found for macro DP8TSRAMDP256x16 at corner nom_typ_1p20V_25C. The module will be black-boxed.
No libs found for macro SP6TSRAM512x64 at corner nom_slow_1p08V_125C. The module will be black-boxed.
No libs found for macro DP8TSRAMDP256x16 at corner nom_slow_1p08V_125C. The module will be black-boxed.
No libs found for macro SP6TSRAM512x64 at corner nom_fast_1p32V_m40C. The module will be black-boxed.
No libs found for macro DP8TSRAMDP256x16 at corner nom_fast_1p32V_m40C. The module will be black-boxed.
Multi-clock files are not currently supported by the base SDC file. Only the first clock will be constrained.
No libs found for macro SP6TSRAM512x64 at corner nom_typ_1p20V_25C. The module will be black-boxed.
No libs found for macro DP8TSRAMDP256x16 at corner nom_typ_1p20V_25C. The module will be black-boxed.
No libs found for macro SP6TSRAM512x64 at corner nom_slow_1p08V_125C. The module will be black-boxed.
No libs found for macro DP8TSRAMDP256x16 at corner nom_slow_1p08V_125C. The module will be black-boxed.
No libs found for macro SP6TSRAM512x64 at corner nom_fast_1p32V_m40C. The module will be black-boxed.
No libs found for macro DP8TSRAMDP256x16 at corner nom_fast_1p32V_m40C. The module will be black-boxed.
Multi-clock files are not currently supported by the base SDC file. Only the first clock will be constrained.
[GRT-0281] Net clk_i has a large fanout of 5524 terminals.
[GRT-0281] Net clk_npu has a large fanout of 2111 terminals.
[GRT-0281] Net g_core_req_reg.u_data_request.rst_ni has a large fanout of 4843 terminals.
[GRT-0281] Net one_ has a large fanout of 4708 terminals.
[GRT-0281] Net u_ibex.clk has a large fanout of 2397 terminals.
No libs found for macro SP6TSRAM512x64 at corner nom_fast_1p32V_m40C. The module will be black-boxed.
No libs found for macro DP8TSRAMDP256x16 at corner nom_fast_1p32V_m40C. The module will be black-boxed.
No libs found for macro SP6TSRAM512x64 at corner nom_typ_1p20V_25C. The module will be black-boxed.
No libs found for macro DP8TSRAMDP256x16 at corner nom_typ_1p20V_25C. The module will be black-boxed.
No libs found for macro SP6TSRAM512x64 at corner nom_slow_1p08V_125C. The module will be black-boxed.
No libs found for macro DP8TSRAMDP256x16 at corner nom_slow_1p08V_125C. The module will be black-boxed.
Multi-clock files are not currently supported by the base SDC file. Only the first clock will be constrained.
No libs found for macro SP6TSRAM512x64 at corner nom_typ_1p20V_25C. The module will be black-boxed.
No libs found for macro DP8TSRAMDP256x16 at corner nom_typ_1p20V_25C. The module will be black-boxed.
No libs found for macro SP6TSRAM512x64 at corner nom_slow_1p08V_125C. The module will be black-boxed.
No libs found for macro DP8TSRAMDP256x16 at corner nom_slow_1p08V_125C. The module will be black-boxed.
No libs found for macro SP6TSRAM512x64 at corner nom_fast_1p32V_m40C. The module will be black-boxed.
No libs found for macro DP8TSRAMDP256x16 at corner nom_fast_1p32V_m40C. The module will be black-boxed.
Multi-clock files are not currently supported by the base SDC file. Only the first clock will be constrained.
No libs found for macro SP6TSRAM512x64 at corner nom_fast_1p32V_m40C. The module will be black-boxed.
No libs found for macro DP8TSRAMDP256x16 at corner nom_fast_1p32V_m40C. The module will be black-boxed.
No libs found for macro SP6TSRAM512x64 at corner nom_typ_1p20V_25C. The module will be black-boxed.
No libs found for macro DP8TSRAMDP256x16 at corner nom_typ_1p20V_25C. The module will be black-boxed.
No libs found for macro SP6TSRAM512x64 at corner nom_slow_1p08V_125C. The module will be black-boxed.
No libs found for macro DP8TSRAMDP256x16 at corner nom_slow_1p08V_125C. The module will be black-boxed.
Multi-clock files are not currently supported by the base SDC file. Only the first clock will be constrained.
[CTS-0041] Net "net59" has 0 sinks. Skipping...
No libs found for macro SP6TSRAM512x64 at corner nom_typ_1p20V_25C. The module will be black-boxed.
No libs found for macro DP8TSRAMDP256x16 at corner nom_typ_1p20V_25C. The module will be black-boxed.
No libs found for macro SP6TSRAM512x64 at corner nom_slow_1p08V_125C. The module will be black-boxed.
No libs found for macro DP8TSRAMDP256x16 at corner nom_slow_1p08V_125C. The module will be black-boxed.
No libs found for macro SP6TSRAM512x64 at corner nom_fast_1p32V_m40C. The module will be black-boxed.
No libs found for macro DP8TSRAMDP256x16 at corner nom_fast_1p32V_m40C. The module will be black-boxed.
Multi-clock files are not currently supported by the base SDC file. Only the first clock will be constrained.
No libs found for macro SP6TSRAM512x64 at corner nom_typ_1p20V_25C. The module will be black-boxed.
No libs found for macro DP8TSRAMDP256x16 at corner nom_typ_1p20V_25C. The module will be black-boxed.
No libs found for macro SP6TSRAM512x64 at corner nom_slow_1p08V_125C. The module will be black-boxed.
No libs found for macro DP8TSRAMDP256x16 at corner nom_slow_1p08V_125C. The module will be black-boxed.
No libs found for macro SP6TSRAM512x64 at corner nom_fast_1p32V_m40C. The module will be black-boxed.
No libs found for macro DP8TSRAMDP256x16 at corner nom_fast_1p32V_m40C. The module will be black-boxed.
Multi-clock files are not currently supported by the base SDC file. Only the first clock will be constrained.
