{
  "status": "PASS_SOURCE_ONLY_TX05_ACTUAL_SPEF_FIRST_REPAIR",
  "freeze": {
    "bytes": 2466,
    "sha256": "aef947a4e3cac31debcef65b1c4a58d8f2a7b6cf87e6ac58fc8ee7dea026f0ce"
  },
  "findings": [],
  "method": {
    "bytes": 3163,
    "sha256": "75993ddab39b6f6d8cc00a32411903c7dfb85714d1a0f208692d378ce87aa139"
  },
  "candidate": {
    "bytes": 14023,
    "sha256": "53e84f2d5214f20df9829ff7402d687ecb57355181b99375dffa5483c0ab32b1"
  },
  "all_function_ASTs_exact": true,
  "whole_source_inverse": true,
  "verified_freeze_inputs": 9,
  "closed_baseline_rehash_count": 38,
  "final_full_GRT_source_exact": true,
  "scope": "Initialized complete GRT context then reloads exact originalTX03 SPEF all3corners; native6digit WNS must reproduce\u2212.601762 before setup. Same4ns/IO constraints, .25setup/.05hold margins and CPU4/2.5GiB/lifecycle. All later modified-net parasitics explicitly mixed estimates, final fullGRT only. Exact finalnetlist/no missing-route checks. No native or reviewed producer executed by peer.",
  "native_result_check": "Inspect optimizer firstiteration WNS as well as pre-call exactreport: source alone cannot guarantee resizer does not refresh parasitics on entry. Prior originalTX04 initial detailedplacement measured0.0um total/max displacement. Fresh proof/faults/3ports/DRT/actualRC required before acceptedtiming."
}
