{
  "delay_by_cell_family": {
    "launch_ff": {
      "count": 1,
      "delay_ns": 0.236463
    },
    "buffer": {
      "count": 13,
      "delay_ns": 2.151659
    },
    "xor_xnor": {
      "count": 1,
      "delay_ns": 0.181031
    },
    "other_boolean": {
      "count": 25,
      "delay_ns": 3.3034399999999997
    },
    "mux": {
      "count": 7,
      "delay_ns": 1.261922
    }
  },
  "word_support_growth": [
    {
      "cell": "_188431_",
      "arrival_ns": 0.236463,
      "structural_current_word_support": []
    }
  ]
}
