{
  "delta_vs_v11": {
    "slow_max": 0.21572799999999992,
    "slow_min": 0.0015719999999999623,
    "typical_max": 0.14713299999999996,
    "typical_min": -0.00019900000000000473,
    "fast_max": 0.08712799999999998,
    "fast_min": -0.00019199999999999773
  },
  "repaired": [
    {
      "stage": "PREPLACEMENT_REPAIRED",
      "corner": "slow",
      "direction": "max",
      "all_group_slacks_ns": [
        3.561266,
        -3.336283
      ],
      "worst_slack_ns": -3.336283
    },
    {
      "stage": "PREPLACEMENT_REPAIRED",
      "corner": "slow",
      "direction": "min",
      "all_group_slacks_ns": [
        0.401006,
        0.411507
      ],
      "worst_slack_ns": 0.401006
    },
    {
      "stage": "PREPLACEMENT_REPAIRED",
      "corner": "typical",
      "direction": "max",
      "all_group_slacks_ns": [
        3.652583,
        -0.611557
      ],
      "worst_slack_ns": -0.611557
    },
    {
      "stage": "PREPLACEMENT_REPAIRED",
      "corner": "typical",
      "direction": "min",
      "all_group_slacks_ns": [
        0.3266,
        0.260212
      ],
      "worst_slack_ns": 0.260212
    },
    {
      "stage": "PREPLACEMENT_REPAIRED",
      "corner": "fast",
      "direction": "max",
      "all_group_slacks_ns": [
        3.698173,
        0.943533
      ],
      "worst_slack_ns": 0.943533
    },
    {
      "stage": "PREPLACEMENT_REPAIRED",
      "corner": "fast",
      "direction": "min",
      "all_group_slacks_ns": [
        0.286336,
        0.176
      ],
      "worst_slack_ns": 0.176
    }
  ]
}
