sw/tests/test_pcie_gen3_continuous_rx_integrity_v25.py::test_actual_wide_rx_full_positive_profiles[150]
sw/tests/test_pcie_gen3_continuous_rx_integrity_v25.py::test_actual_wide_rx_fault_rejected[selector_loses_stp]
sw/tests/test_pcie_gen3_continuous_rx_integrity_v25.py::test_actual_wide_rx_fault_rejected[sequence_byte_order]
sw/tests/test_pcie_gen3_continuous_rx_integrity_v25.py::test_actual_wide_rx_fault_rejected[carry_word_order]
sw/tests/test_pcie_gen3_continuous_rx_integrity_v25.py::test_actual_wide_rx_fault_rejected[stp_suffix_word_order]
sw/tests/test_pcie_gen3_continuous_rx_integrity_v25.py::test_actual_wide_rx_fault_rejected[initial_dllp_loses_carry]
sw/tests/test_pcie_gen3_continuous_rx_integrity_v25.py::test_actual_wide_rx_fault_rejected[dllp_preceding_seed_order]
sw/tests/test_pcie_gen3_continuous_rx_integrity_v25.py::test_actual_wide_rx_fault_rejected[look_drops_successor]
sw/tests/test_pcie_gen3_continuous_rx_integrity_v25.py::test_actual_wide_rx_fault_rejected[edb_releases_bad]
sw/tests/test_pcie_gen3_continuous_rx_integrity_v25.py::test_actual_wide_rx_fault_rejected[fault_descriptor_survives]
sw/tests/test_pcie_gen3_continuous_rx_integrity_v25.py::test_actual_wide_rx_fault_rejected[restart_descriptor_survives]
sw/tests/test_pcie_gen3_continuous_rx_integrity_v25.py::test_actual_wide_rx_fault_rejected[empty_descriptor_blocks]
sw/tests/test_pcie_gen3_continuous_rx_integrity_v25.py::test_actual_wide_rx_fault_rejected[full_descriptor_overwrite]
sw/tests/test_pcie_gen3_integrity_v25_command.py::test_complete_v25_inverse
sw/tests/test_pcie_gen3_integrity_v25_command.py::test_actual_command_temporal_relation[positive]
sw/tests/test_pcie_gen3_integrity_v25_command.py::test_actual_command_temporal_relation[data_zero]
sw/tests/test_pcie_gen3_integrity_v25_command.py::test_actual_command_temporal_relation[tag_zero]
sw/tests/test_pcie_gen3_integrity_v25_command.py::test_actual_command_temporal_relation[verdict_invert]
sw/tests/test_pcie_gen3_integrity_v25_command.py::test_actual_command_temporal_relation[commit_early]
sw/tests/test_pcie_gen3_integrity_v25_command.py::test_actual_command_temporal_relation[apply_needs_step]
sw/tests/test_pcie_gen3_integrity_v25_command.py::test_actual_command_temporal_relation[ending_blocks]
sw/tests/test_pcie_gen3_integrity_v25_command.py::test_actual_command_temporal_relation[bubble_replays]
sw/tests/test_pcie_gen3_integrity_v25_command.py::test_actual_command_temporal_relation[flush_survives]
sw/tests/test_pcie_gen3_integrity_v25_command.py::test_actual_command_temporal_relation[fault_survives]
sw/tests/test_pcie_gen3_integrity_v25_command.py::test_actual_command_temporal_relation[unknown_drops_pending]
sw/tests/test_pcie_gen3_integrity_v25_command.py::test_actual_command_temporal_relation[verdict_priority_reversed]
sw/tests/test_pcie_gen3_integrity_v25_architecture.py::test_actual_all_public_transactions_with_command_and_bank_observers
sw/tests/test_pcie_gen3_integrity_v25_architecture.py::test_actual_nominal_ready_one_plus_one[sustained_minimum_packets_exceed_every_buffer]
sw/tests/test_pcie_gen3_integrity_v25_architecture.py::test_actual_nominal_ready_one_plus_one[tlp_crc_coverage_residue_nullification_and_successor]
sw/tests/test_pcie_gen3_integrity_v25_architecture.py::test_actual_full_dut_command_fault_rejected[visible_commit_early]
sw/tests/test_pcie_gen3_integrity_v25_architecture.py::test_actual_full_dut_command_fault_rejected[fault_command_survives]
sw/tests/test_pcie_gen3_integrity_v25_architecture.py::test_actual_full_dut_command_fault_rejected[flush_command_survives]
sw/tests/test_pcie_gen3_integrity_v25_architecture.py::test_actual_full_dut_command_fault_rejected[apply_requires_step]
sw/tests/test_pcie_gen3_integrity_v25_architecture.py::test_actual_full_dut_command_fault_rejected[ending_drops_command]
sw/tests/test_pcie_gen3_integrity_v25_architecture.py::test_actual_full_dut_command_fault_rejected[new_data_old_tag]
sw/tests/test_pcie_gen3_integrity_v25_architecture.py::test_actual_full_dut_command_fault_rejected[replay_command]
sw/tests/test_pcie_gen3_integrity_v25_architecture.py::test_actual_full_dut_command_fault_rejected[payload_bypass]
sw/tests/test_pcie_gen3_integrity_v25_block_burst.py::test_actual_accepted_block_transaction_cadence[minimum_ring16]
sw/tests/test_pcie_gen3_integrity_v25_block_burst.py::test_actual_accepted_block_transaction_cadence[ring64_stalls]
sw/tests/test_pcie_gen3_integrity_v25_block_burst.py::test_actual_block_contract_fault_rejected[header_promote_stale]
sw/tests/test_pcie_gen3_integrity_v25_block_burst.py::test_actual_block_contract_fault_rejected[ignore_reserved_pending]
sw/tests/test_pcie_gen3_integrity_v25_block_burst.py::test_actual_pending_badblock_fault_edge_and_capacity_quarantine

42/43 tests collected (1 deselected) in 0.19s
