............................F.F...........                               [100%]
=================================== FAILURES ===================================
_______ test_actual_pending_badblock_fault_edge_and_capacity_quarantine ________

tmp_path = PosixPath('/dev/shm/nssoc-integrity-v25-full-controls01/test_actual_pending_badblock_f0')

    def test_actual_pending_badblock_fault_edge_and_capacity_quarantine(tmp_path):
>       run_burst(tmp_path/'fault_epochs', pending_faults=True)

sw/tests/test_pcie_gen3_integrity_v25_block_burst.py:236: 
_ _ _ _ _ _ _ _ _ _ _ _ _ _ _ _ _ _ _ _ _ _ _ _ _ _ _ _ _ _ _ _ _ _ _ _ _ _ _ _ 

directory = PosixPath('/dev/shm/nssoc-integrity-v25-full-controls01/test_actual_pending_badblock_f0/fault_epochs')
minimum = False, fault = None, pending_faults = True

    def run_burst(directory, minimum=False, fault=None, pending_faults=False):
        directory.mkdir()
        dut = RTL / 'soc_pcie_gen3_framer_rx_integrity_v25.v'
        source = dut.read_text()
        if fault:
            before, after, _ = FAULTS[fault]
            assert source.count(before) == 1
            source = source.replace(before, after)
        actual = directory / dut.name
        actual.write_text(source)
        blocks, expected, packets = stimulus(minimum or pending_faults)
        tb, removed = bench(blocks, expected, packets, minimum)
        if pending_faults:
            tb = pending_fault_campaign(tb, len(blocks), len(expected), packets)
        # This equation independently forbids phantom free-space credit for a
        # command whose parser has already reserved all four physical addresses.
        tb = tb.replace('endmodule', '''always @(negedge clk_i) begin
     #0.001;
     if(rst_ni && candidate.occupied !== ((candidate.write_ptr-candidate.read_ptr)&((2*RING_DWORDS)-1)))
      $fatal(1,"V25_RESERVED_CAPACITY_OCCUPANCY");
    end
    endmodule''')
        top = directory / 'tb.v'
        top.write_text(tb)
        (directory / 'removed-cycle-comparison.json').write_text(json.dumps(dict(
            scope='Explicit candidate-only transaction scoreboard, not cycle equivalence', removed_lines=removed), indent=2) + '\n')
        def limits():
            resource.setrlimit(resource.RLIMIT_AS, (2*1024**3, 2*1024**3))
            resource.setrlimit(resource.RLIMIT_CORE, (0, 0))
        environment = {k: v for k, v in os.environ.items() if k not in ('PYTHONPATH', 'PYTHONHOME', 'PYTHONEXECUTABLE')}
        compiler, runtime = shutil.which('iverilog'), shutil.which('vvp')
        assert compiler and runtime
        image = directory / 'sim.vvp'
        with (directory / 'compile.log').open('x') as log:
            result = subprocess.run([compiler, '-g2012', '-s', 'tb', '-o', str(image), str(top), str(actual)],
                                    stdout=log, stderr=subprocess.STDOUT, env=environment, preexec_fn=limits)
        assert result.returncode == 0, (directory / 'compile.log').read_text()
        with (directory / 'simulation.log').open('x') as log:
            result = subprocess.run([runtime, str(image)], stdout=log, stderr=subprocess.STDOUT,
                                    env=environment, preexec_fn=limits)
        text = (directory / 'simulation.log').read_text()
        def pin(p):
            return dict(bytes=p.stat().st_size, sha256=hashlib.sha256(p.read_bytes()).hexdigest())
        (directory / 'result.json').write_text(json.dumps(dict(returncode=result.returncode, fault=fault,
            ring=16 if minimum else 64, maximum=18 if minimum else 150, blocks=len(blocks), bytes=len(expected), packets=packets,
            inputs={str(p): pin(p) for p in (Path(__file__), PARENT, ARCH, actual, top)},
            outputs={str(p): pin(p) for p in (image, directory/'compile.log', directory/'simulation.log')}), indent=2) + '\n')
        if fault:
            assert result.returncode != 0 and FAULTS[fault][2] in text, text
        else:
>           assert result.returncode == 0 and 'PASS_V25_FRAMER_BURST' in text and 'V25_REAL_LINE_RATE' in text, text
E           AssertionError: FATAL: /dev/shm/nssoc-integrity-v25-full-controls01/test_actual_pending_badblock_f0/fault_epochs/tb.v:78: V25_FRAMER_UNEXPECTED_FAULT
E                    Time: 550000  Scope: tb.cycle
E             V25_COMMAND_DUT_WITNESSES commands=133 applies=132 bubble=0 ending=0 replacements=132 wraps=4 zero=3 epochs=0,0,0,0,1,1
E             FATAL: /dev/shm/nssoc-integrity-v25-full-controls01/test_actual_pending_badblock_f0/fault_epochs/tb.v:2603: V25_REAL_LINE_RATE_WRAP_OR_FINAL_COMMAND_WITNESS
E                    Time: 550000  Scope: tb
E             
E           assert (1 == 0)
E            +  where 1 = CompletedProcess(args=['/home/hasanmelih/.local/bin/vvp', '/dev/shm/nssoc-integrity-v25-full-controls01/test_actual_pending_badblock_f0/fault_epochs/sim.vvp'], returncode=1).returncode

sw/tests/test_pcie_gen3_integrity_v25_block_burst.py:219: AssertionError
_______________ test_actual_command_temporal_relation[positive] ________________

tmp_path = PosixPath('/dev/shm/nssoc-integrity-v25-full-controls01/test_actual_command_temporal_r0')
fault = None

    @pytest.mark.parametrize('fault', (None, *FAULTS), ids=('positive', *(row[0] for row in FAULTS)))
    def test_actual_command_temporal_relation(tmp_path, fault):
        old = generator.BASE.read_text()
        new = (RTL / 'soc_pcie_gen3_framer_rx_integrity_v25.v').read_text()
        if fault:
            _, before, after, _ = fault
            assert new.count(before) == 1
            new = new.replace(before, after)
        source = tmp_path / 'command.v'
        source.write_text(writer('reference', old, False) + writer('candidate', new, True) + TB)
        compiler, runtime = shutil.which('iverilog'), shutil.which('vvp')
        assert compiler and runtime, 'Actual Icarus required; never skip'
        binary = tmp_path / 'command.vvp'
        environment = {key: value for key, value in os.environ.items()
                       if key not in ('PYTHONPATH', 'PYTHONHOME', 'PYTHONEXECUTABLE')}
        with (tmp_path / 'compile.log').open('w') as stream:
            compile_result = subprocess.run([compiler, '-g2012', '-s', 'tb', '-o', str(binary), str(source)],
                                            stdout=stream, stderr=subprocess.STDOUT, env=environment)
        assert compile_result.returncode == 0, (tmp_path / 'compile.log').read_text()
        with (tmp_path / 'simulation.log').open('w') as stream:
            result = subprocess.run([runtime, str(binary)], stdout=stream,
                                    stderr=subprocess.STDOUT, env=environment)
        log = (tmp_path / 'simulation.log').read_text()
        if fault:
            assert result.returncode != 0 and fault[3] in log, log
            assert 'V25_COMMAND_RELATION_PASS' not in log
        else:
>           assert result.returncode == 0, log
E           AssertionError: FATAL: /dev/shm/nssoc-integrity-v25-full-controls01/test_actual_command_temporal_r0/command.v:387: V25_COMMAND_UNKNOWN_CONTROL_WRITES
E                    Time: 12414  Scope: tb
E             
E           assert 1 == 0
E            +  where 1 = CompletedProcess(args=['/home/hasanmelih/.local/bin/vvp', '/dev/shm/nssoc-integrity-v25-full-controls01/test_actual_command_temporal_r0/command.vvp'], returncode=1).returncode

sw/tests/test_pcie_gen3_integrity_v25_command.py:310: AssertionError
=========================== short test summary info ============================
FAILED sw/tests/test_pcie_gen3_integrity_v25_block_burst.py::test_actual_pending_badblock_fault_edge_and_capacity_quarantine
FAILED sw/tests/test_pcie_gen3_integrity_v25_command.py::test_actual_command_temporal_relation[positive]
2 failed, 40 passed, 1 deselected in 207.84s (0:03:27)
