{
  "delta_vs_v11": {
    "slow_max": 0.13002499999999984,
    "slow_min": 0.0015719999999999623,
    "typical_max": 0.054165999999999936,
    "typical_min": -0.00019900000000000473,
    "fast_max": 0.03142699999999998,
    "fast_min": -0.00019199999999999773
  },
  "delta_vs_v17": {
    "slow_max": -0.08570300000000008,
    "slow_min": 0.0,
    "typical_max": -0.09296700000000002,
    "typical_min": 0.0,
    "fast_max": -0.055701,
    "fast_min": 0.0
  },
  "repaired": [
    {
      "stage": "PREPLACEMENT_REPAIRED",
      "corner": "slow",
      "direction": "max",
      "all_group_slacks_ns": [
        3.561266,
        -3.421986
      ],
      "worst_slack_ns": -3.421986
    },
    {
      "stage": "PREPLACEMENT_REPAIRED",
      "corner": "slow",
      "direction": "min",
      "all_group_slacks_ns": [
        0.401006,
        0.411507
      ],
      "worst_slack_ns": 0.401006
    },
    {
      "stage": "PREPLACEMENT_REPAIRED",
      "corner": "typical",
      "direction": "max",
      "all_group_slacks_ns": [
        3.652583,
        -0.704524
      ],
      "worst_slack_ns": -0.704524
    },
    {
      "stage": "PREPLACEMENT_REPAIRED",
      "corner": "typical",
      "direction": "min",
      "all_group_slacks_ns": [
        0.3266,
        0.260212
      ],
      "worst_slack_ns": 0.260212
    },
    {
      "stage": "PREPLACEMENT_REPAIRED",
      "corner": "fast",
      "direction": "max",
      "all_group_slacks_ns": [
        3.698173,
        0.887832
      ],
      "worst_slack_ns": 0.887832
    },
    {
      "stage": "PREPLACEMENT_REPAIRED",
      "corner": "fast",
      "direction": "min",
      "all_group_slacks_ns": [
        0.286336,
        0.176
      ],
      "worst_slack_ns": 0.176
    }
  ]
}
