sw/tests/test_pcie_gen3_integrity_v22_cache.py::test_exact_generated_inverse_and_wrapper_bridge
sw/tests/test_pcie_gen3_integrity_v22_cache.py::test_actual_cache_body_literal_fourstate_and_extra_fault_writes[None]
sw/tests/test_pcie_gen3_integrity_v22_cache.py::test_actual_cache_body_literal_fourstate_and_extra_fault_writes[skip]
sw/tests/test_pcie_gen3_integrity_v22_cache.py::test_actual_cache_body_literal_fourstate_and_extra_fault_writes[invert]
sw/tests/test_pcie_gen3_integrity_v22_cache.py::test_actual_cache_body_literal_fourstate_and_extra_fault_writes[ignore_step]
sw/tests/test_pcie_gen3_integrity_v22_cache.py::test_actual_cache_body_literal_fourstate_and_extra_fault_writes[stale_owner]
sw/tests/test_pcie_gen3_integrity_v22_cache.py::test_actual_cache_body_literal_fourstate_and_extra_fault_writes[reverse_priority]
sw/tests/test_pcie_gen3_integrity_v22_cache.py::test_actual_cache_body_literal_fourstate_and_extra_fault_writes[restore_fault_gate]
sw/tests/test_pcie_gen3_integrity_v22_miter.py::test_v21_v22_cycle_exact_all_public_outputs[150]
sw/tests/test_pcie_gen3_integrity_v22_miter.py::test_actual_miter_fault_is_observed[public_data_inversion]
sw/tests/test_pcie_gen3_integrity_v22_miter.py::test_actual_miter_fault_is_observed[unqualified_speculative_fault]
sw/tests/test_pcie_gen3_integrity_v22_miter.py::test_actual_miter_fault_is_observed[cache_skips_step]
sw/tests/test_pcie_gen3_integrity_v22_miter.py::test_actual_miter_fault_is_observed[cache_inverts_value]
sw/tests/test_pcie_gen3_integrity_v22_miter.py::test_actual_miter_fault_is_observed[cache_stale_new_owner]
sw/tests/test_pcie_gen3_integrity_v22_miter.py::test_actual_miter_fault_is_observed[fault_keeps_ring_owner]
sw/tests/test_pcie_gen3_integrity_v22_miter.py::test_only_quarantined_cache_edits_to_frozen_sources
sw/tests/test_pcie_gen3_continuous_rx_integrity_v22.py::test_actual_wide_rx_full_positive_profiles[150]
sw/tests/test_pcie_gen3_continuous_rx_integrity_v22.py::test_actual_wide_rx_fault_rejected[selector_loses_stp]
sw/tests/test_pcie_gen3_continuous_rx_integrity_v22.py::test_actual_wide_rx_fault_rejected[sequence_byte_order]
sw/tests/test_pcie_gen3_continuous_rx_integrity_v22.py::test_actual_wide_rx_fault_rejected[carry_word_order]
sw/tests/test_pcie_gen3_continuous_rx_integrity_v22.py::test_actual_wide_rx_fault_rejected[stp_suffix_word_order]
sw/tests/test_pcie_gen3_continuous_rx_integrity_v22.py::test_actual_wide_rx_fault_rejected[initial_dllp_loses_carry]
sw/tests/test_pcie_gen3_continuous_rx_integrity_v22.py::test_actual_wide_rx_fault_rejected[dllp_preceding_seed_order]
sw/tests/test_pcie_gen3_continuous_rx_integrity_v22.py::test_actual_wide_rx_fault_rejected[look_drops_successor]
sw/tests/test_pcie_gen3_continuous_rx_integrity_v22.py::test_actual_wide_rx_fault_rejected[edb_releases_bad]
sw/tests/test_pcie_gen3_continuous_rx_integrity_v22.py::test_actual_wide_rx_fault_rejected[fault_descriptor_survives]
sw/tests/test_pcie_gen3_continuous_rx_integrity_v22.py::test_actual_wide_rx_fault_rejected[restart_descriptor_survives]
sw/tests/test_pcie_gen3_continuous_rx_integrity_v22.py::test_actual_wide_rx_fault_rejected[empty_descriptor_blocks]
sw/tests/test_pcie_gen3_continuous_rx_integrity_v22.py::test_actual_wide_rx_fault_rejected[full_descriptor_overwrite]

29/31 tests collected (2 deselected) in 0.13s
