{
  "delay_by_cell_family": {
    "launch_ff": {
      "count": 1,
      "delay_ns": 0.236463
    },
    "buffer": {
      "count": 19,
      "delay_ns": 3.0575249999999996
    },
    "xor_xnor": {
      "count": 1,
      "delay_ns": 0.181031
    },
    "other_boolean": {
      "count": 21,
      "delay_ns": 2.620655
    },
    "mux": {
      "count": 7,
      "delay_ns": 1.2498949999999998
    }
  },
  "word_support_growth": [
    {
      "cell": "_188465_",
      "arrival_ns": 0.236463,
      "structural_current_word_support": []
    },
    {
      "cell": "_181060_",
      "arrival_ns": 6.642405,
      "structural_current_word_support": [
        0
      ]
    },
    {
      "cell": "_181061_",
      "arrival_ns": 6.816827,
      "structural_current_word_support": [
        0,
        1
      ]
    },
    {
      "cell": "_181063_",
      "arrival_ns": 7.003678,
      "structural_current_word_support": [
        0,
        1,
        2
      ]
    },
    {
      "cell": "_181064_",
      "arrival_ns": 7.146082,
      "structural_current_word_support": [
        0,
        1,
        2,
        3
      ]
    }
  ]
}
