{
  "delta_vs_v11": {
    "slow_max": 0.007728999999999875,
    "slow_min": -0.02881100000000003,
    "typical_max": 0.012693999999999983,
    "typical_min": -0.00019900000000000473,
    "fast_max": 0.0009270000000000111,
    "fast_min": -0.00019199999999999773
  },
  "delta_vs_v17": {
    "slow_max": -0.20799900000000004,
    "slow_min": -0.030382999999999993,
    "typical_max": -0.13443899999999998,
    "typical_min": 0.0,
    "fast_max": -0.08620099999999997,
    "fast_min": 0.0
  },
  "repaired": [
    {
      "stage": "PREPLACEMENT_REPAIRED",
      "corner": "slow",
      "direction": "max",
      "all_group_slacks_ns": [
        3.561266,
        -3.544282
      ],
      "worst_slack_ns": -3.544282
    },
    {
      "stage": "PREPLACEMENT_REPAIRED",
      "corner": "slow",
      "direction": "min",
      "all_group_slacks_ns": [
        0.401006,
        0.370623
      ],
      "worst_slack_ns": 0.370623
    },
    {
      "stage": "PREPLACEMENT_REPAIRED",
      "corner": "typical",
      "direction": "max",
      "all_group_slacks_ns": [
        3.652583,
        -0.745996
      ],
      "worst_slack_ns": -0.745996
    },
    {
      "stage": "PREPLACEMENT_REPAIRED",
      "corner": "typical",
      "direction": "min",
      "all_group_slacks_ns": [
        0.3266,
        0.260212
      ],
      "worst_slack_ns": 0.260212
    },
    {
      "stage": "PREPLACEMENT_REPAIRED",
      "corner": "fast",
      "direction": "max",
      "all_group_slacks_ns": [
        3.698173,
        0.857332
      ],
      "worst_slack_ns": 0.857332
    },
    {
      "stage": "PREPLACEMENT_REPAIRED",
      "corner": "fast",
      "direction": "min",
      "all_group_slacks_ns": [
        0.286336,
        0.176
      ],
      "worst_slack_ns": 0.176
    }
  ]
}
