max slew

Pin                                           Limit           Slew          Slack
---------------------------------------------------------------------------------
fanout1134/X                            2.507400036    5.362080097   -2.854680061 (VIOLATED)
fanout1405/X                            2.507400036    5.004796982   -2.497396946 (VIOLATED)
fanout1695/X                            2.507400036    5.003427029   -2.496026993 (VIOLATED)
fanout3125/X                            2.507400036    4.859913349   -2.352513313 (VIOLATED)
_079747_/Y                              2.507400036    4.770905018   -2.263504982 (VIOLATED)
max_cap2817/A                           2.507400036    4.770905018   -2.263504982 (VIOLATED)
fanout1412/X                            2.507400036    4.761713505   -2.254313231 (VIOLATED)
_078805_/Y                              2.507400036    4.574755669   -2.067355633 (VIOLATED)
max_cap2558/A                           2.507400036    4.574755669   -2.067355633 (VIOLATED)
fanout1414/X                            2.507400036    4.379358768   -1.871958613 (VIOLATED)
fanout1403/X                            2.507400036    4.351548672   -1.844148397 (VIOLATED)
fanout1410/X                            2.507400036    4.330158710   -1.822758436 (VIOLATED)
fanout1139/X                            2.507400036    4.285733700   -1.778333545 (VIOLATED)
fanout1240/X                            2.507400036    4.206847668   -1.699447274 (VIOLATED)
fanout1395/X                            2.507400036    4.199889660   -1.692489743 (VIOLATED)
max_cap3058/A                           2.507400036    4.161965370   -1.654565454 (VIOLATED)
_079242_/Y                              2.507400036    4.161960602   -1.654560566 (VIOLATED)
fanout1041/X                            2.507400036    4.110127926   -1.602727771 (VIOLATED)
max_cap3055/A                           2.507400036    4.061716080   -1.554315805 (VIOLATED)
_079303_/Y                              2.507400036    4.060845375   -1.553445458 (VIOLATED)
_080039_/Y                              2.507400036    4.033954620   -1.526554465 (VIOLATED)
max_cap3040/A                           2.507400036    4.033954620   -1.526554465 (VIOLATED)
max_cap4018/A                           2.507400036    4.033059120   -1.525658727 (VIOLATED)
_080034_/Y                              2.507400036    4.033043861   -1.525643706 (VIOLATED)
fanout1401/X                            2.507400036    4.020639896   -1.513239741 (VIOLATED)
fanout1137/X                            2.507400036    4.013322830   -1.505922556 (VIOLATED)
fanout1408/X                            2.507400036    4.004424572   -1.497024298 (VIOLATED)
max_cap3053/A                           2.507400036    3.989521742   -1.482121587 (VIOLATED)
_079324_/Y                              2.507400036    3.989505291   -1.482105136 (VIOLATED)
max_cap3671/A                           2.507400036    3.987384319   -1.479984164 (VIOLATED)
_080178_/Y                              2.507400036    3.987350941   -1.479950905 (VIOLATED)
_064038_/B1                             2.507400036    3.938907862   -1.431507826 (VIOLATED)
_063956_/B1                             2.507400036    3.938886642   -1.431486487 (VIOLATED)
_064011_/B1                             2.507400036    3.938566446   -1.431166291 (VIOLATED)
_064024_/B1                             2.507400036    3.935442686   -1.428042650 (VIOLATED)
_063906_/A                              2.507400036    3.935439110   -1.428039074 (VIOLATED)
_064005_/B1                             2.507400036    3.935218573   -1.427818298 (VIOLATED)
_063968_/B1                             2.507400036    3.935168743   -1.427768588 (VIOLATED)
_063905_/Y                              2.507400036    3.935112238   -1.427712202 (VIOLATED)
fanout1042/X                            2.507400036    3.903274775   -1.395874619 (VIOLATED)
fanout1397/X                            2.507400036    3.859684229   -1.352284074 (VIOLATED)
max_cap3673/A                           2.507400036    3.845909834   -1.338509798 (VIOLATED)
_080100_/Y                              2.507400036    3.845902443   -1.338502288 (VIOLATED)
_080177_/Y                              2.507400036    3.830004930   -1.322604775 (VIOLATED)
max_cap3396/A                           2.507400036    3.830004930   -1.322604775 (VIOLATED)
_064038_/A2                             2.507400036    3.763727188   -1.256327033 (VIOLATED)
_064011_/A2                             2.507400036    3.763284445   -1.255884290 (VIOLATED)
_064025_/A2                             2.507400036    3.753242731   -1.245842576 (VIOLATED)
_063920_/A                              2.507400036    3.753208160   -1.245807886 (VIOLATED)
_064006_/A2                             2.507400036    3.753078938   -1.245678663 (VIOLATED)
_063969_/A2                             2.507400036    3.753038406   -1.245638251 (VIOLATED)
_063984_/A2                             2.507400036    3.753035784   -1.245635629 (VIOLATED)
_063919_/Y                              2.507400036    3.753028154   -1.245628119 (VIOLATED)
max_cap2818/A                           2.507400036    3.749347687   -1.241947412 (VIOLATED)
_079312_/Y                              2.507400036    3.749327183   -1.241927028 (VIOLATED)
max_cap3047/A                           2.507400036    3.741588116   -1.234187841 (VIOLATED)
_079594_/Y                              2.507400036    3.741583109   -1.234182954 (VIOLATED)
fanout2861/X                            2.507400036    3.739596367   -1.232196212 (VIOLATED)
fanout1399/X                            2.507400036    3.716398001   -1.208997846 (VIOLATED)
max_cap3028/A                           2.507400036    3.702948570   -1.195548415 (VIOLATED)
_083514_/Y                              2.507400036    3.702938318   -1.195538163 (VIOLATED)
max_cap3672/A                           2.507400036    3.699847937   -1.192447782 (VIOLATED)
_080115_/Y                              2.507400036    3.699835062   -1.192434907 (VIOLATED)
fanout3127/X                            2.507400036    3.659702301   -1.152302027 (VIOLATED)
_079880_/Y                              2.507400036    3.649978161   -1.142578006 (VIOLATED)
max_cap4023/A                           2.507400036    3.649978161   -1.142578006 (VIOLATED)
fanout1390/X                            2.507400036    3.627871513   -1.120471358 (VIOLATED)
fanout1238/X                            2.507400036    3.626653671   -1.119253635 (VIOLATED)
_077459_/Y                              2.507400036    3.624151945   -1.116751790 (VIOLATED)
max_cap3681/A                           2.507400036    3.624151945   -1.116751790 (VIOLATED)
max_cap3059/A                           2.507400036    3.609853506   -1.102453232 (VIOLATED)
_079165_/Y                              2.507400036    3.608076334   -1.100676298 (VIOLATED)
fanout1409/X                            2.507400036    3.576562166   -1.069162130 (VIOLATED)
fanout1147/X                            2.507400036    3.575078726   -1.067678690 (VIOLATED)
fanout1044/X                            2.507400036    3.544216871   -1.036816716 (VIOLATED)
fanout1141/X                            2.507400036    3.534408331   -1.027008295 (VIOLATED)
max_cap4403/A                           2.507400036    3.486684799   -0.979284704 (VIOLATED)
_079847_/Y                              2.507400036    3.486665726   -0.979265571 (VIOLATED)
fanout1144/X                            2.507400036    3.484235287   -0.976835072 (VIOLATED)
fanout1149/X                            2.507400036    3.479251623   -0.971851528 (VIOLATED)
fanout1411/X                            2.507400036    3.454325438   -0.946925223 (VIOLATED)
fanout1406/X                            2.507400036    3.446365595   -0.938965380 (VIOLATED)
max_cap3998/A                           2.507400036    3.433465719   -0.926065445 (VIOLATED)
_082596_/Y                              2.507400036    3.433447123   -0.926047027 (VIOLATED)
fanout1235/X                            2.507400036    3.429809809   -0.922409713 (VIOLATED)
_079317_/X                              2.507400036    3.406231642   -0.898831487 (VIOLATED)
fanout1135/X                            2.507400036    3.385405302   -0.878005266 (VIOLATED)
_111941_/B                              2.507400036    3.375559092   -0.868158877 (VIOLATED)
_097071_/A                              2.507400036    3.354941368   -0.847541153 (VIOLATED)
_096916_/A                              2.507400036    3.354939938   -0.847539842 (VIOLATED)
_096818_/A                              2.507400036    3.354937077   -0.847536981 (VIOLATED)
_096947_/A                              2.507400036    3.354933262   -0.847533166 (VIOLATED)
_096817_/Y                              2.507400036    3.354922771   -0.847522736 (VIOLATED)
fanout1601/X                            2.507400036    3.335694790   -0.828294575 (VIOLATED)
fanout3130/X                            2.507400036    3.330194950   -0.822794735 (VIOLATED)
max_cap2819/A                           2.507400036    3.305108070   -0.797707915 (VIOLATED)
_079153_/Y                              2.507400036    3.302620411   -0.795220375 (VIOLATED)
fanout1415/X                            2.507400036    3.293518543   -0.786118507 (VIOLATED)
fanout980/X                             2.507400036    3.284785748   -0.777385533 (VIOLATED)
fanout1404/X                            2.507400036    3.275487423   -0.768087387 (VIOLATED)
fanout1392/X                            2.507400036    3.260010481   -0.752610445 (VIOLATED)
max_cap3674/A                           2.507400036    3.251902819   -0.744502723 (VIOLATED)
_079846_/Y                              2.507400036    3.251848459   -0.744448304 (VIOLATED)
max_cap3400/A                           2.507400036    3.248951435   -0.741551280 (VIOLATED)
_079742_/Y                              2.507400036    3.248905420   -0.741505325 (VIOLATED)
fanout1241/X                            2.507400036    3.247545481   -0.740145326 (VIOLATED)
_116853_/B1                             2.507400036    3.235772610   -0.728372514 (VIOLATED)
_117032_/A1                             2.507400036    3.235745430   -0.728345394 (VIOLATED)
_116982_/A                              2.507400036    3.235695124   -0.728295028 (VIOLATED)
_117030_/B2                             2.507400036    3.235653400   -0.728253245 (VIOLATED)
fanout1376/X                            2.507400036    3.227805614   -0.720405519 (VIOLATED)
fanout1402/X                            2.507400036    3.226346016   -0.718945801 (VIOLATED)
_116852_/Y                              2.507400036    3.209327221   -0.701927185 (VIOLATED)
max_cap4022/A                           2.507400036    3.208126068   -0.700725913 (VIOLATED)
_079942_/Y                              2.507400036    3.208119869   -0.700719714 (VIOLATED)
fanout1599/X                            2.507400036    3.200409174   -0.693009019 (VIOLATED)
fanout1138/X                            2.507400036    3.170548677   -0.663148463 (VIOLATED)
fanout975/X                             2.507400036    3.165813684   -0.658413589 (VIOLATED)
max_cap3397/A                           2.507400036    3.158303499   -0.650903344 (VIOLATED)
_079945_/Y                              2.507400036    3.158047438   -0.650647342 (VIOLATED)
max_cap4026/A                           2.507400036    3.157968760   -0.650568485 (VIOLATED)
_079824_/Y                              2.507400036    3.157963753   -0.650563598 (VIOLATED)
_081588_/X                              2.507400036    3.157899618   -0.650499463 (VIOLATED)
_064232_/A2                             2.507400036    3.136885166   -0.629484951 (VIOLATED)
_064169_/A2                             2.507400036    3.136782169   -0.629382133 (VIOLATED)
_064207_/A2                             2.507400036    3.136654854   -0.629254639 (VIOLATED)
_064272_/A2                             2.507400036    3.131147861   -0.623747766 (VIOLATED)
_064128_/A                              2.507400036    3.131140947   -0.623740852 (VIOLATED)
_064269_/B1                             2.507400036    3.131140232   -0.623740196 (VIOLATED)
_064184_/B1                             2.507400036    3.131132364   -0.623732209 (VIOLATED)
_064127_/Y                              2.507400036    3.131114006   -0.623713970 (VIOLATED)
fanout1591/X                            2.507400036    3.128093243   -0.620693088 (VIOLATED)
fanout3133/X                            2.507400036    3.121659994   -0.614259779 (VIOLATED)
_112635_/A                              2.507400036    3.118813038   -0.611412942 (VIOLATED)
_112717_/A                              2.507400036    3.118799210   -0.611399174 (VIOLATED)
_112767_/A                              2.507400036    3.118281841   -0.610881805 (VIOLATED)
_113088_/A                              2.507400036    3.117728472   -0.610328257 (VIOLATED)
_112867_/A                              2.507400036    3.117507458   -0.610107303 (VIOLATED)
_112963_/A                              2.507400036    3.117505074   -0.610104859 (VIOLATED)
_079596_/X                              2.507400036    3.113390923   -0.605990827 (VIOLATED)
fanout1388/X                            2.507400036    3.109783649   -0.602383494 (VIOLATED)
_112562_/A                              2.507400036    3.105616808   -0.598216593 (VIOLATED)
fanout3134/X                            2.507400036    3.098119497   -0.590719283 (VIOLATED)
fanout1393/X                            2.507400036    3.097259760   -0.589859486 (VIOLATED)
fanout2863/X                            2.507400036    3.095474720   -0.588074505 (VIOLATED)
_112561_/Y                              2.507400036    3.093689442   -0.586289227 (VIOLATED)
fanout1696/X                            2.507400036    3.073632002   -0.566231966 (VIOLATED)
fanout1413/X                            2.507400036    3.071006775   -0.563606739 (VIOLATED)
max_cap3669/A                           2.507400036    3.063209057   -0.555808961 (VIOLATED)
_081585_/Y                              2.507400036    3.063189268   -0.555789232 (VIOLATED)
_116911_/B1                             2.507400036    3.060697079   -0.553296983 (VIOLATED)
_116752_/A                              2.507400036    3.060658932   -0.553258777 (VIOLATED)
_116739_/B                              2.507400036    3.060398340   -0.552998126 (VIOLATED)
_116780_/A1                             2.507400036    3.060299397   -0.552899301 (VIOLATED)
_116736_/A1                             2.507400036    3.060284853   -0.552884638 (VIOLATED)
_116737_/A1                             2.507400036    3.060164452   -0.552764297 (VIOLATED)
fanout3138/X                            2.507400036    3.059555292   -0.552155197 (VIOLATED)
fanout4027/A                            2.507400036    3.056407213   -0.549007058 (VIOLATED)
_079745_/Y                              2.507400036    3.056174755   -0.548774600 (VIOLATED)
max_cap4043/A                           2.507400036    3.054544926   -0.547144771 (VIOLATED)
_077356_/Y                              2.507400036    3.054538727   -0.547138572 (VIOLATED)
fanout1375/X                            2.507400036    3.044872761   -0.537472546 (VIOLATED)
_079845_/A0                             2.507400036    3.043443918   -0.536043644 (VIOLATED)
fanout4025/X                            2.507400036    3.043439865   -0.536039650 (VIOLATED)
fanout1396/X                            2.507400036    3.038962841   -0.531562567 (VIOLATED)
fanout1132/X                            2.507400036    3.034604073   -0.527203858 (VIOLATED)
fanout1595/X                            2.507400036    3.033856630   -0.526456475 (VIOLATED)
fanout976/X                             2.507400036    3.024714708   -0.517314672 (VIOLATED)
_079746_/B                              2.507400036    3.022533178   -0.515133083 (VIOLATED)
fanout4027/X                            2.507400036    3.022432566   -0.515032470 (VIOLATED)
_116723_/Y                              2.507400036    3.022320509   -0.514920354 (VIOLATED)
_138767_/B                              2.507400036    3.021628141   -0.514227986 (VIOLATED)
_138773_/B                              2.507400036    3.021611929   -0.514211774 (VIOLATED)
_138775_/A                              2.507400036    3.021348000   -0.513947785 (VIOLATED)
_138770_/B                              2.507400036    3.021338701   -0.513938487 (VIOLATED)
_120793_/S                              2.507400036    3.020515203   -0.513115108 (VIOLATED)
_120791_/B                              2.507400036    3.020504475   -0.513104260 (VIOLATED)
_120792_/A1                             2.507400036    3.020494938   -0.513094902 (VIOLATED)
_083381_/Y                              2.507400036    3.020476103   -0.513076067 (VIOLATED)
wire2856/A                              2.507400036    3.017460346   -0.510060251 (VIOLATED)
_069379_/Y                              2.507400036    3.017433643   -0.510033607 (VIOLATED)
fanout1398/X                            2.507400036    3.013469696   -0.506069660 (VIOLATED)
fanout979/X                             2.507400036    3.001011848   -0.493611604 (VIOLATED)
fanout2862/X                            2.507400036    2.999473572   -0.492073506 (VIOLATED)
fanout1400/X                            2.507400036    2.998569489   -0.491169333 (VIOLATED)
fanout1140/X                            2.507400036    2.990028858   -0.482628852 (VIOLATED)
fanout1384/A                            2.507400036    2.982799530   -0.475399286 (VIOLATED)
fanout1383/A                            2.507400036    2.980303526   -0.472903281 (VIOLATED)
_068956_/Y                              2.507400036    2.980212927   -0.472812682 (VIOLATED)
_078803_/Y                              2.507400036    2.970311165   -0.462911069 (VIOLATED)
fanout3064/A                            2.507400036    2.970311165   -0.462911069 (VIOLATED)
fanout3126/X                            2.507400036    2.948366165   -0.440965950 (VIOLATED)
fanout1048/X                            2.507400036    2.941123962   -0.433723748 (VIOLATED)
fanout3136/X                            2.507400036    2.936800480   -0.429400295 (VIOLATED)
fanout979/A                             2.507400036    2.934192419   -0.426792383 (VIOLATED)
fanout978/A                             2.507400036    2.931784868   -0.424384773 (VIOLATED)
_068720_/Y                              2.507400036    2.931212902   -0.423812777 (VIOLATED)
fanout1694/X                            2.507400036    2.927874565   -0.420474321 (VIOLATED)
fanout3139/X                            2.507400036    2.927735567   -0.420335323 (VIOLATED)
_079339_/X                              2.507400036    2.917809010   -0.410408825 (VIOLATED)
fanout1150/X                            2.507400036    2.903627872   -0.396227717 (VIOLATED)
fanout1142/X                            2.507400036    2.899414062   -0.392013997 (VIOLATED)
fanout1155/X                            2.507400036    2.885641336   -0.378241241 (VIOLATED)
_065764_/B                              2.507400036    2.885032892   -0.377632827 (VIOLATED)
_065746_/C                              2.507400036    2.885031462   -0.377631277 (VIOLATED)
_066168_/C                              2.507400036    2.882137775   -0.374737591 (VIOLATED)
_112215_/A_N                            2.507400036    2.881470442   -0.374070346 (VIOLATED)
_065745_/Y                              2.507400036    2.881462097   -0.374061912 (VIOLATED)
_079944_/B                              2.507400036    2.880230904   -0.372830659 (VIOLATED)
fanout4020/X                            2.507400036    2.880230904   -0.372830659 (VIOLATED)
fanout1592/X                            2.507400036    2.879185915   -0.371785730 (VIOLATED)
fanout2588/A                            2.507400036    2.869519949   -0.362119913 (VIOLATED)
_085505_/A                              2.507400036    2.868637085   -0.361237049 (VIOLATED)
_085332_/B                              2.507400036    2.868621588   -0.361221522 (VIOLATED)
_086176_/A                              2.507400036    2.868520975   -0.361120909 (VIOLATED)
_086013_/A                              2.507400036    2.868406773   -0.361006558 (VIOLATED)
_085841_/A                              2.507400036    2.868305922   -0.360905766 (VIOLATED)
_085669_/A                              2.507400036    2.868304491   -0.360904425 (VIOLATED)
_086349_/A                              2.507400036    2.868266344   -0.360866249 (VIOLATED)
_086511_/A                              2.507400036    2.868254423   -0.360854238 (VIOLATED)
_085331_/Y                              2.507400036    2.868191719   -0.360791624 (VIOLATED)
fanout2587/A                            2.507400036    2.867663860   -0.360263824 (VIOLATED)
_068995_/Y                              2.507400036    2.867175341   -0.359775096 (VIOLATED)
fanout1053/X                            2.507400036    2.861140251   -0.353740156 (VIOLATED)
fanout3128/X                            2.507400036    2.856273413   -0.348873168 (VIOLATED)
fanout978/X                             2.507400036    2.854727030   -0.347326845 (VIOLATED)
fanout1391/X                            2.507400036    2.845452547   -0.338052481 (VIOLATED)
fanout1051/X                            2.507400036    2.835449696   -0.328049600 (VIOLATED)
fanout1600/X                            2.507400036    2.834855556   -0.327455401 (VIOLATED)
wire3043/A                              2.507400036    2.833658934   -0.326258808 (VIOLATED)
fanout1133/X                            2.507400036    2.833639860   -0.326239705 (VIOLATED)
_080023_/Y                              2.507400036    2.833638906   -0.326238811 (VIOLATED)
fanout1138/A                            2.507400036    2.826070309   -0.318670213 (VIOLATED)
fanout1137/A                            2.507400036    2.823773384   -0.316373169 (VIOLATED)
_068858_/Y                              2.507400036    2.818418741   -0.311018556 (VIOLATED)
fanout1148/X                            2.507400036    2.814040899   -0.306640714 (VIOLATED)
_103683_/A                              2.507400036    2.807002544   -0.299602360 (VIOLATED)
_103764_/A                              2.507400036    2.806998253   -0.299598128 (VIOLATED)
_084140_/B                              2.507400036    2.806974888   -0.299574822 (VIOLATED)
_084143_/A                              2.507400036    2.806971788   -0.299571723 (VIOLATED)
_104844_/A                              2.507400036    2.806567430   -0.299167365 (VIOLATED)
_104845_/A1                             2.507400036    2.806566238   -0.299166024 (VIOLATED)
_104847_/A1                             2.507400036    2.806566000   -0.299165815 (VIOLATED)
_074192_/B                              2.507400036    2.806521416   -0.299121171 (VIOLATED)
_074191_/Y                              2.507400036    2.806210995   -0.298810750 (VIOLATED)
_077824_/X                              2.507400036    2.802104950   -0.294704705 (VIOLATED)
fanout1594/A                            2.507400036    2.801687717   -0.294287503 (VIOLATED)
fanout1593/A                            2.507400036    2.800785780   -0.293385535 (VIOLATED)
_068973_/Y                              2.507400036    2.800731421   -0.293331355 (VIOLATED)
fanout1152/X                            2.507400036    2.797057867   -0.289657652 (VIOLATED)
fanout1156/X                            2.507400036    2.792758942   -0.285358846 (VIOLATED)
fanout1239/X                            2.507400036    2.790933847   -0.283533663 (VIOLATED)
_114416_/A2                             2.507400036    2.787234068   -0.279833943 (VIOLATED)
_114415_/Y                              2.507400036    2.785503387   -0.278103322 (VIOLATED)
fanout981/X                             2.507400036    2.783256054   -0.275856018 (VIOLATED)
_113563_/A                              2.507400036    2.775060177   -0.267660111 (VIOLATED)
_115137_/C                              2.507400036    2.775027752   -0.267627716 (VIOLATED)
_115216_/A                              2.507400036    2.774983406   -0.267583311 (VIOLATED)
_114482_/C                              2.507400036    2.774841309   -0.267441183 (VIOLATED)
_113048_/A2                             2.507400036    2.774831295   -0.267431200 (VIOLATED)
_113405_/A2                             2.507400036    2.774801493   -0.267401427 (VIOLATED)
_115376_/B                              2.507400036    2.774710655   -0.267310411 (VIOLATED)
_113045_/Y                              2.507400036    2.774412632   -0.267012417 (VIOLATED)
_138047_/Y                              2.507400036    2.771860361   -0.264460236 (VIOLATED)
fanout3140/X                            2.507400036    2.765664577   -0.258264542 (VIOLATED)
fanout3135/X                            2.507400036    2.754094124   -0.246693999 (VIOLATED)
_137554_/Y                              2.507400036    2.752072334   -0.244672284 (VIOLATED)
fanout1145/X                            2.507400036    2.740774870   -0.233374655 (VIOLATED)
_111460_/A1                             2.507400036    2.737545013   -0.230144799 (VIOLATED)
_063532_/C                              2.507400036    2.737396955   -0.229996920 (VIOLATED)
fanout1055/X                            2.507400036    2.733272791   -0.225872666 (VIOLATED)
fanout981/A                             2.507400036    2.732897282   -0.225497186 (VIOLATED)
_067132_/B1                             2.507400036    2.732561111   -0.225161001 (VIOLATED)
_063531_/Y                              2.507400036    2.732347250   -0.224947184 (VIOLATED)
fanout980/A                             2.507400036    2.728166819   -0.220766738 (VIOLATED)
max_cap3668/A                           2.507400036    2.727529764   -0.220129699 (VIOLATED)
_081615_/Y                              2.507400036    2.727239132   -0.219839036 (VIOLATED)
_068652_/Y                              2.507400036    2.726772547   -0.219372302 (VIOLATED)
_076065_/A                              2.507400036    2.722104788   -0.214704707 (VIOLATED)
_076207_/A2                             2.507400036    2.722095490   -0.214695379 (VIOLATED)
_076261_/A                              2.507400036    2.721756458   -0.214356318 (VIOLATED)
_115498_/B2                             2.507400036    2.720991611   -0.213591367 (VIOLATED)
_114183_/A2                             2.507400036    2.720857620   -0.213457480 (VIOLATED)
_076892_/A                              2.507400036    2.720691681   -0.213291615 (VIOLATED)
_116260_/A1                             2.507400036    2.720691204   -0.213291168 (VIOLATED)
_114428_/B                              2.507400036    2.720294476   -0.212894380 (VIOLATED)
_092810_/A1                             2.507400036    2.719270706   -0.211870521 (VIOLATED)
_107234_/A1                             2.507400036    2.719137907   -0.211737737 (VIOLATED)
_109550_/A2                             2.507400036    2.718355894   -0.210955709 (VIOLATED)
_108854_/A1                             2.507400036    2.718353987   -0.210953921 (VIOLATED)
_076064_/Y                              2.507400036    2.718343258   -0.210943043 (VIOLATED)
fanout1377/X                            2.507400036    2.717797279   -0.210397258 (VIOLATED)
_116097_/A1                             2.507400036    2.716816664   -0.209416494 (VIOLATED)
_115208_/B1                             2.507400036    2.716705084   -0.209305018 (VIOLATED)
_114533_/C                              2.507400036    2.716674089   -0.209273934 (VIOLATED)
_114181_/Y                              2.507400036    2.716625214   -0.209225088 (VIOLATED)
fanout1588/X                            2.507400036    2.715992928   -0.208592698 (VIOLATED)
fanout1051/A                            2.507400036    2.715884686   -0.208484575 (VIOLATED)
fanout1590/X                            2.507400036    2.712573290   -0.205173224 (VIOLATED)
fanout1050/A                            2.507400036    2.710516214   -0.203116193 (VIOLATED)
_068683_/Y                              2.507400036    2.709910631   -0.202510461 (VIOLATED)
_115245_/B2                             2.507400036    2.707218170   -0.199817941 (VIOLATED)
_115188_/B2                             2.507400036    2.706853867   -0.199453786 (VIOLATED)
_116244_/A                              2.507400036    2.706512451   -0.199112281 (VIOLATED)
_113998_/B2                             2.507400036    2.705265999   -0.197865948 (VIOLATED)
_115059_/B1                             2.507400036    2.701357603   -0.193957523 (VIOLATED)
_116193_/C                              2.507400036    2.701272726   -0.193872705 (VIOLATED)
_112802_/A1                             2.507400036    2.701259851   -0.193859607 (VIOLATED)
_115827_/B1                             2.507400036    2.701111317   -0.193711281 (VIOLATED)
_112791_/Y                              2.507400036    2.700961351   -0.193561167 (VIOLATED)
_104942_/A2                             2.507400036    2.698293924   -0.190893754 (VIOLATED)
_104944_/A2                             2.507400036    2.698291779   -0.190891758 (VIOLATED)
_104943_/B                              2.507400036    2.698291540   -0.190891311 (VIOLATED)
_074159_/A2                             2.507400036    2.698204756   -0.190804705 (VIOLATED)
_103769_/A1                             2.507400036    2.698168516   -0.190768301 (VIOLATED)
_103689_/A                              2.507400036    2.698165417   -0.190765187 (VIOLATED)
_084172_/B                              2.507400036    2.698154688   -0.190754533 (VIOLATED)
_084173_/A                              2.507400036    2.698153496   -0.190753415 (VIOLATED)
_074157_/Y                              2.507400036    2.698065996   -0.190665931 (VIOLATED)
fanout3032/A                            2.507400036    2.691555262   -0.184155136 (VIOLATED)
fanout3031/A                            2.507400036    2.691068888   -0.183668867 (VIOLATED)
_082346_/Y                              2.507400036    2.690951109   -0.183550954 (VIOLATED)
fanout3137/X                            2.507400036    2.685285091   -0.177885041 (VIOLATED)
_106587_/A                              2.507400036    2.683197021   -0.175796941 (VIOLATED)
_084682_/C                              2.507400036    2.682432652   -0.175032437 (VIOLATED)
fanout1158/X                            2.507400036    2.680848360   -0.173448145 (VIOLATED)
_084681_/Y                              2.507400036    2.679626703   -0.172226682 (VIOLATED)
_077995_/B                              2.507400036    2.678526878   -0.171126679 (VIOLATED)
_084485_/A1                             2.507400036    2.678417444   -0.171017200 (VIOLATED)
fanout1045/X                            2.507400036    2.676451206   -0.169051006 (VIOLATED)
output104/A                             2.507400036    2.673554182   -0.166153982 (VIOLATED)
_065589_/Y                              2.507400036    2.672921896   -0.165521830 (VIOLATED)
fanout1236/X                            2.507400036    2.672911406   -0.165511385 (VIOLATED)
_079245_/X                              2.507400036    2.672522545   -0.165122360 (VIOLATED)
wire4406/A                              2.507400036    2.670912266   -0.163512096 (VIOLATED)
_079592_/Y                              2.507400036    2.670899391   -0.163499221 (VIOLATED)
fanout2864/X                            2.507400036    2.669536352   -0.162136316 (VIOLATED)
_111571_/A2                             2.507400036    2.660506725   -0.153106645 (VIOLATED)
fanout1380/X                            2.507400036    2.660419703   -0.153019607 (VIOLATED)
_111569_/Y                              2.507400036    2.660016775   -0.152616590 (VIOLATED)
wire3042/A                              2.507400036    2.653881788   -0.146481723 (VIOLATED)
_080028_/Y                              2.507400036    2.653852701   -0.146452636 (VIOLATED)
_078014_/A                              2.507400036    2.650655031   -0.143254966 (VIOLATED)
_065600_/A                              2.507400036    2.650651217   -0.143251196 (VIOLATED)
_079844_/A2                             2.507400036    2.646122217   -0.138722152 (VIOLATED)
_081614_/B                              2.507400036    2.646101475   -0.138701275 (VIOLATED)
fanout4404/X                            2.507400036    2.646094322   -0.138694167 (VIOLATED)
_065599_/Y                              2.507400036    2.645376444   -0.137976304 (VIOLATED)
wire4031/A                              2.507400036    2.640742302   -0.133342236 (VIOLATED)
_079343_/Y                              2.507400036    2.640733004   -0.133332908 (VIOLATED)
fanout1593/X                            2.507400036    2.637764454   -0.130364388 (VIOLATED)
fanout1379/X                            2.507400036    2.629225969   -0.121825889 (VIOLATED)
fanout1693/X                            2.507400036    2.627929211   -0.120529145 (VIOLATED)
fanout1047/X                            2.507400036    2.619733572   -0.112333477 (VIOLATED)
_086959_/S                              2.507400036    2.615894556   -0.108494326 (VIOLATED)
_086953_/S                              2.507400036    2.615876436   -0.108476341 (VIOLATED)
_086952_/S                              2.507400036    2.615782261   -0.108382195 (VIOLATED)
_086956_/S                              2.507400036    2.615665197   -0.108264953 (VIOLATED)
_086955_/S                              2.507400036    2.615248203   -0.107848175 (VIOLATED)
_086954_/S                              2.507400036    2.614035606   -0.106635369 (VIOLATED)
_086957_/S                              2.507400036    2.613861561   -0.106461510 (VIOLATED)
_086958_/S                              2.507400036    2.613848686   -0.106448628 (VIOLATED)
_086951_/Y                              2.507400036    2.613839626   -0.106439523 (VIOLATED)
fanout1385/X                            2.507400036    2.609244347   -0.101844095 (VIOLATED)
fanout1386/X                            2.507400036    2.602084160   -0.094684042 (VIOLATED)
max_cap2857/A                           2.507400036    2.597820044   -0.090419896 (VIOLATED)
_069376_/Y                              2.507400036    2.597810745   -0.090410568 (VIOLATED)
_078804_/B                              2.507400036    2.595578194   -0.088178135 (VIOLATED)
fanout1389/X                            2.507400036    2.593435287   -0.086035185 (VIOLATED)
fanout1597/X                            2.507400036    2.592890263   -0.085490063 (VIOLATED)
fanout1383/X                            2.507400036    2.590432167   -0.083032027 (VIOLATED)
_081301_/A0                             2.507400036    2.590381384   -0.082981177 (VIOLATED)
fanout3064/X                            2.507400036    2.590330839   -0.082930773 (VIOLATED)
_101600_/A1                             2.507400036    2.588196754   -0.080796704 (VIOLATED)
_101224_/A                              2.507400036    2.588188887   -0.080788709 (VIOLATED)
_101743_/A1                             2.507400036    2.588117361   -0.080717213 (VIOLATED)
fanout3138/A                            2.507400036    2.588115454   -0.080715217 (VIOLATED)
_100373_/A1                             2.507400036    2.587567806   -0.080167651 (VIOLATED)
_102061_/A1                             2.507400036    2.587038279   -0.079638079 (VIOLATED)
_084105_/A                              2.507400036    2.587029696   -0.079629637 (VIOLATED)
_100251_/B                              2.507400036    2.586364985   -0.078964837 (VIOLATED)
_100778_/A                              2.507400036    2.586359024   -0.078958839 (VIOLATED)
_084104_/Y                              2.507400036    2.586277485   -0.078877352 (VIOLATED)
fanout3137/A                            2.507400036    2.586056948   -0.078656860 (VIOLATED)
_068656_/Y                              2.507400036    2.585028648   -0.077628575 (VIOLATED)
_078524_/C                              2.507400036    2.583945513   -0.076545440 (VIOLATED)
_078053_/B                              2.507400036    2.583873749   -0.076473497 (VIOLATED)
_078332_/A2                             2.507400036    2.583833694   -0.076433532 (VIOLATED)
_084944_/A2                             2.507400036    2.583301544   -0.075901508 (VIOLATED)
_084903_/A2                             2.507400036    2.582981586   -0.075581543 (VIOLATED)
_078352_/A2                             2.507400036    2.582839012   -0.075438768 (VIOLATED)
_084928_/A2                             2.507400036    2.582838058   -0.075437881 (VIOLATED)
_078052_/Y                              2.507400036    2.582814693   -0.075414568 (VIOLATED)
_085485_/A                              2.507400036    2.579875469   -0.072475359 (VIOLATED)
_085311_/B                              2.507400036    2.579789400   -0.072389208 (VIOLATED)
_086156_/A                              2.507400036    2.579491377   -0.072091222 (VIOLATED)
_084575_/B2                             2.507400036    2.579305887   -0.071905814 (VIOLATED)
_078010_/B                              2.507400036    2.579282522   -0.071882278 (VIOLATED)
_085993_/A                              2.507400036    2.579246998   -0.071846977 (VIOLATED)
_085821_/A                              2.507400036    2.578813791   -0.071413763 (VIOLATED)
_085649_/A                              2.507400036    2.577611446   -0.070211396 (VIOLATED)
_086329_/A                              2.507400036    2.576904535   -0.069504403 (VIOLATED)
_086491_/A                              2.507400036    2.576573133   -0.069172889 (VIOLATED)
_085310_/Y                              2.507400036    2.576399326   -0.068999253 (VIOLATED)
wire3035/A                              2.507400036    2.576028585   -0.068628438 (VIOLATED)
_081594_/Y                              2.507400036    2.575948477   -0.068548277 (VIOLATED)
fanout1602/X                            2.507400036    2.564392328   -0.056992192 (VIOLATED)
wire3413/A                              2.507400036    2.561497211   -0.054097172 (VIOLATED)
_077120_/Y                              2.507400036    2.561473846   -0.054073635 (VIOLATED)
fanout1153/X                            2.507400036    2.561071157   -0.053671069 (VIOLATED)
wire2859/A                              2.507400036    2.560755730   -0.053355545 (VIOLATED)
_069368_/Y                              2.507400036    2.560681581   -0.053281382 (VIOLATED)
fanout3496/X                            2.507400036    2.555914640   -0.048514526 (VIOLATED)
_111556_/A2                             2.507400036    2.551245213   -0.043845151 (VIOLATED)
_078009_/Y                              2.507400036    2.550736904   -0.043336667 (VIOLATED)
fanout1050/X                            2.507400036    2.549358845   -0.041958660 (VIOLATED)
fanout1054/X                            2.507400036    2.548683167   -0.041282978 (VIOLATED)
wire3041/A                              2.507400036    2.543717861   -0.036317840 (VIOLATED)
_080033_/Y                              2.507400036    2.543648005   -0.036247894 (VIOLATED)
wire4106/A                              2.507400036    2.540899992   -0.033499870 (VIOLATED)
_069087_/Y                              2.507400036    2.540858746   -0.033458572 (VIOLATED)
wire2814/A                              2.507400036    2.537821293   -0.030421222 (VIOLATED)
_082481_/Y                              2.507400036    2.537417650   -0.030017545 (VIOLATED)
wire4033/A                              2.507400036    2.534394741   -0.026994629 (VIOLATED)
_079316_/Y                              2.507400036    2.534359217   -0.026959103 (VIOLATED)
fanout3141/X                            2.507400036    2.532319784   -0.024919624 (VIOLATED)
fanout3142/X                            2.507400036    2.529015064   -0.021614933 (VIOLATED)
fanout1382/X                            2.507400036    2.520080328   -0.012680301 (VIOLATED)
_082112_/X                              2.507400036    2.519712925   -0.012312817 (VIOLATED)
fanout1381/X                            2.507400036    2.518043518   -0.010643486 (VIOLATED)
fanout1596/X                            2.507400036    2.516709805   -0.009309664 (VIOLATED)
_081589_/X                              2.507400036    2.510724306   -0.003324230 (VIOLATED)
fanout1052/X                            2.507400036    2.509291172   -0.001890932 (VIOLATED)
fanout3131/X                            2.507400036    2.508249998   -0.000849765 (VIOLATED)
_115509_/C                              2.507400036    2.508159161   -0.000758949 (VIOLATED)
_115151_/A2                             2.507400036    2.507766008   -0.000365930 (VIOLATED)

max capacitance

Pin                                           Limit            Cap          Slack
---------------------------------------------------------------------------------
fanout1134/X                            0.300000012    0.851120412   -0.551120341 (VIOLATED)
fanout1405/X                            0.300000012    0.802484214   -0.502484262 (VIOLATED)
fanout1695/X                            0.300000012    0.801450253   -0.501450241 (VIOLATED)
fanout3125/X                            0.300000012    0.773295462   -0.473295450 (VIOLATED)
fanout1412/X                            0.300000012    0.761876523   -0.461876512 (VIOLATED)
fanout1414/X                            0.300000012    0.700004101   -0.400004059 (VIOLATED)
fanout1403/X                            0.300000012    0.694102108   -0.394102097 (VIOLATED)
fanout1410/X                            0.300000012    0.687565863   -0.387565821 (VIOLATED)
fanout1139/X                            0.300000012    0.682837009   -0.382837027 (VIOLATED)
fanout1395/X                            0.300000012    0.667628467   -0.367628425 (VIOLATED)
fanout1240/X                            0.300000012    0.665869534   -0.365869522 (VIOLATED)
fanout1041/X                            0.300000012    0.651376665   -0.351376683 (VIOLATED)
fanout1408/X                            0.300000012    0.641445458   -0.341445446 (VIOLATED)
fanout1137/X                            0.300000012    0.639260709   -0.339260697 (VIOLATED)
fanout1401/X                            0.300000012    0.638012171   -0.338012159 (VIOLATED)
fanout1042/X                            0.300000012    0.622055709   -0.322055668 (VIOLATED)
fanout1397/X                            0.300000012    0.611717403   -0.311717361 (VIOLATED)
fanout2861/X                            0.300000012    0.591592312   -0.291592300 (VIOLATED)
fanout1399/X                            0.300000012    0.588889539   -0.288889557 (VIOLATED)
fanout3127/X                            0.300000012    0.581374943   -0.281374931 (VIOLATED)
fanout1390/X                            0.300000012    0.575712979   -0.275712967 (VIOLATED)
fanout1238/X                            0.300000012    0.574936271   -0.274936229 (VIOLATED)
fanout1409/X                            0.300000012    0.566435874   -0.266435891 (VIOLATED)
fanout1147/X                            0.300000012    0.566301584   -0.266301543 (VIOLATED)
fanout1141/X                            0.300000012    0.561259568   -0.261259586 (VIOLATED)
fanout1044/X                            0.300000012    0.559558153   -0.259558141 (VIOLATED)
fanout1411/X                            0.300000012    0.553055644   -0.253055632 (VIOLATED)
fanout1144/X                            0.300000012    0.549627781   -0.249627769 (VIOLATED)
fanout1149/X                            0.300000012    0.549338460   -0.249338448 (VIOLATED)
fanout1406/X                            0.300000012    0.547341824   -0.247341841 (VIOLATED)
fanout1235/X                            0.300000012    0.542490184   -0.242490187 (VIOLATED)
fanout1135/X                            0.300000012    0.541503370   -0.241503358 (VIOLATED)
_079317_/X                              0.300000012    0.540562212   -0.240562215 (VIOLATED)
fanout1415/X                            0.300000012    0.530913651   -0.230913624 (VIOLATED)
fanout1601/X                            0.300000012    0.530255854   -0.230255842 (VIOLATED)
fanout3130/X                            0.300000012    0.529514909   -0.229514897 (VIOLATED)
fanout980/X                             0.300000012    0.523126602   -0.223126560 (VIOLATED)
fanout1404/X                            0.300000012    0.521650195   -0.221650198 (VIOLATED)
fanout1392/X                            0.300000012    0.516501367   -0.216501325 (VIOLATED)
fanout1402/X                            0.300000012    0.514109552   -0.214109525 (VIOLATED)
fanout1376/X                            0.300000012    0.513934195   -0.213934198 (VIOLATED)
fanout1241/X                            0.300000012    0.512994766   -0.212994739 (VIOLATED)
fanout1599/X                            0.300000012    0.506764352   -0.206764325 (VIOLATED)
fanout1138/X                            0.300000012    0.504859686   -0.204859644 (VIOLATED)
fanout975/X                             0.300000012    0.502321780   -0.202321753 (VIOLATED)
_081588_/X                              0.300000012    0.501228034   -0.201228008 (VIOLATED)
_079596_/X                              0.300000012    0.498779148   -0.198779121 (VIOLATED)
fanout1591/X                            0.300000012    0.497099489   -0.197099477 (VIOLATED)
fanout3133/X                            0.300000012    0.494936496   -0.194936484 (VIOLATED)
fanout1388/X                            0.300000012    0.492520511   -0.192520499 (VIOLATED)
fanout3134/X                            0.300000012    0.492384672   -0.192384660 (VIOLATED)
fanout1696/X                            0.300000012    0.491582304   -0.191582292 (VIOLATED)
fanout1393/X                            0.300000012    0.491232663   -0.191232637 (VIOLATED)
fanout2863/X                            0.300000012    0.490665823   -0.190665811 (VIOLATED)
fanout1413/X                            0.300000012    0.489918232   -0.189918205 (VIOLATED)
fanout1375/X                            0.300000012    0.487022907   -0.187022895 (VIOLATED)
fanout3138/X                            0.300000012    0.485921413   -0.185921401 (VIOLATED)
fanout1396/X                            0.300000012    0.484659344   -0.184659332 (VIOLATED)
fanout4025/X                            0.300000012    0.484185219   -0.184185222 (VIOLATED)
fanout1595/X                            0.300000012    0.483632773   -0.183632761 (VIOLATED)
fanout4027/X                            0.300000012    0.482115000   -0.182114989 (VIOLATED)
fanout1400/X                            0.300000012    0.481873780   -0.181873754 (VIOLATED)
fanout1132/X                            0.300000012    0.479908437   -0.179908410 (VIOLATED)
fanout976/X                             0.300000012    0.479774415   -0.179774404 (VIOLATED)
fanout2862/X                            0.300000012    0.478317648   -0.178317621 (VIOLATED)
fanout1398/X                            0.300000012    0.477734268   -0.177734271 (VIOLATED)
fanout979/X                             0.300000012    0.477160782   -0.177160770 (VIOLATED)
fanout1140/X                            0.300000012    0.475815684   -0.175815657 (VIOLATED)
fanout3126/X                            0.300000012    0.469278872   -0.169278845 (VIOLATED)
fanout1048/X                            0.300000012    0.467502445   -0.167502433 (VIOLATED)
fanout3136/X                            0.300000012    0.467401505   -0.167401493 (VIOLATED)
fanout3139/X                            0.300000012    0.466759443   -0.166759431 (VIOLATED)
fanout1694/X                            0.300000012    0.465217978   -0.165217966 (VIOLATED)
_079339_/X                              0.300000012    0.463312328   -0.163312316 (VIOLATED)
fanout1150/X                            0.300000012    0.461861819   -0.161861822 (VIOLATED)
fanout1155/X                            0.300000012    0.460127860   -0.160127848 (VIOLATED)
fanout4020/X                            0.300000012    0.458921164   -0.158921137 (VIOLATED)
fanout1142/X                            0.300000012    0.458016992   -0.158016965 (VIOLATED)
fanout1592/X                            0.300000012    0.457207948   -0.157207936 (VIOLATED)
fanout978/X                             0.300000012    0.456598520   -0.156598508 (VIOLATED)
fanout1391/X                            0.300000012    0.454109579   -0.154109553 (VIOLATED)
fanout3128/X                            0.300000012    0.453869343   -0.153869316 (VIOLATED)
fanout1053/X                            0.300000012    0.453253269   -0.153253257 (VIOLATED)
fanout1600/X                            0.300000012    0.452213496   -0.152213469 (VIOLATED)
fanout1133/X                            0.300000012    0.451078773   -0.151078746 (VIOLATED)
fanout1051/X                            0.300000012    0.450813532   -0.150813520 (VIOLATED)
fanout1148/X                            0.300000012    0.448797286   -0.148797259 (VIOLATED)
_077824_/X                              0.300000012    0.446889222   -0.146889195 (VIOLATED)
fanout1152/X                            0.300000012    0.446234614   -0.146234587 (VIOLATED)
fanout1239/X                            0.300000012    0.445184797   -0.145184785 (VIOLATED)
fanout1156/X                            0.300000012    0.444445789   -0.144445762 (VIOLATED)
fanout981/X                             0.300000012    0.442267686   -0.142267674 (VIOLATED)
fanout3135/X                            0.300000012    0.440269500   -0.140269473 (VIOLATED)
fanout3140/X                            0.300000012    0.439618707   -0.139618710 (VIOLATED)
fanout1145/X                            0.300000012    0.435703278   -0.135703266 (VIOLATED)
fanout1055/X                            0.300000012    0.434429377   -0.134429365 (VIOLATED)
fanout1377/X                            0.300000012    0.433798909   -0.133798897 (VIOLATED)
fanout1590/X                            0.300000012    0.431643695   -0.131643698 (VIOLATED)
fanout1588/X                            0.300000012    0.431562275   -0.131562263 (VIOLATED)
fanout3137/X                            0.300000012    0.428344965   -0.128344953 (VIOLATED)
_079245_/X                              0.300000012    0.426706046   -0.126706019 (VIOLATED)
fanout1158/X                            0.300000012    0.426434487   -0.126434475 (VIOLATED)
fanout1236/X                            0.300000012    0.425618052   -0.125618055 (VIOLATED)
fanout1045/X                            0.300000012    0.425550044   -0.125550017 (VIOLATED)
fanout2864/X                            0.300000012    0.425120860   -0.125120834 (VIOLATED)
fanout1380/X                            0.300000012    0.423307657   -0.123307645 (VIOLATED)
fanout4404/X                            0.300000012    0.423002064   -0.123002060 (VIOLATED)
fanout1379/X                            0.300000012    0.420492530   -0.120492510 (VIOLATED)
fanout1693/X                            0.300000012    0.419443548   -0.119443543 (VIOLATED)
fanout1593/X                            0.300000012    0.419300437   -0.119300433 (VIOLATED)
fanout1047/X                            0.300000012    0.417999297   -0.117999278 (VIOLATED)
fanout1385/X                            0.300000012    0.416021615   -0.116021588 (VIOLATED)
fanout1386/X                            0.300000012    0.414411306   -0.114411302 (VIOLATED)
fanout1383/X                            0.300000012    0.413758069   -0.113758042 (VIOLATED)
fanout1597/X                            0.300000012    0.412599325   -0.112599298 (VIOLATED)
fanout1389/X                            0.300000012    0.412355840   -0.112355821 (VIOLATED)
fanout3064/X                            0.300000012    0.411649287   -0.111649267 (VIOLATED)
fanout1602/X                            0.300000012    0.408601731   -0.108601712 (VIOLATED)
fanout1153/X                            0.300000012    0.407589614   -0.107589610 (VIOLATED)
fanout3496/X                            0.300000012    0.407328635   -0.107328616 (VIOLATED)
fanout1050/X                            0.300000012    0.406978160   -0.106978148 (VIOLATED)
fanout1054/X                            0.300000012    0.406733304   -0.106733277 (VIOLATED)
fanout3141/X                            0.300000012    0.404541403   -0.104541376 (VIOLATED)
_082112_/X                              0.300000012    0.403147370   -0.103147365 (VIOLATED)
fanout3142/X                            0.300000012    0.402840883   -0.102840856 (VIOLATED)
fanout1381/X                            0.300000012    0.402664036   -0.102664024 (VIOLATED)
fanout1382/X                            0.300000012    0.402004123   -0.102004096 (VIOLATED)
_081589_/X                              0.300000012    0.401147127   -0.101147115 (VIOLATED)
fanout1596/X                            0.300000012    0.400935709   -0.100935698 (VIOLATED)
fanout1052/X                            0.300000012    0.400716692   -0.100716688 (VIOLATED)
fanout3131/X                            0.300000012    0.399451673   -0.099451669 (VIOLATED)
fanout1598/X                            0.300000012    0.397449911   -0.097449906 (VIOLATED)
fanout1384/X                            0.300000012    0.396468550   -0.096468545 (VIOLATED)
fanout1378/X                            0.300000012    0.393777937   -0.093777932 (VIOLATED)
fanout1589/X                            0.300000012    0.389637679   -0.089637659 (VIOLATED)
fanout4399/X                            0.300000012    0.388167828   -0.088167809 (VIOLATED)
fanout1594/X                            0.300000012    0.385797113   -0.085797094 (VIOLATED)
fanout1797/X                            0.300000012    0.373884231   -0.073884204 (VIOLATED)
fanout3495/X                            0.300000012    0.370641768   -0.070641764 (VIOLATED)
fanout1587/X                            0.300000012    0.365311146   -0.065311119 (VIOLATED)
_128755_/Q                              0.300000012    0.363049895   -0.063049883 (VIOLATED)
fanout4535/X                            0.300000012    0.360946804   -0.060946800 (VIOLATED)
fanout1157/X                            0.300000012    0.355012864   -0.055012852 (VIOLATED)
_063471_/Y                              0.300000012    0.354154676   -0.054154653 (VIOLATED)
_137852_/X                              0.300000012    0.352782488   -0.052782487 (VIOLATED)
fanout6391/X                            0.300000012    0.348934054   -0.048934028 (VIOLATED)
_137857_/X                              0.300000012    0.348346770   -0.048346743 (VIOLATED)
fanout1795/X                            0.300000012    0.343637198   -0.043637186 (VIOLATED)
_137540_/X                              0.300000012    0.341287345   -0.041287340 (VIOLATED)
fanout5351/X                            0.300000012    0.339988679   -0.039988656 (VIOLATED)
_083218_/Y                              0.300000012    0.338196218   -0.038196199 (VIOLATED)
fanout2579/X                            0.300000012    0.333460510   -0.033460487 (VIOLATED)
fanout4979/X                            0.300000012    0.328411222   -0.028411221 (VIOLATED)
_134262_/Q                              0.300000012    0.327546388   -0.027546380 (VIOLATED)
fanout1796/X                            0.300000012    0.327044070   -0.027044067 (VIOLATED)
fanout2587/X                            0.300000012    0.323333889   -0.023333874 (VIOLATED)
_079747_/Y                              0.300000012    0.322567761   -0.022567749 (VIOLATED)
_137545_/X                              0.300000012    0.320478499   -0.020478493 (VIOLATED)
fanout3124/X                            0.300000012    0.319017291   -0.019017285 (VIOLATED)
fanout2582/X                            0.300000012    0.318987906   -0.018987903 (VIOLATED)
_080034_/Y                              0.300000012    0.317532003   -0.017531984 (VIOLATED)
fanout2583/X                            0.300000012    0.317418069   -0.017418060 (VIOLATED)
_080039_/Y                              0.300000012    0.316757202   -0.016757185 (VIOLATED)
fanout2585/X                            0.300000012    0.314933121   -0.014933096 (VIOLATED)
_134260_/Q                              0.300000012    0.314053446   -0.014053429 (VIOLATED)
fanout2589/X                            0.300000012    0.313297898   -0.013297875 (VIOLATED)
_080178_/Y                              0.300000012    0.313044488   -0.013044470 (VIOLATED)
fanout2586/X                            0.300000012    0.311202198   -0.011202194 (VIOLATED)
fanout2580/X                            0.300000012    0.311069578   -0.011069569 (VIOLATED)
_078805_/Y                              0.300000012    0.309581250   -0.009581231 (VIOLATED)
fanout2575/X                            0.300000012    0.309268296   -0.009268275 (VIOLATED)
fanout5371/X                            0.300000012    0.308479249   -0.008479247 (VIOLATED)
fanout2577/X                            0.300000012    0.308269203   -0.008269183 (VIOLATED)
fanout2590/X                            0.300000012    0.306821346   -0.006821339 (VIOLATED)
fanout6196/X                            0.300000012    0.306259066   -0.006259045 (VIOLATED)
fanout2578/X                            0.300000012    0.305533439   -0.005533415 (VIOLATED)
fanout5224/X                            0.300000012    0.305166662   -0.005166657 (VIOLATED)
fanout3031/X                            0.300000012    0.305032581   -0.005032568 (VIOLATED)
fanout3032/X                            0.300000012    0.304518402   -0.004518386 (VIOLATED)
fanout2588/X                            0.300000012    0.304340661   -0.004340630 (VIOLATED)
fanout4724/X                            0.300000012    0.304235041   -0.004235029 (VIOLATED)
_079303_/Y                              0.300000012    0.303525239   -0.003525229 (VIOLATED)
_080100_/Y                              0.300000012    0.302777320   -0.002777292 (VIOLATED)
fanout4790/X                            0.300000012    0.301774323   -0.001774297 (VIOLATED)
_080177_/Y                              0.300000012    0.300858110   -0.000858092 (VIOLATED)
fanout2576/X                            0.300000012    0.300215304   -0.000215295 (VIOLATED)

