[4, 18]
VCO 8115567008.524175 {'min': -0.35962649598308216, 'max': 0.3664813277089384, 'mean': 0.003322147704904523} {'min': 1.1313090047033496, 'max': 1.1597401577197448, 'mean': 1.145923877229844}
FIRST_SLAVE_CLOCK 8115550675.351412 {'min': -0.14263521890518516, 'max': 0.14642613821004646, 'mean': 0.0021571531104483776} {'min': 1.4080594644818447, 'max': 1.4300404846185384, 'mean': 1.4198905479996435}
FIRST_SLAVE_COLLECTOR 4057759733.8315835 {'min': -0.159362559189268, 'max': 0.1613080347973006, 'mean': 0.0011550106076023755} {'min': 2.3088375459350114, 'max': 2.3287672345086303, 'mean': 2.319246871171796}
LIMITER_INPUT 4057748736.667989 {'min': -0.09632528310732646, 'max': 0.09691624412002975, 'mean': -0.00044509225323951764} {'min': 2.046504160138028, 'max': 2.0594000358959637, 'mean': 2.0542713388579528}
LIMITER_COLLECTOR 4057694559.9867554 {'min': -0.19366963677619342, 'max': 0.1984479688599392, 'mean': 0.0008416926326843396} {'min': 2.1432503004562085, 'max': 2.1515826220712073, 'mean': 2.1473337549210365}
SECOND_MASTER_CLOCK 4057856289.7697387 {'min': -0.13363575192699795, 'max': 0.12995767226466892, 'mean': -0.0008193547274584647} {'min': 1.3754125536647943, 'max': 1.3869610949752158, 'mean': 1.3794793106335936}
SECOND_MASTER_COLLECTOR 2029182875.3436756 {'min': -0.1829757869967623, 'max': 0.19445931912611014, 'mean': 0.0002362488099185067} {'min': 2.350054496557445, 'max': 2.3763409242195666, 'mean': 2.3660428276330006}
SECOND_SLAVE_CLOCK 4057684043.0381308 {'min': -0.13005272158746806, 'max': 0.1335819484271974, 'mean': 0.0008412309915227529} {'min': 1.3754962581405554, 'max': 1.3870395392021515, 'mean': 1.379476343562669}
SECOND_SLAVE_COLLECTOR 2029032480.5988235 {'min': -0.18242714053886733, 'max': 0.17405061615460182, 'mean': -0.002805693891620965} {'min': 2.337756398686719, 'max': 2.3647921626551414, 'mean': 2.3490430505697537}
PUBLIC_DIVIDER 2029022958.2879198 {'min': -0.15497420226935033, 'max': 0.14554126860309857, 'mean': -0.0043744920409032936} {'min': 2.3475615672179804, 'max': 2.3729146501411242, 'mean': 2.3593064501493077}
[18, 20]
VCO 8098559433.418749 {'min': -0.35944524854213944, 'max': 0.3663105764612088, 'mean': 0.006010686543855552} {'min': 1.1320960991687676, 'max': 1.1580607826218288, 'mean': 1.146204991147151}
FIRST_SLAVE_CLOCK 8098582346.527392 {'min': -0.14263609256242948, 'max': 0.1463743023636066, 'mean': 0.0011960835524913599} {'min': 1.4086113722758624, 'max': 1.4288207462400528, 'mean': 1.420133459507909}
FIRST_SLAVE_COLLECTOR 4049320123.9143 {'min': -0.15701513946422585, 'max': 0.1589322470672121, 'mean': 0.0028139017388580934} {'min': 2.310124040815003, 'max': 2.3288975263000564, 'mean': 2.320070566165276}
LIMITER_INPUT 4049376321.630166 {'min': -0.09519854154317997, 'max': 0.09579105666449284, 'mean': 0.0009865528470067587} {'min': 2.0475503639804535, 'max': 2.0595311479585883, 'mean': 2.054891376460716}
LIMITER_COLLECTOR 4049197348.9183407 {'min': -0.19180029471454318, 'max': 0.19634048844285568, 'mean': 0.003137356715896296} {'min': 2.144345851151175, 'max': 2.151361072641016, 'mean': 2.1479855748303356}
SECOND_MASTER_CLOCK 4049384345.78965 {'min': -0.13248346887473206, 'max': 0.12898870011433172, 'mean': -0.0019226588307809445} {'min': 1.3762041946781733, 'max': 1.3835220592072117, 'mean': 1.3796857202016555}
SECOND_MASTER_COLLECTOR 2026101637.3891637 {'min': -0.15672222954539716, 'max': 0.17697498503095144, 'mean': 0.0024639412433261508} {'min': 2.352253618060133, 'max': 2.376489936282403, 'mean': 2.367135628233025}
SECOND_SLAVE_CLOCK 4049173767.714983 {'min': -0.1290718453248081, 'max': 0.1324083021891307, 'mean': 0.0019419951886935531} {'min': 1.3761911695739921, 'max': 1.3835881805710883, 'mean': 1.3796914147046897}
SECOND_SLAVE_COLLECTOR 2025714594.212229 {'min': -0.16302841363624898, 'max': 0.15609905080076336, 'mean': -0.005742241831962664} {'min': 2.340045622338285, 'max': 2.3648148660100836, 'mean': 2.350094166760311}
PUBLIC_DIVIDER 2025679376.7172658 {'min': -0.13971724938698937, 'max': 0.1311842127528129, 'mean': -0.007029139376598503} {'min': 2.3495906278033223, 'max': 2.3729257050949535, 'mean': 2.3602829857571805}
[20, 22]
VCO 8095622229.740171 {'min': -0.3592009974850925, 'max': 0.36601146057308354, 'mean': 0.008172849986423985} {'min': 1.132477133503112, 'max': 1.158388961355206, 'mean': 1.1466349050201665}
FIRST_SLAVE_CLOCK 8095898885.040111 {'min': -0.14258132885028885, 'max': 0.14633288086956098, 'mean': 0.002937512130911692} {'min': 1.4088257792936856, 'max': 1.4290577562007425, 'mean': 1.420351966823923}
FIRST_SLAVE_COLLECTOR 4047946773.811603 {'min': -0.15678051028065454, 'max': 0.15858616325357167, 'mean': 0.001554878708264842} {'min': 2.310327030831546, 'max': 2.3290838556864775, 'mean': 2.3203045875671435}
LIMITER_INPUT 4047904088.6411924 {'min': -0.09502862540487911, 'max': 0.09556276461224389, 'mean': 0.0008515711672292414} {'min': 2.0476959624225786, 'max': 2.0597138328215836, 'mean': 2.055060735789157}
LIMITER_COLLECTOR 4047960170.9026055 {'min': -0.19338497439602564, 'max': 0.19774669644054077, 'mean': 0.003557433653022538} {'min': 2.144723913323721, 'max': 2.1513829090032526, 'mean': 2.1483206466118347}
SECOND_MASTER_CLOCK 4047481013.218864 {'min': -0.13473429606270093, 'max': 0.13180226718282828, 'mean': -0.0024133157744850135} {'min': 1.3764925059811286, 'max': 1.3834666243019411, 'mean': 1.3798084176469632}
SECOND_MASTER_COLLECTOR 5059707542.033915 {'min': -0.1373620906025037, 'max': 0.15966854589774693, 'mean': 0.008416268830126772} {'min': 2.352675364419343, 'max': 2.378250488709769, 'mean': 2.3674622385877537}
SECOND_SLAVE_CLOCK 4048061676.5968156 {'min': -0.13187464648362046, 'max': 0.1346840005758747, 'mean': 0.002432770771122755} {'min': 1.3759077304505074, 'max': 1.3835367667739282, 'mean': 1.3798105937627907}
SECOND_SLAVE_COLLECTOR 5223566054.3262005 {'min': -0.1466246169445351, 'max': 0.13768048412371314, 'mean': -0.0011091924451297908} {'min': 2.340598977674242, 'max': 2.364602004211335, 'mean': 2.3502987245356355}
PUBLIC_DIVIDER 5223019025.450279 {'min': -0.12700623584037007, 'max': 0.11646665630107123, 'mean': -0.003733192204834568} {'min': 2.3501996294817946, 'max': 2.372648564929297, 'mean': 2.360519737263313}
[22, 34]
VCO 8089116879.695695 {'min': -0.3590020222042263, 'max': 0.3657739253089044, 'mean': 0.004292280767573095} {'min': 1.132838278176846, 'max': 1.159824949769839, 'mean': 1.1475528678282156}
FIRST_SLAVE_CLOCK 8089154471.609486 {'min': -0.14248156044960325, 'max': 0.14626183419220684, 'mean': 0.0022093551671370872} {'min': 1.409107895818729, 'max': 1.4301782054958925, 'mean': 1.4211140589431015}
FIRST_SLAVE_COLLECTOR 4044583607.058692 {'min': -0.15653000868044353, 'max': 0.15834802917141522, 'mean': 0.0002798839836218026} {'min': 2.3105304684341217, 'max': 2.3296200944560885, 'mean': 2.320627816161766}
LIMITER_INPUT 4044620737.148808 {'min': -0.09475821776763693, 'max': 0.0953530876980917, 'mean': -0.000735191559791688} {'min': 2.0478782554788166, 'max': 2.0601371682590592, 'mean': 2.0553488541817813}
LIMITER_COLLECTOR 4044670049.9053497 {'min': -0.1932344457005919, 'max': 0.19735008299341628, 'mean': 0.0007578817221527201} {'min': 2.145288040745821, 'max': 2.152461625486751, 'mean': 2.149202339977111}
SECOND_MASTER_CLOCK 4044626016.2491565 {'min': -0.13467234915886328, 'max': 0.13138032397018806, 'mean': -0.0010192973705194545} {'min': 1.3769970880548676, 'max': 1.383748220077052, 'mean': 1.380422126623983}
SECOND_MASTER_COLLECTOR 6067795628.090686 {'min': -0.07439586521511732, 'max': 0.11001386459501417, 'mean': 0.014115856879399296} {'min': 2.3534597883804214, 'max': 2.3786325536710065, 'mean': 2.3678726631898668}
SECOND_SLAVE_CLOCK 4044716542.7840967 {'min': -0.13144542137870507, 'max': 0.1346305583927001, 'mean': 0.0010417314297058726} {'min': 1.3763036103731356, 'max': 1.3838593020714554, 'mean': 1.3804162213867397}
SECOND_SLAVE_COLLECTOR 6070368904.746924 {'min': -0.050799688992797076, 'max': 0.09221906831721594, 'mean': 0.006476373823275799} {'min': 2.3419768691751854, 'max': 2.3637148660828124, 'mean': 2.350729889768157}
PUBLIC_DIVIDER 6070779398.450408 {'min': -0.054180943389244174, 'max': 0.0780711531577909, 'mean': 0.002792388404633803} {'min': 2.352474229865177, 'max': 2.371572204564238, 'mean': 2.3608707023099735}
