save: too many args.

Note: No compatibility mode selected!


Circuit: clamped570 full-device pfd-idle tuning diagnostic; not a connected-loop run

NSSOC_NATIVE_FLAG_BEGIN q.xloop.xchain.xosc.xd0006.qnpn13g2
 VBIC: Vertical Bipolar Inter-Company Model
     device q.xloop.xchain.xosc.x
      model xloop.xchain.xosc.xd0
        off                     1

NSSOC_NATIVE_FLAG_END
NSSOC_NATIVE_FLAG_BEGIN q.xloop.xchain.xosc.xd0007.qnpn13g2
 VBIC: Vertical Bipolar Inter-Company Model
     device q.xloop.xchain.xosc.x
      model xloop.xchain.xosc.xd0
        off                     1

NSSOC_NATIVE_FLAG_END
NSSOC_NATIVE_FLAG_BEGIN q.xloop.xchain.xosc.xd0035.qnpn13g2
 VBIC: Vertical Bipolar Inter-Company Model
     device q.xloop.xchain.xosc.x
      model xloop.xchain.xosc.xd0
        off                     1

NSSOC_NATIVE_FLAG_END
NSSOC_NATIVE_FLAG_BEGIN q.xloop.xchain.xosc.xd0036.qnpn13g2
 VBIC: Vertical Bipolar Inter-Company Model
     device q.xloop.xchain.xosc.x
      model xloop.xchain.xosc.xd0
        off                     1

NSSOC_NATIVE_FLAG_END
NSSOC_NATIVE_FLAG_BEGIN q.xloop.xchain.xosc.xd0037.qnpn13g2
 VBIC: Vertical Bipolar Inter-Company Model
     device q.xloop.xchain.xosc.x
      model xloop.xchain.xosc.xd0
        off                     1

NSSOC_NATIVE_FLAG_END
NSSOC_NATIVE_FLAG_BEGIN q.xloop.xchain.xosc.xd0038.qnpn13g2
 VBIC: Vertical Bipolar Inter-Company Model
     device q.xloop.xchain.xosc.x
      model xloop.xchain.xosc.xd0
        off                     1

NSSOC_NATIVE_FLAG_END
NSSOC_NATIVE_FLAG_BEGIN q.xloop.xchain.xosc.xd0039.qnpn13g2
 VBIC: Vertical Bipolar Inter-Company Model
     device q.xloop.xchain.xosc.x
      model xloop.xchain.xosc.xd0
        off                     1

NSSOC_NATIVE_FLAG_END
NSSOC_NATIVE_FLAG_BEGIN q.xloop.xchain.xosc.xd0040.qnpn13g2
 VBIC: Vertical Bipolar Inter-Company Model
     device q.xloop.xchain.xosc.x
      model xloop.xchain.xosc.xd0
        off                     1

NSSOC_NATIVE_FLAG_END
NSSOC_NATIVE_FLAG_BEGIN q.xloop.xchain.xosc.xd0041.qnpn13g2
 VBIC: Vertical Bipolar Inter-Company Model
     device q.xloop.xchain.xosc.x
      model xloop.xchain.xosc.xd0
        off                     1

NSSOC_NATIVE_FLAG_END
NSSOC_NATIVE_FLAG_BEGIN q.xloop.xchain.xosc.xd0042.qnpn13g2
 VBIC: Vertical Bipolar Inter-Company Model
     device q.xloop.xchain.xosc.x
      model xloop.xchain.xosc.xd0
        off                     1

NSSOC_NATIVE_FLAG_END
NSSOC_NATIVE_FLAG_BEGIN q.xloop.xchain.xosc.xd0043.qnpn13g2
 VBIC: Vertical Bipolar Inter-Company Model
     device q.xloop.xchain.xosc.x
      model xloop.xchain.xosc.xd0
        off                     1

NSSOC_NATIVE_FLAG_END
NSSOC_NATIVE_FLAG_BEGIN q.xloop.xchain.xosc.xd0044.qnpn13g2
 VBIC: Vertical Bipolar Inter-Company Model
     device q.xloop.xchain.xosc.x
      model xloop.xchain.xosc.xd0
        off                     1

NSSOC_NATIVE_FLAG_END
NSSOC_NATIVE_FLAG_BEGIN q.xloop.xchain.xosc.xd0045.qnpn13g2
 VBIC: Vertical Bipolar Inter-Company Model
     device q.xloop.xchain.xosc.x
      model xloop.xchain.xosc.xd0
        off                     1

NSSOC_NATIVE_FLAG_END
NSSOC_NATIVE_FLAG_BEGIN q.xloop.xchain.xosc.xd0046.qnpn13g2
 VBIC: Vertical Bipolar Inter-Company Model
     device q.xloop.xchain.xosc.x
      model xloop.xchain.xosc.xd0
        off                     1

NSSOC_NATIVE_FLAG_END
NSSOC_NATIVE_FLAG_BEGIN q.xloop.xchain.xosc.xd0047.qnpn13g2
 VBIC: Vertical Bipolar Inter-Company Model
     device q.xloop.xchain.xosc.x
      model xloop.xchain.xosc.xd0
        off                     1

NSSOC_NATIVE_FLAG_END
NSSOC_NATIVE_FLAG_BEGIN q.xloop.xchain.xosc.xd0048.qnpn13g2
 VBIC: Vertical Bipolar Inter-Company Model
     device q.xloop.xchain.xosc.x
      model xloop.xchain.xosc.xd0
        off                     1

NSSOC_NATIVE_FLAG_END
NSSOC_NATIVE_FLAG_BEGIN q.xloop.xchain.xosc.xd0049.qnpn13g2
 VBIC: Vertical Bipolar Inter-Company Model
     device q.xloop.xchain.xosc.x
      model xloop.xchain.xosc.xd0
        off                     1

NSSOC_NATIVE_FLAG_END
NSSOC_NATIVE_FLAG_BEGIN q.xloop.xchain.xosc.xd0050.qnpn13g2
 VBIC: Vertical Bipolar Inter-Company Model
     device q.xloop.xchain.xosc.x
      model xloop.xchain.xosc.xd0
        off                     1

NSSOC_NATIVE_FLAG_END
NSSOC_NATIVE_FLAG_BEGIN q.xloop.xchain.xosc.xd0051.qnpn13g2
 VBIC: Vertical Bipolar Inter-Company Model
     device q.xloop.xchain.xosc.x
      model xloop.xchain.xosc.xd0
        off                     1

NSSOC_NATIVE_FLAG_END
NSSOC_NATIVE_FLAG_BEGIN q.xloop.xchain.xosc.xd0052.qnpn13g2
 VBIC: Vertical Bipolar Inter-Company Model
     device q.xloop.xchain.xosc.x
      model xloop.xchain.xosc.xd0
        off                     1

NSSOC_NATIVE_FLAG_END
NSSOC_NATIVE_FLAG_BEGIN q.xloop.xchain.xosc.xd0053.qnpn13g2
 VBIC: Vertical Bipolar Inter-Company Model
     device q.xloop.xchain.xosc.x
      model xloop.xchain.xosc.xd0
        off                     1

NSSOC_NATIVE_FLAG_END
NSSOC_NATIVE_FLAG_BEGIN q.xloop.xchain.xosc.xd0054.qnpn13g2
 VBIC: Vertical Bipolar Inter-Company Model
     device q.xloop.xchain.xosc.x
      model xloop.xchain.xosc.xd0
        off                     1

NSSOC_NATIVE_FLAG_END
NSSOC_NATIVE_FLAG_BEGIN q.xloop.xchain.xosc.xd0055.qnpn13g2
 VBIC: Vertical Bipolar Inter-Company Model
     device q.xloop.xchain.xosc.x
      model xloop.xchain.xosc.xd0
        off                     1

NSSOC_NATIVE_FLAG_END
NSSOC_NATIVE_FLAG_BEGIN q.xloop.xchain.xosc.xd0056.qnpn13g2
 VBIC: Vertical Bipolar Inter-Company Model
     device q.xloop.xchain.xosc.x
      model xloop.xchain.xosc.xd0
        off                     1

NSSOC_NATIVE_FLAG_END
NSSOC_NATIVE_FLAG_BEGIN q.xloop.xchain.xosc.xd0057.qnpn13g2
 VBIC: Vertical Bipolar Inter-Company Model
     device q.xloop.xchain.xosc.x
      model xloop.xchain.xosc.xd0
        off                     1

NSSOC_NATIVE_FLAG_END
NSSOC_NATIVE_FLAG_BEGIN q.xloop.xchain.xosc.xd0058.qnpn13g2
 VBIC: Vertical Bipolar Inter-Company Model
     device q.xloop.xchain.xosc.x
      model xloop.xchain.xosc.xd0
        off                     1

NSSOC_NATIVE_FLAG_END
NSSOC_NATIVE_FLAG_BEGIN q.xloop.xchain.xosc.xd0059.qnpn13g2
 VBIC: Vertical Bipolar Inter-Company Model
     device q.xloop.xchain.xosc.x
      model xloop.xchain.xosc.xd0
        off                     1

NSSOC_NATIVE_FLAG_END
NSSOC_NATIVE_FLAG_BEGIN q.xloop.xchain.xosc.xd0060.qnpn13g2
 VBIC: Vertical Bipolar Inter-Company Model
     device q.xloop.xchain.xosc.x
      model xloop.xchain.xosc.xd0
        off                     1

NSSOC_NATIVE_FLAG_END
NSSOC_NATIVE_FLAG_BEGIN q.xloop.xchain.xosc.xd0061.qnpn13g2
 VBIC: Vertical Bipolar Inter-Company Model
     device q.xloop.xchain.xosc.x
      model xloop.xchain.xosc.xd0
        off                     1

NSSOC_NATIVE_FLAG_END
NSSOC_NATIVE_FLAG_BEGIN q.xloop.xchain.xosc.xd0062.qnpn13g2
 VBIC: Vertical Bipolar Inter-Company Model
     device q.xloop.xchain.xosc.x
      model xloop.xchain.xosc.xd0
        off                     1

NSSOC_NATIVE_FLAG_END
NSSOC_NATIVE_FLAG_BEGIN q.xloop.xchain.xdiv.xd0001.qnpn13g2
 VBIC: Vertical Bipolar Inter-Company Model
     device q.xloop.xchain.xdiv.x
      model xloop.xchain.xdiv.xd0
        off                     1

NSSOC_NATIVE_FLAG_END
NSSOC_NATIVE_FLAG_BEGIN q.xloop.xchain.xdiv.xd0002.qnpn13g2
 VBIC: Vertical Bipolar Inter-Company Model
     device q.xloop.xchain.xdiv.x
      model xloop.xchain.xdiv.xd0
        off                     1

NSSOC_NATIVE_FLAG_END
NSSOC_NATIVE_FLAG_BEGIN q.xloop.xchain.xdiv.xd0003.qnpn13g2
 VBIC: Vertical Bipolar Inter-Company Model
     device q.xloop.xchain.xdiv.x
      model xloop.xchain.xdiv.xd0
        off                     1

NSSOC_NATIVE_FLAG_END
NSSOC_NATIVE_FLAG_BEGIN q.xloop.xchain.xdiv.xd0004.qnpn13g2
 VBIC: Vertical Bipolar Inter-Company Model
     device q.xloop.xchain.xdiv.x
      model xloop.xchain.xdiv.xd0
        off                     1

NSSOC_NATIVE_FLAG_END
NSSOC_NATIVE_FLAG_BEGIN q.xloop.xchain.xdiv.xd0005.qnpn13g2
 VBIC: Vertical Bipolar Inter-Company Model
     device q.xloop.xchain.xdiv.x
      model xloop.xchain.xdiv.xd0
        off                     1

NSSOC_NATIVE_FLAG_END
NSSOC_NATIVE_FLAG_BEGIN q.xloop.xchain.xdiv.xd0006.qnpn13g2
 VBIC: Vertical Bipolar Inter-Company Model
     device q.xloop.xchain.xdiv.x
      model xloop.xchain.xdiv.xd0
        off                     1

NSSOC_NATIVE_FLAG_END
NSSOC_NATIVE_FLAG_BEGIN q.xloop.xchain.xdiv.xd0007.qnpn13g2
 VBIC: Vertical Bipolar Inter-Company Model
     device q.xloop.xchain.xdiv.x
      model xloop.xchain.xdiv.xd0
        off                     1

NSSOC_NATIVE_FLAG_END
NSSOC_NATIVE_FLAG_BEGIN q.xloop.xchain.xdiv.xd0008.qnpn13g2
 VBIC: Vertical Bipolar Inter-Company Model
     device q.xloop.xchain.xdiv.x
      model xloop.xchain.xdiv.xd0
        off                     1

NSSOC_NATIVE_FLAG_END
NSSOC_NATIVE_FLAG_BEGIN q.xloop.xchain.xdiv.xd0009.qnpn13g2
 VBIC: Vertical Bipolar Inter-Company Model
     device q.xloop.xchain.xdiv.x
      model xloop.xchain.xdiv.xd0
        off                     1

NSSOC_NATIVE_FLAG_END
NSSOC_NATIVE_FLAG_BEGIN q.xloop.xchain.xdiv.xd0010.qnpn13g2
 VBIC: Vertical Bipolar Inter-Company Model
     device q.xloop.xchain.xdiv.x
      model xloop.xchain.xdiv.xd0
        off                     1

NSSOC_NATIVE_FLAG_END
NSSOC_NATIVE_FLAG_BEGIN q.xloop.xchain.xdiv.xd0011.qnpn13g2
 VBIC: Vertical Bipolar Inter-Company Model
     device q.xloop.xchain.xdiv.x
      model xloop.xchain.xdiv.xd0
        off                     1

NSSOC_NATIVE_FLAG_END
NSSOC_NATIVE_FLAG_BEGIN q.xloop.xchain.xdiv.xd0012.qnpn13g2
 VBIC: Vertical Bipolar Inter-Company Model
     device q.xloop.xchain.xdiv.x
      model xloop.xchain.xdiv.xd0
        off                     1

NSSOC_NATIVE_FLAG_END
NSSOC_NATIVE_FLAG_BEGIN q.xloop.xchain.xdiv.xd0013.qnpn13g2
 VBIC: Vertical Bipolar Inter-Company Model
     device q.xloop.xchain.xdiv.x
      model xloop.xchain.xdiv.xd0
        off                     1

NSSOC_NATIVE_FLAG_END
NSSOC_NATIVE_FLAG_BEGIN q.xloop.xchain.xdiv.xd0014.qnpn13g2
 VBIC: Vertical Bipolar Inter-Company Model
     device q.xloop.xchain.xdiv.x
      model xloop.xchain.xdiv.xd0
        off                     1

NSSOC_NATIVE_FLAG_END
NSSOC_NATIVE_FLAG_BEGIN q.xloop.xchain.xdiv.xd0015.qnpn13g2
 VBIC: Vertical Bipolar Inter-Company Model
     device q.xloop.xchain.xdiv.x
      model xloop.xchain.xdiv.xd0
        off                     1

NSSOC_NATIVE_FLAG_END
NSSOC_NATIVE_FLAG_BEGIN q.xloop.xchain.xdiv.xd0016.qnpn13g2
 VBIC: Vertical Bipolar Inter-Company Model
     device q.xloop.xchain.xdiv.x
      model xloop.xchain.xdiv.xd0
        off                     1

NSSOC_NATIVE_FLAG_END
NSSOC_NATIVE_FLAG_BEGIN q.xloop.xchain.xdiv.xd0017.qnpn13g2
 VBIC: Vertical Bipolar Inter-Company Model
     device q.xloop.xchain.xdiv.x
      model xloop.xchain.xdiv.xd0
        off                     1

NSSOC_NATIVE_FLAG_END
NSSOC_NATIVE_FLAG_BEGIN q.xloop.xchain.xdiv.xd0018.qnpn13g2
 VBIC: Vertical Bipolar Inter-Company Model
     device q.xloop.xchain.xdiv.x
      model xloop.xchain.xdiv.xd0
        off                     1

NSSOC_NATIVE_FLAG_END
NSSOC_NATIVE_FLAG_BEGIN q.xloop.xchain.xdiv.xd0019.qnpn13g2
 VBIC: Vertical Bipolar Inter-Company Model
     device q.xloop.xchain.xdiv.x
      model xloop.xchain.xdiv.xd0
        off                     1

NSSOC_NATIVE_FLAG_END
NSSOC_NATIVE_FLAG_BEGIN q.xloop.xchain.xdiv.xd0020.qnpn13g2
 VBIC: Vertical Bipolar Inter-Company Model
     device q.xloop.xchain.xdiv.x
      model xloop.xchain.xdiv.xd0
        off                     1

NSSOC_NATIVE_FLAG_END
NSSOC_NATIVE_FLAG_BEGIN q.xloop.xchain.xdiv.xd0021.qnpn13g2
 VBIC: Vertical Bipolar Inter-Company Model
     device q.xloop.xchain.xdiv.x
      model xloop.xchain.xdiv.xd0
        off                     1

NSSOC_NATIVE_FLAG_END
NSSOC_NATIVE_FLAG_BEGIN q.xloop.xchain.xdiv.xd0022.qnpn13g2
 VBIC: Vertical Bipolar Inter-Company Model
     device q.xloop.xchain.xdiv.x
      model xloop.xchain.xdiv.xd0
        off                     1

NSSOC_NATIVE_FLAG_END
NSSOC_NATIVE_FLAG_BEGIN q.xloop.xchain.xdiv.xd0023.qnpn13g2
 VBIC: Vertical Bipolar Inter-Company Model
     device q.xloop.xchain.xdiv.x
      model xloop.xchain.xdiv.xd0
        off                     1

NSSOC_NATIVE_FLAG_END
NSSOC_NATIVE_FLAG_BEGIN q.xloop.xchain.xdiv.xd0024.qnpn13g2
 VBIC: Vertical Bipolar Inter-Company Model
     device q.xloop.xchain.xdiv.x
      model xloop.xchain.xdiv.xd0
        off                     1

NSSOC_NATIVE_FLAG_END
NSSOC_NATIVE_FLAG_BEGIN q.xloop.xchain.xdiv.xd0025.qnpn13g2
 VBIC: Vertical Bipolar Inter-Company Model
     device q.xloop.xchain.xdiv.x
      model xloop.xchain.xdiv.xd0
        off                     1

NSSOC_NATIVE_FLAG_END
NSSOC_NATIVE_FLAG_BEGIN q.xloop.xchain.xdiv.xd0026.qnpn13g2
 VBIC: Vertical Bipolar Inter-Company Model
     device q.xloop.xchain.xdiv.x
      model xloop.xchain.xdiv.xd0
        off                     1

NSSOC_NATIVE_FLAG_END
NSSOC_NATIVE_FLAG_BEGIN q.xloop.xchain.xdiv.xd0027.qnpn13g2
 VBIC: Vertical Bipolar Inter-Company Model
     device q.xloop.xchain.xdiv.x
      model xloop.xchain.xdiv.xd0
        off                     1

NSSOC_NATIVE_FLAG_END
NSSOC_NATIVE_FLAG_BEGIN q.xloop.xchain.xdiv.xd0028.qnpn13g2
 VBIC: Vertical Bipolar Inter-Company Model
     device q.xloop.xchain.xdiv.x
      model xloop.xchain.xdiv.xd0
        off                     1

NSSOC_NATIVE_FLAG_END
NSSOC_NATIVE_FLAG_BEGIN q.xloop.xchain.xdiv.xd0029.qnpn13g2
 VBIC: Vertical Bipolar Inter-Company Model
     device q.xloop.xchain.xdiv.x
      model xloop.xchain.xdiv.xd0
        off                     1

NSSOC_NATIVE_FLAG_END
NSSOC_NATIVE_FLAG_BEGIN q.xloop.xchain.xdiv.xd0030.qnpn13g2
 VBIC: Vertical Bipolar Inter-Company Model
     device q.xloop.xchain.xdiv.x
      model xloop.xchain.xdiv.xd0
        off                     1

NSSOC_NATIVE_FLAG_END
NSSOC_NATIVE_FLAG_BEGIN q.xloop.xchain.xdiv.xd0031.qnpn13g2
 VBIC: Vertical Bipolar Inter-Company Model
     device q.xloop.xchain.xdiv.x
      model xloop.xchain.xdiv.xd0
        off                     1

NSSOC_NATIVE_FLAG_END
NSSOC_NATIVE_FLAG_BEGIN q.xloop.xchain.xdiv.xd0032.qnpn13g2
 VBIC: Vertical Bipolar Inter-Company Model
     device q.xloop.xchain.xdiv.x
      model xloop.xchain.xdiv.xd0
        off                     1

NSSOC_NATIVE_FLAG_END
NSSOC_NATIVE_FLAG_BEGIN q.xloop.xchain.xdiv.xd0033.qnpn13g2
 VBIC: Vertical Bipolar Inter-Company Model
     device q.xloop.xchain.xdiv.x
      model xloop.xchain.xdiv.xd0
        off                     1

NSSOC_NATIVE_FLAG_END
NSSOC_NATIVE_FLAG_BEGIN q.xloop.xchain.xdiv.xd0034.qnpn13g2
 VBIC: Vertical Bipolar Inter-Company Model
     device q.xloop.xchain.xdiv.x
      model xloop.xchain.xdiv.xd0
        off                     1

NSSOC_NATIVE_FLAG_END
Doing analysis at TEMP = 27.000000 and TNOM = 27.000000

Using SPARSE 1.3 as Direct Linear Solver
 Reference value :  0.00000e+00
No. of Data Rows : 1
binary raw file "op.raw"
binary raw file "stream.fifo"
Doing analysis at TEMP = 27.000000 and TNOM = 27.000000

Using SPARSE 1.3 as Direct Linear Solver
No. of Data Columns : 2679  

Initial Transient Solution
--------------------------

Node                                   Voltage
----                                   -------
avdd                                         0
dvdd                                         0
cvdd                                         0
clearb                                       0
reset                                        0
reference                                    0
body_substrate                               0
wire_cref                                    0
clkp                                         0
clkn                                         0
div_body_substrate                           0
div_wire_cref                                0
vctrl                                        0
xloop.xchain.xosc.w_t0000                    0
xloop.xchain.xosc.body_well_2                0
xloop.xchain.xosc.w_t0004                    0
xloop.xchain.xosc.w_t0003                    0
xloop.xchain.xosc.w_t0002                    0
xloop.xchain.xosc.w_t0008                    0
xloop.xchain.xosc.w_t0007                    0
xloop.xchain.xosc.w_t0006                    0
xloop.xchain.xosc.w_t0012                    0
xloop.xchain.xosc.w_t0011                    0
xloop.xchain.xosc.w_t0010                    0
xloop.xchain.xosc.w_t0016                    0
xloop.xchain.xosc.w_t0015                    0
xloop.xchain.xosc.w_t0014                    0
xloop.xchain.xosc.w_t0018                    0
xloop.xchain.xosc.w_t0019                    0
xloop.xchain.xosc.w_t0020                    0
xloop.xchain.xosc.xd0006.s1                  0
xloop.xchain.xosc.xd0006.t                   0
xloop.xchain.xosc.w_t0022                    0
xloop.xchain.xosc.w_t0023                    0
xloop.xchain.xosc.w_t0024                    0
xloop.xchain.xosc.xd0007.s1                  0
xloop.xchain.xosc.xd0007.t                   0
xloop.xchain.xosc.w_t0026                    0
xloop.xchain.xosc.w_t0027                    0
xloop.xchain.xosc.xd0008.dt                  0
xloop.xchain.xosc.w_t0029                    0
xloop.xchain.xosc.xd0009.1                   0
xloop.xchain.xosc.w_t0030                    0
xloop.xchain.xosc.w_t0031                    0
xloop.xchain.xosc.w_t0032                    0
xloop.xchain.xosc.xd0010.dt                  0
xloop.xchain.xosc.w_t0034                    0
xloop.xchain.xosc.w_t0035                    0
xloop.xchain.xosc.xd0011.dt                  0
xloop.xchain.xosc.w_t0037                    0
xloop.xchain.xosc.w_t0038                    0
xloop.xchain.xosc.xd0012.dt                  0
xloop.xchain.xosc.w_t0040                    0
xloop.xchain.xosc.w_t0041                    0
xloop.xchain.xosc.xd0013.dt                  0
xloop.xchain.xosc.w_t0043                    0
xloop.xchain.xosc.w_t0044                    0
xloop.xchain.xosc.xd0014.dt                  0
xloop.xchain.xosc.w_t0046                    0
xloop.xchain.xosc.w_t0047                    0
xloop.xchain.xosc.xd0015.dt                  0
xloop.xchain.xosc.w_t0049                    0
xloop.xchain.xosc.w_t0051                    0
xloop.xchain.xosc.w_t0053                    0
xloop.xchain.xosc.w_t0055                    0
xloop.xchain.xosc.w_t0057                    0
xloop.xchain.xosc.w_t0059                    0
xloop.xchain.xosc.w_t0061                    0
xloop.xchain.xosc.w_t0063                    0
xloop.xchain.xosc.w_t0065                    0
xloop.xchain.xosc.w_t0067                    0
xloop.xchain.xosc.w_t0069                    0
xloop.xchain.xosc.w_t0071                    0
xloop.xchain.xosc.w_t0073                    0
xloop.xchain.xosc.xd0028.1                   0
xloop.xchain.xosc.w_t0074                    0
xloop.xchain.xosc.w_t0075                    0
xloop.xchain.xosc.xd0029.1                   0
xloop.xchain.xosc.w_t0076                    0
xloop.xchain.xosc.w_t0077                    0
xloop.xchain.xosc.xd0030.1                   0
xloop.xchain.xosc.w_t0078                    0
xloop.xchain.xosc.w_t0079                    0
xloop.xchain.xosc.xd0031.1                   0
xloop.xchain.xosc.w_t0080                    0
xloop.xchain.xosc.w_t0081                    0
xloop.xchain.xosc.xd0032.1                   0
xloop.xchain.xosc.w_t0082                    0
xloop.xchain.xosc.w_t0083                    0
xloop.xchain.xosc.w_t0084                    0
xloop.xchain.xosc.xd0033.dt                  0
xloop.xchain.xosc.w_t0086                    0
xloop.xchain.xosc.w_t0087                    0
xloop.xchain.xosc.xd0034.dt                  0
xloop.xchain.xosc.w_t0089                    0
xloop.xchain.xosc.w_t0090                    0
xloop.xchain.xosc.w_t0091                    0
xloop.xchain.xosc.xd0035.s1                  0
xloop.xchain.xosc.xd0035.t                   0
xloop.xchain.xosc.w_t0093                    0
xloop.xchain.xosc.w_t0094                    0
xloop.xchain.xosc.w_t0095                    0
xloop.xchain.xosc.xd0036.s1                  0
xloop.xchain.xosc.xd0036.t                   0
xloop.xchain.xosc.w_t0097                    0
xloop.xchain.xosc.w_t0098                    0
xloop.xchain.xosc.w_t0099                    0
xloop.xchain.xosc.xd0037.s1                  0
xloop.xchain.xosc.xd0037.t                   0
xloop.xchain.xosc.w_t0101                    0
xloop.xchain.xosc.w_t0102                    0
xloop.xchain.xosc.w_t0103                    0
xloop.xchain.xosc.xd0038.s1                  0
xloop.xchain.xosc.xd0038.t                   0
xloop.xchain.xosc.w_t0105                    0
xloop.xchain.xosc.w_t0106                    0
xloop.xchain.xosc.w_t0107                    0
xloop.xchain.xosc.xd0039.s1                  0
xloop.xchain.xosc.xd0039.t                   0
xloop.xchain.xosc.w_t0109                    0
xloop.xchain.xosc.w_t0110                    0
xloop.xchain.xosc.w_t0111                    0
xloop.xchain.xosc.xd0040.s1                  0
xloop.xchain.xosc.xd0040.t                   0
xloop.xchain.xosc.w_t0113                    0
xloop.xchain.xosc.w_t0114                    0
xloop.xchain.xosc.w_t0115                    0
xloop.xchain.xosc.xd0041.s1                  0
xloop.xchain.xosc.xd0041.t                   0
xloop.xchain.xosc.w_t0117                    0
xloop.xchain.xosc.w_t0118                    0
xloop.xchain.xosc.w_t0119                    0
xloop.xchain.xosc.xd0042.s1                  0
xloop.xchain.xosc.xd0042.t                   0
xloop.xchain.xosc.w_t0121                    0
xloop.xchain.xosc.w_t0122                    0
xloop.xchain.xosc.w_t0123                    0
xloop.xchain.xosc.xd0043.s1                  0
xloop.xchain.xosc.xd0043.t                   0
xloop.xchain.xosc.w_t0125                    0
xloop.xchain.xosc.w_t0126                    0
xloop.xchain.xosc.w_t0127                    0
xloop.xchain.xosc.xd0044.s1                  0
xloop.xchain.xosc.xd0044.t                   0
xloop.xchain.xosc.w_t0129                    0
xloop.xchain.xosc.w_t0130                    0
xloop.xchain.xosc.w_t0131                    0
xloop.xchain.xosc.xd0045.s1                  0
xloop.xchain.xosc.xd0045.t                   0
xloop.xchain.xosc.w_t0133                    0
xloop.xchain.xosc.w_t0134                    0
xloop.xchain.xosc.w_t0135                    0
xloop.xchain.xosc.xd0046.s1                  0
xloop.xchain.xosc.xd0046.t                   0
xloop.xchain.xosc.w_t0137                    0
xloop.xchain.xosc.w_t0138                    0
xloop.xchain.xosc.w_t0139                    0
xloop.xchain.xosc.xd0047.s1                  0
xloop.xchain.xosc.xd0047.t                   0
xloop.xchain.xosc.w_t0141                    0
xloop.xchain.xosc.w_t0142                    0
xloop.xchain.xosc.w_t0143                    0
xloop.xchain.xosc.xd0048.s1                  0
xloop.xchain.xosc.xd0048.t                   0
xloop.xchain.xosc.w_t0145                    0
xloop.xchain.xosc.w_t0146                    0
xloop.xchain.xosc.w_t0147                    0
xloop.xchain.xosc.xd0049.s1                  0
xloop.xchain.xosc.xd0049.t                   0
xloop.xchain.xosc.w_t0149                    0
xloop.xchain.xosc.w_t0150                    0
xloop.xchain.xosc.w_t0151                    0
xloop.xchain.xosc.xd0050.s1                  0
xloop.xchain.xosc.xd0050.t                   0
xloop.xchain.xosc.w_t0153                    0
xloop.xchain.xosc.w_t0154                    0
xloop.xchain.xosc.w_t0155                    0
xloop.xchain.xosc.xd0051.s1                  0
xloop.xchain.xosc.xd0051.t                   0
xloop.xchain.xosc.w_t0157                    0
xloop.xchain.xosc.w_t0158                    0
xloop.xchain.xosc.w_t0159                    0
xloop.xchain.xosc.xd0052.s1                  0
xloop.xchain.xosc.xd0052.t                   0
xloop.xchain.xosc.w_t0161                    0
xloop.xchain.xosc.w_t0162                    0
xloop.xchain.xosc.w_t0163                    0
xloop.xchain.xosc.xd0053.s1                  0
xloop.xchain.xosc.xd0053.t                   0
xloop.xchain.xosc.w_t0165                    0
xloop.xchain.xosc.w_t0166                    0
xloop.xchain.xosc.w_t0167                    0
xloop.xchain.xosc.xd0054.s1                  0
xloop.xchain.xosc.xd0054.t                   0
xloop.xchain.xosc.w_t0169                    0
xloop.xchain.xosc.w_t0170                    0
xloop.xchain.xosc.w_t0171                    0
xloop.xchain.xosc.xd0055.s1                  0
xloop.xchain.xosc.xd0055.t                   0
xloop.xchain.xosc.w_t0173                    0
xloop.xchain.xosc.w_t0174                    0
xloop.xchain.xosc.w_t0175                    0
xloop.xchain.xosc.xd0056.s1                  0
xloop.xchain.xosc.xd0056.t                   0
xloop.xchain.xosc.w_t0177                    0
xloop.xchain.xosc.w_t0178                    0
xloop.xchain.xosc.w_t0179                    0
xloop.xchain.xosc.xd0057.s1                  0
xloop.xchain.xosc.xd0057.t                   0
xloop.xchain.xosc.w_t0181                    0
xloop.xchain.xosc.w_t0182                    0
xloop.xchain.xosc.w_t0183                    0
xloop.xchain.xosc.xd0058.s1                  0
xloop.xchain.xosc.xd0058.t                   0
xloop.xchain.xosc.w_t0185                    0
xloop.xchain.xosc.w_t0186                    0
xloop.xchain.xosc.w_t0187                    0
xloop.xchain.xosc.xd0059.s1                  0
xloop.xchain.xosc.xd0059.t                   0
xloop.xchain.xosc.w_t0189                    0
xloop.xchain.xosc.w_t0190                    0
xloop.xchain.xosc.w_t0191                    0
xloop.xchain.xosc.xd0060.s1                  0
xloop.xchain.xosc.xd0060.t                   0
xloop.xchain.xosc.w_t0193                    0
xloop.xchain.xosc.w_t0194                    0
xloop.xchain.xosc.w_t0195                    0
xloop.xchain.xosc.xd0061.s1                  0
xloop.xchain.xosc.xd0061.t                   0
xloop.xchain.xosc.w_t0197                    0
xloop.xchain.xosc.w_t0198                    0
xloop.xchain.xosc.w_t0199                    0
xloop.xchain.xosc.xd0062.s1                  0
xloop.xchain.xosc.xd0062.t                   0
xloop.xchain.xosc.w_p004.n0                  0
xloop.xchain.xosc.w_p004.n1                  0
xloop.xchain.xosc.w_p004.n2                  0
xloop.xchain.xosc.w_p004.n3                  0
xloop.xchain.xosc.w_p004.n4                  0
xloop.xchain.xosc.w_p004.n5                  0
xloop.xchain.xosc.w_p004.n6                  0
xloop.xchain.xosc.w_p004.n7                  0
xloop.xchain.xosc.w_p004.n8                  0
xloop.xchain.xosc.w_p004.n9                  0
xloop.xchain.xosc.w_p004.n10                 0
xloop.xchain.xosc.w_t0185.n1                 0
xloop.xchain.xosc.w_t0185.n0                 0
xloop.xchain.xosc.w_t0185.n2                 0
xloop.xchain.xosc.w_t0185.n3                 0
xloop.xchain.xosc.w_t0185.n4                 0
xloop.xchain.xosc.w_t0185.n5                 0
xloop.xchain.xosc.w_t0185.n6                 0
xloop.xchain.xosc.w_t0185.n7                 0
xloop.xchain.xosc.w_t0185.n8                 0
xloop.xchain.xosc.w_t0185.n33                0
xloop.xchain.xosc.w_t0185.n9                 0
xloop.xchain.xosc.w_t0185.n10                0
xloop.xchain.xosc.w_t0185.n11                0
xloop.xchain.xosc.w_t0185.n12                0
xloop.xchain.xosc.w_t0185.n32                0
xloop.xchain.xosc.w_t0185.n13                0
xloop.xchain.xosc.w_t0185.n14                0
xloop.xchain.xosc.w_t0185.n31                0
xloop.xchain.xosc.w_t0185.n25                0
xloop.xchain.xosc.w_t0185.n26                0
xloop.xchain.xosc.w_t0185.n27                0
xloop.xchain.xosc.w_t0185.n28                0
xloop.xchain.xosc.w_t0185.n29                0
xloop.xchain.xosc.w_t0185.n30                0
xloop.xchain.xosc.w_t0185.n15                0
xloop.xchain.xosc.w_t0185.n17                0
xloop.xchain.xosc.w_t0185.n16                0
xloop.xchain.xosc.w_t0185.n18                0
xloop.xchain.xosc.w_t0185.n19                0
xloop.xchain.xosc.w_t0185.n20                0
xloop.xchain.xosc.w_t0185.n21                0
xloop.xchain.xosc.w_t0185.n22                0
xloop.xchain.xosc.w_t0185.n23                0
xloop.xchain.xosc.w_t0185.n24                0
xloop.xchain.xosc.w_t0193.n1                 0
xloop.xchain.xosc.w_t0193.n0                 0
xloop.xchain.xosc.w_t0193.n2                 0
xloop.xchain.xosc.w_t0193.n3                 0
xloop.xchain.xosc.w_t0193.n4                 0
xloop.xchain.xosc.w_t0193.n5                 0
xloop.xchain.xosc.w_t0193.n6                 0
xloop.xchain.xosc.w_t0193.n7                 0
xloop.xchain.xosc.w_t0193.n8                 0
xloop.xchain.xosc.w_t0193.n34                0
xloop.xchain.xosc.w_t0193.n21                0
xloop.xchain.xosc.w_t0193.n9                 0
xloop.xchain.xosc.w_t0193.n16                0
xloop.xchain.xosc.w_t0193.n10                0
xloop.xchain.xosc.w_t0193.n11                0
xloop.xchain.xosc.w_t0193.n12                0
xloop.xchain.xosc.w_t0193.n13                0
xloop.xchain.xosc.w_t0193.n14                0
xloop.xchain.xosc.w_t0193.n15                0
xloop.xchain.xosc.w_t0193.n17                0
xloop.xchain.xosc.w_t0193.n23                0
xloop.xchain.xosc.w_t0193.n18                0
xloop.xchain.xosc.w_t0193.n19                0
xloop.xchain.xosc.w_t0193.n20                0
xloop.xchain.xosc.w_t0193.n22                0
xloop.xchain.xosc.w_t0193.n24                0
xloop.xchain.xosc.w_t0193.n26                0
xloop.xchain.xosc.w_t0193.n25                0
xloop.xchain.xosc.w_t0193.n27                0
xloop.xchain.xosc.w_t0193.n28                0
xloop.xchain.xosc.w_t0193.n29                0
xloop.xchain.xosc.w_t0193.n30                0
xloop.xchain.xosc.w_t0193.n31                0
xloop.xchain.xosc.w_t0193.n32                0
xloop.xchain.xosc.w_t0193.n33                0
xloop.xchain.xosc.w_t0194.n1                 0
xloop.xchain.xosc.w_t0194.n0                 0
xloop.xchain.xosc.w_t0194.n2                 0
xloop.xchain.xosc.w_t0194.n3                 0
xloop.xchain.xosc.w_t0194.n4                 0
xloop.xchain.xosc.w_t0194.n5                 0
xloop.xchain.xosc.w_t0194.n6                 0
xloop.xchain.xosc.w_t0194.n7                 0
xloop.xchain.xosc.w_t0194.n8                 0
xloop.xchain.xosc.w_t0194.n41                0
xloop.xchain.xosc.w_t0194.n9                 0
xloop.xchain.xosc.w_t0194.n16                0
xloop.xchain.xosc.w_t0194.n10                0
xloop.xchain.xosc.w_t0194.n11                0
xloop.xchain.xosc.w_t0194.n12                0
xloop.xchain.xosc.w_t0194.n13                0
xloop.xchain.xosc.w_t0194.n14                0
xloop.xchain.xosc.w_t0194.n15                0
xloop.xchain.xosc.w_t0194.n17                0
xloop.xchain.xosc.w_t0194.n23                0
xloop.xchain.xosc.w_t0194.n18                0
xloop.xchain.xosc.w_t0194.n19                0
xloop.xchain.xosc.w_t0194.n20                0
xloop.xchain.xosc.w_t0194.n21                0
xloop.xchain.xosc.w_t0194.n22                0
xloop.xchain.xosc.w_t0194.n40                0
xloop.xchain.xosc.w_t0194.n34                0
xloop.xchain.xosc.w_t0194.n35                0
xloop.xchain.xosc.w_t0194.n36                0
xloop.xchain.xosc.w_t0194.n37                0
xloop.xchain.xosc.w_t0194.n38                0
xloop.xchain.xosc.w_t0194.n39                0
xloop.xchain.xosc.w_t0194.n24                0
xloop.xchain.xosc.w_t0194.n26                0
xloop.xchain.xosc.w_t0194.n25                0
xloop.xchain.xosc.w_t0194.n27                0
xloop.xchain.xosc.w_t0194.n28                0
xloop.xchain.xosc.w_t0194.n29                0
xloop.xchain.xosc.w_t0194.n30                0
xloop.xchain.xosc.w_t0194.n31                0
xloop.xchain.xosc.w_t0194.n32                0
xloop.xchain.xosc.w_t0194.n33                0
xloop.xchain.xosc.w_t0181.n1                 0
xloop.xchain.xosc.w_t0181.n0                 0
xloop.xchain.xosc.w_t0181.n2                 0
xloop.xchain.xosc.w_t0181.n3                 0
xloop.xchain.xosc.w_t0181.n4                 0
xloop.xchain.xosc.w_t0181.n5                 0
xloop.xchain.xosc.w_t0181.n6                 0
xloop.xchain.xosc.w_t0181.n7                 0
xloop.xchain.xosc.w_t0181.n8                 0
xloop.xchain.xosc.w_t0181.n33                0
xloop.xchain.xosc.w_t0181.n9                 0
xloop.xchain.xosc.w_t0181.n10                0
xloop.xchain.xosc.w_t0181.n11                0
xloop.xchain.xosc.w_t0181.n12                0
xloop.xchain.xosc.w_t0181.n32                0
xloop.xchain.xosc.w_t0181.n13                0
xloop.xchain.xosc.w_t0181.n14                0
xloop.xchain.xosc.w_t0181.n31                0
xloop.xchain.xosc.w_t0181.n25                0
xloop.xchain.xosc.w_t0181.n26                0
xloop.xchain.xosc.w_t0181.n27                0
xloop.xchain.xosc.w_t0181.n28                0
xloop.xchain.xosc.w_t0181.n29                0
xloop.xchain.xosc.w_t0181.n30                0
xloop.xchain.xosc.w_t0181.n15                0
xloop.xchain.xosc.w_t0181.n17                0
xloop.xchain.xosc.w_t0181.n16                0
xloop.xchain.xosc.w_t0181.n18                0
xloop.xchain.xosc.w_t0181.n19                0
xloop.xchain.xosc.w_t0181.n20                0
xloop.xchain.xosc.w_t0181.n21                0
xloop.xchain.xosc.w_t0181.n22                0
xloop.xchain.xosc.w_t0181.n23                0
xloop.xchain.xosc.w_t0181.n24                0
xloop.xchain.xosc.w_t0182.n1                 0
xloop.xchain.xosc.w_t0182.n0                 0
xloop.xchain.xosc.w_t0182.n2                 0
xloop.xchain.xosc.w_t0182.n3                 0
xloop.xchain.xosc.w_t0182.n4                 0
xloop.xchain.xosc.w_t0182.n5                 0
xloop.xchain.xosc.w_t0182.n6                 0
xloop.xchain.xosc.w_t0182.n7                 0
xloop.xchain.xosc.w_t0182.n8                 0
xloop.xchain.xosc.w_t0182.n34                0
xloop.xchain.xosc.w_t0182.n9                 0
xloop.xchain.xosc.w_t0182.n16                0
xloop.xchain.xosc.w_t0182.n10                0
xloop.xchain.xosc.w_t0182.n11                0
xloop.xchain.xosc.w_t0182.n12                0
xloop.xchain.xosc.w_t0182.n13                0
xloop.xchain.xosc.w_t0182.n14                0
xloop.xchain.xosc.w_t0182.n15                0
xloop.xchain.xosc.w_t0182.n33                0
xloop.xchain.xosc.w_t0182.n27                0
xloop.xchain.xosc.w_t0182.n28                0
xloop.xchain.xosc.w_t0182.n29                0
xloop.xchain.xosc.w_t0182.n30                0
xloop.xchain.xosc.w_t0182.n31                0
xloop.xchain.xosc.w_t0182.n32                0
xloop.xchain.xosc.w_t0182.n17                0
xloop.xchain.xosc.w_t0182.n19                0
xloop.xchain.xosc.w_t0182.n18                0
xloop.xchain.xosc.w_t0182.n20                0
xloop.xchain.xosc.w_t0182.n21                0
xloop.xchain.xosc.w_t0182.n22                0
xloop.xchain.xosc.w_t0182.n23                0
xloop.xchain.xosc.w_t0182.n24                0
xloop.xchain.xosc.w_t0182.n25                0
xloop.xchain.xosc.w_t0182.n26                0
xloop.xchain.xosc.w_t0177.n1                 0
xloop.xchain.xosc.w_t0177.n0                 0
xloop.xchain.xosc.w_t0177.n2                 0
xloop.xchain.xosc.w_t0177.n3                 0
xloop.xchain.xosc.w_t0177.n4                 0
xloop.xchain.xosc.w_t0177.n5                 0
xloop.xchain.xosc.w_t0177.n6                 0
xloop.xchain.xosc.w_t0177.n7                 0
xloop.xchain.xosc.w_t0177.n8                 0
xloop.xchain.xosc.w_t0177.n41                0
xloop.xchain.xosc.w_t0177.n9                 0
xloop.xchain.xosc.w_t0177.n10                0
xloop.xchain.xosc.w_t0177.n11                0
xloop.xchain.xosc.w_t0177.n12                0
xloop.xchain.xosc.w_t0177.n40                0
xloop.xchain.xosc.w_t0177.n13                0
xloop.xchain.xosc.w_t0177.n14                0
xloop.xchain.xosc.w_t0177.n15                0
xloop.xchain.xosc.w_t0177.n22                0
xloop.xchain.xosc.w_t0177.n16                0
xloop.xchain.xosc.w_t0177.n17                0
xloop.xchain.xosc.w_t0177.n18                0
xloop.xchain.xosc.w_t0177.n19                0
xloop.xchain.xosc.w_t0177.n20                0
xloop.xchain.xosc.w_t0177.n21                0
xloop.xchain.xosc.w_t0177.n23                0
xloop.xchain.xosc.w_t0177.n29                0
xloop.xchain.xosc.w_t0177.n24                0
xloop.xchain.xosc.w_t0177.n25                0
xloop.xchain.xosc.w_t0177.n26                0
xloop.xchain.xosc.w_t0177.n27                0
xloop.xchain.xosc.w_t0177.n28                0
xloop.xchain.xosc.w_t0177.n30                0
xloop.xchain.xosc.w_t0177.n32                0
xloop.xchain.xosc.w_t0177.n31                0
xloop.xchain.xosc.w_t0177.n33                0
xloop.xchain.xosc.w_t0177.n34                0
xloop.xchain.xosc.w_t0177.n35                0
xloop.xchain.xosc.w_t0177.n36                0
xloop.xchain.xosc.w_t0177.n37                0
xloop.xchain.xosc.w_t0177.n38                0
xloop.xchain.xosc.w_t0177.n39                0
xloop.xchain.xosc.w_t0187.n0                 0
xloop.xchain.xosc.w_t0195.n0                 0
xloop.xchain.xosc.w_t0179.n0                 0
xloop.xchain.xosc.w_t0189.n0                 0
xloop.xchain.xosc.w_p005.n0                  0
xloop.xchain.xosc.w_p005.n1                  0
xloop.xchain.xosc.w_p005.n2                  0
xloop.xchain.xosc.w_t0130.n0                 0
xloop.xchain.xosc.w_t0130.n1                 0
xloop.xchain.xosc.w_t0130.n2                 0
xloop.xchain.xosc.w_t0130.n3                 0
xloop.xchain.xosc.w_t0130.n4                 0
xloop.xchain.xosc.w_t0130.n5                 0
xloop.xchain.xosc.w_t0130.n6                 0
xloop.xchain.xosc.w_t0130.n7                 0
xloop.xchain.xosc.w_t0130.n8                 0
xloop.xchain.xosc.w_t0130.n10                0
xloop.xchain.xosc.w_t0130.n9                 0
xloop.xchain.xosc.w_t0130.n11                0
xloop.xchain.xosc.w_t0130.n12                0
xloop.xchain.xosc.w_t0130.n14                0
xloop.xchain.xosc.w_t0130.n15                0
xloop.xchain.xosc.w_t0130.n16                0
xloop.xchain.xosc.w_t0130.n17                0
xloop.xchain.xosc.w_t0130.n13                0
xloop.xchain.xosc.w_t0130.n18                0
xloop.xchain.xosc.w_t0157.n1                 0
xloop.xchain.xosc.w_t0157.n0                 0
xloop.xchain.xosc.w_t0157.n2                 0
xloop.xchain.xosc.w_t0157.n3                 0
xloop.xchain.xosc.w_t0133.n1                 0
xloop.xchain.xosc.w_t0133.n0                 0
xloop.xchain.xosc.w_t0133.n2                 0
xloop.xchain.xosc.w_t0133.n3                 0
xloop.xchain.xosc.w_p000.n25                 0
xloop.xchain.xosc.w_p000.n24                 0
xloop.xchain.xosc.w_p000.n27                 0
xloop.xchain.xosc.w_p000.n26                 0
xloop.xchain.xosc.w_p000.n29                 0
xloop.xchain.xosc.w_p000.n28                 0
xloop.xchain.xosc.w_p000.n31                 0
xloop.xchain.xosc.w_p000.n30                 0
xloop.xchain.xosc.w_p000.n33                 0
xloop.xchain.xosc.w_p000.n32                 0
xloop.xchain.xosc.w_p000.n35                 0
xloop.xchain.xosc.w_p000.n34                 0
xloop.xchain.xosc.w_p000.n37                 0
xloop.xchain.xosc.w_p000.n36                 0
xloop.xchain.xosc.w_p000.n39                 0
xloop.xchain.xosc.w_p000.n38                 0
xloop.xchain.xosc.w_p000.n41                 0
xloop.xchain.xosc.w_p000.n40                 0
xloop.xchain.xosc.w_p000.n43                 0
xloop.xchain.xosc.w_p000.n42                 0
xloop.xchain.xosc.w_p000.n45                 0
xloop.xchain.xosc.w_p000.n44                 0
xloop.xchain.xosc.w_p000.n47                 0
xloop.xchain.xosc.w_p000.n46                 0
xloop.xchain.xosc.w_p000.n49                 0
xloop.xchain.xosc.w_p000.n48                 0
xloop.xchain.xosc.w_p000.n51                 0
xloop.xchain.xosc.w_p000.n50                 0
xloop.xchain.xosc.w_p000.n53                 0
xloop.xchain.xosc.w_p000.n52                 0
xloop.xchain.xosc.w_p000.n55                 0
xloop.xchain.xosc.w_p000.n54                 0
xloop.xchain.xosc.w_p000.n57                 0
xloop.xchain.xosc.w_p000.n56                 0
xloop.xchain.xosc.w_p000.n59                 0
xloop.xchain.xosc.w_p000.n58                 0
xloop.xchain.xosc.w_p000.n61                 0
xloop.xchain.xosc.w_p000.n60                 0
xloop.xchain.xosc.w_p000.n63                 0
xloop.xchain.xosc.w_p000.n62                 0
xloop.xchain.xosc.w_p000.n0                  0
xloop.xchain.xosc.w_p000.n1                  0
xloop.xchain.xosc.w_p000.n2                  0
xloop.xchain.xosc.w_p000.n3                  0
xloop.xchain.xosc.w_p000.n4                  0
xloop.xchain.xosc.w_p000.n5                  0
xloop.xchain.xosc.w_p000.n6                  0
xloop.xchain.xosc.w_p000.n7                  0
xloop.xchain.xosc.w_p000.n8                  0
xloop.xchain.xosc.w_p000.n9                  0
xloop.xchain.xosc.w_p000.n10                 0
xloop.xchain.xosc.w_p000.n11                 0
xloop.xchain.xosc.w_p000.n12                 0
xloop.xchain.xosc.w_p000.n13                 0
xloop.xchain.xosc.w_p000.n14                 0
xloop.xchain.xosc.w_p000.n15                 0
xloop.xchain.xosc.w_p000.n16                 0
xloop.xchain.xosc.w_p000.n17                 0
xloop.xchain.xosc.w_p000.n18                 0
xloop.xchain.xosc.w_p000.n19                 0
xloop.xchain.xosc.w_p000.n20                 0
xloop.xchain.xosc.w_p000.n21                 0
xloop.xchain.xosc.w_p000.n22                 0
xloop.xchain.xosc.w_p000.n23                 0
xloop.xchain.xosc.w_p000.n84                 0
xloop.xchain.xosc.w_p000.n83                 0
xloop.xchain.xosc.w_p000.n82                 0
xloop.xchain.xosc.w_p000.n81                 0
xloop.xchain.xosc.w_p000.n80                 0
xloop.xchain.xosc.w_p000.n79                 0
xloop.xchain.xosc.w_p000.n78                 0
xloop.xchain.xosc.w_p000.n77                 0
xloop.xchain.xosc.w_p000.n76                 0
xloop.xchain.xosc.w_p000.n75                 0
xloop.xchain.xosc.w_p000.n74                 0
xloop.xchain.xosc.w_p000.n73                 0
xloop.xchain.xosc.w_p000.n72                 0
xloop.xchain.xosc.w_p000.n71                 0
xloop.xchain.xosc.w_p000.n70                 0
xloop.xchain.xosc.w_p000.n69                 0
xloop.xchain.xosc.w_p000.n68                 0
xloop.xchain.xosc.w_p000.n67                 0
xloop.xchain.xosc.w_p000.n66                 0
xloop.xchain.xosc.w_p000.n65                 0
xloop.xchain.xosc.w_p000.n64                 0
xloop.xchain.xosc.w_p003.n1                  0
xloop.xchain.xosc.w_p003.n0                  0
xloop.xchain.xosc.w_p003.n2                  0
xloop.xchain.xosc.w_p003.n3                  0
xloop.xchain.xosc.w_p003.n4                  0
xloop.xchain.xosc.w_p003.n5                  0
xloop.xchain.xosc.w_p003.n6                  0
xloop.xchain.xosc.w_t0198.n9                 0
xloop.xchain.xosc.w_t0198.n1                 0
xloop.xchain.xosc.w_t0198.n0                 0
xloop.xchain.xosc.w_t0198.n2                 0
xloop.xchain.xosc.w_t0198.n3                 0
xloop.xchain.xosc.w_t0198.n4                 0
xloop.xchain.xosc.w_t0198.n5                 0
xloop.xchain.xosc.w_t0198.n6                 0
xloop.xchain.xosc.w_t0198.n7                 0
xloop.xchain.xosc.w_t0198.n8                 0
xloop.xchain.xosc.w_p001.n0                  0
xloop.xchain.xosc.w_p001.n22                 0
xloop.xchain.xosc.w_p001.n21                 0
xloop.xchain.xosc.w_p001.n24                 0
xloop.xchain.xosc.w_p001.n23                 0
xloop.xchain.xosc.w_p001.n26                 0
xloop.xchain.xosc.w_p001.n25                 0
xloop.xchain.xosc.w_p001.n28                 0
xloop.xchain.xosc.w_p001.n27                 0
xloop.xchain.xosc.w_p001.n30                 0
xloop.xchain.xosc.w_p001.n29                 0
xloop.xchain.xosc.w_p001.n32                 0
xloop.xchain.xosc.w_p001.n31                 0
xloop.xchain.xosc.w_p001.n34                 0
xloop.xchain.xosc.w_p001.n33                 0
xloop.xchain.xosc.w_p001.n36                 0
xloop.xchain.xosc.w_p001.n35                 0
xloop.xchain.xosc.w_p001.n38                 0
xloop.xchain.xosc.w_p001.n37                 0
xloop.xchain.xosc.w_p001.n40                 0
xloop.xchain.xosc.w_p001.n39                 0
xloop.xchain.xosc.w_p001.n42                 0
xloop.xchain.xosc.w_p001.n41                 0
xloop.xchain.xosc.w_p001.n44                 0
xloop.xchain.xosc.w_p001.n43                 0
xloop.xchain.xosc.w_p001.n46                 0
xloop.xchain.xosc.w_p001.n45                 0
xloop.xchain.xosc.w_p001.n48                 0
xloop.xchain.xosc.w_p001.n47                 0
xloop.xchain.xosc.w_p001.n50                 0
xloop.xchain.xosc.w_p001.n49                 0
xloop.xchain.xosc.w_p001.n52                 0
xloop.xchain.xosc.w_p001.n51                 0
xloop.xchain.xosc.w_p001.n54                 0
xloop.xchain.xosc.w_p001.n53                 0
xloop.xchain.xosc.w_p001.n56                 0
xloop.xchain.xosc.w_p001.n55                 0
xloop.xchain.xosc.w_p001.n58                 0
xloop.xchain.xosc.w_p001.n57                 0
xloop.xchain.xosc.w_p001.n134                0
xloop.xchain.xosc.w_p001.n59                 0
xloop.xchain.xosc.w_p001.n1                  0
xloop.xchain.xosc.w_p001.n2                  0
xloop.xchain.xosc.w_p001.n3                  0
xloop.xchain.xosc.w_p001.n4                  0
xloop.xchain.xosc.w_p001.n5                  0
xloop.xchain.xosc.w_p001.n6                  0
xloop.xchain.xosc.w_p001.n7                  0
xloop.xchain.xosc.w_p001.n8                  0
xloop.xchain.xosc.w_p001.n9                  0
xloop.xchain.xosc.w_p001.n10                 0
xloop.xchain.xosc.w_p001.n11                 0
xloop.xchain.xosc.w_p001.n12                 0
xloop.xchain.xosc.w_p001.n13                 0
xloop.xchain.xosc.w_p001.n14                 0
xloop.xchain.xosc.w_p001.n15                 0
xloop.xchain.xosc.w_p001.n16                 0
xloop.xchain.xosc.w_p001.n17                 0
xloop.xchain.xosc.w_p001.n18                 0
xloop.xchain.xosc.w_p001.n19                 0
xloop.xchain.xosc.w_p001.n20                 0
xloop.xchain.xosc.w_p001.n62                 0
xloop.xchain.xosc.w_p001.n61                 0
xloop.xchain.xosc.w_p001.n60                 0
xloop.xchain.xosc.w_p001.n133                0
xloop.xchain.xosc.w_p001.n132                0
xloop.xchain.xosc.w_p001.n131                0
xloop.xchain.xosc.w_p001.n75                 0
xloop.xchain.xosc.w_p001.n79                 0
xloop.xchain.xosc.w_p001.n76                 0
xloop.xchain.xosc.w_p001.n81                 0
xloop.xchain.xosc.w_p001.n77                 0
xloop.xchain.xosc.w_p001.n78                 0
xloop.xchain.xosc.w_p001.n80                 0
xloop.xchain.xosc.w_p001.n84                 0
xloop.xchain.xosc.w_p001.n82                 0
xloop.xchain.xosc.w_p001.n83                 0
xloop.xchain.xosc.w_p001.n85                 0
xloop.xchain.xosc.w_p001.n86                 0
xloop.xchain.xosc.w_p001.n89                 0
xloop.xchain.xosc.w_p001.n87                 0
xloop.xchain.xosc.w_p001.n88                 0
xloop.xchain.xosc.w_p001.n118                0
xloop.xchain.xosc.w_p001.n120                0
xloop.xchain.xosc.w_p001.n121                0
xloop.xchain.xosc.w_p001.n119                0
xloop.xchain.xosc.w_p001.n122                0
xloop.xchain.xosc.w_p001.n124                0
xloop.xchain.xosc.w_p001.n125                0
xloop.xchain.xosc.w_p001.n123                0
xloop.xchain.xosc.w_p001.n127                0
xloop.xchain.xosc.w_p001.n126                0
xloop.xchain.xosc.w_p001.n128                0
xloop.xchain.xosc.w_p001.n129                0
xloop.xchain.xosc.w_p001.n130                0
xloop.xchain.xosc.w_p001.n105                0
xloop.xchain.xosc.w_p001.n107                0
xloop.xchain.xosc.w_p001.n108                0
xloop.xchain.xosc.w_p001.n106                0
xloop.xchain.xosc.w_p001.n109                0
xloop.xchain.xosc.w_p001.n111                0
xloop.xchain.xosc.w_p001.n112                0
xloop.xchain.xosc.w_p001.n110                0
xloop.xchain.xosc.w_p001.n113                0
xloop.xchain.xosc.w_p001.n114                0
xloop.xchain.xosc.w_p001.n115                0
xloop.xchain.xosc.w_p001.n116                0
xloop.xchain.xosc.w_p001.n117                0
xloop.xchain.xosc.w_p001.n90                 0
xloop.xchain.xosc.w_p001.n91                 0
xloop.xchain.xosc.w_p001.n92                 0
xloop.xchain.xosc.w_p001.n94                 0
xloop.xchain.xosc.w_p001.n93                 0
xloop.xchain.xosc.w_p001.n99                 0
xloop.xchain.xosc.w_p001.n97                 0
xloop.xchain.xosc.w_p001.n98                 0
xloop.xchain.xosc.w_p001.n95                 0
xloop.xchain.xosc.w_p001.n96                 0
xloop.xchain.xosc.w_p001.n100                0
xloop.xchain.xosc.w_p001.n101                0
xloop.xchain.xosc.w_p001.n104                0
xloop.xchain.xosc.w_p001.n102                0
xloop.xchain.xosc.w_p001.n103                0
xloop.xchain.xosc.w_p001.n74                 0
xloop.xchain.xosc.w_p001.n73                 0
xloop.xchain.xosc.w_p001.n72                 0
xloop.xchain.xosc.w_p001.n71                 0
xloop.xchain.xosc.w_p001.n70                 0
xloop.xchain.xosc.w_p001.n69                 0
xloop.xchain.xosc.w_p001.n68                 0
xloop.xchain.xosc.w_p001.n67                 0
xloop.xchain.xosc.w_p001.n66                 0
xloop.xchain.xosc.w_p001.n65                 0
xloop.xchain.xosc.w_p001.n64                 0
xloop.xchain.xosc.w_p001.n63                 0
xloop.xchain.xosc.w_p002.n1                  0
xloop.xchain.xosc.w_p002.n0                  0
xloop.xchain.xosc.w_p002.n2                  0
xloop.xchain.xosc.w_p002.n3                  0
xloop.xchain.xosc.w_p002.n4                  0
xloop.xchain.xosc.w_p002.n5                  0
xloop.xchain.xosc.w_p002.n6                  0
xloop.xchain.xdiv.w_t0000                    0
xloop.xchain.xdiv.w_t0001                    0
xloop.xchain.xdiv.w_t0002                    0
xloop.xchain.xdiv.xd0001.s1                  0
xloop.xchain.xdiv.xd0001.t                   0
xloop.xchain.xdiv.w_t0004                    0
xloop.xchain.xdiv.w_t0005                    0
xloop.xchain.xdiv.w_t0006                    0
xloop.xchain.xdiv.xd0002.s1                  0
xloop.xchain.xdiv.xd0002.t                   0
xloop.xchain.xdiv.w_t0008                    0
xloop.xchain.xdiv.w_t0009                    0
xloop.xchain.xdiv.w_t0010                    0
xloop.xchain.xdiv.xd0003.s1                  0
xloop.xchain.xdiv.xd0003.t                   0
xloop.xchain.xdiv.w_t0012                    0
xloop.xchain.xdiv.w_t0013                    0
xloop.xchain.xdiv.w_t0014                    0
xloop.xchain.xdiv.xd0004.s1                  0
xloop.xchain.xdiv.xd0004.t                   0
xloop.xchain.xdiv.w_t0016                    0
xloop.xchain.xdiv.w_t0017                    0
xloop.xchain.xdiv.w_t0018                    0
xloop.xchain.xdiv.xd0005.s1                  0
xloop.xchain.xdiv.xd0005.t                   0
xloop.xchain.xdiv.w_t0020                    0
xloop.xchain.xdiv.w_t0021                    0
xloop.xchain.xdiv.w_t0022                    0
xloop.xchain.xdiv.xd0006.s1                  0
xloop.xchain.xdiv.xd0006.t                   0
xloop.xchain.xdiv.w_t0024                    0
xloop.xchain.xdiv.w_t0025                    0
xloop.xchain.xdiv.w_t0026                    0
xloop.xchain.xdiv.xd0007.s1                  0
xloop.xchain.xdiv.xd0007.t                   0
xloop.xchain.xdiv.w_t0028                    0
xloop.xchain.xdiv.w_t0029                    0
xloop.xchain.xdiv.w_t0030                    0
xloop.xchain.xdiv.xd0008.s1                  0
xloop.xchain.xdiv.xd0008.t                   0
xloop.xchain.xdiv.w_t0032                    0
xloop.xchain.xdiv.w_t0033                    0
xloop.xchain.xdiv.w_t0034                    0
xloop.xchain.xdiv.xd0009.s1                  0
xloop.xchain.xdiv.xd0009.t                   0
xloop.xchain.xdiv.w_t0036                    0
xloop.xchain.xdiv.w_t0037                    0
xloop.xchain.xdiv.w_t0038                    0
xloop.xchain.xdiv.xd0010.s1                  0
xloop.xchain.xdiv.xd0010.t                   0
xloop.xchain.xdiv.w_t0040                    0
xloop.xchain.xdiv.w_t0041                    0
xloop.xchain.xdiv.w_t0042                    0
xloop.xchain.xdiv.xd0011.s1                  0
xloop.xchain.xdiv.xd0011.t                   0
xloop.xchain.xdiv.w_t0044                    0
xloop.xchain.xdiv.w_t0045                    0
xloop.xchain.xdiv.w_t0046                    0
xloop.xchain.xdiv.xd0012.s1                  0
xloop.xchain.xdiv.xd0012.t                   0
xloop.xchain.xdiv.w_t0048                    0
xloop.xchain.xdiv.w_t0049                    0
xloop.xchain.xdiv.w_t0050                    0
xloop.xchain.xdiv.xd0013.s1                  0
xloop.xchain.xdiv.xd0013.t                   0
xloop.xchain.xdiv.w_t0052                    0
xloop.xchain.xdiv.w_t0053                    0
xloop.xchain.xdiv.w_t0054                    0
xloop.xchain.xdiv.xd0014.s1                  0
xloop.xchain.xdiv.xd0014.t                   0
xloop.xchain.xdiv.w_t0056                    0
xloop.xchain.xdiv.w_t0057                    0
xloop.xchain.xdiv.w_t0058                    0
xloop.xchain.xdiv.xd0015.s1                  0
xloop.xchain.xdiv.xd0015.t                   0
xloop.xchain.xdiv.w_t0060                    0
xloop.xchain.xdiv.w_t0061                    0
xloop.xchain.xdiv.w_t0062                    0
xloop.xchain.xdiv.xd0016.s1                  0
xloop.xchain.xdiv.xd0016.t                   0
xloop.xchain.xdiv.w_t0064                    0
xloop.xchain.xdiv.w_t0065                    0
xloop.xchain.xdiv.w_t0066                    0
xloop.xchain.xdiv.xd0017.s1                  0
xloop.xchain.xdiv.xd0017.t                   0
xloop.xchain.xdiv.w_t0068                    0
xloop.xchain.xdiv.w_t0069                    0
xloop.xchain.xdiv.w_t0070                    0
xloop.xchain.xdiv.xd0018.s1                  0
xloop.xchain.xdiv.xd0018.t                   0
xloop.xchain.xdiv.w_t0072                    0
xloop.xchain.xdiv.w_t0073                    0
xloop.xchain.xdiv.w_t0074                    0
xloop.xchain.xdiv.xd0019.s1                  0
xloop.xchain.xdiv.xd0019.t                   0
xloop.xchain.xdiv.w_t0076                    0
xloop.xchain.xdiv.w_t0077                    0
xloop.xchain.xdiv.w_t0078                    0
xloop.xchain.xdiv.xd0020.s1                  0
xloop.xchain.xdiv.xd0020.t                   0
xloop.xchain.xdiv.w_t0080                    0
xloop.xchain.xdiv.w_t0081                    0
xloop.xchain.xdiv.w_t0082                    0
xloop.xchain.xdiv.xd0021.s1                  0
xloop.xchain.xdiv.xd0021.t                   0
xloop.xchain.xdiv.w_t0084                    0
xloop.xchain.xdiv.w_t0085                    0
xloop.xchain.xdiv.w_t0086                    0
xloop.xchain.xdiv.xd0022.s1                  0
xloop.xchain.xdiv.xd0022.t                   0
xloop.xchain.xdiv.w_t0088                    0
xloop.xchain.xdiv.w_t0089                    0
xloop.xchain.xdiv.w_t0090                    0
xloop.xchain.xdiv.xd0023.s1                  0
xloop.xchain.xdiv.xd0023.t                   0
xloop.xchain.xdiv.w_t0092                    0
xloop.xchain.xdiv.w_t0093                    0
xloop.xchain.xdiv.w_t0094                    0
xloop.xchain.xdiv.xd0024.s1                  0
xloop.xchain.xdiv.xd0024.t                   0
xloop.xchain.xdiv.w_t0096                    0
xloop.xchain.xdiv.w_t0097                    0
xloop.xchain.xdiv.w_t0098                    0
xloop.xchain.xdiv.xd0025.s1                  0
xloop.xchain.xdiv.xd0025.t                   0
xloop.xchain.xdiv.w_t0100                    0
xloop.xchain.xdiv.w_t0101                    0
xloop.xchain.xdiv.w_t0102                    0
xloop.xchain.xdiv.xd0026.s1                  0
xloop.xchain.xdiv.xd0026.t                   0
xloop.xchain.xdiv.w_t0104                    0
xloop.xchain.xdiv.w_t0105                    0
xloop.xchain.xdiv.w_t0106                    0
xloop.xchain.xdiv.xd0027.s1                  0
xloop.xchain.xdiv.xd0027.t                   0
xloop.xchain.xdiv.w_t0108                    0
xloop.xchain.xdiv.w_t0109                    0
xloop.xchain.xdiv.w_t0110                    0
xloop.xchain.xdiv.xd0028.s1                  0
xloop.xchain.xdiv.xd0028.t                   0
xloop.xchain.xdiv.w_t0112                    0
xloop.xchain.xdiv.w_t0113                    0
xloop.xchain.xdiv.w_t0114                    0
xloop.xchain.xdiv.xd0029.s1                  0
xloop.xchain.xdiv.xd0029.t                   0
xloop.xchain.xdiv.w_t0116                    0
xloop.xchain.xdiv.w_t0117                    0
xloop.xchain.xdiv.w_t0118                    0
xloop.xchain.xdiv.xd0030.s1                  0
xloop.xchain.xdiv.xd0030.t                   0
xloop.xchain.xdiv.w_t0120                    0
xloop.xchain.xdiv.w_t0121                    0
xloop.xchain.xdiv.w_t0122                    0
xloop.xchain.xdiv.xd0031.s1                  0
xloop.xchain.xdiv.xd0031.t                   0
xloop.xchain.xdiv.w_t0124                    0
xloop.xchain.xdiv.w_t0125                    0
xloop.xchain.xdiv.w_t0126                    0
xloop.xchain.xdiv.xd0032.s1                  0
xloop.xchain.xdiv.xd0032.t                   0
xloop.xchain.xdiv.w_t0128                    0
xloop.xchain.xdiv.w_t0129                    0
xloop.xchain.xdiv.w_t0130                    0
xloop.xchain.xdiv.xd0033.s1                  0
xloop.xchain.xdiv.xd0033.t                   0
xloop.xchain.xdiv.w_t0132                    0
xloop.xchain.xdiv.w_t0133                    0
xloop.xchain.xdiv.w_t0134                    0
xloop.xchain.xdiv.xd0034.s1                  0
xloop.xchain.xdiv.xd0034.t                   0
xloop.xchain.xdiv.w_t0136                    0
xloop.xchain.xdiv.w_t0137                    0
xloop.xchain.xdiv.xd0035.dt                  0
xloop.xchain.xdiv.w_t0139                    0
xloop.xchain.xdiv.w_t0140                    0
xloop.xchain.xdiv.xd0036.dt                  0
xloop.xchain.xdiv.w_t0142                    0
xloop.xchain.xdiv.w_t0143                    0
xloop.xchain.xdiv.xd0037.dt                  0
xloop.xchain.xdiv.w_t0145                    0
xloop.xchain.xdiv.w_t0146                    0
xloop.xchain.xdiv.xd0038.dt                  0
xloop.xchain.xdiv.w_t0148                    0
xloop.xchain.xdiv.w_t0149                    0
xloop.xchain.xdiv.xd0039.dt                  0
xloop.xchain.xdiv.w_t0151                    0
xloop.xchain.xdiv.w_t0152                    0
xloop.xchain.xdiv.xd0040.dt                  0
xloop.xchain.xdiv.w_t0154                    0
xloop.xchain.xdiv.w_t0155                    0
xloop.xchain.xdiv.xd0041.dt                  0
xloop.xchain.xdiv.w_t0157                    0
xloop.xchain.xdiv.w_t0158                    0
xloop.xchain.xdiv.xd0042.dt                  0
xloop.xchain.xdiv.w_t0160                    0
xloop.xchain.xdiv.w_t0161                    0
xloop.xchain.xdiv.xd0043.dt                  0
xloop.xchain.xdiv.w_t0163                    0
xloop.xchain.xdiv.w_t0164                    0
xloop.xchain.xdiv.xd0044.dt                  0
xloop.xchain.xdiv.w_t0166                    0
xloop.xchain.xdiv.w_t0167                    0
xloop.xchain.xdiv.xd0045.dt                  0
xloop.xchain.xdiv.w_t0169                    0
xloop.xchain.xdiv.w_t0170                    0
xloop.xchain.xdiv.xd0046.dt                  0
xloop.xchain.xdiv.w_t0172                    0
xloop.xchain.xdiv.w_t0173                    0
xloop.xchain.xdiv.xd0047.dt                  0
xloop.xchain.xdiv.w_t0175                    0
xloop.xchain.xdiv.w_t0176                    0
xloop.xchain.xdiv.xd0048.dt                  0
xloop.xchain.xdiv.w_t0178                    0
xloop.xchain.xdiv.w_t0179                    0
xloop.xchain.xdiv.xd0049.dt                  0
xloop.xchain.xdiv.w_t0181                    0
xloop.xchain.xdiv.w_t0182                    0
xloop.xchain.xdiv.xd0050.dt                  0
xloop.xchain.xdiv.w_t0184                    0
xloop.xchain.xdiv.w_t0185                    0
xloop.xchain.xdiv.xd0051.dt                  0
xloop.xchain.xdiv.w_t0187                    0
xloop.xchain.xdiv.w_t0188                    0
xloop.xchain.xdiv.xd0052.dt                  0
xloop.xchain.xdiv.w_t0190                    0
xloop.xchain.xdiv.w_t0191                    0
xloop.xchain.xdiv.xd0053.dt                  0
xloop.xchain.xdiv.w_t0193                    0
xloop.xchain.xdiv.w_t0194                    0
xloop.xchain.xdiv.xd0054.dt                  0
xloop.xchain.xdiv.w_t0196                    0
xloop.xchain.xdiv.w_t0197                    0
xloop.xchain.xdiv.xd0055.dt                  0
xloop.xchain.xdiv.w_t0199                    0
xloop.xchain.xdiv.w_t0200                    0
xloop.xchain.xdiv.xd0056.dt                  0
xloop.xchain.xdiv.w_t0202                    0
xloop.xchain.xdiv.w_t0203                    0
xloop.xchain.xdiv.xd0057.dt                  0
xloop.xchain.xdiv.w_t0205                    0
xloop.xchain.xdiv.w_t0206                    0
xloop.xchain.xdiv.xd0058.dt                  0
xloop.xchain.xdiv.w_t0208                    0
xloop.xchain.xdiv.w_t0209                    0
xloop.xchain.xdiv.xd0059.dt                  0
xloop.xchain.xdiv.w_t0211                    0
xloop.xchain.xdiv.w_t0212                    0
xloop.xchain.xdiv.xd0060.dt                  0
xloop.xchain.xdiv.w_t0214                    0
xloop.xchain.xdiv.w_t0215                    0
xloop.xchain.xdiv.xd0061.dt                  0
xloop.xchain.xdiv.w_t0217                    0
xloop.xchain.xdiv.w_t0218                    0
xloop.xchain.xdiv.xd0062.dt                  0
xloop.xchain.xdiv.w_t0220                    0
xloop.xchain.xdiv.w_t0221                    0
xloop.xchain.xdiv.xd0063.dt                  0
xloop.xchain.xdiv.w_t0223                    0
xloop.xchain.xdiv.w_t0224                    0
xloop.xchain.xdiv.xd0064.dt                  0
xloop.xchain.xdiv.w_t0226                    0
xloop.xchain.xdiv.w_t0227                    0
xloop.xchain.xdiv.xd0065.dt                  0
xloop.xchain.xdiv.w_t0229                    0
xloop.xchain.xdiv.w_t0230                    0
xloop.xchain.xdiv.xd0066.dt                  0
xloop.xchain.xdiv.w_t0232                    0
xloop.xchain.xdiv.w_t0233                    0
xloop.xchain.xdiv.xd0067.dt                  0
xloop.xchain.xdiv.w_t0235                    0
xloop.xchain.xdiv.xd0068.1                   0
xloop.xchain.xdiv.w_t0236                    0
xloop.xchain.xdiv.w_t0237                    0
xloop.xchain.xdiv.xd0069.1                   0
xloop.xchain.xdiv.w_t0238                    0
xloop.xchain.xdiv.w_t0239                    0
xloop.xchain.xdiv.xd0070.1                   0
xloop.xchain.xdiv.w_t0240                    0
xloop.xchain.xdiv.w_t0241                    0
xloop.xchain.xdiv.xd0071.1                   0
xloop.xchain.xdiv.w_t0242                    0
xloop.xchain.xdiv.w_t0243                    0
xloop.xchain.xdiv.xd0072.1                   0
xloop.xchain.xdiv.w_t0244                    0
xloop.xchain.xdiv.w_t0245                    0
xloop.xchain.xdiv.xd0073.1                   0
xloop.xchain.xdiv.w_t0246                    0
xloop.xchain.xdiv.w_t0247                    0
xloop.xchain.xdiv.w_t0249                    0
xloop.xchain.xdiv.w_t0251                    0
xloop.xchain.xdiv.w_t0253                    0
xloop.xchain.xdiv.w_t0255                    0
xloop.xchain.xdiv.w_t0257                    0
xloop.xchain.xdiv.w_t0259                    0
xloop.xchain.xdiv.w_t0261                    0
xloop.xchain.xdiv.w_t0263                    0
xloop.xchain.xdiv.w_t0265                    0
xloop.xchain.xdiv.w_t0267                    0
xloop.xchain.xdiv.w_t0269                    0
xloop.xchain.xdiv.w_t0271                    0
xloop.xchain.xdiv.w_t0273                    0
xloop.xchain.xdiv.w_t0275                    0
xloop.xchain.xdiv.w_t0277                    0
xloop.xchain.xdiv.w_t0279                    0
xloop.xchain.xdiv.w_t0281                    0
xloop.xchain.xdiv.w_t0145.n0                 0
xloop.xchain.xdiv.w_t0145.n1                 0
xloop.xchain.xdiv.w_t0145.n2                 0
xloop.xchain.xdiv.w_t0142.n0                 0
xloop.xchain.xdiv.w_t0142.n1                 0
xloop.xchain.xdiv.w_t0142.n2                 0
xloop.xchain.xdiv.w_t0030.n0                 0
xloop.xchain.xdiv.w_t0139.n0                 0
xloop.xchain.xdiv.w_t0139.n1                 0
xloop.xchain.xdiv.w_t0139.n2                 0
xloop.xchain.xdiv.w_t0136.n0                 0
xloop.xchain.xdiv.w_t0136.n1                 0
xloop.xchain.xdiv.w_t0136.n2                 0
xloop.xchain.xdiv.w_t0010.n0                 0
xloop.xchain.xdiv.w_t0161.n1                 0
xloop.xchain.xdiv.w_t0161.n0                 0
xloop.xchain.xdiv.w_t0158.n1                 0
xloop.xchain.xdiv.w_t0158.n0                 0
xloop.xchain.xdiv.w_t0149.n0                 0
xloop.xchain.xdiv.w_t0149.n3                 0
xloop.xchain.xdiv.w_t0149.n2                 0
xloop.xchain.xdiv.w_t0149.n1                 0
xloop.xchain.xdiv.w_t0237.n0                 0
xloop.xchain.xdiv.w_t0237.n1                 0
xloop.xchain.xdiv.w_t0237.n2                 0
xloop.xchain.xdiv.w_t0237.n3                 0
xloop.xchain.xdiv.w_t0235.n0                 0
xloop.xchain.xdiv.w_t0235.n1                 0
xloop.xchain.xdiv.w_t0235.n2                 0
xloop.xchain.xdiv.w_t0235.n3                 0
xloop.xchain.xdiv.w_t0205.n0                 0
xloop.xchain.xdiv.w_t0205.n1                 0
xloop.xchain.xdiv.w_t0205.n2                 0
xloop.xchain.xdiv.w_t0205.n3                 0
xloop.xchain.xdiv.w_t0202.n0                 0
xloop.xchain.xdiv.w_t0202.n1                 0
xloop.xchain.xdiv.w_t0202.n2                 0
xloop.xchain.xdiv.w_t0202.n3                 0
xloop.xchain.xdiv.w_t0080.n0                 0
xloop.xchain.xdiv.w_t0243.n1                 0
xloop.xchain.xdiv.w_t0243.n0                 0
xloop.xchain.xdiv.w_t0239.n1                 0
xloop.xchain.xdiv.w_t0239.n0                 0
xloop.xchain.xdiv.w_t0182.n0                 0
xloop.xchain.xdiv.w_t0182.n1                 0
xloop.xchain.xdiv.w_t0182.n2                 0
xloop.xchain.xdiv.w_t0206.n0                 0
xloop.xchain.xdiv.w_t0203.n0                 0
xloop.xchain.xdiv.w_p006.n11                 0
xloop.xchain.xdiv.w_p006.n12                 0
xloop.xchain.xdiv.w_p006.n13                 0
xloop.xchain.xdiv.w_p006.n14                 0
xloop.xchain.xdiv.w_p006.n15                 0
xloop.xchain.xdiv.w_p006.n16                 0
xloop.xchain.xdiv.w_p006.n0                  0
xloop.xchain.xdiv.w_p006.n6                  0
xloop.xchain.xdiv.w_p006.n7                  0
xloop.xchain.xdiv.w_p006.n8                  0
xloop.xchain.xdiv.w_p006.n9                  0
xloop.xchain.xdiv.w_p006.n10                 0
xloop.xchain.xdiv.w_p006.n1                  0
xloop.xchain.xdiv.w_p006.n2                  0
xloop.xchain.xdiv.w_p006.n3                  0
xloop.xchain.xdiv.w_p006.n4                  0
xloop.xchain.xdiv.w_p006.n5                  0
xloop.xchain.xdiv.w_t0240.n2                 0
xloop.xchain.xdiv.w_t0240.n1                 0
xloop.xchain.xdiv.w_t0240.n0                 0
xloop.xchain.xdiv.w_t0244.n2                 0
xloop.xchain.xdiv.w_t0244.n1                 0
xloop.xchain.xdiv.w_t0244.n0                 0
xloop.xchain.xdiv.w_t0217.n0                 0
xloop.xchain.xdiv.w_t0217.n1                 0
xloop.xchain.xdiv.w_t0217.n2                 0
xloop.xchain.xdiv.w_t0214.n0                 0
xloop.xchain.xdiv.w_t0214.n1                 0
xloop.xchain.xdiv.w_t0214.n2                 0
xloop.xchain.xdiv.w_t0110.n0                 0
xloop.xchain.xdiv.w_t0211.n0                 0
xloop.xchain.xdiv.w_t0211.n1                 0
xloop.xchain.xdiv.w_t0211.n2                 0
xloop.xchain.xdiv.w_t0208.n0                 0
xloop.xchain.xdiv.w_t0208.n1                 0
xloop.xchain.xdiv.w_t0208.n2                 0
xloop.xchain.xdiv.w_p003.n8                  0
xloop.xchain.xdiv.w_p003.n0                  0
xloop.xchain.xdiv.w_p003.n1                  0
xloop.xchain.xdiv.w_p003.n2                  0
xloop.xchain.xdiv.w_p003.n3                  0
xloop.xchain.xdiv.w_p003.n4                  0
xloop.xchain.xdiv.w_p003.n5                  0
xloop.xchain.xdiv.w_p003.n6                  0
xloop.xchain.xdiv.w_p003.n7                  0
xloop.xchain.xdiv.w_p003.n14                 0
xloop.xchain.xdiv.w_p003.n9                  0
xloop.xchain.xdiv.w_p003.n10                 0
xloop.xchain.xdiv.w_p003.n11                 0
xloop.xchain.xdiv.w_p003.n12                 0
xloop.xchain.xdiv.w_p003.n13                 0
xloop.xchain.xdiv.w_p003.n15                 0
xloop.xchain.xdiv.w_p003.n16                 0
xloop.xchain.xdiv.w_p003.n17                 0
xloop.xchain.xdiv.w_p003.n18                 0
xloop.xchain.xdiv.w_p003.n19                 0
xloop.xchain.xdiv.w_p003.n20                 0
xloop.xchain.xdiv.w_p003.n21                 0
xloop.xchain.xdiv.w_p003.n22                 0
xloop.xchain.xdiv.w_p003.n23                 0
xloop.xchain.xdiv.w_p003.n24                 0
xloop.xchain.xdiv.w_p003.n25                 0
xloop.xchain.xdiv.w_p003.n26                 0
xloop.xchain.xdiv.w_p003.n27                 0
xloop.xchain.xdiv.w_p003.n28                 0
xloop.xchain.xdiv.w_t0086.n0                 0
xloop.xchain.xdiv.w_t0233.n0                 0
xloop.xchain.xdiv.w_t0233.n3                 0
xloop.xchain.xdiv.w_t0233.n2                 0
xloop.xchain.xdiv.w_t0233.n1                 0
xloop.xchain.xdiv.w_t0245.n0                 0
xloop.xchain.xdiv.w_t0245.n1                 0
xloop.xchain.xdiv.w_t0245.n2                 0
xloop.xchain.xdiv.w_t0245.n3                 0
xloop.xchain.xdiv.w_t0241.n0                 0
xloop.xchain.xdiv.w_t0241.n1                 0
xloop.xchain.xdiv.w_t0241.n2                 0
xloop.xchain.xdiv.w_t0241.n3                 0
qp                                           0
xloop.xchain.xdiv.w_p005.n0                  0
xloop.xchain.xdiv.w_p005.n1                  0
xloop.xchain.xdiv.w_p005.n2                  0
xloop.xchain.xdiv.w_p005.n3                  0
qn                                           0
xloop.xchain.xdiv.w_p004.n0                  0
xloop.xchain.xdiv.w_p004.n1                  0
xloop.xchain.xdiv.w_p004.n2                  0
xloop.xchain.xdiv.w_p004.n3                  0
xloop.xchain.xdiv.w_p000.n10                 0
xloop.xchain.xdiv.w_p000.n0                  0
xloop.xchain.xdiv.w_p000.n1                  0
xloop.xchain.xdiv.w_p000.n2                  0
xloop.xchain.xdiv.w_p000.n3                  0
xloop.xchain.xdiv.w_p000.n4                  0
xloop.xchain.xdiv.w_p000.n5                  0
xloop.xchain.xdiv.w_p000.n6                  0
xloop.xchain.xdiv.w_p000.n7                  0
xloop.xchain.xdiv.w_p000.n8                  0
xloop.xchain.xdiv.w_p000.n9                  0
xloop.xchain.xdiv.w_p000.n18                 0
xloop.xchain.xdiv.w_p000.n11                 0
xloop.xchain.xdiv.w_p000.n12                 0
xloop.xchain.xdiv.w_p000.n13                 0
xloop.xchain.xdiv.w_p000.n14                 0
xloop.xchain.xdiv.w_p000.n15                 0
xloop.xchain.xdiv.w_p000.n16                 0
xloop.xchain.xdiv.w_p000.n17                 0
xloop.xchain.xdiv.w_p000.n19                 0
xloop.xchain.xdiv.w_p000.n20                 0
xloop.xchain.xdiv.w_p000.n21                 0
xloop.xchain.xdiv.w_p000.n22                 0
xloop.xchain.xdiv.w_p000.n23                 0
xloop.xchain.xdiv.w_p000.n24                 0
xloop.xchain.xdiv.w_p000.n25                 0
xloop.xchain.xdiv.w_p000.n26                 0
xloop.xchain.xdiv.w_p000.n27                 0
xloop.xchain.xdiv.w_p000.n28                 0
xloop.xchain.xdiv.w_p000.n29                 0
xloop.xchain.xdiv.w_p000.n30                 0
xloop.xchain.xdiv.w_p000.n31                 0
xloop.xchain.xdiv.w_p000.n32                 0
xloop.xchain.xdiv.w_p000.n33                 0
xloop.xchain.xdiv.w_p000.n34                 0
xloop.xchain.xdiv.w_p000.n35                 0
xloop.xchain.xdiv.w_p000.n36                 0
xloop.xchain.xdiv.w_p000.n37                 0
xloop.xchain.xdiv.w_p000.n38                 0
xloop.xchain.xdiv.w_p000.n39                 0
xloop.xchain.xdiv.w_p000.n40                 0
xloop.xchain.xdiv.w_p000.n41                 0
xloop.xchain.xdiv.w_p000.n42                 0
xloop.xchain.xdiv.w_p000.n43                 0
xloop.xchain.xdiv.w_p000.n44                 0
xloop.xchain.xdiv.w_p000.n45                 0
xloop.xchain.xdiv.w_p000.n46                 0
xloop.xchain.xfb.xrx.ip                      0
xloop.xchain.xfb.xrx.xrp.dt                  0
xloop.xchain.xfb.xrx.inn                     0
xloop.xchain.xfb.xrx.xrn.dt                  0
xloop.xchain.xfb.xrx.xdp.dt                  0
xloop.xchain.xfb.xrx.xdn.dt                  0
xloop.xchain.xfb.xrx.bias                    0
xloop.xchain.xfb.xrx.xrb.dt                  0
xloop.xchain.xfb.xrx.tail                    0
xloop.xchain.xfb.xrx.diode                   0
xloop.xchain.xfb.xrx.gain                    0
xloop.xchain.xfb.xrx.xac.1                   0
xloop.xchain.xfb.xrx.gate                    0
xloop.xchain.xfb.xrx.pre                     0
xloop.xchain.xfb.xrx.xrfb.dt                 0
xloop.xchain.xfb.xrx.mid                     0
xloop.xchain.xfb.clk                         0
xloop.xchain.xfb.xfast0.db                   0
xloop.xchain.xfb.f0b                         0
xloop.xchain.xfb.xfast0.clkb                 0
xloop.xchain.xfb.xfast0.mns                  0
xloop.xchain.xfb.xfast0.xmns.n1               0
xloop.xchain.xfb.xfast0.xmns.n2               0
xloop.xchain.xfb.xfast0.xmns.xstab.1               0
xloop.xchain.xfb.xfast0.mnr                  0
xloop.xchain.xfb.xfast0.xmnr.n               0
xloop.xchain.xfb.xfast0.mq                   0
xloop.xchain.xfb.xfast0.mqb                  0
xloop.xchain.xfb.xfast0.xmq.n                0
xloop.xchain.xfb.xfast0.xmqb.n1               0
xloop.xchain.xfb.xfast0.xmqb.n2               0
xloop.xchain.xfb.xfast0.xmqb.xstab.1               0
xloop.xchain.xfb.xfast0.sns                  0
xloop.xchain.xfb.xfast0.xsns.n1               0
xloop.xchain.xfb.xfast0.xsns.n2               0
xloop.xchain.xfb.xfast0.xsns.xstab.1               0
xloop.xchain.xfb.xfast0.snr                  0
xloop.xchain.xfb.xfast0.xsnr.n               0
xloop.xchain.xfb.f0                          0
xloop.xchain.xfb.xfast0.xsq.n                0
xloop.xchain.xfb.xfast0.xsqb.n1               0
xloop.xchain.xfb.xfast0.xsqb.n2               0
xloop.xchain.xfb.xfast0.xsqb.xstab.1               0
xloop.xchain.xfb.xfast1.db                   0
xloop.xchain.xfb.f1b                         0
xloop.xchain.xfb.xfast1.clkb                 0
xloop.xchain.xfb.xfast1.mns                  0
xloop.xchain.xfb.xfast1.xmns.n1               0
xloop.xchain.xfb.xfast1.xmns.n2               0
xloop.xchain.xfb.xfast1.xmns.xstab.1               0
xloop.xchain.xfb.xfast1.mnr                  0
xloop.xchain.xfb.xfast1.xmnr.n               0
xloop.xchain.xfb.xfast1.mq                   0
xloop.xchain.xfb.xfast1.mqb                  0
xloop.xchain.xfb.xfast1.xmq.n                0
xloop.xchain.xfb.xfast1.xmqb.n1               0
xloop.xchain.xfb.xfast1.xmqb.n2               0
xloop.xchain.xfb.xfast1.xmqb.xstab.1               0
xloop.xchain.xfb.xfast1.sns                  0
xloop.xchain.xfb.xfast1.xsns.n1               0
xloop.xchain.xfb.xfast1.xsns.n2               0
xloop.xchain.xfb.xfast1.xsns.xstab.1               0
xloop.xchain.xfb.xfast1.snr                  0
xloop.xchain.xfb.xfast1.xsnr.n               0
xloop.xchain.xfb.f1                          0
xloop.xchain.xfb.xfast1.xsq.n                0
xloop.xchain.xfb.xfast1.xsqb.n1               0
xloop.xchain.xfb.xfast1.xsqb.n2               0
xloop.xchain.xfb.xfast1.xsqb.xstab.1               0
xloop.xchain.xfb.xcount.xff0.db               0
xloop.xchain.xfb.xcount.d0                   0
xloop.xchain.xfb.xcount.xff0.clkb               0
xloop.xchain.xfb.xcount.xff0.mns               0
xloop.xchain.xfb.xcount.xff0.xmns.n1               0
xloop.xchain.xfb.xcount.xff0.xmns.n2               0
xloop.xchain.xfb.xcount.xff0.xmns.xstab.1               0
xloop.xchain.xfb.xcount.xff0.mnr               0
xloop.xchain.xfb.xcount.xff0.xmnr.n               0
xloop.xchain.xfb.xcount.xff0.mq               0
xloop.xchain.xfb.xcount.xff0.mqb               0
xloop.xchain.xfb.xcount.xff0.xmq.n               0
xloop.xchain.xfb.xcount.xff0.xmqb.n1               0
xloop.xchain.xfb.xcount.xff0.xmqb.n2               0
xloop.xchain.xfb.xcount.xff0.xmqb.xstab.1               0
xloop.xchain.xfb.xcount.xff0.sns               0
xloop.xchain.xfb.xcount.xff0.xsns.n1               0
xloop.xchain.xfb.xcount.xff0.xsns.n2               0
xloop.xchain.xfb.xcount.xff0.xsns.xstab.1               0
xloop.xchain.xfb.xcount.xff0.snr               0
xloop.xchain.xfb.xcount.xff0.xsnr.n               0
xloop.xchain.xfb.xcount.q0                   0
xloop.xchain.xfb.xcount.q0b                  0
xloop.xchain.xfb.xcount.xff0.xsq.n               0
xloop.xchain.xfb.xcount.xff0.xsqb.n1               0
xloop.xchain.xfb.xcount.xff0.xsqb.n2               0
xloop.xchain.xfb.xcount.xff0.xsqb.xstab.1               0
xloop.xchain.xfb.xcount.xff1.db               0
xloop.xchain.xfb.xcount.d1                   0
xloop.xchain.xfb.xcount.xff1.clkb               0
xloop.xchain.xfb.xcount.xff1.mns               0
xloop.xchain.xfb.xcount.xff1.xmns.n1               0
xloop.xchain.xfb.xcount.xff1.xmns.n2               0
xloop.xchain.xfb.xcount.xff1.xmns.xstab.1               0
xloop.xchain.xfb.xcount.xff1.mnr               0
xloop.xchain.xfb.xcount.xff1.xmnr.n               0
xloop.xchain.xfb.xcount.xff1.mq               0
xloop.xchain.xfb.xcount.xff1.mqb               0
xloop.xchain.xfb.xcount.xff1.xmq.n               0
xloop.xchain.xfb.xcount.xff1.xmqb.n1               0
xloop.xchain.xfb.xcount.xff1.xmqb.n2               0
xloop.xchain.xfb.xcount.xff1.xmqb.xstab.1               0
xloop.xchain.xfb.xcount.xff1.sns               0
xloop.xchain.xfb.xcount.xff1.xsns.n1               0
xloop.xchain.xfb.xcount.xff1.xsns.n2               0
xloop.xchain.xfb.xcount.xff1.xsns.xstab.1               0
xloop.xchain.xfb.xcount.xff1.snr               0
xloop.xchain.xfb.xcount.xff1.xsnr.n               0
xloop.xchain.xfb.xcount.q1                   0
xloop.xchain.xfb.xcount.q1b                  0
xloop.xchain.xfb.xcount.xff1.xsq.n               0
xloop.xchain.xfb.xcount.xff1.xsqb.n1               0
xloop.xchain.xfb.xcount.xff1.xsqb.n2               0
xloop.xchain.xfb.xcount.xff1.xsqb.xstab.1               0
xloop.xchain.xfb.xcount.xff2.db               0
xloop.xchain.xfb.xcount.d2                   0
xloop.xchain.xfb.xcount.xff2.clkb               0
xloop.xchain.xfb.xcount.xff2.mns               0
xloop.xchain.xfb.xcount.xff2.xmns.n1               0
xloop.xchain.xfb.xcount.xff2.xmns.n2               0
xloop.xchain.xfb.xcount.xff2.xmns.xstab.1               0
xloop.xchain.xfb.xcount.xff2.mnr               0
xloop.xchain.xfb.xcount.xff2.xmnr.n               0
xloop.xchain.xfb.xcount.xff2.mq               0
xloop.xchain.xfb.xcount.xff2.mqb               0
xloop.xchain.xfb.xcount.xff2.xmq.n               0
xloop.xchain.xfb.xcount.xff2.xmqb.n1               0
xloop.xchain.xfb.xcount.xff2.xmqb.n2               0
xloop.xchain.xfb.xcount.xff2.xmqb.xstab.1               0
xloop.xchain.xfb.xcount.xff2.sns               0
xloop.xchain.xfb.xcount.xff2.xsns.n1               0
xloop.xchain.xfb.xcount.xff2.xsns.n2               0
xloop.xchain.xfb.xcount.xff2.xsns.xstab.1               0
xloop.xchain.xfb.xcount.xff2.snr               0
xloop.xchain.xfb.xcount.xff2.xsnr.n               0
xloop.xchain.xfb.count                       0
xloop.xchain.xfb.countb                      0
xloop.xchain.xfb.xcount.xff2.xsq.n               0
xloop.xchain.xfb.xcount.xff2.xsqb.n1               0
xloop.xchain.xfb.xcount.xff2.xsqb.n2               0
xloop.xchain.xfb.xcount.xff2.xsqb.xstab.1               0
xloop.xchain.xfb.xcount.d0b                  0
xloop.xchain.xfb.xcount.xd0n.n               0
xloop.xchain.xfb.xcount.xn0                  0
xloop.xchain.xfb.xcount.xx0.n                0
xloop.xchain.xfb.xcount.xn1                  0
xloop.xchain.xfb.xcount.xx1.n                0
xloop.xchain.xfb.xcount.xn2                  0
xloop.xchain.xfb.xcount.xx2.n                0
xloop.xchain.xfb.xcount.xq                   0
xloop.xchain.xfb.xcount.xx3.n                0
xloop.xchain.xfb.xcount.d1b                  0
xloop.xchain.xfb.xcount.xd1n.n               0
xloop.xchain.xfb.xcount.d2b                  0
xloop.xchain.xfb.xcount.xd2n.n1               0
xloop.xchain.xfb.xcount.xd2n.n2               0
xloop.xchain.xfb.xcount.xd2n.xstab.1               0
fbbar                                        0
xloop.xchain.xfb.xlevel.right                0
fb                                           0
xloop.xdet.xpfd.xup.db                       0
xloop.xdet.xpfd.xup.clkb                     0
xloop.xdet.xpfd.xup.mns                      0
xloop.xdet.xpfd.clearb                       0
xloop.xdet.xpfd.xup.xmns.n1                  0
xloop.xdet.xpfd.xup.xmns.n2                  0
xloop.xdet.xpfd.xup.mnr                      0
xloop.xdet.xpfd.xup.xmnr.n                   0
xloop.xdet.xpfd.xup.mq                       0
xloop.xdet.xpfd.xup.mqb                      0
xloop.xdet.xpfd.xup.xmq.n                    0
xloop.xdet.xpfd.xup.xmqb.n1                  0
xloop.xdet.xpfd.xup.xmqb.n2                  0
xloop.xdet.xpfd.xup.sns                      0
xloop.xdet.xpfd.xup.xsns.n1                  0
xloop.xdet.xpfd.xup.xsns.n2                  0
xloop.xdet.xpfd.xup.snr                      0
xloop.xdet.xpfd.xup.xsnr.n                   0
up                                           0
xloop.xdet.xpfd.xup.qb                       0
xloop.xdet.xpfd.xup.xsq.n                    0
xloop.xdet.xpfd.xup.xsqb.n1                  0
xloop.xdet.xpfd.xup.xsqb.n2                  0
xloop.xdet.xpfd.xdn.db                       0
xloop.xdet.xpfd.xdn.clkb                     0
xloop.xdet.xpfd.xdn.mns                      0
xloop.xdet.xpfd.xdn.xmns.n1                  0
xloop.xdet.xpfd.xdn.xmns.n2                  0
xloop.xdet.xpfd.xdn.mnr                      0
xloop.xdet.xpfd.xdn.xmnr.n                   0
xloop.xdet.xpfd.xdn.mq                       0
xloop.xdet.xpfd.xdn.mqb                      0
xloop.xdet.xpfd.xdn.xmq.n                    0
xloop.xdet.xpfd.xdn.xmqb.n1                  0
xloop.xdet.xpfd.xdn.xmqb.n2                  0
xloop.xdet.xpfd.xdn.sns                      0
xloop.xdet.xpfd.xdn.xsns.n1                  0
xloop.xdet.xpfd.xdn.xsns.n2                  0
xloop.xdet.xpfd.xdn.snr                      0
xloop.xdet.xpfd.xdn.xsnr.n                   0
down                                         0
xloop.xdet.xpfd.xdn.qb                       0
xloop.xdet.xpfd.xdn.xsq.n                    0
xloop.xdet.xpfd.xdn.xsqb.n1                  0
xloop.xdet.xpfd.xdn.xsqb.n2                  0
xloop.xdet.xpfd.bothb                        0
xloop.xdet.xpfd.xboth.n                      0
xloop.xdet.xpfd.delay0                       0
xloop.xdet.xpfd.delay1                       0
xloop.xdet.xpfd.both                         0
xloop.xdet.xpfd.xclr.n                       0
xloop.xdet.xcp.nb                            0
xloop.xdet.xcp.xrbias.dt                     0
xloop.xdet.xcp.pb                            0
xloop.xdet.xcp.source                        0
xloop.xdet.xcp.upb                           0
xloop.xdet.xcp.sink                          0
xloop.xrhi.dt                                0
xloop.xrlo.dt                                0
xloop.xc.1                                   0
vctrl#branch                                 0
vdivwref#branch                              0
vdivbody#branch                              0
vwref#branch                                 0
vbody#branch                                 0
vreference#branch                            0
vreset#branch                                0
vrst#branch                                  0
vcore#branch                                 0
vddiv#branch                                 0
vdd#branch                                   0

