2026-10-05 20:37:03 +0300: Memory Usage (420876K) : Starting running SG13G2 Klayout LVS runset on /dev/shm/nssoc-div4-v7-layout-01/nssoc_clock_div4_v7_layout.gds
2026-10-05 20:37:03 +0300: Memory Usage (420876K) : Ruby Version for klayout: 3.3.10
2026-10-05 20:37:03 +0300: Memory Usage (421756K) : Loading database to memory is complete.
2026-10-05 20:37:03 +0300: Memory Usage (421756K) : SG13G2 Klayout LVS runset output at: /dev/shm/nssoc-div4-v7-wire-native-01/result.lvsdb
2026-10-05 20:37:03 +0300: Memory Usage (421756K) : Evaluate switches.
2026-10-05 20:37:03 +0300: Memory Usage (421756K) : Extracted netlist with net names: true
2026-10-05 20:37:03 +0300: Memory Usage (421756K) : Extracted netlist with comments in details: false
2026-10-05 20:37:03 +0300: Memory Usage (421756K) : Selected NET_ONLY option: true
2026-10-05 20:37:03 +0300: Memory Usage (421756K) : Selected LAYOUT_NETLIST option: (none)
2026-10-05 20:37:03 +0300: Memory Usage (421756K) : Selected IGNORE_TOP_PORTS_MISMATCH option: 
2026-10-05 20:37:03 +0300: Memory Usage (421756K) : Selected IMPLICIT_NETS option: (none)
2026-10-05 20:37:03 +0300: Memory Usage (421756K) : Selected TOP_LVL_PINS option: true
2026-10-05 20:37:03 +0300: Memory Usage (421756K) : Selected COMBINE DEVICES option: false
2026-10-05 20:37:03 +0300: Memory Usage (421756K) : Selected PURGE option: false
2026-10-05 20:37:03 +0300: Memory Usage (421756K) : Selected PURGE_NETS option: false
2026-10-05 20:37:03 +0300: Memory Usage (421756K) : Selected SIMPLIFY option: false
2026-10-05 20:37:03 +0300: Memory Usage (421756K) : Selected SERIES_RES option: true
2026-10-05 20:37:03 +0300: Memory Usage (421756K) : Selected PARALLEL_RES option: true
2026-10-05 20:37:03 +0300: Memory Usage (421756K) : Selected DISABLE_TAP_EXTRACTION option: false
2026-10-05 20:37:03 +0300: Memory Usage (421756K) : deep  mode is enabled.
2026-10-05 20:37:03 +0300: Memory Usage (421756K) : LVS extracted netlist at: /dev/shm/nssoc-div4-v7-wire-native-01/extracted.cir
2026-10-05 20:37:03 +0300: Memory Usage (421756K) : Applying SRAM integration support.
2026-10-05 20:37:03 +0300: Memory Usage (421756K) : Starting SG13G2 LVS runset
2026-10-05 20:37:03 +0300: Memory Usage (421756K) : Read in polygons from layers.
2026-10-05 20:37:03 +0300: Memory Usage (423020K) : activ_drw has 245 polygons
2026-10-05 20:37:03 +0300: Memory Usage (423020K) : activ_filler has 0 polygons
2026-10-05 20:37:03 +0300: Memory Usage (423020K) : activ has 245 polygons
2026-10-05 20:37:03 +0300: Memory Usage (423020K) : activ_pin has 0 polygons
2026-10-05 20:37:03 +0300: Memory Usage (423020K) : activ_mask has 91 polygons
2026-10-05 20:37:03 +0300: Memory Usage (423020K) : activ_nofill has 0 polygons
2026-10-05 20:37:03 +0300: Memory Usage (423020K) : activ_OPC has 0 polygons
2026-10-05 20:37:03 +0300: Memory Usage (423020K) : activ_iOPC has 0 polygons
2026-10-05 20:37:03 +0300: Memory Usage (423020K) : activ_noqrc has 0 polygons
2026-10-05 20:37:03 +0300: Memory Usage (423020K) : biwind_drw has 0 polygons
2026-10-05 20:37:03 +0300: Memory Usage (423020K) : biwind_OPC has 0 polygons
2026-10-05 20:37:03 +0300: Memory Usage (423020K) : gatpoly_drw has 132 polygons
2026-10-05 20:37:03 +0300: Memory Usage (423020K) : gatpoly_filler has 0 polygons
2026-10-05 20:37:03 +0300: Memory Usage (423020K) : gatpoly has 132 polygons
2026-10-05 20:37:03 +0300: Memory Usage (423180K) : gatpoly_pin has 0 polygons
2026-10-05 20:37:03 +0300: Memory Usage (423180K) : gatpoly_nofill has 0 polygons
2026-10-05 20:37:03 +0300: Memory Usage (423180K) : gatpoly_OPC has 0 polygons
2026-10-05 20:37:03 +0300: Memory Usage (423340K) : gatpoly_iOPC has 0 polygons
2026-10-05 20:37:03 +0300: Memory Usage (423340K) : gatpoly_noqrc has 0 polygons
2026-10-05 20:37:03 +0300: Memory Usage (423500K) : cont_drw has 698 polygons
2026-10-05 20:37:03 +0300: Memory Usage (423500K) : cont_OPC has 0 polygons
2026-10-05 20:37:03 +0300: Memory Usage (423660K) : nsd_drw has 0 polygons
2026-10-05 20:37:03 +0300: Memory Usage (423660K) : nsd_block has 91 polygons
2026-10-05 20:37:03 +0300: Memory Usage (423820K) : metal1_drw has 413 polygons
2026-10-05 20:37:03 +0300: Memory Usage (423820K) : metal1_filler has 0 polygons
2026-10-05 20:37:03 +0300: Memory Usage (423980K) : metal1_slit has 0 polygons
2026-10-05 20:37:03 +0300: Memory Usage (423980K) : metal1 has 413 polygons
2026-10-05 20:37:03 +0300: Memory Usage (424140K) : metal1_pin has 152 polygons
2026-10-05 20:37:03 +0300: Memory Usage (424460K) : metal1_mask has 0 polygons
2026-10-05 20:37:03 +0300: Memory Usage (424460K) : metal1_nofill has 0 polygons
2026-10-05 20:37:03 +0300: Memory Usage (424620K) : metal1_text has 0 polygons
2026-10-05 20:37:03 +0300: Memory Usage (424620K) : metal1_OPC has 0 polygons
2026-10-05 20:37:03 +0300: Memory Usage (424620K) : metal1_noqrc has 0 polygons
2026-10-05 20:37:03 +0300: Memory Usage (424620K) : metal1_res has 0 polygons
2026-10-05 20:37:03 +0300: Memory Usage (424620K) : metal1_iprobe has 0 polygons
2026-10-05 20:37:03 +0300: Memory Usage (424620K) : metal1_diffprb has 0 polygons
2026-10-05 20:37:03 +0300: Memory Usage (424620K) : passiv_drw has 0 polygons
2026-10-05 20:37:03 +0300: Memory Usage (424620K) : passiv_pin has 0 polygons
2026-10-05 20:37:03 +0300: Memory Usage (424620K) : passiv_sbump has 0 polygons
2026-10-05 20:37:03 +0300: Memory Usage (424780K) : passiv_pillar has 0 polygons
2026-10-05 20:37:03 +0300: Memory Usage (424780K) : passiv_pdl has 0 polygons
2026-10-05 20:37:03 +0300: Memory Usage (424940K) : metal2_drw has 220 polygons
2026-10-05 20:37:03 +0300: Memory Usage (424940K) : metal2_filler has 0 polygons
2026-10-05 20:37:03 +0300: Memory Usage (425100K) : metal2_slit has 0 polygons
2026-10-05 20:37:03 +0300: Memory Usage (425260K) : metal2 has 220 polygons
2026-10-05 20:37:03 +0300: Memory Usage (425260K) : metal2_pin has 34 polygons
2026-10-05 20:37:03 +0300: Memory Usage (425420K) : metal2_mask has 0 polygons
2026-10-05 20:37:03 +0300: Memory Usage (425420K) : metal2_nofill has 0 polygons
2026-10-05 20:37:03 +0300: Memory Usage (425580K) : metal2_text has 0 polygons
2026-10-05 20:37:03 +0300: Memory Usage (425580K) : metal2_OPC has 0 polygons
2026-10-05 20:37:03 +0300: Memory Usage (425740K) : metal2_noqrc has 0 polygons
2026-10-05 20:37:03 +0300: Memory Usage (425740K) : metal2_res has 0 polygons
2026-10-05 20:37:03 +0300: Memory Usage (425900K) : metal2_iprobe has 0 polygons
2026-10-05 20:37:03 +0300: Memory Usage (425900K) : metal2_diffprb has 0 polygons
2026-10-05 20:37:03 +0300: Memory Usage (426060K) : baspoly_drw has 0 polygons
2026-10-05 20:37:03 +0300: Memory Usage (426060K) : baspoly_pin has 0 polygons
2026-10-05 20:37:03 +0300: Memory Usage (426060K) : psd_drw has 151 polygons
2026-10-05 20:37:03 +0300: Memory Usage (426220K) : nldb_drw has 0 polygons
2026-10-05 20:37:03 +0300: Memory Usage (426220K) : digibnd_drw has 0 polygons
2026-10-05 20:37:03 +0300: Memory Usage (426380K) : via1_drw has 1216 polygons
2026-10-05 20:37:03 +0300: Memory Usage (426380K) : backmetal1_drw has 0 polygons
2026-10-05 20:37:03 +0300: Memory Usage (426540K) : backmetal1_pin has 0 polygons
2026-10-05 20:37:03 +0300: Memory Usage (426540K) : backmetal1_mask has 0 polygons
2026-10-05 20:37:03 +0300: Memory Usage (426700K) : backmetal1_filler has 0 polygons
2026-10-05 20:37:03 +0300: Memory Usage (426700K) : backmetal1_nofill has 0 polygons
2026-10-05 20:37:03 +0300: Memory Usage (426860K) : backmetal1_slit has 0 polygons
2026-10-05 20:37:03 +0300: Memory Usage (426860K) : backmetal1_text has 0 polygons
2026-10-05 20:37:03 +0300: Memory Usage (427020K) : backmetal1_OPC has 0 polygons
2026-10-05 20:37:03 +0300: Memory Usage (427020K) : backmetal1_noqrc has 0 polygons
2026-10-05 20:37:03 +0300: Memory Usage (427180K) : backmetal1_res has 0 polygons
2026-10-05 20:37:03 +0300: Memory Usage (427180K) : backmetal1_iprobe has 0 polygons
2026-10-05 20:37:03 +0300: Memory Usage (427340K) : backmetal1_diffprb has 0 polygons
2026-10-05 20:37:03 +0300: Memory Usage (427500K) : backpassiv_drw has 0 polygons
2026-10-05 20:37:03 +0300: Memory Usage (427500K) : res_drw has 0 polygons
2026-10-05 20:37:03 +0300: Memory Usage (427500K) : sram_drw has 0 polygons
2026-10-05 20:37:03 +0300: Memory Usage (427660K) : trans_drw has 34 polygons
2026-10-05 20:37:03 +0300: Memory Usage (427660K) : ind_drw has 0 polygons
2026-10-05 20:37:03 +0300: Memory Usage (428300K) : ind_pin has 0 polygons
2026-10-05 20:37:03 +0300: Memory Usage (428300K) : ind_text has 0 polygons
2026-10-05 20:37:03 +0300: Memory Usage (428460K) : salblock_drw has 33 polygons
2026-10-05 20:37:03 +0300: Memory Usage (428460K) : via2_drw has 624 polygons
2026-10-05 20:37:03 +0300: Memory Usage (428460K) : metal3_drw has 522 polygons
2026-10-05 20:37:03 +0300: Memory Usage (428460K) : metal3_filler has 0 polygons
2026-10-05 20:37:03 +0300: Memory Usage (428460K) : metal3_slit has 0 polygons
2026-10-05 20:37:03 +0300: Memory Usage (428680K) : metal3 has 522 polygons
2026-10-05 20:37:03 +0300: Memory Usage (428680K) : metal3_pin has 0 polygons
2026-10-05 20:37:03 +0300: Memory Usage (428680K) : metal3_mask has 0 polygons
2026-10-05 20:37:03 +0300: Memory Usage (428680K) : metal3_nofill has 0 polygons
2026-10-05 20:37:03 +0300: Memory Usage (428680K) : metal3_text has 0 polygons
2026-10-05 20:37:03 +0300: Memory Usage (428840K) : metal3_OPC has 0 polygons
2026-10-05 20:37:03 +0300: Memory Usage (428840K) : metal3_noqrc has 0 polygons
2026-10-05 20:37:03 +0300: Memory Usage (429000K) : metal3_res has 0 polygons
2026-10-05 20:37:03 +0300: Memory Usage (429000K) : metal3_iprobe has 0 polygons
2026-10-05 20:37:03 +0300: Memory Usage (429160K) : metal3_diffprb has 0 polygons
2026-10-05 20:37:03 +0300: Memory Usage (429160K) : nwell_drw has 0 polygons
2026-10-05 20:37:03 +0300: Memory Usage (429320K) : nwell_pin has 0 polygons
2026-10-05 20:37:03 +0300: Memory Usage (429320K) : nwell_text has 0 polygons
2026-10-05 20:37:03 +0300: Memory Usage (429480K) : nbulay_drw has 0 polygons
2026-10-05 20:37:03 +0300: Memory Usage (429640K) : nbulay_pin has 0 polygons
2026-10-05 20:37:03 +0300: Memory Usage (429640K) : nbulay_block has 0 polygons
2026-10-05 20:37:03 +0300: Memory Usage (429800K) : emwind_drw has 91 polygons
2026-10-05 20:37:03 +0300: Memory Usage (429800K) : emwind_OPC has 0 polygons
2026-10-05 20:37:03 +0300: Memory Usage (429960K) : deepco_drw has 0 polygons
2026-10-05 20:37:03 +0300: Memory Usage (429960K) : mim_drw has 6 polygons
2026-10-05 20:37:03 +0300: Memory Usage (430120K) : edgeseal_drw has 0 polygons
2026-10-05 20:37:03 +0300: Memory Usage (430120K) : substrate_drw has 18 polygons
2026-10-05 20:37:03 +0300: Memory Usage (430280K) : substrate_text has 0 polygons
2026-10-05 20:37:03 +0300: Memory Usage (430280K) : dfpad_drw has 0 polygons
2026-10-05 20:37:03 +0300: Memory Usage (430440K) : dfpad_pillar has 0 polygons
2026-10-05 20:37:03 +0300: Memory Usage (430440K) : dfpad_sbump has 0 polygons
2026-10-05 20:37:03 +0300: Memory Usage (430600K) : thickgateox_drw has 0 polygons
2026-10-05 20:37:03 +0300: Memory Usage (430600K) : pldb_drw has 0 polygons
2026-10-05 20:37:03 +0300: Memory Usage (430760K) : pwell_drw has 0 polygons
2026-10-05 20:37:03 +0300: Memory Usage (430760K) : pwell_pin has 0 polygons
2026-10-05 20:37:03 +0300: Memory Usage (430920K) : pwell_block has 0 polygons
2026-10-05 20:37:03 +0300: Memory Usage (430920K) : ic_drw has 0 polygons
2026-10-05 20:37:03 +0300: Memory Usage (431080K) : via3_drw has 390 polygons
2026-10-05 20:37:03 +0300: Memory Usage (431080K) : metal4_drw has 618 polygons
2026-10-05 20:37:03 +0300: Memory Usage (431240K) : metal4_filler has 0 polygons
2026-10-05 20:37:03 +0300: Memory Usage (431240K) : metal4_slit has 0 polygons
2026-10-05 20:37:03 +0300: Memory Usage (431400K) : metal4 has 618 polygons
2026-10-05 20:37:03 +0300: Memory Usage (431560K) : metal4_pin has 0 polygons
2026-10-05 20:37:03 +0300: Memory Usage (431560K) : metal4_mask has 0 polygons
2026-10-05 20:37:03 +0300: Memory Usage (431720K) : metal4_nofill has 0 polygons
2026-10-05 20:37:03 +0300: Memory Usage (431720K) : metal4_text has 0 polygons
2026-10-05 20:37:03 +0300: Memory Usage (431880K) : metal4_OPC has 0 polygons
2026-10-05 20:37:03 +0300: Memory Usage (431880K) : metal4_noqrc has 0 polygons
2026-10-05 20:37:03 +0300: Memory Usage (432040K) : metal4_res has 0 polygons
2026-10-05 20:37:03 +0300: Memory Usage (432040K) : metal4_iprobe has 0 polygons
2026-10-05 20:37:03 +0300: Memory Usage (432200K) : metal4_diffprb has 0 polygons
2026-10-05 20:37:03 +0300: Memory Usage (432200K) : heattrans_drw has 0 polygons
2026-10-05 20:37:03 +0300: Memory Usage (432360K) : heatres_drw has 33 polygons
2026-10-05 20:37:03 +0300: Memory Usage (432520K) : fbe_drw has 0 polygons
2026-10-05 20:37:03 +0300: Memory Usage (432520K) : empoly_drw has 0 polygons
2026-10-05 20:37:03 +0300: Memory Usage (432520K) : digisub_drw has 0 polygons
2026-10-05 20:37:03 +0300: Memory Usage (432520K) : text_drw has 221 polygons
2026-10-05 20:37:03 +0300: Memory Usage (432520K) : via4_drw has 454 polygons
2026-10-05 20:37:03 +0300: Memory Usage (432520K) : metal5_drw has 298 polygons
2026-10-05 20:37:03 +0300: Memory Usage (432520K) : metal5_filler has 0 polygons
2026-10-05 20:37:03 +0300: Memory Usage (432520K) : metal5_slit has 0 polygons
2026-10-05 20:37:03 +0300: Memory Usage (432520K) : metal5 has 298 polygons
2026-10-05 20:37:03 +0300: Memory Usage (432520K) : metal5_pin has 7 polygons
2026-10-05 20:37:03 +0300: Memory Usage (432520K) : metal5_mask has 0 polygons
2026-10-05 20:37:03 +0300: Memory Usage (432520K) : metal5_nofill has 0 polygons
2026-10-05 20:37:03 +0300: Memory Usage (432520K) : metal5_text has 7 polygons
2026-10-05 20:37:03 +0300: Memory Usage (432520K) : metal5_OPC has 0 polygons
2026-10-05 20:37:03 +0300: Memory Usage (432520K) : metal5_noqrc has 0 polygons
2026-10-05 20:37:03 +0300: Memory Usage (432520K) : metal5_res has 0 polygons
2026-10-05 20:37:03 +0300: Memory Usage (432520K) : metal5_iprobe has 0 polygons
2026-10-05 20:37:03 +0300: Memory Usage (432520K) : metal5_diffprb has 0 polygons
2026-10-05 20:37:03 +0300: Memory Usage (432520K) : radhard_drw has 0 polygons
2026-10-05 20:37:03 +0300: Memory Usage (432520K) : memcap_drw has 0 polygons
2026-10-05 20:37:03 +0300: Memory Usage (432520K) : varicap_drw has 0 polygons
2026-10-05 20:37:03 +0300: Memory Usage (432520K) : intbondvia_drw has 0 polygons
2026-10-05 20:37:03 +0300: Memory Usage (432520K) : intbondmet_drw has 0 polygons
2026-10-05 20:37:03 +0300: Memory Usage (432520K) : devbondvia_drw has 0 polygons
2026-10-05 20:37:03 +0300: Memory Usage (432520K) : devbondmet_drw has 0 polygons
2026-10-05 20:37:03 +0300: Memory Usage (432520K) : devtrench_drw has 0 polygons
2026-10-05 20:37:03 +0300: Memory Usage (432520K) : redist_drw has 0 polygons
2026-10-05 20:37:03 +0300: Memory Usage (432520K) : graphbot_drw has 0 polygons
2026-10-05 20:37:03 +0300: Memory Usage (432520K) : graphtop_drw has 0 polygons
2026-10-05 20:37:03 +0300: Memory Usage (432520K) : antvia1_drw has 0 polygons
2026-10-05 20:37:03 +0300: Memory Usage (432520K) : antmetal2_drw has 0 polygons
2026-10-05 20:37:03 +0300: Memory Usage (432520K) : graphcont_drw has 0 polygons
2026-10-05 20:37:03 +0300: Memory Usage (432520K) : siwg_drw has 0 polygons
2026-10-05 20:37:03 +0300: Memory Usage (432520K) : siwg_filler has 0 polygons
2026-10-05 20:37:03 +0300: Memory Usage (432520K) : siwg_nofill has 0 polygons
2026-10-05 20:37:03 +0300: Memory Usage (432520K) : sigrating_drw has 0 polygons
2026-10-05 20:37:03 +0300: Memory Usage (432520K) : singrating_drw has 0 polygons
2026-10-05 20:37:03 +0300: Memory Usage (432520K) : graphpas_drw has 0 polygons
2026-10-05 20:37:03 +0300: Memory Usage (432520K) : emwind3_drw has 0 polygons
2026-10-05 20:37:03 +0300: Memory Usage (432520K) : emwihv3_drw has 0 polygons
2026-10-05 20:37:03 +0300: Memory Usage (432520K) : redbulay_drw has 0 polygons
2026-10-05 20:37:03 +0300: Memory Usage (432520K) : smos_drw has 0 polygons
2026-10-05 20:37:03 +0300: Memory Usage (432520K) : graphpad_drw has 0 polygons
2026-10-05 20:37:03 +0300: Memory Usage (432520K) : polimide_drw has 0 polygons
2026-10-05 20:37:03 +0300: Memory Usage (432520K) : polimide_pin has 0 polygons
2026-10-05 20:37:03 +0300: Memory Usage (432520K) : recog_drw has 0 polygons
2026-10-05 20:37:03 +0300: Memory Usage (432520K) : recog_pin has 0 polygons
2026-10-05 20:37:03 +0300: Memory Usage (432520K) : recog_esd has 0 polygons
2026-10-05 20:37:03 +0300: Memory Usage (432520K) : recog_diode has 0 polygons
2026-10-05 20:37:03 +0300: Memory Usage (432520K) : recog_tsv has 0 polygons
2026-10-05 20:37:03 +0300: Memory Usage (432520K) : recog_iprobe has 0 polygons
2026-10-05 20:37:03 +0300: Memory Usage (432520K) : recog_diffprb has 0 polygons
2026-10-05 20:37:03 +0300: Memory Usage (432520K) : recog_pillar has 0 polygons
2026-10-05 20:37:03 +0300: Memory Usage (432520K) : recog_sbump has 0 polygons
2026-10-05 20:37:03 +0300: Memory Usage (432520K) : recog_otp has 0 polygons
2026-10-05 20:37:03 +0300: Memory Usage (432520K) : recog_pdiode has 0 polygons
2026-10-05 20:37:03 +0300: Memory Usage (432520K) : recog_mom has 0 polygons
2026-10-05 20:37:03 +0300: Memory Usage (432520K) : recog_momf has 0 polygons
2026-10-05 20:37:03 +0300: Memory Usage (432520K) : recog_pcm has 0 polygons
2026-10-05 20:37:03 +0300: Memory Usage (432520K) : colopen_drw has 0 polygons
2026-10-05 20:37:03 +0300: Memory Usage (432680K) : graphmetal1_drw has 0 polygons
2026-10-05 20:37:03 +0300: Memory Usage (432680K) : graphmetal1_filler has 0 polygons
2026-10-05 20:37:03 +0300: Memory Usage (432680K) : graphmetal1_nofill has 0 polygons
2026-10-05 20:37:03 +0300: Memory Usage (432840K) : graphmetal1_slit has 0 polygons
2026-10-05 20:37:03 +0300: Memory Usage (432840K) : graphmetal1_OPC has 0 polygons
2026-10-05 20:37:03 +0300: Memory Usage (433000K) : graphmet1l_drw has 0 polygons
2026-10-05 20:37:03 +0300: Memory Usage (433000K) : graphmet1l_filler has 0 polygons
2026-10-05 20:37:03 +0300: Memory Usage (433160K) : graphmet1l_nofill has 0 polygons
2026-10-05 20:37:03 +0300: Memory Usage (433160K) : graphmet1l_slit has 0 polygons
2026-10-05 20:37:03 +0300: Memory Usage (433160K) : graphmet1l_OPC has 0 polygons
2026-10-05 20:37:03 +0300: Memory Usage (433320K) : extblock_drw has 99 polygons
2026-10-05 20:37:03 +0300: Memory Usage (433320K) : nldd_drw has 0 polygons
2026-10-05 20:37:03 +0300: Memory Usage (433480K) : pldd_drw has 0 polygons
2026-10-05 20:37:03 +0300: Memory Usage (433480K) : next_drw has 0 polygons
2026-10-05 20:37:03 +0300: Memory Usage (433640K) : pext_drw has 0 polygons
2026-10-05 20:37:03 +0300: Memory Usage (433640K) : nexthv_drw has 0 polygons
2026-10-05 20:37:03 +0300: Memory Usage (433640K) : pexthv_drw has 0 polygons
2026-10-05 20:37:03 +0300: Memory Usage (433800K) : graphgate_drw has 0 polygons
2026-10-05 20:37:03 +0300: Memory Usage (433800K) : sinwg_drw has 0 polygons
2026-10-05 20:37:03 +0300: Memory Usage (433960K) : sinwg_filler has 0 polygons
2026-10-05 20:37:03 +0300: Memory Usage (433960K) : sinwg_nofill has 0 polygons
2026-10-05 20:37:03 +0300: Memory Usage (434120K) : mempad_drw has 0 polygons
2026-10-05 20:37:03 +0300: Memory Usage (434120K) : topvia1_drw has 12 polygons
2026-10-05 20:37:03 +0300: Memory Usage (434120K) : topmetal1_drw has 24 polygons
2026-10-05 20:37:03 +0300: Memory Usage (434280K) : topmetal1_filler has 0 polygons
2026-10-05 20:37:03 +0300: Memory Usage (434280K) : topmetal1_slit has 0 polygons
2026-10-05 20:37:03 +0300: Memory Usage (434440K) : topmetal1 has 24 polygons
2026-10-05 20:37:03 +0300: Memory Usage (434440K) : topmetal1_pin has 0 polygons
2026-10-05 20:37:03 +0300: Memory Usage (434600K) : topmetal1_mask has 0 polygons
2026-10-05 20:37:03 +0300: Memory Usage (434600K) : topmetal1_nofill has 0 polygons
2026-10-05 20:37:03 +0300: Memory Usage (434760K) : topmetal1_text has 0 polygons
2026-10-05 20:37:03 +0300: Memory Usage (434760K) : topmetal1_noqrc has 0 polygons
2026-10-05 20:37:03 +0300: Memory Usage (434760K) : topmetal1_res has 0 polygons
2026-10-05 20:37:03 +0300: Memory Usage (434920K) : topmetal1_iprobe has 0 polygons
2026-10-05 20:37:03 +0300: Memory Usage (434920K) : topmetal1_diffprb has 0 polygons
2026-10-05 20:37:03 +0300: Memory Usage (435080K) : inldpwl_drw has 0 polygons
2026-10-05 20:37:03 +0300: Memory Usage (435080K) : polyres_drw has 33 polygons
2026-10-05 20:37:03 +0300: Memory Usage (435240K) : polyres_pin has 0 polygons
2026-10-05 20:37:03 +0300: Memory Usage (435240K) : vmim_drw has 454 polygons
2026-10-05 20:37:03 +0300: Memory Usage (435240K) : nbulaycut_drw has 0 polygons
2026-10-05 20:37:03 +0300: Memory Usage (435400K) : antmetal1_drw has 0 polygons
2026-10-05 20:37:03 +0300: Memory Usage (435400K) : topvia2_drw has 0 polygons
2026-10-05 20:37:03 +0300: Memory Usage (435400K) : topmetal2_drw has 0 polygons
2026-10-05 20:37:03 +0300: Memory Usage (435400K) : topmetal2_filler has 0 polygons
2026-10-05 20:37:03 +0300: Memory Usage (435400K) : topmetal2_slit has 0 polygons
2026-10-05 20:37:03 +0300: Memory Usage (435400K) : topmetal2 has 0 polygons
2026-10-05 20:37:03 +0300: Memory Usage (435400K) : topmetal2_pin has 0 polygons
2026-10-05 20:37:03 +0300: Memory Usage (435400K) : topmetal2_mask has 0 polygons
2026-10-05 20:37:03 +0300: Memory Usage (435400K) : topmetal2_nofill has 0 polygons
2026-10-05 20:37:03 +0300: Memory Usage (435400K) : topmetal2_text has 0 polygons
2026-10-05 20:37:03 +0300: Memory Usage (435400K) : topmetal2_noqrc has 0 polygons
2026-10-05 20:37:03 +0300: Memory Usage (435400K) : topmetal2_res has 0 polygons
2026-10-05 20:37:03 +0300: Memory Usage (435400K) : topmetal2_iprobe has 0 polygons
2026-10-05 20:37:03 +0300: Memory Usage (435400K) : topmetal2_diffprb has 0 polygons
2026-10-05 20:37:03 +0300: Memory Usage (435400K) : snsring_drw has 0 polygons
2026-10-05 20:37:03 +0300: Memory Usage (435400K) : sensor_drw has 0 polygons
2026-10-05 20:37:03 +0300: Memory Usage (435400K) : snsarms_drw has 0 polygons
2026-10-05 20:37:03 +0300: Memory Usage (435400K) : snscmosvia_drw has 0 polygons
2026-10-05 20:37:03 +0300: Memory Usage (435400K) : colwind_drw has 0 polygons
2026-10-05 20:37:03 +0300: Memory Usage (435400K) : flm_drw has 0 polygons
2026-10-05 20:37:03 +0300: Memory Usage (435400K) : hafniumox_drw has 0 polygons
2026-10-05 20:37:03 +0300: Memory Usage (435400K) : memvia_drw has 0 polygons
2026-10-05 20:37:03 +0300: Memory Usage (435400K) : thinfilmres_drw has 0 polygons
2026-10-05 20:37:03 +0300: Memory Usage (435400K) : rfmem_drw has 0 polygons
2026-10-05 20:37:03 +0300: Memory Usage (435400K) : norcx_drw has 0 polygons
2026-10-05 20:37:03 +0300: Memory Usage (435400K) : norcx_m2m3 has 0 polygons
2026-10-05 20:37:03 +0300: Memory Usage (435400K) : norcx_m2m4 has 0 polygons
2026-10-05 20:37:03 +0300: Memory Usage (435400K) : norcx_m2m5 has 0 polygons
2026-10-05 20:37:03 +0300: Memory Usage (435400K) : norcx_m2tm1 has 0 polygons
2026-10-05 20:37:03 +0300: Memory Usage (435400K) : norcx_m2tm2 has 0 polygons
2026-10-05 20:37:03 +0300: Memory Usage (435400K) : norcx_m3m4 has 0 polygons
2026-10-05 20:37:03 +0300: Memory Usage (435400K) : norcx_m3m5 has 0 polygons
2026-10-05 20:37:03 +0300: Memory Usage (435400K) : norcx_m3tm1 has 0 polygons
2026-10-05 20:37:03 +0300: Memory Usage (435400K) : norcx_m3tm2 has 0 polygons
2026-10-05 20:37:03 +0300: Memory Usage (435400K) : norcx_m4m5 has 0 polygons
2026-10-05 20:37:03 +0300: Memory Usage (435400K) : norcx_m4tm1 has 0 polygons
2026-10-05 20:37:03 +0300: Memory Usage (435400K) : norcx_m4tm2 has 0 polygons
2026-10-05 20:37:03 +0300: Memory Usage (435400K) : norcx_m5tm1 has 0 polygons
2026-10-05 20:37:03 +0300: Memory Usage (435400K) : norcx_m5tm2 has 0 polygons
2026-10-05 20:37:03 +0300: Memory Usage (435400K) : norcx_tm1tm2 has 0 polygons
2026-10-05 20:37:03 +0300: Memory Usage (435400K) : norcx_m1sub has 0 polygons
2026-10-05 20:37:04 +0300: Memory Usage (435400K) : norcx_m2sub has 0 polygons
2026-10-05 20:37:04 +0300: Memory Usage (435400K) : norcx_m3sub has 0 polygons
2026-10-05 20:37:04 +0300: Memory Usage (435400K) : norcx_m4sub has 0 polygons
2026-10-05 20:37:04 +0300: Memory Usage (435400K) : norcx_m5sub has 0 polygons
2026-10-05 20:37:04 +0300: Memory Usage (435400K) : norcx_tm1sub has 0 polygons
2026-10-05 20:37:04 +0300: Memory Usage (435400K) : norcx_tm2sub has 0 polygons
2026-10-05 20:37:04 +0300: Memory Usage (435400K) : snsbotvia_drw has 0 polygons
2026-10-05 20:37:04 +0300: Memory Usage (435400K) : snstopvia_drw has 0 polygons
2026-10-05 20:37:04 +0300: Memory Usage (435400K) : deepvia_drw has 0 polygons
2026-10-05 20:37:04 +0300: Memory Usage (435400K) : fgetch_drw has 0 polygons
2026-10-05 20:37:04 +0300: Memory Usage (435400K) : ctrgat_drw has 0 polygons
2026-10-05 20:37:04 +0300: Memory Usage (435400K) : fgimp_drw has 0 polygons
2026-10-05 20:37:04 +0300: Memory Usage (435400K) : emwihv_drw has 0 polygons
2026-10-05 20:37:04 +0300: Memory Usage (435400K) : lbe_drw has 0 polygons
2026-10-05 20:37:04 +0300: Memory Usage (435400K) : alcustop_drw has 0 polygons
2026-10-05 20:37:04 +0300: Memory Usage (435400K) : nometfiller_drw has 0 polygons
2026-10-05 20:37:04 +0300: Memory Usage (435400K) : prboundary_drw has 0 polygons
2026-10-05 20:37:04 +0300: Memory Usage (435400K) : exchange0_drw has 0 polygons
2026-10-05 20:37:04 +0300: Memory Usage (435560K) : exchange0_pin has 0 polygons
2026-10-05 20:37:04 +0300: Memory Usage (435560K) : exchange0_text has 0 polygons
2026-10-05 20:37:04 +0300: Memory Usage (435560K) : exchange1_drw has 0 polygons
2026-10-05 20:37:04 +0300: Memory Usage (435720K) : exchange1_pin has 0 polygons
2026-10-05 20:37:04 +0300: Memory Usage (435720K) : exchange1_text has 0 polygons
2026-10-05 20:37:04 +0300: Memory Usage (435880K) : exchange2_drw has 0 polygons
2026-10-05 20:37:04 +0300: Memory Usage (435880K) : exchange2_pin has 0 polygons
2026-10-05 20:37:04 +0300: Memory Usage (435880K) : exchange2_text has 0 polygons
2026-10-05 20:37:04 +0300: Memory Usage (436040K) : exchange3_drw has 0 polygons
2026-10-05 20:37:04 +0300: Memory Usage (436040K) : exchange3_pin has 0 polygons
2026-10-05 20:37:04 +0300: Memory Usage (436200K) : exchange3_text has 0 polygons
2026-10-05 20:37:04 +0300: Memory Usage (436200K) : exchange4_drw has 0 polygons
2026-10-05 20:37:04 +0300: Memory Usage (436200K) : exchange4_pin has 0 polygons
2026-10-05 20:37:04 +0300: Memory Usage (436360K) : exchange4_text has 0 polygons
2026-10-05 20:37:04 +0300: Memory Usage (436360K) : isonwell_drw has 0 polygons
2026-10-05 20:37:04 +0300: Memory Usage (436360K) : Total no. of polygons in the design is 7421
2026-10-05 20:37:04 +0300: Memory Usage (436360K) : Starting base layers derivations
2026-10-05 20:37:04 +0300: Memory Usage (436360K) : Starting general LVS derivations
2026-10-05 20:37:04 +0300: Memory Usage (443276K) : Starting MOSFET DERIVATIONS
2026-10-05 20:37:04 +0300: Memory Usage (443276K) : Starting NMOS DERIVATIONS
2026-10-05 20:37:04 +0300: Memory Usage (443276K) : Starting PMOS DERIVATIONS
2026-10-05 20:37:04 +0300: Memory Usage (443276K) : Starting RF-MOSFET DERIVATIONS
2026-10-05 20:37:04 +0300: Memory Usage (443276K) : Starting RF-NMOS DERIVATIONS
2026-10-05 20:37:04 +0300: Memory Usage (443276K) : Starting RF-PMOS DERIVATIONS
2026-10-05 20:37:04 +0300: Memory Usage (443276K) : Starting BJT DERIVATIONS
2026-10-05 20:37:04 +0300: Memory Usage (443276K) : Starting NPN-BJT DERIVATIONS
2026-10-05 20:37:04 +0300: Memory Usage (443436K) : Starting PNP-BJT DERIVATIONS
2026-10-05 20:37:04 +0300: Memory Usage (443436K) : Starting DIODE DERIVATIONS
2026-10-05 20:37:04 +0300: Memory Usage (443436K) : Starting RESISTOR DERIVATIONS
2026-10-05 20:37:04 +0300: Memory Usage (443984K) : Starting CAP DERIVATIONS
2026-10-05 20:37:04 +0300: Memory Usage (443984K) : Starting CAP_CMOM DERIVATIONS
2026-10-05 20:37:04 +0300: Memory Usage (444144K) : Starting CAP_CMOMF DERIVATIONS
2026-10-05 20:37:04 +0300: Memory Usage (444144K) : Starting ESD DERIVATIONS
2026-10-05 20:37:04 +0300: Memory Usage (444464K) : Starting Inductor DERIVATIONS
2026-10-05 20:37:04 +0300: Memory Usage (444944K) : Starting Taps DERIVATIONS
2026-10-05 20:37:04 +0300: Memory Usage (446544K) : Starting SG13G2 LVS connectivity setup
2026-10-05 20:37:04 +0300: Memory Usage (446544K) : Starting SG13G2 LVS connectivity setup (Inter-layer)
2026-10-05 20:37:04 +0300: Memory Usage (446728K) : Starting SG13G2 LVS connectivity setup (Global)
2026-10-05 20:37:04 +0300: Memory Usage (446728K) : Starting LVS MOSFET CONNECTIONS
2026-10-05 20:37:04 +0300: Memory Usage (446728K) : Starting LVS RF-MOSFET CONNECTIONS
2026-10-05 20:37:04 +0300: Memory Usage (446728K) : Starting LVS BJT CONNECTIONS
2026-10-05 20:37:04 +0300: Memory Usage (446728K) : Starting LVS DIODE CONNECTIONS
2026-10-05 20:37:04 +0300: Memory Usage (446728K) : Starting RESISTOR CONNECTIONS
2026-10-05 20:37:04 +0300: Memory Usage (446728K) : Starting LVS CAP CONNECTIONS
2026-10-05 20:37:04 +0300: Memory Usage (446728K) : Starting CAP_CMOM CONNECTIONS
2026-10-05 20:37:04 +0300: Memory Usage (446728K) : Starting CAP_CMOMF CONNECTIONS
2026-10-05 20:37:04 +0300: Memory Usage (446728K) : Starting ESD CONNECTIONS
2026-10-05 20:37:04 +0300: Memory Usage (446728K) : Starting Inductor CONNECTIONS
2026-10-05 20:37:04 +0300: Memory Usage (446728K) : Starting LVS Taps CONNECTIONS
2026-10-05 20:37:04 +0300: Memory Usage (446728K) : Starting SG13G2 LVS DEVICES EXTRACTION
2026-10-05 20:37:04 +0300: Memory Usage (446728K) : Starting MOSFET EXTRACTION
2026-10-05 20:37:04 +0300: Memory Usage (446728K) : Starting NMOS EXTRACTION
2026-10-05 20:37:04 +0300: Memory Usage (446728K) : Extraction of NMOS-LV transistor
2026-10-05 20:37:04 +0300: Memory Usage (446888K) : Extraction of NMOS-HV transistor
2026-10-05 20:37:04 +0300: Memory Usage (447048K) : Starting PMOS EXTRACTION
2026-10-05 20:37:04 +0300: Memory Usage (447048K) : Extraction of PMOS-LV transistor
2026-10-05 20:37:04 +0300: Memory Usage (447048K) : Extraction of PMOS-HV transistor
2026-10-05 20:37:04 +0300: Memory Usage (447208K) : Starting RF-MOSFET EXTRACTION
2026-10-05 20:37:04 +0300: Memory Usage (447208K) : Extraction of RF-NMOS-LV transistor
2026-10-05 20:37:04 +0300: Memory Usage (447208K) : Extraction of RF-NMOS-HV transistor
2026-10-05 20:37:04 +0300: Memory Usage (447208K) : Extraction of RF-PMOS-LV transistor
2026-10-05 20:37:04 +0300: Memory Usage (447368K) : Extraction of RF-PMOS-HV transistor
2026-10-05 20:37:04 +0300: Memory Usage (447368K) : Starting BJT EXTRACTION
2026-10-05 20:37:04 +0300: Memory Usage (447368K) : Starting NPN-BJT EXTRACTION
2026-10-05 20:37:04 +0300: Memory Usage (447368K) : Extraction of npn13G2 BJT transistor
2026-10-05 20:37:04 +0300: Memory Usage (447900K) : Extraction of npn13G2L BJT transistor
2026-10-05 20:37:04 +0300: Memory Usage (447900K) : Extraction of npn13G2V BJT transistor
2026-10-05 20:37:04 +0300: Memory Usage (448060K) : Starting PNP-BJT EXTRACTION
2026-10-05 20:37:04 +0300: Memory Usage (448060K) : Extracting pnpMPA BJT
2026-10-05 20:37:04 +0300: Memory Usage (448220K) : Starting DIODE EXTRACTION
2026-10-05 20:37:04 +0300: Memory Usage (448220K) : Extracting dantenna diode
2026-10-05 20:37:04 +0300: Memory Usage (448220K) : Extracting dpantenna diode
2026-10-05 20:37:04 +0300: Memory Usage (448380K) : Extracting schottky_nbl1 diode
2026-10-05 20:37:04 +0300: Memory Usage (448540K) : Extracting isolbox diode
2026-10-05 20:37:04 +0300: Memory Usage (448540K) : Starting RESISTOR EXTRACTION
2026-10-05 20:37:04 +0300: Memory Usage (448540K) : Extracting rsil resistor
2026-10-05 20:37:04 +0300: Memory Usage (448540K) : Extracting rppd resistor
2026-10-05 20:37:04 +0300: Memory Usage (448540K) : Extracting rhigh resistor
2026-10-05 20:37:04 +0300: Memory Usage (448540K) : Extracting res_metal1 resistor
2026-10-05 20:37:04 +0300: Memory Usage (448540K) : Extracting res_metal2 resistor
2026-10-05 20:37:04 +0300: Memory Usage (448540K) : Extracting res_metal3 resistor
2026-10-05 20:37:04 +0300: Memory Usage (448540K) : Extracting res_metal4 resistor
2026-10-05 20:37:04 +0300: Memory Usage (448540K) : Extracting res_metal5 resistor
2026-10-05 20:37:04 +0300: Memory Usage (448540K) : Extracting res_topmetal1 resistor
2026-10-05 20:37:04 +0300: Memory Usage (448540K) : Extracting res_topmetal2 resistor
2026-10-05 20:37:04 +0300: Memory Usage (448540K) : Starting CAP EXTRACTION
2026-10-05 20:37:04 +0300: Memory Usage (448540K) : Extracting cap_cmim device
2026-10-05 20:37:04 +0300: Memory Usage (448540K) : Extracting rfcmim device
2026-10-05 20:37:04 +0300: Memory Usage (448540K) : Extracting sg13_hv_svaricap varactor
2026-10-05 20:37:04 +0300: Memory Usage (448540K) : Extracting cap_cmomi device
2026-10-05 20:37:04 +0300: Memory Usage (448540K) : Extracting cap_cmomf device
2026-10-05 20:37:04 +0300: Memory Usage (448540K) : Extracting sg13_moscap_n capacitor
2026-10-05 20:37:04 +0300: Memory Usage (448540K) : Extracting sg13_moscap_p capacitor
2026-10-05 20:37:04 +0300: Memory Usage (448540K) : Starting ESD EXTRACTION
2026-10-05 20:37:04 +0300: Memory Usage (448540K) : Extracting diodevdd_2kv ESD device
2026-10-05 20:37:04 +0300: Memory Usage (448540K) : Extracting diodevdd_4kv ESD device
2026-10-05 20:37:04 +0300: Memory Usage (448540K) : Extracting diodevss_2kv ESD device
2026-10-05 20:37:04 +0300: Memory Usage (448540K) : Extracting diodevss_4kv ESD device
2026-10-05 20:37:04 +0300: Memory Usage (448540K) : Extracting idiodevdd_2kv ESD device
2026-10-05 20:37:04 +0300: Memory Usage (448540K) : Extracting idiodevdd_4kv ESD device
2026-10-05 20:37:04 +0300: Memory Usage (448540K) : Extracting idiodevss_2kv ESD device
2026-10-05 20:37:04 +0300: Memory Usage (448540K) : Extracting idiodevss_4kv ESD device
2026-10-05 20:37:04 +0300: Memory Usage (448540K) : Extracting nmoscl_2 ESD device
2026-10-05 20:37:04 +0300: Memory Usage (448540K) : Extracting nmoscl_4 ESD device
2026-10-05 20:37:04 +0300: Memory Usage (448540K) : Starting Inductor EXTRACTION
2026-10-05 20:37:04 +0300: Memory Usage (448540K) : Extracting Inductor2 device
2026-10-05 20:37:04 +0300: Memory Usage (448540K) : Extracting Inductor3 device
2026-10-05 20:37:04 +0300: Memory Usage (448540K) : Starting Taps EXTRACTION
2026-10-05 20:37:04 +0300: Memory Usage (448540K) : Extracting ntap1 device
2026-10-05 20:37:04 +0300: Memory Usage (448540K) : Extracting ptap1 device
2026-10-05 20:37:04 +0300: Memory Usage (448540K) : Starting SG13G2 LVS RF MOS Model Mapping
2026-10-05 20:37:04 +0300: Memory Usage (448724K) : [layout_netlist] Apply RF MOS model mapping and rfmode parameter.
2026-10-05 20:37:04 +0300: Memory Usage (448724K) : Starting SG13G2 LVS Options Preparations
2026-10-05 20:37:04 +0300: Memory Usage (448724K) : NET_ONLY enabled: apply extraction netlist options and skip comparison.
2026-10-05 20:37:04 +0300: Memory Usage (448724K) : SG13G2 LVS flow: extraction -> option preparation -> write netlist -> exit.
2026-10-05 20:37:04 +0300: Memory Usage (448724K) : Starting SG13G2 LVS Simplification
2026-10-05 20:37:04 +0300: Memory Usage (448724K) : [layout_netlist] simplify: SKIPPED
2026-10-05 20:37:04 +0300: Memory Usage (448724K) : [layout_netlist] make_top_level_pins: ENABLED
2026-10-05 20:37:04 +0300: Memory Usage (448724K) : [layout_netlist] combine_devices: SKIPPED
2026-10-05 20:37:04 +0300: Memory Usage (448724K) : [layout_netlist] purge: SKIPPED
2026-10-05 20:37:04 +0300: Memory Usage (448724K) : [layout_netlist] purge_nets: SKIPPED
2026-10-05 20:37:04 +0300: Memory Usage (448724K) : [layout_netlist] purge_devices: SKIPPED
2026-10-05 20:37:04 +0300: Memory Usage (448724K) : LVS Total Run time 1.064978 seconds
