	Command being timed: "hw/soc/tools/cocotb-venv/bin/python hw/soc/out/pcie-vco-v6-divider-tail115-v1-sixteenthstep-20261006/compare_saved_steps01.py"
	User time (seconds): 11.29
	System time (seconds): 1.78
	Percent of CPU this job got: 96%
	Elapsed (wall clock) time (h:mm:ss or m:ss): 0:13.56
	Average shared text size (kbytes): 0
	Average unshared data size (kbytes): 0
	Average stack size (kbytes): 0
	Average total size (kbytes): 0
	Maximum resident set size (kbytes): 850488
	Average resident set size (kbytes): 0
	Major (requiring I/O) page faults: 0
	Minor (reclaiming a frame) page faults: 229703
	Voluntary context switches: 7
	Involuntary context switches: 444
	Swaps: 0
	File system inputs: 0
	File system outputs: 3154272
	Socket messages sent: 0
	Socket messages received: 0
	Signals delivered: 0
	Page size (bytes): 4096
	Exit status: 0
