2026-10-05 20:44:04 +0300: Memory Usage (420440K) : Starting running SG13G2 Klayout LVS runset on /dev/shm/nssoc-div4-v7-layout-01/nssoc_clock_div4_v7_layout.gds
2026-10-05 20:44:04 +0300: Memory Usage (420440K) : Ruby Version for klayout: 3.3.10
2026-10-05 20:44:04 +0300: Memory Usage (421352K) : Loading database to memory is complete.
2026-10-05 20:44:04 +0300: Memory Usage (421352K) : SG13G2 Klayout LVS runset output at default location: nssoc_clock_div4_v7_layout.lvsdb
2026-10-05 20:44:04 +0300: Memory Usage (421352K) : Evaluate switches.
2026-10-05 20:44:04 +0300: Memory Usage (421352K) : Extracted netlist with net names: true
2026-10-05 20:44:04 +0300: Memory Usage (421352K) : Extracted netlist with comments in details: false
2026-10-05 20:44:04 +0300: Memory Usage (421352K) : Selected NET_ONLY option: true
2026-10-05 20:44:04 +0300: Memory Usage (421352K) : Selected LAYOUT_NETLIST option: (none)
2026-10-05 20:44:04 +0300: Memory Usage (421352K) : Selected IGNORE_TOP_PORTS_MISMATCH option: 
2026-10-05 20:44:04 +0300: Memory Usage (421352K) : Selected IMPLICIT_NETS option: (none)
2026-10-05 20:44:04 +0300: Memory Usage (421352K) : Selected TOP_LVL_PINS option: true
2026-10-05 20:44:04 +0300: Memory Usage (421352K) : Selected COMBINE DEVICES option: false
2026-10-05 20:44:04 +0300: Memory Usage (421352K) : Selected PURGE option: false
2026-10-05 20:44:04 +0300: Memory Usage (421352K) : Selected PURGE_NETS option: false
2026-10-05 20:44:04 +0300: Memory Usage (421352K) : Selected SIMPLIFY option: false
2026-10-05 20:44:04 +0300: Memory Usage (421352K) : Selected SERIES_RES option: true
2026-10-05 20:44:04 +0300: Memory Usage (421352K) : Selected PARALLEL_RES option: true
2026-10-05 20:44:04 +0300: Memory Usage (421352K) : Selected DISABLE_TAP_EXTRACTION option: false
2026-10-05 20:44:04 +0300: Memory Usage (421352K) : flat  mode is enabled.
2026-10-05 20:44:04 +0300: Memory Usage (421352K) : LVS extracted netlist at: /dev/shm/nssoc-div4-v7-wire-native-02/extracted.cir
2026-10-05 20:44:04 +0300: Memory Usage (421352K) : Applying SRAM integration support.
2026-10-05 20:44:04 +0300: Memory Usage (421352K) : Starting SG13G2 LVS runset
2026-10-05 20:44:04 +0300: Memory Usage (421352K) : Read in polygons from layers.
2026-10-05 20:44:04 +0300: Memory Usage (422892K) : activ_drw has 86 polygons
2026-10-05 20:44:04 +0300: Memory Usage (422892K) : activ_filler has 0 polygons
2026-10-05 20:44:04 +0300: Memory Usage (422892K) : activ has 86 polygons
2026-10-05 20:44:04 +0300: Memory Usage (422892K) : activ_pin has 0 polygons
2026-10-05 20:44:04 +0300: Memory Usage (422892K) : activ_mask has 34 polygons
2026-10-05 20:44:04 +0300: Memory Usage (422892K) : activ_nofill has 0 polygons
2026-10-05 20:44:04 +0300: Memory Usage (422892K) : activ_OPC has 0 polygons
2026-10-05 20:44:04 +0300: Memory Usage (423052K) : activ_iOPC has 0 polygons
2026-10-05 20:44:04 +0300: Memory Usage (423052K) : activ_noqrc has 0 polygons
2026-10-05 20:44:04 +0300: Memory Usage (423212K) : biwind_drw has 0 polygons
2026-10-05 20:44:04 +0300: Memory Usage (423212K) : biwind_OPC has 0 polygons
2026-10-05 20:44:04 +0300: Memory Usage (423212K) : gatpoly_drw has 66 polygons
2026-10-05 20:44:04 +0300: Memory Usage (423212K) : gatpoly_filler has 0 polygons
2026-10-05 20:44:04 +0300: Memory Usage (423212K) : gatpoly has 66 polygons
2026-10-05 20:44:04 +0300: Memory Usage (423532K) : gatpoly_pin has 0 polygons
2026-10-05 20:44:04 +0300: Memory Usage (423852K) : gatpoly_nofill has 0 polygons
2026-10-05 20:44:04 +0300: Memory Usage (424012K) : gatpoly_OPC has 0 polygons
2026-10-05 20:44:04 +0300: Memory Usage (424012K) : gatpoly_iOPC has 0 polygons
2026-10-05 20:44:04 +0300: Memory Usage (424012K) : gatpoly_noqrc has 0 polygons
2026-10-05 20:44:04 +0300: Memory Usage (424012K) : cont_drw has 698 polygons
2026-10-05 20:44:04 +0300: Memory Usage (424172K) : cont_OPC has 0 polygons
2026-10-05 20:44:04 +0300: Memory Usage (424332K) : nsd_drw has 0 polygons
2026-10-05 20:44:04 +0300: Memory Usage (424708K) : nsd_block has 34 polygons
2026-10-05 20:44:04 +0300: Memory Usage (424868K) : metal1_drw has 243 polygons
2026-10-05 20:44:04 +0300: Memory Usage (425028K) : metal1_filler has 0 polygons
2026-10-05 20:44:04 +0300: Memory Usage (425188K) : metal1_slit has 0 polygons
2026-10-05 20:44:04 +0300: Memory Usage (425348K) : metal1 has 243 polygons
2026-10-05 20:44:04 +0300: Memory Usage (425508K) : metal1_pin has 152 polygons
2026-10-05 20:44:04 +0300: Memory Usage (425668K) : metal1_mask has 0 polygons
2026-10-05 20:44:04 +0300: Memory Usage (425828K) : metal1_nofill has 0 polygons
2026-10-05 20:44:04 +0300: Memory Usage (425828K) : metal1_text has 0 polygons
2026-10-05 20:44:04 +0300: Memory Usage (425988K) : metal1_OPC has 0 polygons
2026-10-05 20:44:04 +0300: Memory Usage (426148K) : metal1_noqrc has 0 polygons
2026-10-05 20:44:04 +0300: Memory Usage (426308K) : metal1_res has 0 polygons
2026-10-05 20:44:04 +0300: Memory Usage (426468K) : metal1_iprobe has 0 polygons
2026-10-05 20:44:04 +0300: Memory Usage (426628K) : metal1_diffprb has 0 polygons
2026-10-05 20:44:04 +0300: Memory Usage (426788K) : passiv_drw has 0 polygons
2026-10-05 20:44:04 +0300: Memory Usage (427108K) : passiv_pin has 0 polygons
2026-10-05 20:44:04 +0300: Memory Usage (427748K) : passiv_sbump has 0 polygons
2026-10-05 20:44:04 +0300: Memory Usage (427748K) : passiv_pillar has 0 polygons
2026-10-05 20:44:04 +0300: Memory Usage (427908K) : passiv_pdl has 0 polygons
2026-10-05 20:44:04 +0300: Memory Usage (427908K) : metal2_drw has 186 polygons
2026-10-05 20:44:04 +0300: Memory Usage (427908K) : metal2_filler has 0 polygons
2026-10-05 20:44:04 +0300: Memory Usage (428068K) : metal2_slit has 0 polygons
2026-10-05 20:44:04 +0300: Memory Usage (428228K) : metal2 has 186 polygons
2026-10-05 20:44:04 +0300: Memory Usage (428388K) : metal2_pin has 34 polygons
2026-10-05 20:44:04 +0300: Memory Usage (428548K) : metal2_mask has 0 polygons
2026-10-05 20:44:04 +0300: Memory Usage (428708K) : metal2_nofill has 0 polygons
2026-10-05 20:44:04 +0300: Memory Usage (428708K) : metal2_text has 0 polygons
2026-10-05 20:44:04 +0300: Memory Usage (428868K) : metal2_OPC has 0 polygons
2026-10-05 20:44:04 +0300: Memory Usage (429028K) : metal2_noqrc has 0 polygons
2026-10-05 20:44:04 +0300: Memory Usage (429188K) : metal2_res has 0 polygons
2026-10-05 20:44:04 +0300: Memory Usage (429508K) : metal2_iprobe has 0 polygons
2026-10-05 20:44:04 +0300: Memory Usage (429668K) : metal2_diffprb has 0 polygons
2026-10-05 20:44:04 +0300: Memory Usage (429828K) : baspoly_drw has 0 polygons
2026-10-05 20:44:04 +0300: Memory Usage (429988K) : baspoly_pin has 0 polygons
2026-10-05 20:44:04 +0300: Memory Usage (430148K) : psd_drw has 85 polygons
2026-10-05 20:44:04 +0300: Memory Usage (430308K) : nldb_drw has 0 polygons
2026-10-05 20:44:04 +0300: Memory Usage (430468K) : digibnd_drw has 0 polygons
2026-10-05 20:44:05 +0300: Memory Usage (430628K) : via1_drw has 1216 polygons
2026-10-05 20:44:05 +0300: Memory Usage (430948K) : backmetal1_drw has 0 polygons
2026-10-05 20:44:05 +0300: Memory Usage (430948K) : backmetal1_pin has 0 polygons
2026-10-05 20:44:05 +0300: Memory Usage (431268K) : backmetal1_mask has 0 polygons
2026-10-05 20:44:05 +0300: Memory Usage (431428K) : backmetal1_filler has 0 polygons
2026-10-05 20:44:05 +0300: Memory Usage (431588K) : backmetal1_nofill has 0 polygons
2026-10-05 20:44:05 +0300: Memory Usage (431748K) : backmetal1_slit has 0 polygons
2026-10-05 20:44:05 +0300: Memory Usage (431748K) : backmetal1_text has 0 polygons
2026-10-05 20:44:05 +0300: Memory Usage (431908K) : backmetal1_OPC has 0 polygons
2026-10-05 20:44:05 +0300: Memory Usage (432068K) : backmetal1_noqrc has 0 polygons
2026-10-05 20:44:05 +0300: Memory Usage (432228K) : backmetal1_res has 0 polygons
2026-10-05 20:44:05 +0300: Memory Usage (432388K) : backmetal1_iprobe has 0 polygons
2026-10-05 20:44:05 +0300: Memory Usage (432548K) : backmetal1_diffprb has 0 polygons
2026-10-05 20:44:05 +0300: Memory Usage (432868K) : backpassiv_drw has 0 polygons
2026-10-05 20:44:05 +0300: Memory Usage (433028K) : res_drw has 0 polygons
2026-10-05 20:44:05 +0300: Memory Usage (433188K) : sram_drw has 0 polygons
2026-10-05 20:44:05 +0300: Memory Usage (433348K) : trans_drw has 34 polygons
2026-10-05 20:44:05 +0300: Memory Usage (433508K) : ind_drw has 0 polygons
2026-10-05 20:44:05 +0300: Memory Usage (433668K) : ind_pin has 0 polygons
2026-10-05 20:44:05 +0300: Memory Usage (433668K) : ind_text has 0 polygons
2026-10-05 20:44:05 +0300: Memory Usage (433828K) : salblock_drw has 33 polygons
2026-10-05 20:44:05 +0300: Memory Usage (433988K) : via2_drw has 624 polygons
2026-10-05 20:44:05 +0300: Memory Usage (434308K) : metal3_drw has 186 polygons
2026-10-05 20:44:05 +0300: Memory Usage (434468K) : metal3_filler has 0 polygons
2026-10-05 20:44:05 +0300: Memory Usage (434628K) : metal3_slit has 0 polygons
2026-10-05 20:44:05 +0300: Memory Usage (434788K) : metal3 has 186 polygons
2026-10-05 20:44:05 +0300: Memory Usage (434948K) : metal3_pin has 0 polygons
2026-10-05 20:44:05 +0300: Memory Usage (435108K) : metal3_mask has 0 polygons
2026-10-05 20:44:05 +0300: Memory Usage (435108K) : metal3_nofill has 0 polygons
2026-10-05 20:44:05 +0300: Memory Usage (435108K) : metal3_text has 0 polygons
2026-10-05 20:44:05 +0300: Memory Usage (435108K) : metal3_OPC has 0 polygons
2026-10-05 20:44:05 +0300: Memory Usage (435108K) : metal3_noqrc has 0 polygons
2026-10-05 20:44:05 +0300: Memory Usage (435108K) : metal3_res has 0 polygons
2026-10-05 20:44:05 +0300: Memory Usage (435108K) : metal3_iprobe has 0 polygons
2026-10-05 20:44:05 +0300: Memory Usage (435108K) : metal3_diffprb has 0 polygons
2026-10-05 20:44:05 +0300: Memory Usage (435108K) : nwell_drw has 0 polygons
2026-10-05 20:44:05 +0300: Memory Usage (435108K) : nwell_pin has 0 polygons
2026-10-05 20:44:05 +0300: Memory Usage (435108K) : nwell_text has 0 polygons
2026-10-05 20:44:05 +0300: Memory Usage (435108K) : nbulay_drw has 0 polygons
2026-10-05 20:44:05 +0300: Memory Usage (435108K) : nbulay_pin has 0 polygons
2026-10-05 20:44:05 +0300: Memory Usage (435108K) : nbulay_block has 0 polygons
2026-10-05 20:44:05 +0300: Memory Usage (435108K) : emwind_drw has 91 polygons
2026-10-05 20:44:05 +0300: Memory Usage (435108K) : emwind_OPC has 0 polygons
2026-10-05 20:44:05 +0300: Memory Usage (435108K) : deepco_drw has 0 polygons
2026-10-05 20:44:05 +0300: Memory Usage (435108K) : mim_drw has 6 polygons
2026-10-05 20:44:05 +0300: Memory Usage (435108K) : edgeseal_drw has 0 polygons
2026-10-05 20:44:05 +0300: Memory Usage (435108K) : substrate_drw has 18 polygons
2026-10-05 20:44:05 +0300: Memory Usage (435108K) : substrate_text has 0 polygons
2026-10-05 20:44:05 +0300: Memory Usage (435108K) : dfpad_drw has 0 polygons
2026-10-05 20:44:05 +0300: Memory Usage (435108K) : dfpad_pillar has 0 polygons
2026-10-05 20:44:05 +0300: Memory Usage (435108K) : dfpad_sbump has 0 polygons
2026-10-05 20:44:05 +0300: Memory Usage (435108K) : thickgateox_drw has 0 polygons
2026-10-05 20:44:05 +0300: Memory Usage (435108K) : pldb_drw has 0 polygons
2026-10-05 20:44:05 +0300: Memory Usage (435108K) : pwell_drw has 0 polygons
2026-10-05 20:44:05 +0300: Memory Usage (435108K) : pwell_pin has 0 polygons
2026-10-05 20:44:05 +0300: Memory Usage (435108K) : pwell_block has 0 polygons
2026-10-05 20:44:05 +0300: Memory Usage (435108K) : ic_drw has 0 polygons
2026-10-05 20:44:05 +0300: Memory Usage (435108K) : via3_drw has 390 polygons
2026-10-05 20:44:05 +0300: Memory Usage (435108K) : metal4_drw has 205 polygons
2026-10-05 20:44:05 +0300: Memory Usage (435108K) : metal4_filler has 0 polygons
2026-10-05 20:44:05 +0300: Memory Usage (435108K) : metal4_slit has 0 polygons
2026-10-05 20:44:05 +0300: Memory Usage (435108K) : metal4 has 205 polygons
2026-10-05 20:44:05 +0300: Memory Usage (435108K) : metal4_pin has 0 polygons
2026-10-05 20:44:05 +0300: Memory Usage (435108K) : metal4_mask has 0 polygons
2026-10-05 20:44:05 +0300: Memory Usage (435108K) : metal4_nofill has 0 polygons
2026-10-05 20:44:05 +0300: Memory Usage (435108K) : metal4_text has 0 polygons
2026-10-05 20:44:05 +0300: Memory Usage (435108K) : metal4_OPC has 0 polygons
2026-10-05 20:44:05 +0300: Memory Usage (435108K) : metal4_noqrc has 0 polygons
2026-10-05 20:44:05 +0300: Memory Usage (435108K) : metal4_res has 0 polygons
2026-10-05 20:44:05 +0300: Memory Usage (435108K) : metal4_iprobe has 0 polygons
2026-10-05 20:44:05 +0300: Memory Usage (435108K) : metal4_diffprb has 0 polygons
2026-10-05 20:44:05 +0300: Memory Usage (435108K) : heattrans_drw has 0 polygons
2026-10-05 20:44:05 +0300: Memory Usage (435108K) : heatres_drw has 33 polygons
2026-10-05 20:44:05 +0300: Memory Usage (435108K) : fbe_drw has 0 polygons
2026-10-05 20:44:05 +0300: Memory Usage (435108K) : empoly_drw has 0 polygons
2026-10-05 20:44:05 +0300: Memory Usage (435108K) : digisub_drw has 0 polygons
2026-10-05 20:44:05 +0300: Memory Usage (435280K) : text_drw has 221 polygons
2026-10-05 20:44:05 +0300: Memory Usage (435280K) : via4_drw has 454 polygons
2026-10-05 20:44:05 +0300: Memory Usage (435280K) : metal5_drw has 59 polygons
2026-10-05 20:44:05 +0300: Memory Usage (435280K) : metal5_filler has 0 polygons
2026-10-05 20:44:05 +0300: Memory Usage (435280K) : metal5_slit has 0 polygons
2026-10-05 20:44:05 +0300: Memory Usage (435280K) : metal5 has 59 polygons
2026-10-05 20:44:05 +0300: Memory Usage (435280K) : metal5_pin has 7 polygons
2026-10-05 20:44:05 +0300: Memory Usage (435280K) : metal5_mask has 0 polygons
2026-10-05 20:44:05 +0300: Memory Usage (435280K) : metal5_nofill has 0 polygons
2026-10-05 20:44:05 +0300: Memory Usage (435280K) : metal5_text has 7 polygons
2026-10-05 20:44:05 +0300: Memory Usage (435280K) : metal5_OPC has 0 polygons
2026-10-05 20:44:05 +0300: Memory Usage (435280K) : metal5_noqrc has 0 polygons
2026-10-05 20:44:05 +0300: Memory Usage (435280K) : metal5_res has 0 polygons
2026-10-05 20:44:05 +0300: Memory Usage (435280K) : metal5_iprobe has 0 polygons
2026-10-05 20:44:05 +0300: Memory Usage (435280K) : metal5_diffprb has 0 polygons
2026-10-05 20:44:05 +0300: Memory Usage (435280K) : radhard_drw has 0 polygons
2026-10-05 20:44:05 +0300: Memory Usage (435280K) : memcap_drw has 0 polygons
2026-10-05 20:44:05 +0300: Memory Usage (435280K) : varicap_drw has 0 polygons
2026-10-05 20:44:05 +0300: Memory Usage (435280K) : intbondvia_drw has 0 polygons
2026-10-05 20:44:05 +0300: Memory Usage (435280K) : intbondmet_drw has 0 polygons
2026-10-05 20:44:05 +0300: Memory Usage (435280K) : devbondvia_drw has 0 polygons
2026-10-05 20:44:05 +0300: Memory Usage (435280K) : devbondmet_drw has 0 polygons
2026-10-05 20:44:05 +0300: Memory Usage (435280K) : devtrench_drw has 0 polygons
2026-10-05 20:44:05 +0300: Memory Usage (435280K) : redist_drw has 0 polygons
2026-10-05 20:44:05 +0300: Memory Usage (435280K) : graphbot_drw has 0 polygons
2026-10-05 20:44:05 +0300: Memory Usage (435280K) : graphtop_drw has 0 polygons
2026-10-05 20:44:05 +0300: Memory Usage (435280K) : antvia1_drw has 0 polygons
2026-10-05 20:44:05 +0300: Memory Usage (435280K) : antmetal2_drw has 0 polygons
2026-10-05 20:44:05 +0300: Memory Usage (435280K) : graphcont_drw has 0 polygons
2026-10-05 20:44:05 +0300: Memory Usage (435280K) : siwg_drw has 0 polygons
2026-10-05 20:44:05 +0300: Memory Usage (435280K) : siwg_filler has 0 polygons
2026-10-05 20:44:05 +0300: Memory Usage (435280K) : siwg_nofill has 0 polygons
2026-10-05 20:44:05 +0300: Memory Usage (435280K) : sigrating_drw has 0 polygons
2026-10-05 20:44:05 +0300: Memory Usage (435280K) : singrating_drw has 0 polygons
2026-10-05 20:44:05 +0300: Memory Usage (435280K) : graphpas_drw has 0 polygons
2026-10-05 20:44:05 +0300: Memory Usage (435280K) : emwind3_drw has 0 polygons
2026-10-05 20:44:05 +0300: Memory Usage (435280K) : emwihv3_drw has 0 polygons
2026-10-05 20:44:05 +0300: Memory Usage (435280K) : redbulay_drw has 0 polygons
2026-10-05 20:44:05 +0300: Memory Usage (435280K) : smos_drw has 0 polygons
2026-10-05 20:44:05 +0300: Memory Usage (435280K) : graphpad_drw has 0 polygons
2026-10-05 20:44:05 +0300: Memory Usage (435280K) : polimide_drw has 0 polygons
2026-10-05 20:44:05 +0300: Memory Usage (435280K) : polimide_pin has 0 polygons
2026-10-05 20:44:05 +0300: Memory Usage (435280K) : recog_drw has 0 polygons
2026-10-05 20:44:05 +0300: Memory Usage (435280K) : recog_pin has 0 polygons
2026-10-05 20:44:05 +0300: Memory Usage (435280K) : recog_esd has 0 polygons
2026-10-05 20:44:05 +0300: Memory Usage (435280K) : recog_diode has 0 polygons
2026-10-05 20:44:05 +0300: Memory Usage (435280K) : recog_tsv has 0 polygons
2026-10-05 20:44:05 +0300: Memory Usage (435280K) : recog_iprobe has 0 polygons
2026-10-05 20:44:05 +0300: Memory Usage (435280K) : recog_diffprb has 0 polygons
2026-10-05 20:44:05 +0300: Memory Usage (435280K) : recog_pillar has 0 polygons
2026-10-05 20:44:05 +0300: Memory Usage (435280K) : recog_sbump has 0 polygons
2026-10-05 20:44:05 +0300: Memory Usage (435280K) : recog_otp has 0 polygons
2026-10-05 20:44:05 +0300: Memory Usage (435280K) : recog_pdiode has 0 polygons
2026-10-05 20:44:05 +0300: Memory Usage (435280K) : recog_mom has 0 polygons
2026-10-05 20:44:05 +0300: Memory Usage (435280K) : recog_momf has 0 polygons
2026-10-05 20:44:05 +0300: Memory Usage (435280K) : recog_pcm has 0 polygons
2026-10-05 20:44:05 +0300: Memory Usage (435280K) : colopen_drw has 0 polygons
2026-10-05 20:44:05 +0300: Memory Usage (435280K) : graphmetal1_drw has 0 polygons
2026-10-05 20:44:05 +0300: Memory Usage (435280K) : graphmetal1_filler has 0 polygons
2026-10-05 20:44:05 +0300: Memory Usage (435280K) : graphmetal1_nofill has 0 polygons
2026-10-05 20:44:05 +0300: Memory Usage (435280K) : graphmetal1_slit has 0 polygons
2026-10-05 20:44:05 +0300: Memory Usage (435280K) : graphmetal1_OPC has 0 polygons
2026-10-05 20:44:05 +0300: Memory Usage (435280K) : graphmet1l_drw has 0 polygons
2026-10-05 20:44:05 +0300: Memory Usage (435280K) : graphmet1l_filler has 0 polygons
2026-10-05 20:44:05 +0300: Memory Usage (435280K) : graphmet1l_nofill has 0 polygons
2026-10-05 20:44:05 +0300: Memory Usage (435280K) : graphmet1l_slit has 0 polygons
2026-10-05 20:44:05 +0300: Memory Usage (435280K) : graphmet1l_OPC has 0 polygons
2026-10-05 20:44:05 +0300: Memory Usage (435280K) : extblock_drw has 33 polygons
2026-10-05 20:44:05 +0300: Memory Usage (435280K) : nldd_drw has 0 polygons
2026-10-05 20:44:05 +0300: Memory Usage (435440K) : pldd_drw has 0 polygons
2026-10-05 20:44:05 +0300: Memory Usage (435600K) : next_drw has 0 polygons
2026-10-05 20:44:05 +0300: Memory Usage (435760K) : pext_drw has 0 polygons
2026-10-05 20:44:05 +0300: Memory Usage (435920K) : nexthv_drw has 0 polygons
2026-10-05 20:44:05 +0300: Memory Usage (436080K) : pexthv_drw has 0 polygons
2026-10-05 20:44:05 +0300: Memory Usage (436240K) : graphgate_drw has 0 polygons
2026-10-05 20:44:05 +0300: Memory Usage (436400K) : sinwg_drw has 0 polygons
2026-10-05 20:44:05 +0300: Memory Usage (436560K) : sinwg_filler has 0 polygons
2026-10-05 20:44:05 +0300: Memory Usage (436720K) : sinwg_nofill has 0 polygons
2026-10-05 20:44:05 +0300: Memory Usage (436880K) : mempad_drw has 0 polygons
2026-10-05 20:44:05 +0300: Memory Usage (437040K) : topvia1_drw has 12 polygons
2026-10-05 20:44:05 +0300: Memory Usage (437200K) : topmetal1_drw has 6 polygons
2026-10-05 20:44:05 +0300: Memory Usage (437360K) : topmetal1_filler has 0 polygons
2026-10-05 20:44:05 +0300: Memory Usage (437520K) : topmetal1_slit has 0 polygons
2026-10-05 20:44:05 +0300: Memory Usage (437680K) : topmetal1 has 6 polygons
2026-10-05 20:44:05 +0300: Memory Usage (437840K) : topmetal1_pin has 0 polygons
2026-10-05 20:44:05 +0300: Memory Usage (438000K) : topmetal1_mask has 0 polygons
2026-10-05 20:44:05 +0300: Memory Usage (438160K) : topmetal1_nofill has 0 polygons
2026-10-05 20:44:05 +0300: Memory Usage (438320K) : topmetal1_text has 0 polygons
2026-10-05 20:44:05 +0300: Memory Usage (438480K) : topmetal1_noqrc has 0 polygons
2026-10-05 20:44:05 +0300: Memory Usage (438480K) : topmetal1_res has 0 polygons
2026-10-05 20:44:05 +0300: Memory Usage (438480K) : topmetal1_iprobe has 0 polygons
2026-10-05 20:44:05 +0300: Memory Usage (438480K) : topmetal1_diffprb has 0 polygons
2026-10-05 20:44:05 +0300: Memory Usage (438480K) : inldpwl_drw has 0 polygons
2026-10-05 20:44:05 +0300: Memory Usage (438480K) : polyres_drw has 33 polygons
2026-10-05 20:44:05 +0300: Memory Usage (438480K) : polyres_pin has 0 polygons
2026-10-05 20:44:05 +0300: Memory Usage (438480K) : vmim_drw has 454 polygons
2026-10-05 20:44:05 +0300: Memory Usage (438480K) : nbulaycut_drw has 0 polygons
2026-10-05 20:44:05 +0300: Memory Usage (438480K) : antmetal1_drw has 0 polygons
2026-10-05 20:44:05 +0300: Memory Usage (438480K) : topvia2_drw has 0 polygons
2026-10-05 20:44:05 +0300: Memory Usage (438480K) : topmetal2_drw has 0 polygons
2026-10-05 20:44:05 +0300: Memory Usage (438480K) : topmetal2_filler has 0 polygons
2026-10-05 20:44:05 +0300: Memory Usage (438480K) : topmetal2_slit has 0 polygons
2026-10-05 20:44:05 +0300: Memory Usage (438480K) : topmetal2 has 0 polygons
2026-10-05 20:44:05 +0300: Memory Usage (438480K) : topmetal2_pin has 0 polygons
2026-10-05 20:44:05 +0300: Memory Usage (438480K) : topmetal2_mask has 0 polygons
2026-10-05 20:44:05 +0300: Memory Usage (438480K) : topmetal2_nofill has 0 polygons
2026-10-05 20:44:05 +0300: Memory Usage (438480K) : topmetal2_text has 0 polygons
2026-10-05 20:44:05 +0300: Memory Usage (438480K) : topmetal2_noqrc has 0 polygons
2026-10-05 20:44:05 +0300: Memory Usage (438480K) : topmetal2_res has 0 polygons
2026-10-05 20:44:05 +0300: Memory Usage (438480K) : topmetal2_iprobe has 0 polygons
2026-10-05 20:44:05 +0300: Memory Usage (438480K) : topmetal2_diffprb has 0 polygons
2026-10-05 20:44:05 +0300: Memory Usage (438480K) : snsring_drw has 0 polygons
2026-10-05 20:44:05 +0300: Memory Usage (438480K) : sensor_drw has 0 polygons
2026-10-05 20:44:05 +0300: Memory Usage (438480K) : snsarms_drw has 0 polygons
2026-10-05 20:44:05 +0300: Memory Usage (438480K) : snscmosvia_drw has 0 polygons
2026-10-05 20:44:05 +0300: Memory Usage (438480K) : colwind_drw has 0 polygons
2026-10-05 20:44:05 +0300: Memory Usage (438480K) : flm_drw has 0 polygons
2026-10-05 20:44:05 +0300: Memory Usage (438480K) : hafniumox_drw has 0 polygons
2026-10-05 20:44:05 +0300: Memory Usage (438480K) : memvia_drw has 0 polygons
2026-10-05 20:44:05 +0300: Memory Usage (438480K) : thinfilmres_drw has 0 polygons
2026-10-05 20:44:05 +0300: Memory Usage (438480K) : rfmem_drw has 0 polygons
2026-10-05 20:44:05 +0300: Memory Usage (438480K) : norcx_drw has 0 polygons
2026-10-05 20:44:05 +0300: Memory Usage (438480K) : norcx_m2m3 has 0 polygons
2026-10-05 20:44:05 +0300: Memory Usage (438480K) : norcx_m2m4 has 0 polygons
2026-10-05 20:44:05 +0300: Memory Usage (438480K) : norcx_m2m5 has 0 polygons
2026-10-05 20:44:05 +0300: Memory Usage (438480K) : norcx_m2tm1 has 0 polygons
2026-10-05 20:44:05 +0300: Memory Usage (438480K) : norcx_m2tm2 has 0 polygons
2026-10-05 20:44:05 +0300: Memory Usage (438480K) : norcx_m3m4 has 0 polygons
2026-10-05 20:44:05 +0300: Memory Usage (438480K) : norcx_m3m5 has 0 polygons
2026-10-05 20:44:05 +0300: Memory Usage (438480K) : norcx_m3tm1 has 0 polygons
2026-10-05 20:44:05 +0300: Memory Usage (438480K) : norcx_m3tm2 has 0 polygons
2026-10-05 20:44:05 +0300: Memory Usage (438480K) : norcx_m4m5 has 0 polygons
2026-10-05 20:44:05 +0300: Memory Usage (438480K) : norcx_m4tm1 has 0 polygons
2026-10-05 20:44:05 +0300: Memory Usage (438480K) : norcx_m4tm2 has 0 polygons
2026-10-05 20:44:05 +0300: Memory Usage (438480K) : norcx_m5tm1 has 0 polygons
2026-10-05 20:44:05 +0300: Memory Usage (438480K) : norcx_m5tm2 has 0 polygons
2026-10-05 20:44:05 +0300: Memory Usage (438480K) : norcx_tm1tm2 has 0 polygons
2026-10-05 20:44:05 +0300: Memory Usage (438480K) : norcx_m1sub has 0 polygons
2026-10-05 20:44:05 +0300: Memory Usage (438480K) : norcx_m2sub has 0 polygons
2026-10-05 20:44:05 +0300: Memory Usage (438480K) : norcx_m3sub has 0 polygons
2026-10-05 20:44:05 +0300: Memory Usage (438640K) : norcx_m4sub has 0 polygons
2026-10-05 20:44:05 +0300: Memory Usage (438640K) : norcx_m5sub has 0 polygons
2026-10-05 20:44:05 +0300: Memory Usage (438640K) : norcx_tm1sub has 0 polygons
2026-10-05 20:44:05 +0300: Memory Usage (438640K) : norcx_tm2sub has 0 polygons
2026-10-05 20:44:05 +0300: Memory Usage (438640K) : snsbotvia_drw has 0 polygons
2026-10-05 20:44:05 +0300: Memory Usage (438640K) : snstopvia_drw has 0 polygons
2026-10-05 20:44:05 +0300: Memory Usage (438640K) : deepvia_drw has 0 polygons
2026-10-05 20:44:05 +0300: Memory Usage (438640K) : fgetch_drw has 0 polygons
2026-10-05 20:44:05 +0300: Memory Usage (438640K) : ctrgat_drw has 0 polygons
2026-10-05 20:44:05 +0300: Memory Usage (438640K) : fgimp_drw has 0 polygons
2026-10-05 20:44:05 +0300: Memory Usage (438640K) : emwihv_drw has 0 polygons
2026-10-05 20:44:05 +0300: Memory Usage (438640K) : lbe_drw has 0 polygons
2026-10-05 20:44:05 +0300: Memory Usage (438640K) : alcustop_drw has 0 polygons
2026-10-05 20:44:05 +0300: Memory Usage (438640K) : nometfiller_drw has 0 polygons
2026-10-05 20:44:05 +0300: Memory Usage (438640K) : prboundary_drw has 0 polygons
2026-10-05 20:44:05 +0300: Memory Usage (438640K) : exchange0_drw has 0 polygons
2026-10-05 20:44:05 +0300: Memory Usage (438640K) : exchange0_pin has 0 polygons
2026-10-05 20:44:05 +0300: Memory Usage (438640K) : exchange0_text has 0 polygons
2026-10-05 20:44:05 +0300: Memory Usage (438640K) : exchange1_drw has 0 polygons
2026-10-05 20:44:05 +0300: Memory Usage (438640K) : exchange1_pin has 0 polygons
2026-10-05 20:44:05 +0300: Memory Usage (438640K) : exchange1_text has 0 polygons
2026-10-05 20:44:05 +0300: Memory Usage (438640K) : exchange2_drw has 0 polygons
2026-10-05 20:44:05 +0300: Memory Usage (438640K) : exchange2_pin has 0 polygons
2026-10-05 20:44:05 +0300: Memory Usage (438640K) : exchange2_text has 0 polygons
2026-10-05 20:44:05 +0300: Memory Usage (438640K) : exchange3_drw has 0 polygons
2026-10-05 20:44:05 +0300: Memory Usage (438640K) : exchange3_pin has 0 polygons
2026-10-05 20:44:05 +0300: Memory Usage (438640K) : exchange3_text has 0 polygons
2026-10-05 20:44:05 +0300: Memory Usage (438640K) : exchange4_drw has 0 polygons
2026-10-05 20:44:05 +0300: Memory Usage (438640K) : exchange4_pin has 0 polygons
2026-10-05 20:44:05 +0300: Memory Usage (438640K) : exchange4_text has 0 polygons
2026-10-05 20:44:05 +0300: Memory Usage (438640K) : isonwell_drw has 0 polygons
2026-10-05 20:44:05 +0300: Memory Usage (438640K) : Total no. of polygons in the design is 5740
2026-10-05 20:44:05 +0300: Memory Usage (438640K) : Starting base layers derivations
2026-10-05 20:44:05 +0300: Memory Usage (438640K) : Starting general LVS derivations
2026-10-05 20:44:05 +0300: Memory Usage (439704K) : Starting MOSFET DERIVATIONS
2026-10-05 20:44:06 +0300: Memory Usage (439704K) : Starting NMOS DERIVATIONS
2026-10-05 20:44:06 +0300: Memory Usage (439704K) : Starting PMOS DERIVATIONS
2026-10-05 20:44:06 +0300: Memory Usage (439704K) : Starting RF-MOSFET DERIVATIONS
2026-10-05 20:44:06 +0300: Memory Usage (439704K) : Starting RF-NMOS DERIVATIONS
2026-10-05 20:44:06 +0300: Memory Usage (439704K) : Starting RF-PMOS DERIVATIONS
2026-10-05 20:44:06 +0300: Memory Usage (439704K) : Starting BJT DERIVATIONS
2026-10-05 20:44:06 +0300: Memory Usage (439704K) : Starting NPN-BJT DERIVATIONS
2026-10-05 20:44:06 +0300: Memory Usage (440988K) : Starting PNP-BJT DERIVATIONS
2026-10-05 20:44:06 +0300: Memory Usage (442588K) : Starting DIODE DERIVATIONS
2026-10-05 20:44:06 +0300: Memory Usage (447548K) : Starting RESISTOR DERIVATIONS
2026-10-05 20:44:06 +0300: Memory Usage (447724K) : Starting CAP DERIVATIONS
2026-10-05 20:44:06 +0300: Memory Usage (447724K) : Starting CAP_CMOM DERIVATIONS
2026-10-05 20:44:06 +0300: Memory Usage (447724K) : Starting CAP_CMOMF DERIVATIONS
2026-10-05 20:44:06 +0300: Memory Usage (447724K) : Starting ESD DERIVATIONS
2026-10-05 20:44:06 +0300: Memory Usage (447884K) : Starting Inductor DERIVATIONS
2026-10-05 20:44:06 +0300: Memory Usage (447884K) : Starting Taps DERIVATIONS
2026-10-05 20:44:06 +0300: Memory Usage (447884K) : Starting SG13G2 LVS connectivity setup
2026-10-05 20:44:06 +0300: Memory Usage (447884K) : Starting SG13G2 LVS connectivity setup (Inter-layer)
2026-10-05 20:44:06 +0300: Memory Usage (448228K) : Starting SG13G2 LVS connectivity setup (Global)
2026-10-05 20:44:06 +0300: Memory Usage (448228K) : Starting LVS MOSFET CONNECTIONS
2026-10-05 20:44:06 +0300: Memory Usage (448228K) : Starting LVS RF-MOSFET CONNECTIONS
2026-10-05 20:44:06 +0300: Memory Usage (448228K) : Starting LVS BJT CONNECTIONS
2026-10-05 20:44:06 +0300: Memory Usage (448228K) : Starting LVS DIODE CONNECTIONS
2026-10-05 20:44:06 +0300: Memory Usage (448228K) : Starting RESISTOR CONNECTIONS
2026-10-05 20:44:06 +0300: Memory Usage (448228K) : Starting LVS CAP CONNECTIONS
2026-10-05 20:44:06 +0300: Memory Usage (448228K) : Starting CAP_CMOM CONNECTIONS
2026-10-05 20:44:06 +0300: Memory Usage (448228K) : Starting CAP_CMOMF CONNECTIONS
2026-10-05 20:44:06 +0300: Memory Usage (448228K) : Starting ESD CONNECTIONS
2026-10-05 20:44:06 +0300: Memory Usage (448228K) : Starting Inductor CONNECTIONS
2026-10-05 20:44:06 +0300: Memory Usage (448228K) : Starting LVS Taps CONNECTIONS
2026-10-05 20:44:06 +0300: Memory Usage (448228K) : Starting SG13G2 LVS DEVICES EXTRACTION
2026-10-05 20:44:06 +0300: Memory Usage (448228K) : Starting MOSFET EXTRACTION
2026-10-05 20:44:06 +0300: Memory Usage (448228K) : Starting NMOS EXTRACTION
2026-10-05 20:44:06 +0300: Memory Usage (448228K) : Extraction of NMOS-LV transistor
2026-10-05 20:44:06 +0300: Memory Usage (448560K) : Extraction of NMOS-HV transistor
2026-10-05 20:44:06 +0300: Memory Usage (448560K) : Starting PMOS EXTRACTION
2026-10-05 20:44:06 +0300: Memory Usage (448560K) : Extraction of PMOS-LV transistor
2026-10-05 20:44:06 +0300: Memory Usage (448560K) : Extraction of PMOS-HV transistor
2026-10-05 20:44:06 +0300: Memory Usage (448560K) : Starting RF-MOSFET EXTRACTION
2026-10-05 20:44:06 +0300: Memory Usage (448560K) : Extraction of RF-NMOS-LV transistor
2026-10-05 20:44:06 +0300: Memory Usage (448560K) : Extraction of RF-NMOS-HV transistor
2026-10-05 20:44:06 +0300: Memory Usage (448560K) : Extraction of RF-PMOS-LV transistor
2026-10-05 20:44:06 +0300: Memory Usage (448560K) : Extraction of RF-PMOS-HV transistor
2026-10-05 20:44:06 +0300: Memory Usage (448560K) : Starting BJT EXTRACTION
2026-10-05 20:44:06 +0300: Memory Usage (448560K) : Starting NPN-BJT EXTRACTION
2026-10-05 20:44:06 +0300: Memory Usage (448560K) : Extraction of npn13G2 BJT transistor
2026-10-05 20:44:06 +0300: Memory Usage (448752K) : Extraction of npn13G2L BJT transistor
2026-10-05 20:44:06 +0300: Memory Usage (448924K) : Extraction of npn13G2V BJT transistor
2026-10-05 20:44:06 +0300: Memory Usage (448924K) : Starting PNP-BJT EXTRACTION
2026-10-05 20:44:06 +0300: Memory Usage (448924K) : Extracting pnpMPA BJT
2026-10-05 20:44:06 +0300: Memory Usage (448924K) : Starting DIODE EXTRACTION
2026-10-05 20:44:06 +0300: Memory Usage (448924K) : Extracting dantenna diode
2026-10-05 20:44:06 +0300: Memory Usage (448924K) : Extracting dpantenna diode
2026-10-05 20:44:06 +0300: Memory Usage (448924K) : Extracting schottky_nbl1 diode
2026-10-05 20:44:06 +0300: Memory Usage (448924K) : Extracting isolbox diode
2026-10-05 20:44:06 +0300: Memory Usage (448924K) : Starting RESISTOR EXTRACTION
2026-10-05 20:44:06 +0300: Memory Usage (448924K) : Extracting rsil resistor
2026-10-05 20:44:06 +0300: Memory Usage (448924K) : Extracting rppd resistor
2026-10-05 20:44:06 +0300: Memory Usage (449112K) : Extracting rhigh resistor
2026-10-05 20:44:06 +0300: Memory Usage (449112K) : Extracting res_metal1 resistor
2026-10-05 20:44:06 +0300: Memory Usage (449112K) : Extracting res_metal2 resistor
2026-10-05 20:44:06 +0300: Memory Usage (449112K) : Extracting res_metal3 resistor
2026-10-05 20:44:06 +0300: Memory Usage (449112K) : Extracting res_metal4 resistor
2026-10-05 20:44:06 +0300: Memory Usage (449112K) : Extracting res_metal5 resistor
2026-10-05 20:44:06 +0300: Memory Usage (449112K) : Extracting res_topmetal1 resistor
2026-10-05 20:44:06 +0300: Memory Usage (449112K) : Extracting res_topmetal2 resistor
2026-10-05 20:44:06 +0300: Memory Usage (449112K) : Starting CAP EXTRACTION
2026-10-05 20:44:06 +0300: Memory Usage (449112K) : Extracting cap_cmim device
2026-10-05 20:44:06 +0300: Memory Usage (449112K) : Extracting rfcmim device
2026-10-05 20:44:06 +0300: Memory Usage (449112K) : Extracting sg13_hv_svaricap varactor
2026-10-05 20:44:06 +0300: Memory Usage (449112K) : Extracting cap_cmomi device
2026-10-05 20:44:06 +0300: Memory Usage (449112K) : Extracting cap_cmomf device
2026-10-05 20:44:06 +0300: Memory Usage (449112K) : Extracting sg13_moscap_n capacitor
2026-10-05 20:44:06 +0300: Memory Usage (449112K) : Extracting sg13_moscap_p capacitor
2026-10-05 20:44:06 +0300: Memory Usage (449112K) : Starting ESD EXTRACTION
2026-10-05 20:44:06 +0300: Memory Usage (449112K) : Extracting diodevdd_2kv ESD device
2026-10-05 20:44:06 +0300: Memory Usage (449112K) : Extracting diodevdd_4kv ESD device
2026-10-05 20:44:06 +0300: Memory Usage (449112K) : Extracting diodevss_2kv ESD device
2026-10-05 20:44:06 +0300: Memory Usage (449112K) : Extracting diodevss_4kv ESD device
2026-10-05 20:44:06 +0300: Memory Usage (449112K) : Extracting idiodevdd_2kv ESD device
2026-10-05 20:44:06 +0300: Memory Usage (449112K) : Extracting idiodevdd_4kv ESD device
2026-10-05 20:44:06 +0300: Memory Usage (449112K) : Extracting idiodevss_2kv ESD device
2026-10-05 20:44:06 +0300: Memory Usage (449112K) : Extracting idiodevss_4kv ESD device
2026-10-05 20:44:06 +0300: Memory Usage (449112K) : Extracting nmoscl_2 ESD device
2026-10-05 20:44:06 +0300: Memory Usage (449112K) : Extracting nmoscl_4 ESD device
2026-10-05 20:44:06 +0300: Memory Usage (449112K) : Starting Inductor EXTRACTION
2026-10-05 20:44:06 +0300: Memory Usage (449112K) : Extracting Inductor2 device
2026-10-05 20:44:06 +0300: Memory Usage (449112K) : Extracting Inductor3 device
2026-10-05 20:44:06 +0300: Memory Usage (449112K) : Starting Taps EXTRACTION
2026-10-05 20:44:06 +0300: Memory Usage (449112K) : Extracting ntap1 device
2026-10-05 20:44:06 +0300: Memory Usage (449112K) : Extracting ptap1 device
2026-10-05 20:44:06 +0300: Memory Usage (449112K) : Starting SG13G2 LVS RF MOS Model Mapping
2026-10-05 20:44:06 +0300: Memory Usage (449112K) : [layout_netlist] Apply RF MOS model mapping and rfmode parameter.
2026-10-05 20:44:06 +0300: Memory Usage (449272K) : Starting SG13G2 LVS Options Preparations
2026-10-05 20:44:06 +0300: Memory Usage (449272K) : NET_ONLY enabled: apply extraction netlist options and skip comparison.
2026-10-05 20:44:06 +0300: Memory Usage (449272K) : SG13G2 LVS flow: extraction -> option preparation -> write netlist -> exit.
2026-10-05 20:44:06 +0300: Memory Usage (449272K) : Starting SG13G2 LVS Simplification
2026-10-05 20:44:06 +0300: Memory Usage (449272K) : [layout_netlist] simplify: SKIPPED
2026-10-05 20:44:06 +0300: Memory Usage (449272K) : [layout_netlist] make_top_level_pins: ENABLED
2026-10-05 20:44:06 +0300: Memory Usage (449272K) : [layout_netlist] combine_devices: SKIPPED
2026-10-05 20:44:06 +0300: Memory Usage (449272K) : [layout_netlist] purge: SKIPPED
2026-10-05 20:44:06 +0300: Memory Usage (449272K) : [layout_netlist] purge_nets: SKIPPED
2026-10-05 20:44:06 +0300: Memory Usage (449272K) : [layout_netlist] purge_devices: SKIPPED
2026-10-05 20:44:06 +0300: Memory Usage (449272K) : LVS Total Run time 1.715251 seconds
2026-10-05 20:44:06 +0300: Memory Usage (449272K) : NSSOC_UNSIMPLIFIED_GEOMETRY_L2N_EXPORT_REQUESTED
