2026-10-06 05:32:48 +0300: Memory Usage (420608K) : Starting running SG13G2 Klayout LVS runset on /dev/shm/nssoc-div4-v7-compact-v2-layout-01/nssoc_clock_div4_v7_compact_v2_layout.gds
2026-10-06 05:32:48 +0300: Memory Usage (420608K) : Ruby Version for klayout: 3.3.10
2026-10-06 05:32:48 +0300: Memory Usage (421392K) : Loading database to memory is complete.
2026-10-06 05:32:48 +0300: Memory Usage (421392K) : SG13G2 Klayout LVS runset output at default location: nssoc_clock_div4_v7_compact_v2_layout.lvsdb
2026-10-06 05:32:48 +0300: Memory Usage (421392K) : Evaluate switches.
2026-10-06 05:32:48 +0300: Memory Usage (421392K) : Extracted netlist with net names: true
2026-10-06 05:32:48 +0300: Memory Usage (421392K) : Extracted netlist with comments in details: false
2026-10-06 05:32:48 +0300: Memory Usage (421392K) : Selected NET_ONLY option: true
2026-10-06 05:32:48 +0300: Memory Usage (421392K) : Selected LAYOUT_NETLIST option: (none)
2026-10-06 05:32:48 +0300: Memory Usage (421392K) : Selected IGNORE_TOP_PORTS_MISMATCH option: 
2026-10-06 05:32:48 +0300: Memory Usage (421392K) : Selected IMPLICIT_NETS option: (none)
2026-10-06 05:32:48 +0300: Memory Usage (421392K) : Selected TOP_LVL_PINS option: true
2026-10-06 05:32:48 +0300: Memory Usage (421392K) : Selected COMBINE DEVICES option: false
2026-10-06 05:32:48 +0300: Memory Usage (421392K) : Selected PURGE option: false
2026-10-06 05:32:48 +0300: Memory Usage (421392K) : Selected PURGE_NETS option: false
2026-10-06 05:32:48 +0300: Memory Usage (421392K) : Selected SIMPLIFY option: false
2026-10-06 05:32:48 +0300: Memory Usage (421392K) : Selected SERIES_RES option: true
2026-10-06 05:32:48 +0300: Memory Usage (421392K) : Selected PARALLEL_RES option: true
2026-10-06 05:32:48 +0300: Memory Usage (421392K) : Selected DISABLE_TAP_EXTRACTION option: false
2026-10-06 05:32:48 +0300: Memory Usage (421392K) : flat  mode is enabled.
2026-10-06 05:32:48 +0300: Memory Usage (421392K) : LVS extracted netlist at: /dev/shm/nssoc-div4-v7-compact-v2-wire-native-01/extracted.cir
2026-10-06 05:32:48 +0300: Memory Usage (421392K) : Applying SRAM integration support.
2026-10-06 05:32:48 +0300: Memory Usage (421392K) : Starting SG13G2 LVS runset
2026-10-06 05:32:48 +0300: Memory Usage (421392K) : Read in polygons from layers.
2026-10-06 05:32:48 +0300: Memory Usage (423080K) : activ_drw has 86 polygons
2026-10-06 05:32:48 +0300: Memory Usage (423080K) : activ_filler has 0 polygons
2026-10-06 05:32:48 +0300: Memory Usage (423080K) : activ has 86 polygons
2026-10-06 05:32:48 +0300: Memory Usage (423080K) : activ_pin has 0 polygons
2026-10-06 05:32:48 +0300: Memory Usage (423080K) : activ_mask has 34 polygons
2026-10-06 05:32:48 +0300: Memory Usage (423080K) : activ_nofill has 0 polygons
2026-10-06 05:32:48 +0300: Memory Usage (423080K) : activ_OPC has 0 polygons
2026-10-06 05:32:48 +0300: Memory Usage (423080K) : activ_iOPC has 0 polygons
2026-10-06 05:32:48 +0300: Memory Usage (423080K) : activ_noqrc has 0 polygons
2026-10-06 05:32:48 +0300: Memory Usage (423240K) : biwind_drw has 0 polygons
2026-10-06 05:32:48 +0300: Memory Usage (423400K) : biwind_OPC has 0 polygons
2026-10-06 05:32:48 +0300: Memory Usage (423400K) : gatpoly_drw has 66 polygons
2026-10-06 05:32:48 +0300: Memory Usage (423400K) : gatpoly_filler has 0 polygons
2026-10-06 05:32:48 +0300: Memory Usage (423400K) : gatpoly has 66 polygons
2026-10-06 05:32:48 +0300: Memory Usage (423400K) : gatpoly_pin has 0 polygons
2026-10-06 05:32:48 +0300: Memory Usage (423880K) : gatpoly_nofill has 0 polygons
2026-10-06 05:32:48 +0300: Memory Usage (424040K) : gatpoly_OPC has 0 polygons
2026-10-06 05:32:48 +0300: Memory Usage (424040K) : gatpoly_iOPC has 0 polygons
2026-10-06 05:32:48 +0300: Memory Usage (424040K) : gatpoly_noqrc has 0 polygons
2026-10-06 05:32:48 +0300: Memory Usage (424200K) : cont_drw has 698 polygons
2026-10-06 05:32:48 +0300: Memory Usage (424200K) : cont_OPC has 0 polygons
2026-10-06 05:32:48 +0300: Memory Usage (424360K) : nsd_drw has 0 polygons
2026-10-06 05:32:48 +0300: Memory Usage (424736K) : nsd_block has 34 polygons
2026-10-06 05:32:48 +0300: Memory Usage (424896K) : metal1_drw has 243 polygons
2026-10-06 05:32:48 +0300: Memory Usage (425056K) : metal1_filler has 0 polygons
2026-10-06 05:32:48 +0300: Memory Usage (425216K) : metal1_slit has 0 polygons
2026-10-06 05:32:48 +0300: Memory Usage (425376K) : metal1 has 243 polygons
2026-10-06 05:32:48 +0300: Memory Usage (425536K) : metal1_pin has 152 polygons
2026-10-06 05:32:48 +0300: Memory Usage (425696K) : metal1_mask has 0 polygons
2026-10-06 05:32:48 +0300: Memory Usage (425856K) : metal1_nofill has 0 polygons
2026-10-06 05:32:48 +0300: Memory Usage (425856K) : metal1_text has 0 polygons
2026-10-06 05:32:48 +0300: Memory Usage (426016K) : metal1_OPC has 0 polygons
2026-10-06 05:32:48 +0300: Memory Usage (426176K) : metal1_noqrc has 0 polygons
2026-10-06 05:32:48 +0300: Memory Usage (426336K) : metal1_res has 0 polygons
2026-10-06 05:32:48 +0300: Memory Usage (426496K) : metal1_iprobe has 0 polygons
2026-10-06 05:32:48 +0300: Memory Usage (426656K) : metal1_diffprb has 0 polygons
2026-10-06 05:32:48 +0300: Memory Usage (426816K) : passiv_drw has 0 polygons
2026-10-06 05:32:48 +0300: Memory Usage (426976K) : passiv_pin has 0 polygons
2026-10-06 05:32:48 +0300: Memory Usage (427776K) : passiv_sbump has 0 polygons
2026-10-06 05:32:48 +0300: Memory Usage (427936K) : passiv_pillar has 0 polygons
2026-10-06 05:32:48 +0300: Memory Usage (427936K) : passiv_pdl has 0 polygons
2026-10-06 05:32:48 +0300: Memory Usage (428096K) : metal2_drw has 186 polygons
2026-10-06 05:32:48 +0300: Memory Usage (428096K) : metal2_filler has 0 polygons
2026-10-06 05:32:48 +0300: Memory Usage (428096K) : metal2_slit has 0 polygons
2026-10-06 05:32:48 +0300: Memory Usage (428096K) : metal2 has 186 polygons
2026-10-06 05:32:48 +0300: Memory Usage (428416K) : metal2_pin has 34 polygons
2026-10-06 05:32:48 +0300: Memory Usage (428576K) : metal2_mask has 0 polygons
2026-10-06 05:32:48 +0300: Memory Usage (428736K) : metal2_nofill has 0 polygons
2026-10-06 05:32:48 +0300: Memory Usage (428736K) : metal2_text has 0 polygons
2026-10-06 05:32:48 +0300: Memory Usage (428896K) : metal2_OPC has 0 polygons
2026-10-06 05:32:48 +0300: Memory Usage (429056K) : metal2_noqrc has 0 polygons
2026-10-06 05:32:48 +0300: Memory Usage (429216K) : metal2_res has 0 polygons
2026-10-06 05:32:48 +0300: Memory Usage (429376K) : metal2_iprobe has 0 polygons
2026-10-06 05:32:48 +0300: Memory Usage (429536K) : metal2_diffprb has 0 polygons
2026-10-06 05:32:48 +0300: Memory Usage (429856K) : baspoly_drw has 0 polygons
2026-10-06 05:32:48 +0300: Memory Usage (430016K) : baspoly_pin has 0 polygons
2026-10-06 05:32:48 +0300: Memory Usage (430176K) : psd_drw has 85 polygons
2026-10-06 05:32:48 +0300: Memory Usage (430336K) : nldb_drw has 0 polygons
2026-10-06 05:32:48 +0300: Memory Usage (430496K) : digibnd_drw has 0 polygons
2026-10-06 05:32:48 +0300: Memory Usage (430656K) : via1_drw has 1216 polygons
2026-10-06 05:32:48 +0300: Memory Usage (430976K) : backmetal1_drw has 0 polygons
2026-10-06 05:32:48 +0300: Memory Usage (430976K) : backmetal1_pin has 0 polygons
2026-10-06 05:32:48 +0300: Memory Usage (431136K) : backmetal1_mask has 0 polygons
2026-10-06 05:32:48 +0300: Memory Usage (431456K) : backmetal1_filler has 0 polygons
2026-10-06 05:32:48 +0300: Memory Usage (431616K) : backmetal1_nofill has 0 polygons
2026-10-06 05:32:48 +0300: Memory Usage (431776K) : backmetal1_slit has 0 polygons
2026-10-06 05:32:48 +0300: Memory Usage (431776K) : backmetal1_text has 0 polygons
2026-10-06 05:32:48 +0300: Memory Usage (431936K) : backmetal1_OPC has 0 polygons
2026-10-06 05:32:48 +0300: Memory Usage (432096K) : backmetal1_noqrc has 0 polygons
2026-10-06 05:32:48 +0300: Memory Usage (432256K) : backmetal1_res has 0 polygons
2026-10-06 05:32:48 +0300: Memory Usage (432416K) : backmetal1_iprobe has 0 polygons
2026-10-06 05:32:48 +0300: Memory Usage (432576K) : backmetal1_diffprb has 0 polygons
2026-10-06 05:32:48 +0300: Memory Usage (432736K) : backpassiv_drw has 0 polygons
2026-10-06 05:32:48 +0300: Memory Usage (433056K) : res_drw has 0 polygons
2026-10-06 05:32:48 +0300: Memory Usage (433216K) : sram_drw has 0 polygons
2026-10-06 05:32:48 +0300: Memory Usage (433376K) : trans_drw has 34 polygons
2026-10-06 05:32:48 +0300: Memory Usage (433536K) : ind_drw has 0 polygons
2026-10-06 05:32:48 +0300: Memory Usage (433696K) : ind_pin has 0 polygons
2026-10-06 05:32:48 +0300: Memory Usage (433696K) : ind_text has 0 polygons
2026-10-06 05:32:48 +0300: Memory Usage (433856K) : salblock_drw has 33 polygons
2026-10-06 05:32:48 +0300: Memory Usage (434016K) : via2_drw has 624 polygons
2026-10-06 05:32:48 +0300: Memory Usage (434336K) : metal3_drw has 186 polygons
2026-10-06 05:32:48 +0300: Memory Usage (434496K) : metal3_filler has 0 polygons
2026-10-06 05:32:48 +0300: Memory Usage (434656K) : metal3_slit has 0 polygons
2026-10-06 05:32:48 +0300: Memory Usage (434816K) : metal3 has 186 polygons
2026-10-06 05:32:48 +0300: Memory Usage (434976K) : metal3_pin has 0 polygons
2026-10-06 05:32:48 +0300: Memory Usage (434976K) : metal3_mask has 0 polygons
2026-10-06 05:32:48 +0300: Memory Usage (434976K) : metal3_nofill has 0 polygons
2026-10-06 05:32:48 +0300: Memory Usage (434976K) : metal3_text has 0 polygons
2026-10-06 05:32:48 +0300: Memory Usage (434976K) : metal3_OPC has 0 polygons
2026-10-06 05:32:48 +0300: Memory Usage (434976K) : metal3_noqrc has 0 polygons
2026-10-06 05:32:48 +0300: Memory Usage (434976K) : metal3_res has 0 polygons
2026-10-06 05:32:48 +0300: Memory Usage (434976K) : metal3_iprobe has 0 polygons
2026-10-06 05:32:48 +0300: Memory Usage (434976K) : metal3_diffprb has 0 polygons
2026-10-06 05:32:48 +0300: Memory Usage (434976K) : nwell_drw has 0 polygons
2026-10-06 05:32:48 +0300: Memory Usage (434976K) : nwell_pin has 0 polygons
2026-10-06 05:32:48 +0300: Memory Usage (434976K) : nwell_text has 0 polygons
2026-10-06 05:32:48 +0300: Memory Usage (434976K) : nbulay_drw has 0 polygons
2026-10-06 05:32:48 +0300: Memory Usage (434976K) : nbulay_pin has 0 polygons
2026-10-06 05:32:48 +0300: Memory Usage (434976K) : nbulay_block has 0 polygons
2026-10-06 05:32:48 +0300: Memory Usage (434976K) : emwind_drw has 91 polygons
2026-10-06 05:32:48 +0300: Memory Usage (434976K) : emwind_OPC has 0 polygons
2026-10-06 05:32:48 +0300: Memory Usage (434976K) : deepco_drw has 0 polygons
2026-10-06 05:32:48 +0300: Memory Usage (434976K) : mim_drw has 6 polygons
2026-10-06 05:32:48 +0300: Memory Usage (434976K) : edgeseal_drw has 0 polygons
2026-10-06 05:32:48 +0300: Memory Usage (434976K) : substrate_drw has 18 polygons
2026-10-06 05:32:48 +0300: Memory Usage (434976K) : substrate_text has 0 polygons
2026-10-06 05:32:48 +0300: Memory Usage (434976K) : dfpad_drw has 0 polygons
2026-10-06 05:32:48 +0300: Memory Usage (434976K) : dfpad_pillar has 0 polygons
2026-10-06 05:32:48 +0300: Memory Usage (434976K) : dfpad_sbump has 0 polygons
2026-10-06 05:32:48 +0300: Memory Usage (434976K) : thickgateox_drw has 0 polygons
2026-10-06 05:32:48 +0300: Memory Usage (434976K) : pldb_drw has 0 polygons
2026-10-06 05:32:48 +0300: Memory Usage (434976K) : pwell_drw has 0 polygons
2026-10-06 05:32:48 +0300: Memory Usage (434976K) : pwell_pin has 0 polygons
2026-10-06 05:32:48 +0300: Memory Usage (434976K) : pwell_block has 0 polygons
2026-10-06 05:32:48 +0300: Memory Usage (434976K) : ic_drw has 0 polygons
2026-10-06 05:32:48 +0300: Memory Usage (434976K) : via3_drw has 390 polygons
2026-10-06 05:32:48 +0300: Memory Usage (434976K) : metal4_drw has 205 polygons
2026-10-06 05:32:48 +0300: Memory Usage (434976K) : metal4_filler has 0 polygons
2026-10-06 05:32:48 +0300: Memory Usage (434976K) : metal4_slit has 0 polygons
2026-10-06 05:32:48 +0300: Memory Usage (434976K) : metal4 has 205 polygons
2026-10-06 05:32:48 +0300: Memory Usage (434976K) : metal4_pin has 0 polygons
2026-10-06 05:32:48 +0300: Memory Usage (434976K) : metal4_mask has 0 polygons
2026-10-06 05:32:48 +0300: Memory Usage (434976K) : metal4_nofill has 0 polygons
2026-10-06 05:32:48 +0300: Memory Usage (435136K) : metal4_text has 0 polygons
2026-10-06 05:32:48 +0300: Memory Usage (435136K) : metal4_OPC has 0 polygons
2026-10-06 05:32:48 +0300: Memory Usage (435296K) : metal4_noqrc has 0 polygons
2026-10-06 05:32:48 +0300: Memory Usage (435456K) : metal4_res has 0 polygons
2026-10-06 05:32:48 +0300: Memory Usage (435616K) : metal4_iprobe has 0 polygons
2026-10-06 05:32:48 +0300: Memory Usage (435776K) : metal4_diffprb has 0 polygons
2026-10-06 05:32:48 +0300: Memory Usage (435936K) : heattrans_drw has 0 polygons
2026-10-06 05:32:48 +0300: Memory Usage (436096K) : heatres_drw has 33 polygons
2026-10-06 05:32:48 +0300: Memory Usage (436096K) : fbe_drw has 0 polygons
2026-10-06 05:32:48 +0300: Memory Usage (436256K) : empoly_drw has 0 polygons
2026-10-06 05:32:48 +0300: Memory Usage (436416K) : digisub_drw has 0 polygons
2026-10-06 05:32:48 +0300: Memory Usage (436748K) : text_drw has 221 polygons
2026-10-06 05:32:48 +0300: Memory Usage (436748K) : via4_drw has 610 polygons
2026-10-06 05:32:48 +0300: Memory Usage (437068K) : metal5_drw has 59 polygons
2026-10-06 05:32:48 +0300: Memory Usage (437228K) : metal5_filler has 0 polygons
2026-10-06 05:32:48 +0300: Memory Usage (437228K) : metal5_slit has 0 polygons
2026-10-06 05:32:48 +0300: Memory Usage (437228K) : metal5 has 59 polygons
2026-10-06 05:32:48 +0300: Memory Usage (437228K) : metal5_pin has 7 polygons
2026-10-06 05:32:48 +0300: Memory Usage (437228K) : metal5_mask has 0 polygons
2026-10-06 05:32:48 +0300: Memory Usage (437228K) : metal5_nofill has 0 polygons
2026-10-06 05:32:48 +0300: Memory Usage (437228K) : metal5_text has 7 polygons
2026-10-06 05:32:48 +0300: Memory Usage (437228K) : metal5_OPC has 0 polygons
2026-10-06 05:32:48 +0300: Memory Usage (437228K) : metal5_noqrc has 0 polygons
2026-10-06 05:32:48 +0300: Memory Usage (437228K) : metal5_res has 0 polygons
2026-10-06 05:32:48 +0300: Memory Usage (437228K) : metal5_iprobe has 0 polygons
2026-10-06 05:32:48 +0300: Memory Usage (437228K) : metal5_diffprb has 0 polygons
2026-10-06 05:32:48 +0300: Memory Usage (437228K) : radhard_drw has 0 polygons
2026-10-06 05:32:48 +0300: Memory Usage (437228K) : memcap_drw has 0 polygons
2026-10-06 05:32:48 +0300: Memory Usage (437228K) : varicap_drw has 0 polygons
2026-10-06 05:32:48 +0300: Memory Usage (437228K) : intbondvia_drw has 0 polygons
2026-10-06 05:32:48 +0300: Memory Usage (437228K) : intbondmet_drw has 0 polygons
2026-10-06 05:32:48 +0300: Memory Usage (437228K) : devbondvia_drw has 0 polygons
2026-10-06 05:32:48 +0300: Memory Usage (437228K) : devbondmet_drw has 0 polygons
2026-10-06 05:32:48 +0300: Memory Usage (437228K) : devtrench_drw has 0 polygons
2026-10-06 05:32:48 +0300: Memory Usage (437228K) : redist_drw has 0 polygons
2026-10-06 05:32:48 +0300: Memory Usage (437228K) : graphbot_drw has 0 polygons
2026-10-06 05:32:48 +0300: Memory Usage (437228K) : graphtop_drw has 0 polygons
2026-10-06 05:32:48 +0300: Memory Usage (437228K) : antvia1_drw has 0 polygons
2026-10-06 05:32:48 +0300: Memory Usage (437228K) : antmetal2_drw has 0 polygons
2026-10-06 05:32:48 +0300: Memory Usage (437228K) : graphcont_drw has 0 polygons
2026-10-06 05:32:48 +0300: Memory Usage (437228K) : siwg_drw has 0 polygons
2026-10-06 05:32:48 +0300: Memory Usage (437228K) : siwg_filler has 0 polygons
2026-10-06 05:32:48 +0300: Memory Usage (437228K) : siwg_nofill has 0 polygons
2026-10-06 05:32:48 +0300: Memory Usage (437228K) : sigrating_drw has 0 polygons
2026-10-06 05:32:48 +0300: Memory Usage (437228K) : singrating_drw has 0 polygons
2026-10-06 05:32:48 +0300: Memory Usage (437228K) : graphpas_drw has 0 polygons
2026-10-06 05:32:48 +0300: Memory Usage (437228K) : emwind3_drw has 0 polygons
2026-10-06 05:32:48 +0300: Memory Usage (437228K) : emwihv3_drw has 0 polygons
2026-10-06 05:32:48 +0300: Memory Usage (437228K) : redbulay_drw has 0 polygons
2026-10-06 05:32:48 +0300: Memory Usage (437228K) : smos_drw has 0 polygons
2026-10-06 05:32:48 +0300: Memory Usage (437228K) : graphpad_drw has 0 polygons
2026-10-06 05:32:48 +0300: Memory Usage (437388K) : polimide_drw has 0 polygons
2026-10-06 05:32:48 +0300: Memory Usage (437388K) : polimide_pin has 0 polygons
2026-10-06 05:32:48 +0300: Memory Usage (437548K) : recog_drw has 0 polygons
2026-10-06 05:32:48 +0300: Memory Usage (437708K) : recog_pin has 0 polygons
2026-10-06 05:32:48 +0300: Memory Usage (437868K) : recog_esd has 0 polygons
2026-10-06 05:32:48 +0300: Memory Usage (438028K) : recog_diode has 0 polygons
2026-10-06 05:32:48 +0300: Memory Usage (438188K) : recog_tsv has 0 polygons
2026-10-06 05:32:48 +0300: Memory Usage (438348K) : recog_iprobe has 0 polygons
2026-10-06 05:32:48 +0300: Memory Usage (438348K) : recog_diffprb has 0 polygons
2026-10-06 05:32:48 +0300: Memory Usage (438508K) : recog_pillar has 0 polygons
2026-10-06 05:32:48 +0300: Memory Usage (438668K) : recog_sbump has 0 polygons
2026-10-06 05:32:48 +0300: Memory Usage (438828K) : recog_otp has 0 polygons
2026-10-06 05:32:48 +0300: Memory Usage (438988K) : recog_pdiode has 0 polygons
2026-10-06 05:32:48 +0300: Memory Usage (439148K) : recog_mom has 0 polygons
2026-10-06 05:32:48 +0300: Memory Usage (439308K) : recog_momf has 0 polygons
2026-10-06 05:32:48 +0300: Memory Usage (439308K) : recog_pcm has 0 polygons
2026-10-06 05:32:48 +0300: Memory Usage (439468K) : colopen_drw has 0 polygons
2026-10-06 05:32:48 +0300: Memory Usage (439628K) : graphmetal1_drw has 0 polygons
2026-10-06 05:32:48 +0300: Memory Usage (439788K) : graphmetal1_filler has 0 polygons
2026-10-06 05:32:48 +0300: Memory Usage (439948K) : graphmetal1_nofill has 0 polygons
2026-10-06 05:32:48 +0300: Memory Usage (440108K) : graphmetal1_slit has 0 polygons
2026-10-06 05:32:48 +0300: Memory Usage (440268K) : graphmetal1_OPC has 0 polygons
2026-10-06 05:32:48 +0300: Memory Usage (440428K) : graphmet1l_drw has 0 polygons
2026-10-06 05:32:48 +0300: Memory Usage (440588K) : graphmet1l_filler has 0 polygons
2026-10-06 05:32:48 +0300: Memory Usage (440748K) : graphmet1l_nofill has 0 polygons
2026-10-06 05:32:48 +0300: Memory Usage (440908K) : graphmet1l_slit has 0 polygons
2026-10-06 05:32:48 +0300: Memory Usage (441068K) : graphmet1l_OPC has 0 polygons
2026-10-06 05:32:48 +0300: Memory Usage (441228K) : extblock_drw has 33 polygons
2026-10-06 05:32:48 +0300: Memory Usage (441388K) : nldd_drw has 0 polygons
2026-10-06 05:32:48 +0300: Memory Usage (441548K) : pldd_drw has 0 polygons
2026-10-06 05:32:48 +0300: Memory Usage (441708K) : next_drw has 0 polygons
2026-10-06 05:32:48 +0300: Memory Usage (441868K) : pext_drw has 0 polygons
2026-10-06 05:32:48 +0300: Memory Usage (442028K) : nexthv_drw has 0 polygons
2026-10-06 05:32:48 +0300: Memory Usage (442188K) : pexthv_drw has 0 polygons
2026-10-06 05:32:48 +0300: Memory Usage (442348K) : graphgate_drw has 0 polygons
2026-10-06 05:32:48 +0300: Memory Usage (442668K) : sinwg_drw has 0 polygons
2026-10-06 05:32:48 +0300: Memory Usage (442828K) : sinwg_filler has 0 polygons
2026-10-06 05:32:48 +0300: Memory Usage (442988K) : sinwg_nofill has 0 polygons
2026-10-06 05:32:48 +0300: Memory Usage (442988K) : mempad_drw has 0 polygons
2026-10-06 05:32:48 +0300: Memory Usage (442988K) : topvia1_drw has 176 polygons
2026-10-06 05:32:48 +0300: Memory Usage (442988K) : topmetal1_drw has 49 polygons
2026-10-06 05:32:48 +0300: Memory Usage (442988K) : topmetal1_filler has 0 polygons
2026-10-06 05:32:48 +0300: Memory Usage (442988K) : topmetal1_slit has 0 polygons
2026-10-06 05:32:48 +0300: Memory Usage (442988K) : topmetal1 has 49 polygons
2026-10-06 05:32:48 +0300: Memory Usage (442988K) : topmetal1_pin has 0 polygons
2026-10-06 05:32:48 +0300: Memory Usage (442988K) : topmetal1_mask has 0 polygons
2026-10-06 05:32:48 +0300: Memory Usage (442988K) : topmetal1_nofill has 0 polygons
2026-10-06 05:32:48 +0300: Memory Usage (442988K) : topmetal1_text has 0 polygons
2026-10-06 05:32:48 +0300: Memory Usage (442988K) : topmetal1_noqrc has 0 polygons
2026-10-06 05:32:48 +0300: Memory Usage (442988K) : topmetal1_res has 0 polygons
2026-10-06 05:32:48 +0300: Memory Usage (442988K) : topmetal1_iprobe has 0 polygons
2026-10-06 05:32:48 +0300: Memory Usage (442988K) : topmetal1_diffprb has 0 polygons
2026-10-06 05:32:48 +0300: Memory Usage (442988K) : inldpwl_drw has 0 polygons
2026-10-06 05:32:48 +0300: Memory Usage (442988K) : polyres_drw has 33 polygons
2026-10-06 05:32:48 +0300: Memory Usage (442988K) : polyres_pin has 0 polygons
2026-10-06 05:32:48 +0300: Memory Usage (442988K) : vmim_drw has 454 polygons
2026-10-06 05:32:48 +0300: Memory Usage (442988K) : nbulaycut_drw has 0 polygons
2026-10-06 05:32:48 +0300: Memory Usage (442988K) : antmetal1_drw has 0 polygons
2026-10-06 05:32:48 +0300: Memory Usage (442988K) : topvia2_drw has 188 polygons
2026-10-06 05:32:48 +0300: Memory Usage (442988K) : topmetal2_drw has 6 polygons
2026-10-06 05:32:48 +0300: Memory Usage (442988K) : topmetal2_filler has 0 polygons
2026-10-06 05:32:48 +0300: Memory Usage (442988K) : topmetal2_slit has 0 polygons
2026-10-06 05:32:48 +0300: Memory Usage (442988K) : topmetal2 has 6 polygons
2026-10-06 05:32:48 +0300: Memory Usage (442988K) : topmetal2_pin has 0 polygons
2026-10-06 05:32:48 +0300: Memory Usage (442988K) : topmetal2_mask has 0 polygons
2026-10-06 05:32:49 +0300: Memory Usage (442988K) : topmetal2_nofill has 0 polygons
2026-10-06 05:32:49 +0300: Memory Usage (442988K) : topmetal2_text has 0 polygons
2026-10-06 05:32:49 +0300: Memory Usage (442988K) : topmetal2_noqrc has 0 polygons
2026-10-06 05:32:49 +0300: Memory Usage (442988K) : topmetal2_res has 0 polygons
2026-10-06 05:32:49 +0300: Memory Usage (442988K) : topmetal2_iprobe has 0 polygons
2026-10-06 05:32:49 +0300: Memory Usage (442988K) : topmetal2_diffprb has 0 polygons
2026-10-06 05:32:49 +0300: Memory Usage (442988K) : snsring_drw has 0 polygons
2026-10-06 05:32:49 +0300: Memory Usage (442988K) : sensor_drw has 0 polygons
2026-10-06 05:32:49 +0300: Memory Usage (442988K) : snsarms_drw has 0 polygons
2026-10-06 05:32:49 +0300: Memory Usage (442988K) : snscmosvia_drw has 0 polygons
2026-10-06 05:32:49 +0300: Memory Usage (442988K) : colwind_drw has 0 polygons
2026-10-06 05:32:49 +0300: Memory Usage (442988K) : flm_drw has 0 polygons
2026-10-06 05:32:49 +0300: Memory Usage (442988K) : hafniumox_drw has 0 polygons
2026-10-06 05:32:49 +0300: Memory Usage (442988K) : memvia_drw has 0 polygons
2026-10-06 05:32:49 +0300: Memory Usage (442988K) : thinfilmres_drw has 0 polygons
2026-10-06 05:32:49 +0300: Memory Usage (442988K) : rfmem_drw has 0 polygons
2026-10-06 05:32:49 +0300: Memory Usage (442988K) : norcx_drw has 0 polygons
2026-10-06 05:32:49 +0300: Memory Usage (442988K) : norcx_m2m3 has 0 polygons
2026-10-06 05:32:49 +0300: Memory Usage (442988K) : norcx_m2m4 has 0 polygons
2026-10-06 05:32:49 +0300: Memory Usage (442988K) : norcx_m2m5 has 0 polygons
2026-10-06 05:32:49 +0300: Memory Usage (442988K) : norcx_m2tm1 has 0 polygons
2026-10-06 05:32:49 +0300: Memory Usage (442988K) : norcx_m2tm2 has 0 polygons
2026-10-06 05:32:49 +0300: Memory Usage (442988K) : norcx_m3m4 has 0 polygons
2026-10-06 05:32:49 +0300: Memory Usage (442988K) : norcx_m3m5 has 0 polygons
2026-10-06 05:32:49 +0300: Memory Usage (442988K) : norcx_m3tm1 has 0 polygons
2026-10-06 05:32:49 +0300: Memory Usage (443148K) : norcx_m3tm2 has 0 polygons
2026-10-06 05:32:49 +0300: Memory Usage (443148K) : norcx_m4m5 has 0 polygons
2026-10-06 05:32:49 +0300: Memory Usage (443148K) : norcx_m4tm1 has 0 polygons
2026-10-06 05:32:49 +0300: Memory Usage (443148K) : norcx_m4tm2 has 0 polygons
2026-10-06 05:32:49 +0300: Memory Usage (443148K) : norcx_m5tm1 has 0 polygons
2026-10-06 05:32:49 +0300: Memory Usage (443148K) : norcx_m5tm2 has 0 polygons
2026-10-06 05:32:49 +0300: Memory Usage (443148K) : norcx_tm1tm2 has 0 polygons
2026-10-06 05:32:49 +0300: Memory Usage (443148K) : norcx_m1sub has 0 polygons
2026-10-06 05:32:49 +0300: Memory Usage (443148K) : norcx_m2sub has 0 polygons
2026-10-06 05:32:49 +0300: Memory Usage (443148K) : norcx_m3sub has 0 polygons
2026-10-06 05:32:49 +0300: Memory Usage (443148K) : norcx_m4sub has 0 polygons
2026-10-06 05:32:49 +0300: Memory Usage (443148K) : norcx_m5sub has 0 polygons
2026-10-06 05:32:49 +0300: Memory Usage (443148K) : norcx_tm1sub has 0 polygons
2026-10-06 05:32:49 +0300: Memory Usage (443148K) : norcx_tm2sub has 0 polygons
2026-10-06 05:32:49 +0300: Memory Usage (443148K) : snsbotvia_drw has 0 polygons
2026-10-06 05:32:49 +0300: Memory Usage (443148K) : snstopvia_drw has 0 polygons
2026-10-06 05:32:49 +0300: Memory Usage (443148K) : deepvia_drw has 0 polygons
2026-10-06 05:32:49 +0300: Memory Usage (443148K) : fgetch_drw has 0 polygons
2026-10-06 05:32:49 +0300: Memory Usage (443148K) : ctrgat_drw has 0 polygons
2026-10-06 05:32:49 +0300: Memory Usage (443148K) : fgimp_drw has 0 polygons
2026-10-06 05:32:49 +0300: Memory Usage (443148K) : emwihv_drw has 0 polygons
2026-10-06 05:32:49 +0300: Memory Usage (443148K) : lbe_drw has 0 polygons
2026-10-06 05:32:49 +0300: Memory Usage (443148K) : alcustop_drw has 0 polygons
2026-10-06 05:32:49 +0300: Memory Usage (443148K) : nometfiller_drw has 0 polygons
2026-10-06 05:32:49 +0300: Memory Usage (443148K) : prboundary_drw has 0 polygons
2026-10-06 05:32:49 +0300: Memory Usage (443148K) : exchange0_drw has 0 polygons
2026-10-06 05:32:49 +0300: Memory Usage (443148K) : exchange0_pin has 0 polygons
2026-10-06 05:32:49 +0300: Memory Usage (443148K) : exchange0_text has 0 polygons
2026-10-06 05:32:49 +0300: Memory Usage (443148K) : exchange1_drw has 0 polygons
2026-10-06 05:32:49 +0300: Memory Usage (443148K) : exchange1_pin has 0 polygons
2026-10-06 05:32:49 +0300: Memory Usage (443148K) : exchange1_text has 0 polygons
2026-10-06 05:32:49 +0300: Memory Usage (443148K) : exchange2_drw has 0 polygons
2026-10-06 05:32:49 +0300: Memory Usage (443148K) : exchange2_pin has 0 polygons
2026-10-06 05:32:49 +0300: Memory Usage (443148K) : exchange2_text has 0 polygons
2026-10-06 05:32:49 +0300: Memory Usage (443148K) : exchange3_drw has 0 polygons
2026-10-06 05:32:49 +0300: Memory Usage (443148K) : exchange3_pin has 0 polygons
2026-10-06 05:32:49 +0300: Memory Usage (443148K) : exchange3_text has 0 polygons
2026-10-06 05:32:49 +0300: Memory Usage (443148K) : exchange4_drw has 0 polygons
2026-10-06 05:32:49 +0300: Memory Usage (443148K) : exchange4_pin has 0 polygons
2026-10-06 05:32:49 +0300: Memory Usage (443148K) : exchange4_text has 0 polygons
2026-10-06 05:32:49 +0300: Memory Usage (443148K) : isonwell_drw has 0 polygons
2026-10-06 05:32:49 +0300: Memory Usage (443148K) : Total no. of polygons in the design is 6297
2026-10-06 05:32:49 +0300: Memory Usage (443148K) : Starting base layers derivations
2026-10-06 05:32:49 +0300: Memory Usage (443148K) : Starting general LVS derivations
2026-10-06 05:32:49 +0300: Memory Usage (444212K) : Starting MOSFET DERIVATIONS
2026-10-06 05:32:49 +0300: Memory Usage (445652K) : Starting NMOS DERIVATIONS
2026-10-06 05:32:49 +0300: Memory Usage (445652K) : Starting PMOS DERIVATIONS
2026-10-06 05:32:49 +0300: Memory Usage (445652K) : Starting RF-MOSFET DERIVATIONS
2026-10-06 05:32:49 +0300: Memory Usage (445652K) : Starting RF-NMOS DERIVATIONS
2026-10-06 05:32:49 +0300: Memory Usage (445652K) : Starting RF-PMOS DERIVATIONS
2026-10-06 05:32:49 +0300: Memory Usage (445652K) : Starting BJT DERIVATIONS
2026-10-06 05:32:49 +0300: Memory Usage (445652K) : Starting NPN-BJT DERIVATIONS
2026-10-06 05:32:49 +0300: Memory Usage (445816K) : Starting PNP-BJT DERIVATIONS
2026-10-06 05:32:49 +0300: Memory Usage (445816K) : Starting DIODE DERIVATIONS
2026-10-06 05:32:49 +0300: Memory Usage (445816K) : Starting RESISTOR DERIVATIONS
2026-10-06 05:32:49 +0300: Memory Usage (446152K) : Starting CAP DERIVATIONS
2026-10-06 05:32:49 +0300: Memory Usage (446152K) : Starting CAP_CMOM DERIVATIONS
2026-10-06 05:32:49 +0300: Memory Usage (446152K) : Starting CAP_CMOMF DERIVATIONS
2026-10-06 05:32:49 +0300: Memory Usage (446152K) : Starting ESD DERIVATIONS
2026-10-06 05:32:49 +0300: Memory Usage (449672K) : Starting Inductor DERIVATIONS
2026-10-06 05:32:49 +0300: Memory Usage (449672K) : Starting Taps DERIVATIONS
2026-10-06 05:32:49 +0300: Memory Usage (449672K) : Starting SG13G2 LVS connectivity setup
2026-10-06 05:32:49 +0300: Memory Usage (449672K) : Starting SG13G2 LVS connectivity setup (Inter-layer)
2026-10-06 05:32:49 +0300: Memory Usage (450016K) : Starting SG13G2 LVS connectivity setup (Global)
2026-10-06 05:32:49 +0300: Memory Usage (450016K) : Starting LVS MOSFET CONNECTIONS
2026-10-06 05:32:49 +0300: Memory Usage (450016K) : Starting LVS RF-MOSFET CONNECTIONS
2026-10-06 05:32:49 +0300: Memory Usage (450016K) : Starting LVS BJT CONNECTIONS
2026-10-06 05:32:49 +0300: Memory Usage (450016K) : Starting LVS DIODE CONNECTIONS
2026-10-06 05:32:49 +0300: Memory Usage (450016K) : Starting RESISTOR CONNECTIONS
2026-10-06 05:32:49 +0300: Memory Usage (450016K) : Starting LVS CAP CONNECTIONS
2026-10-06 05:32:49 +0300: Memory Usage (450016K) : Starting CAP_CMOM CONNECTIONS
2026-10-06 05:32:49 +0300: Memory Usage (450016K) : Starting CAP_CMOMF CONNECTIONS
2026-10-06 05:32:49 +0300: Memory Usage (450016K) : Starting ESD CONNECTIONS
2026-10-06 05:32:49 +0300: Memory Usage (450016K) : Starting Inductor CONNECTIONS
2026-10-06 05:32:49 +0300: Memory Usage (450016K) : Starting LVS Taps CONNECTIONS
2026-10-06 05:32:49 +0300: Memory Usage (450016K) : Starting SG13G2 LVS DEVICES EXTRACTION
2026-10-06 05:32:49 +0300: Memory Usage (450016K) : Starting MOSFET EXTRACTION
2026-10-06 05:32:49 +0300: Memory Usage (450016K) : Starting NMOS EXTRACTION
2026-10-06 05:32:49 +0300: Memory Usage (450016K) : Extraction of NMOS-LV transistor
2026-10-06 05:32:49 +0300: Memory Usage (450348K) : Extraction of NMOS-HV transistor
2026-10-06 05:32:49 +0300: Memory Usage (450348K) : Starting PMOS EXTRACTION
2026-10-06 05:32:49 +0300: Memory Usage (450348K) : Extraction of PMOS-LV transistor
2026-10-06 05:32:49 +0300: Memory Usage (450348K) : Extraction of PMOS-HV transistor
2026-10-06 05:32:49 +0300: Memory Usage (450348K) : Starting RF-MOSFET EXTRACTION
2026-10-06 05:32:49 +0300: Memory Usage (450348K) : Extraction of RF-NMOS-LV transistor
2026-10-06 05:32:49 +0300: Memory Usage (450348K) : Extraction of RF-NMOS-HV transistor
2026-10-06 05:32:49 +0300: Memory Usage (450348K) : Extraction of RF-PMOS-LV transistor
2026-10-06 05:32:49 +0300: Memory Usage (450348K) : Extraction of RF-PMOS-HV transistor
2026-10-06 05:32:49 +0300: Memory Usage (450348K) : Starting BJT EXTRACTION
2026-10-06 05:32:49 +0300: Memory Usage (450348K) : Starting NPN-BJT EXTRACTION
2026-10-06 05:32:49 +0300: Memory Usage (450348K) : Extraction of npn13G2 BJT transistor
2026-10-06 05:32:49 +0300: Memory Usage (450884K) : Extraction of npn13G2L BJT transistor
2026-10-06 05:32:49 +0300: Memory Usage (450884K) : Extraction of npn13G2V BJT transistor
2026-10-06 05:32:49 +0300: Memory Usage (450884K) : Starting PNP-BJT EXTRACTION
2026-10-06 05:32:49 +0300: Memory Usage (450884K) : Extracting pnpMPA BJT
2026-10-06 05:32:49 +0300: Memory Usage (450884K) : Starting DIODE EXTRACTION
2026-10-06 05:32:49 +0300: Memory Usage (450884K) : Extracting dantenna diode
2026-10-06 05:32:49 +0300: Memory Usage (450884K) : Extracting dpantenna diode
2026-10-06 05:32:49 +0300: Memory Usage (450884K) : Extracting schottky_nbl1 diode
2026-10-06 05:32:49 +0300: Memory Usage (450884K) : Extracting isolbox diode
2026-10-06 05:32:49 +0300: Memory Usage (450884K) : Starting RESISTOR EXTRACTION
2026-10-06 05:32:49 +0300: Memory Usage (450884K) : Extracting rsil resistor
2026-10-06 05:32:49 +0300: Memory Usage (450884K) : Extracting rppd resistor
2026-10-06 05:32:49 +0300: Memory Usage (451096K) : Extracting rhigh resistor
2026-10-06 05:32:49 +0300: Memory Usage (451096K) : Extracting res_metal1 resistor
2026-10-06 05:32:49 +0300: Memory Usage (451096K) : Extracting res_metal2 resistor
2026-10-06 05:32:49 +0300: Memory Usage (451096K) : Extracting res_metal3 resistor
2026-10-06 05:32:49 +0300: Memory Usage (451096K) : Extracting res_metal4 resistor
2026-10-06 05:32:49 +0300: Memory Usage (451096K) : Extracting res_metal5 resistor
2026-10-06 05:32:49 +0300: Memory Usage (451096K) : Extracting res_topmetal1 resistor
2026-10-06 05:32:49 +0300: Memory Usage (451096K) : Extracting res_topmetal2 resistor
2026-10-06 05:32:49 +0300: Memory Usage (451096K) : Starting CAP EXTRACTION
2026-10-06 05:32:49 +0300: Memory Usage (451096K) : Extracting cap_cmim device
2026-10-06 05:32:49 +0300: Memory Usage (451096K) : Extracting rfcmim device
2026-10-06 05:32:49 +0300: Memory Usage (451096K) : Extracting sg13_hv_svaricap varactor
2026-10-06 05:32:49 +0300: Memory Usage (451096K) : Extracting cap_cmomi device
2026-10-06 05:32:49 +0300: Memory Usage (451096K) : Extracting cap_cmomf device
2026-10-06 05:32:49 +0300: Memory Usage (451096K) : Extracting sg13_moscap_n capacitor
2026-10-06 05:32:49 +0300: Memory Usage (451096K) : Extracting sg13_moscap_p capacitor
2026-10-06 05:32:49 +0300: Memory Usage (451096K) : Starting ESD EXTRACTION
2026-10-06 05:32:49 +0300: Memory Usage (451096K) : Extracting diodevdd_2kv ESD device
2026-10-06 05:32:49 +0300: Memory Usage (451096K) : Extracting diodevdd_4kv ESD device
2026-10-06 05:32:49 +0300: Memory Usage (451096K) : Extracting diodevss_2kv ESD device
2026-10-06 05:32:49 +0300: Memory Usage (451096K) : Extracting diodevss_4kv ESD device
2026-10-06 05:32:49 +0300: Memory Usage (451096K) : Extracting idiodevdd_2kv ESD device
2026-10-06 05:32:49 +0300: Memory Usage (451096K) : Extracting idiodevdd_4kv ESD device
2026-10-06 05:32:49 +0300: Memory Usage (451096K) : Extracting idiodevss_2kv ESD device
2026-10-06 05:32:49 +0300: Memory Usage (451096K) : Extracting idiodevss_4kv ESD device
2026-10-06 05:32:49 +0300: Memory Usage (451096K) : Extracting nmoscl_2 ESD device
2026-10-06 05:32:49 +0300: Memory Usage (451096K) : Extracting nmoscl_4 ESD device
2026-10-06 05:32:49 +0300: Memory Usage (451096K) : Starting Inductor EXTRACTION
2026-10-06 05:32:49 +0300: Memory Usage (451096K) : Extracting Inductor2 device
2026-10-06 05:32:49 +0300: Memory Usage (451096K) : Extracting Inductor3 device
2026-10-06 05:32:49 +0300: Memory Usage (451096K) : Starting Taps EXTRACTION
2026-10-06 05:32:49 +0300: Memory Usage (451096K) : Extracting ntap1 device
2026-10-06 05:32:49 +0300: Memory Usage (451096K) : Extracting ptap1 device
2026-10-06 05:32:49 +0300: Memory Usage (451096K) : Starting SG13G2 LVS RF MOS Model Mapping
2026-10-06 05:32:49 +0300: Memory Usage (451096K) : [layout_netlist] Apply RF MOS model mapping and rfmode parameter.
2026-10-06 05:32:49 +0300: Memory Usage (451096K) : Starting SG13G2 LVS Options Preparations
2026-10-06 05:32:49 +0300: Memory Usage (451096K) : NET_ONLY enabled: apply extraction netlist options and skip comparison.
2026-10-06 05:32:49 +0300: Memory Usage (451096K) : SG13G2 LVS flow: extraction -> option preparation -> write netlist -> exit.
2026-10-06 05:32:49 +0300: Memory Usage (451096K) : Starting SG13G2 LVS Simplification
2026-10-06 05:32:49 +0300: Memory Usage (451096K) : [layout_netlist] simplify: SKIPPED
2026-10-06 05:32:49 +0300: Memory Usage (451096K) : [layout_netlist] make_top_level_pins: ENABLED
2026-10-06 05:32:49 +0300: Memory Usage (451096K) : [layout_netlist] combine_devices: SKIPPED
2026-10-06 05:32:49 +0300: Memory Usage (451096K) : [layout_netlist] purge: SKIPPED
2026-10-06 05:32:49 +0300: Memory Usage (451096K) : [layout_netlist] purge_nets: SKIPPED
2026-10-06 05:32:49 +0300: Memory Usage (451096K) : [layout_netlist] purge_devices: SKIPPED
2026-10-06 05:32:49 +0300: Memory Usage (451096K) : LVS Total Run time 0.946372 seconds
2026-10-06 05:32:49 +0300: Memory Usage (451096K) : NSSOC_UNSIMPLIFIED_GEOMETRY_L2N_EXPORT_REQUESTED
