{
  "delay_by_cell_family": {
    "launch_ff": {
      "count": 1,
      "delay_ns": 0.234542
    },
    "buffer": {
      "count": 11,
      "delay_ns": 1.6076130000000002
    },
    "other_boolean": {
      "count": 33,
      "delay_ns": 4.471521
    },
    "mux": {
      "count": 3,
      "delay_ns": 0.678501
    }
  },
  "word_support_growth": [
    {
      "cell": "_177178_",
      "arrival_ns": 0.234542,
      "structural_current_word_support": []
    },
    {
      "cell": "_162352_",
      "arrival_ns": 6.992176,
      "structural_current_word_support": [
        0,
        1,
        2,
        3
      ]
    }
  ]
}
