{
  "delta_vs_v11": {
    "slow_max": 0.3603289999999997,
    "slow_min": -0.02881100000000003,
    "typical_max": 0.20931299999999997,
    "typical_min": -0.00019900000000000473,
    "fast_max": 0.142509,
    "fast_min": -0.00019199999999999773
  },
  "delta_vs_v17": {
    "slow_max": 0.14460099999999976,
    "slow_min": -0.030382999999999993,
    "typical_max": 0.06218000000000001,
    "typical_min": 0.0,
    "fast_max": 0.055381000000000014,
    "fast_min": 0.0
  },
  "repaired": [
    {
      "stage": "PREPLACEMENT_REPAIRED",
      "corner": "slow",
      "direction": "max",
      "all_group_slacks_ns": [
        3.561266,
        -3.191682
      ],
      "worst_slack_ns": -3.191682
    },
    {
      "stage": "PREPLACEMENT_REPAIRED",
      "corner": "slow",
      "direction": "min",
      "all_group_slacks_ns": [
        0.401006,
        0.370623
      ],
      "worst_slack_ns": 0.370623
    },
    {
      "stage": "PREPLACEMENT_REPAIRED",
      "corner": "typical",
      "direction": "max",
      "all_group_slacks_ns": [
        3.652583,
        -0.549377
      ],
      "worst_slack_ns": -0.549377
    },
    {
      "stage": "PREPLACEMENT_REPAIRED",
      "corner": "typical",
      "direction": "min",
      "all_group_slacks_ns": [
        0.3266,
        0.260212
      ],
      "worst_slack_ns": 0.260212
    },
    {
      "stage": "PREPLACEMENT_REPAIRED",
      "corner": "fast",
      "direction": "max",
      "all_group_slacks_ns": [
        3.698173,
        0.998914
      ],
      "worst_slack_ns": 0.998914
    },
    {
      "stage": "PREPLACEMENT_REPAIRED",
      "corner": "fast",
      "direction": "min",
      "all_group_slacks_ns": [
        0.286336,
        0.176
      ],
      "worst_slack_ns": 0.176
    }
  ]
}
