[WARNING ORD-0039] .openroad ignored with -python
Placing the following macros:
{'u_ram.g_ram_2048x64_ecc.u_b0.bank_adapter.bank\\[0\\].mem': ['u_ram.g_ram_2048x64_ecc.u_b0.bank_adapter.bank[0].mem', 120000, 60480, 'N'], 'u_ram.g_ram_2048x64_ecc.u_b0.bank_adapter.bank\\[1\\].mem': ['u_ram.g_ram_2048x64_ecc.u_b0.bank_adapter.bank[1].mem', 120000, 250739, 'N'], 'u_ram.g_ram_2048x64_ecc.u_b0.bank_adapter.bank\\[2\\].mem': ['u_ram.g_ram_2048x64_ecc.u_b0.bank_adapter.bank[2].mem', 120000, 441000, 'N'], 'u_ram.g_ram_2048x64_ecc.u_b0.bank_adapter.bank\\[3\\].mem': ['u_ram.g_ram_2048x64_ecc.u_b0.bank_adapter.bank[3].mem', 120000, 631260, 'N'], 'u_ram.g_ram_2048x64_ecc.u_b1.bank_adapter.bank\\[0\\].mem': ['u_ram.g_ram_2048x64_ecc.u_b1.bank_adapter.bank[0].mem', 944640, 60480, 'N'], 'u_ram.g_ram_2048x64_ecc.u_b1.bank_adapter.bank\\[1\\].mem': ['u_ram.g_ram_2048x64_ecc.u_b1.bank_adapter.bank[1].mem', 944640, 250739, 'N'], 'u_ram.g_ram_2048x64_ecc.u_b1.bank_adapter.bank\\[2\\].mem': ['u_ram.g_ram_2048x64_ecc.u_b1.bank_adapter.bank[2].mem', 944640, 441000, 'N'], 'u_ram.g_ram_2048x64_ecc.u_b1.bank_adapter.bank\\[3\\].mem': ['u_ram.g_ram_2048x64_ecc.u_b1.bank_adapter.bank[3].mem', 944640, 631260, 'N'], 'u_ram.g_ram_2048x64_ecc.u_b2.bank_adapter.bank\\[0\\].mem': ['u_ram.g_ram_2048x64_ecc.u_b2.bank_adapter.bank[0].mem', 120000, 1640520, 'N'], 'u_ram.g_ram_2048x64_ecc.u_b2.bank_adapter.bank\\[1\\].mem': ['u_ram.g_ram_2048x64_ecc.u_b2.bank_adapter.bank[1].mem', 120000, 1830780, 'N'], 'u_ram.g_ram_2048x64_ecc.u_b2.bank_adapter.bank\\[2\\].mem': ['u_ram.g_ram_2048x64_ecc.u_b2.bank_adapter.bank[2].mem', 120000, 2021040, 'N'], 'u_ram.g_ram_2048x64_ecc.u_b2.bank_adapter.bank\\[3\\].mem': ['u_ram.g_ram_2048x64_ecc.u_b2.bank_adapter.bank[3].mem', 120000, 2211300, 'N'], 'u_ram.g_ram_2048x64_ecc.u_b3.bank_adapter.bank\\[0\\].mem': ['u_ram.g_ram_2048x64_ecc.u_b3.bank_adapter.bank[0].mem', 944640, 1640520, 'N'], 'u_ram.g_ram_2048x64_ecc.u_b3.bank_adapter.bank\\[1\\].mem': ['u_ram.g_ram_2048x64_ecc.u_b3.bank_adapter.bank[1].mem', 944640, 1830780, 'N'], 'u_ram.g_ram_2048x64_ecc.u_b3.bank_adapter.bank\\[2\\].mem': ['u_ram.g_ram_2048x64_ecc.u_b3.bank_adapter.bank[2].mem', 944640, 2021040, 'N'], 'u_ram.g_ram_2048x64_ecc.u_b3.bank_adapter.bank\\[3\\].mem': ['u_ram.g_ram_2048x64_ecc.u_b3.bank_adapter.bank[3].mem', 944640, 2211300, 'N'], 'u_eth.u_mac.rx_fifo.fifo_inst.u_sram.g_bank\\[0\\].u_mem.mem': ['u_eth.u_mac.rx_fifo.fifo_inst.u_sram.g_bank[0].u_mem.mem', 2340000, 60480, 'FS'], 'u_eth.u_mac.rx_fifo.fifo_inst.u_sram.g_bank\\[1\\].u_mem.mem': ['u_eth.u_mac.rx_fifo.fifo_inst.u_sram.g_bank[1].u_mem.mem', 2340000, 351540, 'N'], 'u_eth.u_mac.rx_fifo.fifo_inst.u_sram.g_bank\\[2\\].u_mem.mem': ['u_eth.u_mac.rx_fifo.fifo_inst.u_sram.g_bank[2].u_mem.mem', 2340000, 642600, 'FS'], 'u_eth.u_mac.rx_fifo.fifo_inst.u_sram.g_bank\\[3\\].u_mem.mem': ['u_eth.u_mac.rx_fifo.fifo_inst.u_sram.g_bank[3].u_mem.mem', 2340000, 933660, 'N'], 'u_eth.u_mac.rx_fifo.fifo_inst.u_sram.g_bank\\[4\\].u_mem.mem': ['u_eth.u_mac.rx_fifo.fifo_inst.u_sram.g_bank[4].u_mem.mem', 2340000, 1224720, 'FS'], 'u_eth.u_mac.rx_fifo.fifo_inst.u_sram.g_bank\\[5\\].u_mem.mem': ['u_eth.u_mac.rx_fifo.fifo_inst.u_sram.g_bank[5].u_mem.mem', 2340000, 1515780, 'N'], 'u_eth.u_mac.rx_fifo.fifo_inst.u_sram.g_bank\\[6\\].u_mem.mem': ['u_eth.u_mac.rx_fifo.fifo_inst.u_sram.g_bank[6].u_mem.mem', 2340000, 1806840, 'FS'], 'u_eth.u_mac.rx_fifo.fifo_inst.u_sram.g_bank\\[7\\].u_mem.mem': ['u_eth.u_mac.rx_fifo.fifo_inst.u_sram.g_bank[7].u_mem.mem', 2340000, 2097900, 'N'], 'u_eth.u_mac.tx_fifo.fifo_inst.u_sram.g_bank\\[0\\].u_mem.mem': ['u_eth.u_mac.tx_fifo.fifo_inst.u_sram.g_bank[0].u_mem.mem', 2808000, 60480, 'FS'], 'u_eth.u_mac.tx_fifo.fifo_inst.u_sram.g_bank\\[1\\].u_mem.mem': ['u_eth.u_mac.tx_fifo.fifo_inst.u_sram.g_bank[1].u_mem.mem', 2808000, 351540, 'N'], 'u_eth.u_mac.tx_fifo.fifo_inst.u_sram.g_bank\\[2\\].u_mem.mem': ['u_eth.u_mac.tx_fifo.fifo_inst.u_sram.g_bank[2].u_mem.mem', 2808000, 642600, 'FS'], 'u_eth.u_mac.tx_fifo.fifo_inst.u_sram.g_bank\\[3\\].u_mem.mem': ['u_eth.u_mac.tx_fifo.fifo_inst.u_sram.g_bank[3].u_mem.mem', 2808000, 933660, 'N'], 'u_eth.u_mac.tx_fifo.fifo_inst.u_sram.g_bank\\[4\\].u_mem.mem': ['u_eth.u_mac.tx_fifo.fifo_inst.u_sram.g_bank[4].u_mem.mem', 2808000, 1224720, 'FS'], 'u_eth.u_mac.tx_fifo.fifo_inst.u_sram.g_bank\\[5\\].u_mem.mem': ['u_eth.u_mac.tx_fifo.fifo_inst.u_sram.g_bank[5].u_mem.mem', 2808000, 1515780, 'N'], 'u_eth.u_mac.tx_fifo.fifo_inst.u_sram.g_bank\\[6\\].u_mem.mem': ['u_eth.u_mac.tx_fifo.fifo_inst.u_sram.g_bank[6].u_mem.mem', 2808000, 1806840, 'FS'], 'u_eth.u_mac.tx_fifo.fifo_inst.u_sram.g_bank\\[7\\].u_mem.mem': ['u_eth.u_mac.tx_fifo.fifo_inst.u_sram.g_bank[7].u_mem.mem', 2808000, 2097900, 'N']}
Design name: soc_top
Placing u_eth.u_mac.rx_fifo.fifo_inst.u_sram.g_bank\[0\].u_mem.mem
Placing u_eth.u_mac.rx_fifo.fifo_inst.u_sram.g_bank\[1\].u_mem.mem
Placing u_eth.u_mac.rx_fifo.fifo_inst.u_sram.g_bank\[2\].u_mem.mem
Placing u_eth.u_mac.rx_fifo.fifo_inst.u_sram.g_bank\[3\].u_mem.mem
Placing u_eth.u_mac.rx_fifo.fifo_inst.u_sram.g_bank\[4\].u_mem.mem
Placing u_eth.u_mac.rx_fifo.fifo_inst.u_sram.g_bank\[5\].u_mem.mem
Placing u_eth.u_mac.rx_fifo.fifo_inst.u_sram.g_bank\[6\].u_mem.mem
Placing u_eth.u_mac.rx_fifo.fifo_inst.u_sram.g_bank\[7\].u_mem.mem
Placing u_eth.u_mac.tx_fifo.fifo_inst.u_sram.g_bank\[0\].u_mem.mem
Placing u_eth.u_mac.tx_fifo.fifo_inst.u_sram.g_bank\[1\].u_mem.mem
Placing u_eth.u_mac.tx_fifo.fifo_inst.u_sram.g_bank\[2\].u_mem.mem
Placing u_eth.u_mac.tx_fifo.fifo_inst.u_sram.g_bank\[3\].u_mem.mem
Placing u_eth.u_mac.tx_fifo.fifo_inst.u_sram.g_bank\[4\].u_mem.mem
Placing u_eth.u_mac.tx_fifo.fifo_inst.u_sram.g_bank\[5\].u_mem.mem
Placing u_eth.u_mac.tx_fifo.fifo_inst.u_sram.g_bank\[6\].u_mem.mem
Placing u_eth.u_mac.tx_fifo.fifo_inst.u_sram.g_bank\[7\].u_mem.mem
Placing u_ram.g_ram_2048x64_ecc.u_b0.bank_adapter.bank\[0\].mem
Placing u_ram.g_ram_2048x64_ecc.u_b0.bank_adapter.bank\[1\].mem
Placing u_ram.g_ram_2048x64_ecc.u_b0.bank_adapter.bank\[2\].mem
Placing u_ram.g_ram_2048x64_ecc.u_b0.bank_adapter.bank\[3\].mem
Placing u_ram.g_ram_2048x64_ecc.u_b1.bank_adapter.bank\[0\].mem
Placing u_ram.g_ram_2048x64_ecc.u_b1.bank_adapter.bank\[1\].mem
Placing u_ram.g_ram_2048x64_ecc.u_b1.bank_adapter.bank\[2\].mem
Placing u_ram.g_ram_2048x64_ecc.u_b1.bank_adapter.bank\[3\].mem
Placing u_ram.g_ram_2048x64_ecc.u_b2.bank_adapter.bank\[0\].mem
Placing u_ram.g_ram_2048x64_ecc.u_b2.bank_adapter.bank\[1\].mem
Placing u_ram.g_ram_2048x64_ecc.u_b2.bank_adapter.bank\[2\].mem
Placing u_ram.g_ram_2048x64_ecc.u_b2.bank_adapter.bank\[3\].mem
Placing u_ram.g_ram_2048x64_ecc.u_b3.bank_adapter.bank\[0\].mem
Placing u_ram.g_ram_2048x64_ecc.u_b3.bank_adapter.bank\[1\].mem
Placing u_ram.g_ram_2048x64_ecc.u_b3.bank_adapter.bank\[2\].mem
Placing u_ram.g_ram_2048x64_ecc.u_b3.bank_adapter.bank\[3\].mem
Successfully placed 32 instances.
