max slew

Pin                                           Limit           Slew          Slack
---------------------------------------------------------------------------------
fanout3969/A                            2.507400036    4.229174614   -1.721774340 (VIOLATED)
_079099_/Y                              2.507400036    4.229078770   -1.721678376 (VIOLATED)
max_cap3965/A                           2.507400036    4.049532413   -1.542132258 (VIOLATED)
_079275_/Y                              2.507400036    4.049525738   -1.542125583 (VIOLATED)
max_cap2960/A                           2.507400036    3.938208580   -1.430808425 (VIOLATED)
_079681_/Y                              2.507400036    3.935967684   -1.428567529 (VIOLATED)
max_cap3266/A                           2.507400036    3.924896479   -1.417496324 (VIOLATED)
_079675_/Y                              2.507400036    3.923995972   -1.416595817 (VIOLATED)
max_cap4372/A                           2.507400036    3.921933174   -1.414533019 (VIOLATED)
_079259_/Y                              2.507400036    3.921928644   -1.414528489 (VIOLATED)
_079070_/Y                              2.507400036    3.905007601   -1.397607446 (VIOLATED)
max_cap3970/A                           2.507400036    3.905007601   -1.397607446 (VIOLATED)
_064347_/A2                             2.507400036    3.841736794   -1.334336638 (VIOLATED)
_064331_/B1                             2.507400036    3.841701746   -1.334301591 (VIOLATED)
_064236_/A                              2.507400036    3.841574669   -1.334174633 (VIOLATED)
_064358_/B1                             2.507400036    3.841006756   -1.333606601 (VIOLATED)
_064315_/A2                             2.507400036    3.833270311   -1.325870156 (VIOLATED)
_064324_/A2                             2.507400036    3.833208084   -1.325807929 (VIOLATED)
_064278_/A2                             2.507400036    3.833194733   -1.325794578 (VIOLATED)
_064235_/Y                              2.507400036    3.833184481   -1.325784445 (VIOLATED)
_081143_/Y                              2.507400036    3.832293272   -1.324893117 (VIOLATED)
max_cap3262/A                           2.507400036    3.832293272   -1.324893117 (VIOLATED)
max_cap3954/A                           2.507400036    3.814833403   -1.307433367 (VIOLATED)
_081192_/Y                              2.507400036    3.814822674   -1.307422638 (VIOLATED)
max_cap3276/A                           2.507400036    3.787573814   -1.280173779 (VIOLATED)
_078984_/Y                              2.507400036    3.787567139   -1.280167103 (VIOLATED)
_078878_/Y                              2.507400036    3.643008709   -1.135608554 (VIOLATED)
max_cap3279/A                           2.507400036    3.643008709   -1.135608554 (VIOLATED)
max_cap3267/A                           2.507400036    3.637315035   -1.129914880 (VIOLATED)
_079672_/Y                              2.507400036    3.635482788   -1.128082514 (VIOLATED)
max_cap3281/A                           2.507400036    3.610973120   -1.103573084 (VIOLATED)
_078816_/Y                              2.507400036    3.610949993   -1.103549957 (VIOLATED)
max_cap3967/A                           2.507400036    3.592999697   -1.085599661 (VIOLATED)
_079258_/Y                              2.507400036    3.592185974   -1.084785819 (VIOLATED)
max_cap3999/A                           2.507400036    3.552179575   -1.044779420 (VIOLATED)
_074973_/Y                              2.507400036    3.552072525   -1.044672370 (VIOLATED)
_079052_/Y                              2.507400036    3.500213385   -0.992813170 (VIOLATED)
max_cap3971/A                           2.507400036    3.500213385   -0.992813170 (VIOLATED)
_084255_/B                              2.507400036    3.462855816   -0.955455720 (VIOLATED)
_084256_/B                              2.507400036    3.450150490   -0.942750335 (VIOLATED)
_084254_/Y                              2.507400036    3.449226618   -0.941826403 (VIOLATED)
fanout2784/X                            2.507400036    3.438957453   -0.931557298 (VIOLATED)
fanout1242/X                            2.507400036    3.438475132   -0.931075037 (VIOLATED)
_081173_/X                              2.507400036    3.431874037   -0.924473882 (VIOLATED)
fanout4371/A                            2.507400036    3.431739092   -0.924338877 (VIOLATED)
_079269_/Y                              2.507400036    3.431717396   -0.924317300 (VIOLATED)
max_cap4374/A                           2.507400036    3.409516335   -0.902116179 (VIOLATED)
_078986_/Y                              2.507400036    3.409511566   -0.902111530 (VIOLATED)
fanout2497/A                            2.507400036    3.395891905   -0.888491750 (VIOLATED)
_112370_/B1                             2.507400036    3.377348661   -0.869948566 (VIOLATED)
_112155_/B1                             2.507400036    3.377341747   -0.869941711 (VIOLATED)
_111932_/B1                             2.507400036    3.377325535   -0.869925499 (VIOLATED)
_111894_/B1                             2.507400036    3.376303434   -0.868903220 (VIOLATED)
_111786_/A                              2.507400036    3.374745846   -0.867345750 (VIOLATED)
_112521_/B1                             2.507400036    3.374404907   -0.867004693 (VIOLATED)
_111593_/B1                             2.507400036    3.374384880   -0.866984725 (VIOLATED)
_111657_/A                              2.507400036    3.374382257   -0.866982043 (VIOLATED)
fanout2496/A                            2.507400036    3.372944117   -0.865543902 (VIOLATED)
_111592_/Y                              2.507400036    3.372513294   -0.865113139 (VIOLATED)
_068326_/Y                              2.507400036    3.366536379   -0.859136343 (VIOLATED)
fanout980/X                             2.507400036    3.340286970   -0.832886875 (VIOLATED)
fanout1432/X                            2.507400036    3.315777302   -0.808377147 (VIOLATED)
_117509_/A1                             2.507400036    3.303270817   -0.795870721 (VIOLATED)
_117461_/A                              2.507400036    3.303214312   -0.795814097 (VIOLATED)
_117465_/A                              2.507400036    3.303214550   -0.795814335 (VIOLATED)
_117630_/B1                             2.507400036    3.302811384   -0.795411289 (VIOLATED)
_117453_/Y                              2.507400036    3.248427868   -0.741027713 (VIOLATED)
fanout3028/X                            2.507400036    3.240213633   -0.732813358 (VIOLATED)
fanout1438/X                            2.507400036    3.236012459   -0.728612304 (VIOLATED)
_078898_/Y                              2.507400036    3.229812622   -0.722412586 (VIOLATED)
max_cap3627/A                           2.507400036    3.229812622   -0.722412586 (VIOLATED)
max_cap4332/A                           2.507400036    3.227305889   -0.719905734 (VIOLATED)
_082580_/Y                              2.507400036    3.227283955   -0.719883740 (VIOLATED)
wire2963/A                              2.507400036    3.205690861   -0.698290765 (VIOLATED)
_079291_/Y                              2.507400036    3.205645323   -0.698245287 (VIOLATED)
fanout1017/X                            2.507400036    3.202728748   -0.695328712 (VIOLATED)
fanout1256/X                            2.507400036    3.182572126   -0.675171912 (VIOLATED)
fanout3367/X                            2.507400036    3.172297001   -0.664896846 (VIOLATED)
fanout1016/X                            2.507400036    3.169624805   -0.662224710 (VIOLATED)
_068480_/X                              2.507400036    3.165304184   -0.657903969 (VIOLATED)
_117646_/B1                             2.507400036    3.156027794   -0.648627639 (VIOLATED)
_117690_/A                              2.507400036    3.156021118   -0.648620963 (VIOLATED)
_117649_/B1                             2.507400036    3.155956984   -0.648556769 (VIOLATED)
_117634_/B1                             2.507400036    3.155822754   -0.648422658 (VIOLATED)
_117633_/Y                              2.507400036    3.149655819   -0.642255604 (VIOLATED)
fanout1436/X                            2.507400036    3.146858454   -0.639458299 (VIOLATED)
fanout3968/A                            2.507400036    3.142729282   -0.635329127 (VIOLATED)
_079101_/Y                              2.507400036    3.142486572   -0.635086417 (VIOLATED)
fanout1434/X                            2.507400036    3.133898020   -0.626497984 (VIOLATED)
fanout1430/X                            2.507400036    3.126546860   -0.619146764 (VIOLATED)
_078897_/Y                              2.507400036    3.118692636   -0.611292601 (VIOLATED)
fanout1021/X                            2.507400036    3.116332769   -0.608932674 (VIOLATED)
_079690_/X                              2.507400036    3.110359192   -0.602959037 (VIOLATED)
fanout1431/X                            2.507400036    3.091162443   -0.583762407 (VIOLATED)
max_cap3613/A                           2.507400036    3.084246635   -0.576846600 (VIOLATED)
_081141_/Y                              2.507400036    3.084241629   -0.576841474 (VIOLATED)
wire2777/A                              2.507400036    3.082309961   -0.574909925 (VIOLATED)
_068358_/Y                              2.507400036    3.082203388   -0.574803352 (VIOLATED)
wire2756/A                              2.507400036    3.079184055   -0.571783960 (VIOLATED)
_078934_/Y                              2.507400036    3.079130173   -0.571730018 (VIOLATED)
max_cap3612/A                           2.507400036    3.077907085   -0.570506990 (VIOLATED)
_081144_/Y                              2.507400036    3.077901840   -0.570501685 (VIOLATED)
max_cap3628/A                           2.507400036    3.064858198   -0.557458103 (VIOLATED)
_078856_/Y                              2.507400036    3.064826250   -0.557426095 (VIOLATED)
_117521_/A_N                            2.507400036    3.042085886   -0.534685671 (VIOLATED)
_117517_/A                              2.507400036    3.042083263   -0.534683228 (VIOLATED)
_117558_/A                              2.507400036    3.042080402   -0.534680307 (VIOLATED)
_117423_/B1                             2.507400036    3.042063236   -0.534663200 (VIOLATED)
_084155_/A                              2.507400036    3.041772604   -0.534372568 (VIOLATED)
_063674_/A                              2.507400036    3.041705132   -0.534305036 (VIOLATED)
_063441_/Y                              2.507400036    3.041473389   -0.534073234 (VIOLATED)
fanout1096/A                            2.507400036    3.037378073   -0.529977858 (VIOLATED)
fanout1095/A                            2.507400036    3.027874231   -0.520474136 (VIOLATED)
_068020_/Y                              2.507400036    3.023108244   -0.515708148 (VIOLATED)
_079682_/X                              2.507400036    3.011245251   -0.503845215 (VIOLATED)
fanout2222/X                            2.507400036    3.007614613   -0.500214577 (VIOLATED)
fanout1022/X                            2.507400036    2.996010303   -0.488610268 (VIOLATED)
wire4430/A                              2.507400036    2.994300842   -0.486900747 (VIOLATED)
_068508_/Y                              2.507400036    2.994246960   -0.486846805 (VIOLATED)
fanout1089/X                            2.507400036    2.993171930   -0.485771894 (VIOLATED)
fanout1027/X                            2.507400036    2.990878820   -0.483478606 (VIOLATED)
fanout2787/X                            2.507400036    2.990444422   -0.483044297 (VIOLATED)
_117005_/B2                             2.507400036    2.989288568   -0.481888324 (VIOLATED)
_115208_/A1                             2.507400036    2.989167929   -0.481767744 (VIOLATED)
_114242_/A                              2.507400036    2.987567425   -0.480167240 (VIOLATED)
_066636_/X                              2.507400036    2.986937284   -0.479537100 (VIOLATED)
_115317_/A1                             2.507400036    2.984463215   -0.477063060 (VIOLATED)
_116787_/B2                             2.507400036    2.984425306   -0.477025092 (VIOLATED)
_115688_/B                              2.507400036    2.984379292   -0.476979136 (VIOLATED)
_115326_/B2                             2.507400036    2.984316587   -0.476916522 (VIOLATED)
_113667_/A1                             2.507400036    2.984262705   -0.476862550 (VIOLATED)
_113665_/Y                              2.507400036    2.984206915   -0.476806819 (VIOLATED)
fanout2507/A                            2.507400036    2.981407404   -0.474007279 (VIOLATED)
fanout1249/X                            2.507400036    2.980781555   -0.473381341 (VIOLATED)
fanout2955/A                            2.507400036    2.978483438   -0.471083194 (VIOLATED)
fanout2954/A                            2.507400036    2.976994514   -0.469594389 (VIOLATED)
_082337_/Y                              2.507400036    2.975765228   -0.468365133 (VIOLATED)
fanout1026/X                            2.507400036    2.970799685   -0.463399559 (VIOLATED)
_078983_/B                              2.507400036    2.970332146   -0.462931931 (VIOLATED)
fanout3973/X                            2.507400036    2.970328569   -0.462928385 (VIOLATED)
fanout1097/A                            2.507400036    2.967080832   -0.459680736 (VIOLATED)
fanout1098/A                            2.507400036    2.966194868   -0.458794802 (VIOLATED)
_068004_/Y                              2.507400036    2.962238073   -0.454837948 (VIOLATED)
fanout1427/X                            2.507400036    2.962097645   -0.454697639 (VIOLATED)
fanout3029/X                            2.507400036    2.959612846   -0.452212721 (VIOLATED)
max_cap3977/A                           2.507400036    2.958231688   -0.450831622 (VIOLATED)
_078979_/Y                              2.507400036    2.958215475   -0.450815409 (VIOLATED)
_079270_/A0                             2.507400036    2.957040071   -0.449639887 (VIOLATED)
fanout4371/X                            2.507400036    2.957040071   -0.449639887 (VIOLATED)
fanout2225/X                            2.507400036    2.955595732   -0.448195487 (VIOLATED)
fanout2506/A                            2.507400036    2.954412460   -0.447012454 (VIOLATED)
fanout2511/A                            2.507400036    2.952763796   -0.445363760 (VIOLATED)
_077739_/A                              2.507400036    2.951579809   -0.444179595 (VIOLATED)
_068943_/A                              2.507400036    2.951558828   -0.444158733 (VIOLATED)
_068942_/Y                              2.507400036    2.950477839   -0.443077803 (VIOLATED)
_068305_/Y                              2.507400036    2.949669838   -0.442269802 (VIOLATED)
fanout2510/A                            2.507400036    2.948636532   -0.441236407 (VIOLATED)
fanout1437/X                            2.507400036    2.946659327   -0.439259082 (VIOLATED)
fanout977/X                             2.507400036    2.944871426   -0.437471181 (VIOLATED)
fanout1441/X                            2.507400036    2.944444180   -0.437043965 (VIOLATED)
_068297_/Y                              2.507400036    2.943836451   -0.436436236 (VIOLATED)
fanout1270/X                            2.507400036    2.940808535   -0.433408439 (VIOLATED)
fanout2509/A                            2.507400036    2.939838409   -0.432438314 (VIOLATED)
fanout2508/A                            2.507400036    2.935457706   -0.428057611 (VIOLATED)
_068301_/Y                              2.507400036    2.931231737   -0.423831642 (VIOLATED)
_115252_/C                              2.507400036    2.925967216   -0.418566972 (VIOLATED)
_114739_/A                              2.507400036    2.925140858   -0.417740732 (VIOLATED)
_115470_/A                              2.507400036    2.924495935   -0.417095691 (VIOLATED)
_115092_/A                              2.507400036    2.924225807   -0.416825712 (VIOLATED)
fanout1443/X                            2.507400036    2.923260689   -0.415860474 (VIOLATED)
_115931_/B2                             2.507400036    2.921885729   -0.414485574 (VIOLATED)
_114425_/B                              2.507400036    2.921664476   -0.414264411 (VIOLATED)
_088710_/A                              2.507400036    2.915979147   -0.408578962 (VIOLATED)
_088857_/B                              2.507400036    2.915945292   -0.408545196 (VIOLATED)
_089003_/A                              2.507400036    2.915753603   -0.408353597 (VIOLATED)
_088556_/B                              2.507400036    2.915667057   -0.408266991 (VIOLATED)
_088254_/B                              2.507400036    2.915659666   -0.408259451 (VIOLATED)
_088400_/A                              2.507400036    2.915654182   -0.408254117 (VIOLATED)
_087943_/C                              2.507400036    2.915359974   -0.407959908 (VIOLATED)
_088098_/A                              2.507400036    2.915313959   -0.407913923 (VIOLATED)
_087942_/Y                              2.507400036    2.914938450   -0.407538235 (VIOLATED)
_114257_/B                              2.507400036    2.909390926   -0.401990682 (VIOLATED)
_114256_/Y                              2.507400036    2.909386158   -0.401986003 (VIOLATED)
_092909_/A                              2.507400036    2.908051968   -0.400651753 (VIOLATED)
_123586_/A                              2.507400036    2.907807827   -0.400407732 (VIOLATED)
_123585_/A                              2.507400036    2.907807112   -0.400407046 (VIOLATED)
fanout1244/X                            2.507400036    2.907209873   -0.399809748 (VIOLATED)
_092907_/A                              2.507400036    2.907083750   -0.399683625 (VIOLATED)
_123559_/A                              2.507400036    2.906786680   -0.399386525 (VIOLATED)
_123560_/A                              2.507400036    2.906786680   -0.399386525 (VIOLATED)
_092906_/Y                              2.507400036    2.906782627   -0.399382532 (VIOLATED)
_078975_/A2                             2.507400036    2.897851944   -0.390451908 (VIOLATED)
fanout3624/X                            2.507400036    2.897833824   -0.390433699 (VIOLATED)
_079102_/A0                             2.507400036    2.897741318   -0.390341103 (VIOLATED)
fanout3968/X                            2.507400036    2.897741318   -0.390341103 (VIOLATED)
fanout1257/X                            2.507400036    2.897460699   -0.390060663 (VIOLATED)
fanout1253/X                            2.507400036    2.885087967   -0.377687901 (VIOLATED)
fanout1243/A                            2.507400036    2.871094227   -0.363694191 (VIOLATED)
fanout1435/X                            2.507400036    2.867888212   -0.360488087 (VIOLATED)
fanout1242/A                            2.507400036    2.865519762   -0.358119547 (VIOLATED)
_068265_/Y                              2.507400036    2.864881039   -0.357480943 (VIOLATED)
fanout978/X                             2.507400036    2.860599279   -0.353199244 (VIOLATED)
_085623_/B                              2.507400036    2.855010033   -0.347609937 (VIOLATED)
_065871_/A                              2.507400036    2.854999542   -0.347599298 (VIOLATED)
fanout1253/A                            2.507400036    2.854707718   -0.347307533 (VIOLATED)
fanout1252/A                            2.507400036    2.854170561   -0.346770406 (VIOLATED)
_068250_/Y                              2.507400036    2.854078293   -0.346678257 (VIOLATED)
fanout2224/X                            2.507400036    2.852410078   -0.345010042 (VIOLATED)
_083171_/B                              2.507400036    2.850447655   -0.343047589 (VIOLATED)
_065869_/Y                              2.507400036    2.850440741   -0.343040496 (VIOLATED)
fanout981/X                             2.507400036    2.845724344   -0.338324279 (VIOLATED)
fanout1020/X                            2.507400036    2.842777491   -0.335377306 (VIOLATED)
_124097_/A                              2.507400036    2.841575146   -0.334174931 (VIOLATED)
_124098_/A                              2.507400036    2.841574430   -0.334174246 (VIOLATED)
_092768_/A                              2.507400036    2.841471434   -0.334071219 (VIOLATED)
fanout1423/X                            2.507400036    2.841420412   -0.334020376 (VIOLATED)
_092766_/A                              2.507400036    2.841136932   -0.333736837 (VIOLATED)
_078830_/X                              2.507400036    2.841123343   -0.333723277 (VIOLATED)
_124071_/A                              2.507400036    2.841081858   -0.333681762 (VIOLATED)
_124072_/A                              2.507400036    2.841081619   -0.333681524 (VIOLATED)
_092765_/Y                              2.507400036    2.841074705   -0.333674639 (VIOLATED)
fanout1249/A                            2.507400036    2.839344025   -0.331943810 (VIOLATED)
fanout1248/A                            2.507400036    2.837885618   -0.330485433 (VIOLATED)
_068255_/Y                              2.507400036    2.837818623   -0.330418587 (VIOLATED)
fanout1251/A                            2.507400036    2.827078819   -0.319678724 (VIOLATED)
fanout1250/A                            2.507400036    2.826302528   -0.318902463 (VIOLATED)
_068253_/Y                              2.507400036    2.826202869   -0.318802774 (VIOLATED)
fanout1240/X                            2.507400036    2.823829651   -0.316429555 (VIOLATED)
_078965_/Y                              2.507400036    2.823001623   -0.315601557 (VIOLATED)
max_cap3626/A                           2.507400036    2.823001623   -0.315601557 (VIOLATED)
_112106_/A1                             2.507400036    2.822044849   -0.314644754 (VIOLATED)
_095292_/A2                             2.507400036    2.820866823   -0.313466609 (VIOLATED)
_107517_/B                              2.507400036    2.820469618   -0.313069582 (VIOLATED)
fanout1445/X                            2.507400036    2.819315910   -0.311915845 (VIOLATED)
_138648_/Y                              2.507400036    2.818359852   -0.310959697 (VIOLATED)
_085623_/C                              2.507400036    2.818042755   -0.310642630 (VIOLATED)
_065871_/B                              2.507400036    2.818033218   -0.310633093 (VIOLATED)
fanout1155/X                            2.507400036    2.815293074   -0.307892829 (VIOLATED)
_065870_/Y                              2.507400036    2.813298464   -0.305898428 (VIOLATED)
_138144_/C                              2.507400036    2.808747292   -0.301347166 (VIOLATED)
_138153_/C                              2.507400036    2.807847738   -0.300447673 (VIOLATED)
_138453_/B                              2.507400036    2.805398464   -0.297998309 (VIOLATED)
_138457_/B                              2.507400036    2.805349588   -0.297949463 (VIOLATED)
_138456_/B                              2.507400036    2.805346012   -0.297945887 (VIOLATED)
_138458_/B                              2.507400036    2.805202246   -0.297802001 (VIOLATED)
_110473_/B                              2.507400036    2.804224968   -0.296824783 (VIOLATED)
_078753_/A                              2.507400036    2.804224491   -0.296824366 (VIOLATED)
_078749_/Y                              2.507400036    2.804178715   -0.296778619 (VIOLATED)
fanout1428/X                            2.507400036    2.801524401   -0.294124275 (VIOLATED)
_107745_/S                              2.507400036    2.799854994   -0.292454958 (VIOLATED)
_107746_/S                              2.507400036    2.799850941   -0.292450726 (VIOLATED)
_107733_/A                              2.507400036    2.799827099   -0.292426974 (VIOLATED)
_107722_/A                              2.507400036    2.799814463   -0.292414337 (VIOLATED)
_107744_/S                              2.507400036    2.799779892   -0.292379677 (VIOLATED)
_107747_/S                              2.507400036    2.799463511   -0.292063504 (VIOLATED)
_107721_/Y                              2.507400036    2.798800468   -0.291400254 (VIOLATED)
wire2958/A                              2.507400036    2.791870117   -0.284470022 (VIOLATED)
_081201_/Y                              2.507400036    2.791804314   -0.284404069 (VIOLATED)
fanout1031/X                            2.507400036    2.791584969   -0.284184903 (VIOLATED)
_139371_/A                              2.507400036    2.784082174   -0.276682019 (VIOLATED)
_138139_/B                              2.507400036    2.784068584   -0.276668459 (VIOLATED)
_138469_/D                              2.507400036    2.784060478   -0.276660264 (VIOLATED)
output264/A                             2.507400036    2.783687592   -0.276287436 (VIOLATED)
fanout1252/X                            2.507400036    2.779380322   -0.271980226 (VIOLATED)
_123332_/A                              2.507400036    2.768940926   -0.261540800 (VIOLATED)
_123331_/A                              2.507400036    2.768934488   -0.261534363 (VIOLATED)
fanout1238/X                            2.507400036    2.768226385   -0.260826260 (VIOLATED)
_093002_/A                              2.507400036    2.767865181   -0.260464996 (VIOLATED)
_093004_/A                              2.507400036    2.766901493   -0.259501308 (VIOLATED)
fanout1246/X                            2.507400036    2.765940189   -0.258540094 (VIOLATED)
_114152_/A1                             2.507400036    2.765935659   -0.258535415 (VIOLATED)
_115786_/B                              2.507400036    2.765744209   -0.258344024 (VIOLATED)
_123305_/A                              2.507400036    2.765647888   -0.258247644 (VIOLATED)
_123306_/A                              2.507400036    2.765647888   -0.258247644 (VIOLATED)
_115332_/A2                             2.507400036    2.765613556   -0.258213460 (VIOLATED)
_116212_/B1                             2.507400036    2.765609980   -0.258209914 (VIOLATED)
_093001_/Y                              2.507400036    2.765591383   -0.258191258 (VIOLATED)
_114185_/A1                             2.507400036    2.764600992   -0.257200927 (VIOLATED)
_114623_/A2                             2.507400036    2.762399197   -0.254999131 (VIOLATED)
fanout1422/X                            2.507400036    2.762029648   -0.254629433 (VIOLATED)
_115196_/A1                             2.507400036    2.761479378   -0.254079223 (VIOLATED)
wire4067/A                              2.507400036    2.761408091   -0.254007936 (VIOLATED)
_068466_/Y                              2.507400036    2.761364460   -0.253964424 (VIOLATED)
_115316_/C                              2.507400036    2.760951757   -0.253551632 (VIOLATED)
_114146_/Y                              2.507400036    2.760841370   -0.253441274 (VIOLATED)
_079260_/A0                             2.507400036    2.759540558   -0.252140313 (VIOLATED)
_079100_/A0                             2.507400036    2.759366035   -0.251966000 (VIOLATED)
fanout3969/X                            2.507400036    2.759354115   -0.251954019 (VIOLATED)
fanout1095/X                            2.507400036    2.755847454   -0.248447269 (VIOLATED)
_077771_/A_N                            2.507400036    2.755478382   -0.248078227 (VIOLATED)
_077772_/B                              2.507400036    2.755430222   -0.248030052 (VIOLATED)
max_cap4484/A                           2.507400036    2.755420685   -0.248020500 (VIOLATED)
_065871_/Y                              2.507400036    2.755416870   -0.248016730 (VIOLATED)
fanout1254/X                            2.507400036    2.754234791   -0.246834561 (VIOLATED)
_138152_/Y                              2.507400036    2.753943682   -0.246543452 (VIOLATED)
fanout1421/X                            2.507400036    2.751103401   -0.243703291 (VIOLATED)
fanout1248/X                            2.507400036    2.748368979   -0.240968809 (VIOLATED)
_084245_/A                              2.507400036    2.738350630   -0.230950594 (VIOLATED)
fanout1097/X                            2.507400036    2.737634659   -0.230234504 (VIOLATED)
_090722_/A                              2.507400036    2.736768246   -0.229368091 (VIOLATED)
max_cap3021/A                           2.507400036    2.734672308   -0.227272213 (VIOLATED)
fanout1154/X                            2.507400036    2.734600782   -0.227200702 (VIOLATED)
_068494_/Y                              2.507400036    2.734474659   -0.227074593 (VIOLATED)
_084170_/Y                              2.507400036    2.728188038   -0.220787838 (VIOLATED)
wire2965/A                              2.507400036    2.716926813   -0.209526628 (VIOLATED)
_079089_/Y                              2.507400036    2.716871738   -0.209471554 (VIOLATED)
fanout1239/X                            2.507400036    2.712644815   -0.205244720 (VIOLATED)
fanout1433/X                            2.507400036    2.711023808   -0.203623563 (VIOLATED)
wire3026/A                              2.507400036    2.709867001   -0.202466935 (VIOLATED)
fanout1025/X                            2.507400036    2.709785461   -0.202385232 (VIOLATED)
_068351_/Y                              2.507400036    2.709671736   -0.202271536 (VIOLATED)
wire4066/A                              2.507400036    2.709194660   -0.201794580 (VIOLATED)
_068479_/Y                              2.507400036    2.709070206   -0.201670021 (VIOLATED)
_079684_/X                              2.507400036    2.699678898   -0.192278638 (VIOLATED)
wire2967/A                              2.507400036    2.698617458   -0.191217273 (VIOLATED)
_079081_/Y                              2.507400036    2.698382378   -0.190982118 (VIOLATED)
_123785_/A                              2.507400036    2.697023392   -0.189623207 (VIOLATED)
_123784_/A                              2.507400036    2.697021246   -0.189620987 (VIOLATED)
_092807_/A                              2.507400036    2.696887732   -0.189487547 (VIOLATED)
_123758_/A                              2.507400036    2.696562529   -0.189162463 (VIOLATED)
_123759_/A                              2.507400036    2.696562529   -0.189162463 (VIOLATED)
_092805_/A                              2.507400036    2.696555138   -0.189154923 (VIOLATED)
_092804_/Y                              2.507400036    2.696539879   -0.189139813 (VIOLATED)
wire3022/A                              2.507400036    2.686086655   -0.178686410 (VIOLATED)
_068489_/Y                              2.507400036    2.685386658   -0.177986518 (VIOLATED)
_116786_/B                              2.507400036    2.683641911   -0.176241696 (VIOLATED)
_115384_/B                              2.507400036    2.683511972   -0.176111802 (VIOLATED)
_115907_/A1                             2.507400036    2.683482885   -0.176082715 (VIOLATED)
_115279_/C                              2.507400036    2.682938576   -0.175538480 (VIOLATED)
_115260_/C                              2.507400036    2.681338787   -0.173938647 (VIOLATED)
_115151_/A1                             2.507400036    2.681220293   -0.173820078 (VIOLATED)
_114312_/Y                              2.507400036    2.681089640   -0.173689514 (VIOLATED)
_114313_/B                              2.507400036    2.681089640   -0.173689514 (VIOLATED)
_114631_/B                              2.507400036    2.681089640   -0.173689514 (VIOLATED)
_131285_/D                              2.507400036    2.676590681   -0.169190452 (VIOLATED)
_104296_/Y                              2.507400036    2.675952435   -0.168552294 (VIOLATED)
_102851_/A1                             2.507400036    2.674969196   -0.167569071 (VIOLATED)
_085348_/A                              2.507400036    2.674000978   -0.166600734 (VIOLATED)
_102480_/A1                             2.507400036    2.673623562   -0.166223481 (VIOLATED)
_102221_/A1                             2.507400036    2.673294783   -0.165894642 (VIOLATED)
_120789_/B1                             2.507400036    2.672967434   -0.165567338 (VIOLATED)
_120799_/B                              2.507400036    2.672616243   -0.165216073 (VIOLATED)
_101207_/A1                             2.507400036    2.671437502   -0.164037451 (VIOLATED)
_102364_/A_N                            2.507400036    2.671245098   -0.163844943 (VIOLATED)
_102033_/A_N                            2.507400036    2.671108723   -0.163708612 (VIOLATED)
_120788_/Y                              2.507400036    2.667861700   -0.160461649 (VIOLATED)
_073607_/A                              2.507400036    2.664604425   -0.157204255 (VIOLATED)
_101636_/A2                             2.507400036    2.662935734   -0.155535594 (VIOLATED)
_085347_/Y                              2.507400036    2.662701845   -0.155301780 (VIOLATED)
_138637_/B                              2.507400036    2.661478758   -0.154078528 (VIOLATED)
_138638_/B                              2.507400036    2.661478519   -0.154078305 (VIOLATED)
fanout1697/X                            2.507400036    2.661470890   -0.154070765 (VIOLATED)
_073605_/Y                              2.507400036    2.661234617   -0.153834507 (VIOLATED)
fanout1255/X                            2.507400036    2.640215397   -0.132815316 (VIOLATED)
fanout981/A                             2.507400036    2.640057802   -0.132657662 (VIOLATED)
_079679_/X                              2.507400036    2.639784575   -0.132384554 (VIOLATED)
_085304_/B2                             2.507400036    2.638282776   -0.130882636 (VIOLATED)
_077756_/B                              2.507400036    2.638270855   -0.130870655 (VIOLATED)
fanout980/A                             2.507400036    2.637766123   -0.130365938 (VIOLATED)
_067969_/Y                              2.507400036    2.636759281   -0.129359201 (VIOLATED)
_112283_/A2                             2.507400036    2.635374546   -0.127974302 (VIOLATED)
_077755_/Y                              2.507400036    2.635305882   -0.127905697 (VIOLATED)
fanout2788/X                            2.507400036    2.630697966   -0.123297818 (VIOLATED)
fanout1425/X                            2.507400036    2.630337238   -0.122937217 (VIOLATED)
_067551_/A                              2.507400036    2.627501011   -0.120100819 (VIOLATED)
fanout2501/A                            2.507400036    2.626720190   -0.119320109 (VIOLATED)
fanout1439/X                            2.507400036    2.621867895   -0.114467770 (VIOLATED)
fanout1018/X                            2.507400036    2.620662928   -0.113262735 (VIOLATED)
_067549_/Y                              2.507400036    2.620359659   -0.112959422 (VIOLATED)
fanout1156/X                            2.507400036    2.619279861   -0.111879840 (VIOLATED)
fanout2225/A                            2.507400036    2.615490437   -0.108090207 (VIOLATED)
_077003_/Y                              2.507400036    2.614132166   -0.106731959 (VIOLATED)
fanout1250/X                            2.507400036    2.613505363   -0.106105126 (VIOLATED)
fanout2224/A                            2.507400036    2.611488342   -0.104088299 (VIOLATED)
_067440_/B                              2.507400036    2.611191034   -0.103790976 (VIOLATED)
_067977_/Y                              2.507400036    2.610036135   -0.102635905 (VIOLATED)
_115534_/A2                             2.507400036    2.607413292   -0.100013115 (VIOLATED)
_115247_/A2                             2.507400036    2.607321262   -0.099921182 (VIOLATED)
_115680_/A2                             2.507400036    2.607003689   -0.099603660 (VIOLATED)
fanout2500/A                            2.507400036    2.606279612   -0.098879576 (VIOLATED)
_115935_/B                              2.507400036    2.605318069   -0.097917899 (VIOLATED)
_068318_/Y                              2.507400036    2.604911804   -0.097511776 (VIOLATED)
_116100_/A2                             2.507400036    2.604764700   -0.097364567 (VIOLATED)
_114600_/A2                             2.507400036    2.604505777   -0.097105660 (VIOLATED)
_114270_/B2                             2.507400036    2.604500771   -0.097100556 (VIOLATED)
_114145_/B                              2.507400036    2.604431868   -0.097031720 (VIOLATED)
_114141_/Y                              2.507400036    2.604379892   -0.096979760 (VIOLATED)
_067439_/Y                              2.507400036    2.599637508   -0.092237331 (VIOLATED)
wire4368/A                              2.507400036    2.599261761   -0.091861635 (VIOLATED)
_079315_/Y                              2.507400036    2.599178076   -0.091777921 (VIOLATED)
fanout1263/X                            2.507400036    2.596907854   -0.089507736 (VIOLATED)
fanout1093/X                            2.507400036    2.596198559   -0.088798307 (VIOLATED)
fanout2508/X                            2.507400036    2.591980219   -0.084580123 (VIOLATED)
wire2962/A                              2.507400036    2.587882757   -0.080482736 (VIOLATED)
_079311_/Y                              2.507400036    2.587870359   -0.080470301 (VIOLATED)
fanout2499/A                            2.507400036    2.586501360   -0.079101175 (VIOLATED)
fanout1098/X                            2.507400036    2.586125374   -0.078725249 (VIOLATED)
_092557_/B1                             2.507400036    2.585149527   -0.077749364 (VIOLATED)
_092252_/B_N                            2.507400036    2.585139275   -0.077739149 (VIOLATED)
_092536_/B_N                            2.507400036    2.585117817   -0.077717610 (VIOLATED)
_090955_/A                              2.507400036    2.585113525   -0.077713393 (VIOLATED)
_090935_/B                              2.507400036    2.585097551   -0.077697404 (VIOLATED)
_090930_/B                              2.507400036    2.585048437   -0.077648334 (VIOLATED)
_092132_/A                              2.507400036    2.585031986   -0.077631906 (VIOLATED)
fanout2498/A                            2.507400036    2.584560871   -0.077160724 (VIOLATED)
_090929_/Y                              2.507400036    2.584127188   -0.076727070 (VIOLATED)
_068322_/Y                              2.507400036    2.583256483   -0.075856432 (VIOLATED)
_078976_/A0                             2.507400036    2.579864502   -0.072464257 (VIOLATED)
fanout3277/X                            2.507400036    2.579806805   -0.072406746 (VIOLATED)
max_cap2757/A                           2.507400036    2.578692913   -0.071292751 (VIOLATED)
_078778_/Y                              2.507400036    2.578578472   -0.071178399 (VIOLATED)
fanout1096/X                            2.507400036    2.577090740   -0.069690697 (VIOLATED)
fanout1092/X                            2.507400036    2.570214272   -0.062814198 (VIOLATED)
_116787_/A1                             2.507400036    2.569388866   -0.061988637 (VIOLATED)
_114279_/B                              2.507400036    2.569062710   -0.061662678 (VIOLATED)
_115425_/A1                             2.507400036    2.568502188   -0.061102014 (VIOLATED)
_115034_/B                              2.507400036    2.568198681   -0.060798477 (VIOLATED)
_092871_/A                              2.507400036    2.567750216   -0.060350172 (VIOLATED)
_123653_/A                              2.507400036    2.567657232   -0.060257133 (VIOLATED)
_123654_/A                              2.507400036    2.567654848   -0.060254693 (VIOLATED)
_113506_/A2                             2.507400036    2.567440033   -0.060039975 (VIOLATED)
_116953_/A1                             2.507400036    2.567413568   -0.060013328 (VIOLATED)
_116029_/A1                             2.507400036    2.567364693   -0.059964478 (VIOLATED)
_114933_/A1                             2.507400036    2.567323923   -0.059923846 (VIOLATED)
_113502_/Y                              2.507400036    2.567215204   -0.059815042 (VIOLATED)
_092869_/A                              2.507400036    2.566961527   -0.059561469 (VIOLATED)
_123627_/A                              2.507400036    2.566177845   -0.058777653 (VIOLATED)
_123628_/A                              2.507400036    2.566177607   -0.058777429 (VIOLATED)
_092868_/Y                              2.507400036    2.566165924   -0.058765884 (VIOLATED)
fanout1247/X                            2.507400036    2.558208466   -0.050808247 (VIOLATED)
fanout2503/A                            2.507400036    2.557775259   -0.050375041 (VIOLATED)
fanout1426/X                            2.507400036    2.556165695   -0.048765659 (VIOLATED)
fanout2505/A                            2.507400036    2.555297136   -0.047897022 (VIOLATED)
_118721_/B                              2.507400036    2.555249214   -0.047849059 (VIOLATED)
_118727_/B                              2.507400036    2.555245876   -0.047845729 (VIOLATED)
_118740_/B                              2.507400036    2.555217028   -0.047816861 (VIOLATED)
fanout2502/A                            2.507400036    2.555207491   -0.047807314 (VIOLATED)
_118723_/A                              2.507400036    2.555161953   -0.047761794 (VIOLATED)
_118759_/B                              2.507400036    2.555017710   -0.047617689 (VIOLATED)
_118756_/B                              2.507400036    2.554970980   -0.047570836 (VIOLATED)
_066025_/B                              2.507400036    2.554869175   -0.047469143 (VIOLATED)
_068314_/Y                              2.507400036    2.554127693   -0.046727512 (VIOLATED)
fanout2504/A                            2.507400036    2.552695990   -0.045295767 (VIOLATED)
_066024_/Y                              2.507400036    2.551721334   -0.044321213 (VIOLATED)
_068310_/Y                              2.507400036    2.551664829   -0.044264592 (VIOLATED)
fanout1157/X                            2.507400036    2.550529957   -0.043129724 (VIOLATED)
_117001_/C                              2.507400036    2.548647165   -0.041247007 (VIOLATED)
_115852_/A2                             2.507400036    2.547978640   -0.040578432 (VIOLATED)
_116659_/B1                             2.507400036    2.547916412   -0.040516257 (VIOLATED)
_116576_/C                              2.507400036    2.547910690   -0.040510487 (VIOLATED)
_115770_/D                              2.507400036    2.547659874   -0.040259797 (VIOLATED)
_116373_/A2                             2.507400036    2.547577620   -0.040177420 (VIOLATED)
_115364_/B1                             2.507400036    2.547562361   -0.040162317 (VIOLATED)
_114194_/B1                             2.507400036    2.547517061   -0.040117022 (VIOLATED)
_114193_/Y                              2.507400036    2.547506571   -0.040106364 (VIOLATED)
_100431_/A1                             2.507400036    2.542097330   -0.034697134 (VIOLATED)
_063999_/B1                             2.507400036    2.539360285   -0.031960212 (VIOLATED)
_063998_/Y                              2.507400036    2.539350986   -0.031950887 (VIOLATED)
_121555_/B_N                            2.507400036    2.539350986   -0.031950887 (VIOLATED)
_116481_/C                              2.507400036    2.538622379   -0.031222137 (VIOLATED)
_116824_/A1                             2.507400036    2.538341284   -0.030941250 (VIOLATED)
_115015_/A1                             2.507400036    2.537139416   -0.029739322 (VIOLATED)
_115229_/B1                             2.507400036    2.536200285   -0.028800074 (VIOLATED)
_116784_/B                              2.507400036    2.536194801   -0.028794745 (VIOLATED)
_114740_/B1                             2.507400036    2.536189556   -0.028789416 (VIOLATED)
fanout2513/A                            2.507400036    2.536133766   -0.028733684 (VIOLATED)
_076781_/A                              2.507400036    2.535675287   -0.028275160 (VIOLATED)
_116032_/B1                             2.507400036    2.535607100   -0.028206993 (VIOLATED)
_114738_/Y                              2.507400036    2.535594940   -0.028194781 (VIOLATED)
_085618_/A2                             2.507400036    2.535524845   -0.028124614 (VIOLATED)
_077743_/A2                             2.507400036    2.535523891   -0.028123727 (VIOLATED)
_085208_/B2                             2.507400036    2.535459518   -0.028059334 (VIOLATED)
fanout2512/A                            2.507400036    2.533504248   -0.026104009 (VIOLATED)
_068293_/Y                              2.507400036    2.532599926   -0.025199844 (VIOLATED)
output104/A                             2.507400036    2.531762838   -0.024362735 (VIOLATED)
wire2966/A                              2.507400036    2.531731129   -0.024330983 (VIOLATED)
_079085_/Y                              2.507400036    2.531653643   -0.024253489 (VIOLATED)
_068955_/Y                              2.507400036    2.531244516   -0.023844482 (VIOLATED)
wire3984/A                              2.507400036    2.530339718   -0.022939650 (VIOLATED)
_078829_/Y                              2.507400036    2.530328751   -0.022928549 (VIOLATED)
fanout2227/X                            2.507400036    2.530006170   -0.022606140 (VIOLATED)
_116642_/A                              2.507400036    2.529656887   -0.022256864 (VIOLATED)
_115031_/B                              2.507400036    2.528383970   -0.020983882 (VIOLATED)
_115339_/B2                             2.507400036    2.527036667   -0.019636516 (VIOLATED)
_116615_/A2                             2.507400036    2.526895761   -0.019495739 (VIOLATED)
_116604_/B1                             2.507400036    2.526603460   -0.019203305 (VIOLATED)
_116736_/C                              2.507400036    2.526333332   -0.018933078 (VIOLATED)
_114777_/A2                             2.507400036    2.526298046   -0.018897995 (VIOLATED)
_114774_/Y                              2.507400036    2.526229143   -0.018828940 (VIOLATED)
_115308_/B                              2.507400036    2.526049614   -0.018649528 (VIOLATED)
wire3980/A                              2.507400036    2.524215221   -0.016814994 (VIOLATED)
_078908_/Y                              2.507400036    2.524179935   -0.016779911 (VIOLATED)
_113530_/A                              2.507400036    2.523888826   -0.016488589 (VIOLATED)
_115108_/B                              2.507400036    2.523709536   -0.016309399 (VIOLATED)
_116252_/B                              2.507400036    2.523418903   -0.016018743 (VIOLATED)
_113527_/Y                              2.507400036    2.523412943   -0.016012747 (VIOLATED)
_116832_/B1                             2.507400036    2.521761656   -0.014361624 (VIOLATED)
_116621_/B2                             2.507400036    2.521533012   -0.014132918 (VIOLATED)
_117011_/B                              2.507400036    2.520747900   -0.013347767 (VIOLATED)
_068967_/A                              2.507400036    2.518306732   -0.010906610 (VIOLATED)
_085101_/A                              2.507400036    2.518303394   -0.010903278 (VIOLATED)
_067803_/A                              2.507400036    2.516811609   -0.009411583 (VIOLATED)
_067350_/Y                              2.507400036    2.516135454   -0.008735235 (VIOLATED)
_068966_/Y                              2.507400036    2.514011860   -0.006611822 (VIOLATED)
_116665_/A2                             2.507400036    2.513135195   -0.005734968 (VIOLATED)
_116020_/B1                             2.507400036    2.513128757   -0.005728529 (VIOLATED)
_116019_/Y                              2.507400036    2.513101339   -0.005701217 (VIOLATED)
_115398_/B                              2.507400036    2.510051966   -0.002651879 (VIOLATED)
_115090_/A                              2.507400036    2.508850336   -0.001450173 (VIOLATED)
_115908_/A2                             2.507400036    2.508761406   -0.001361356 (VIOLATED)
_082199_/X                              2.507400036    2.508068562   -0.000668354 (VIOLATED)
_115187_/B                              2.507400036    2.507807970   -0.000407896 (VIOLATED)

max capacitance

Pin                                           Limit            Cap          Slack
---------------------------------------------------------------------------------
fanout1242/X                            0.300000012    0.549114764   -0.249114782 (VIOLATED)
_081173_/X                              0.300000012    0.546671450   -0.246671423 (VIOLATED)
fanout2784/X                            0.300000012    0.544945002   -0.244944990 (VIOLATED)
fanout980/X                             0.300000012    0.531883180   -0.231883168 (VIOLATED)
fanout1432/X                            0.300000012    0.526962221   -0.226962194 (VIOLATED)
fanout3028/X                            0.300000012    0.517562091   -0.217562050 (VIOLATED)
fanout1438/X                            0.300000012    0.515190244   -0.215190202 (VIOLATED)
fanout1256/X                            0.300000012    0.506288052   -0.206288025 (VIOLATED)
fanout1017/X                            0.300000012    0.505406022   -0.205405980 (VIOLATED)
fanout3367/X                            0.300000012    0.503986657   -0.203986645 (VIOLATED)
_068480_/X                              0.300000012    0.503213882   -0.203213885 (VIOLATED)
fanout1016/X                            0.300000012    0.501637757   -0.201637730 (VIOLATED)
_078897_/Y                              0.300000012    0.499342471   -0.199342474 (VIOLATED)
fanout1436/X                            0.300000012    0.499249130   -0.199249119 (VIOLATED)
_079690_/X                              0.300000012    0.497066587   -0.197066560 (VIOLATED)
fanout1430/X                            0.300000012    0.497003704   -0.197003677 (VIOLATED)
fanout1434/X                            0.300000012    0.495771617   -0.195771590 (VIOLATED)
fanout1021/X                            0.300000012    0.495603234   -0.195603222 (VIOLATED)
fanout1431/X                            0.300000012    0.492372304   -0.192372292 (VIOLATED)
_079682_/X                              0.300000012    0.478266418   -0.178266391 (VIOLATED)
_066636_/X                              0.300000012    0.477054119   -0.177054092 (VIOLATED)
fanout2222/X                            0.300000012    0.477016598   -0.177016571 (VIOLATED)
fanout1027/X                            0.300000012    0.476666838   -0.176666811 (VIOLATED)
fanout1089/X                            0.300000012    0.474601954   -0.174601957 (VIOLATED)
fanout3973/X                            0.300000012    0.474468619   -0.174468592 (VIOLATED)
fanout1249/X                            0.300000012    0.474273354   -0.174273327 (VIOLATED)
fanout2787/X                            0.300000012    0.473870933   -0.173870921 (VIOLATED)
fanout977/X                             0.300000012    0.473812550   -0.173812538 (VIOLATED)
fanout1026/X                            0.300000012    0.473394006   -0.173393995 (VIOLATED)
fanout1022/X                            0.300000012    0.473378986   -0.173378974 (VIOLATED)
fanout3029/X                            0.300000012    0.470324099   -0.170324072 (VIOLATED)
fanout1427/X                            0.300000012    0.469745219   -0.169745207 (VIOLATED)
fanout2225/X                            0.300000012    0.469627798   -0.169627801 (VIOLATED)
fanout1437/X                            0.300000012    0.469281137   -0.169281125 (VIOLATED)
fanout4371/X                            0.300000012    0.468765289   -0.168765262 (VIOLATED)
fanout1441/X                            0.300000012    0.466811717   -0.166811690 (VIOLATED)
fanout1270/X                            0.300000012    0.466628700   -0.166628674 (VIOLATED)
fanout1244/X                            0.300000012    0.464821011   -0.164820984 (VIOLATED)
fanout1443/X                            0.300000012    0.464241773   -0.164241746 (VIOLATED)
fanout3624/X                            0.300000012    0.462820709   -0.162820682 (VIOLATED)
fanout1257/X                            0.300000012    0.461336762   -0.161336735 (VIOLATED)
fanout978/X                             0.300000012    0.460823536   -0.160823524 (VIOLATED)
fanout1253/X                            0.300000012    0.459052950   -0.159052923 (VIOLATED)
fanout3968/X                            0.300000012    0.458886683   -0.158886656 (VIOLATED)
fanout1435/X                            0.300000012    0.457039356   -0.157039344 (VIOLATED)
fanout2224/X                            0.300000012    0.455692023   -0.155691996 (VIOLATED)
fanout981/X                             0.300000012    0.452544093   -0.152544081 (VIOLATED)
_078830_/X                              0.300000012    0.452540636   -0.152540639 (VIOLATED)
fanout1423/X                            0.300000012    0.451430798   -0.151430786 (VIOLATED)
fanout1020/X                            0.300000012    0.451402485   -0.151402459 (VIOLATED)
fanout1445/X                            0.300000012    0.449028909   -0.149028897 (VIOLATED)
fanout1240/X                            0.300000012    0.448993087   -0.148993075 (VIOLATED)
fanout1155/X                            0.300000012    0.447526574   -0.147526547 (VIOLATED)
fanout1428/X                            0.300000012    0.445893824   -0.145893797 (VIOLATED)
fanout1031/X                            0.300000012    0.444526643   -0.144526616 (VIOLATED)
fanout1246/X                            0.300000012    0.442318559   -0.142318532 (VIOLATED)
fanout1252/X                            0.300000012    0.442145288   -0.142145276 (VIOLATED)
fanout3969/X                            0.300000012    0.440973133   -0.140973121 (VIOLATED)
fanout1421/X                            0.300000012    0.440105677   -0.140105680 (VIOLATED)
fanout1238/X                            0.300000012    0.439815283   -0.139815271 (VIOLATED)
fanout1422/X                            0.300000012    0.439800531   -0.139800519 (VIOLATED)
fanout1248/X                            0.300000012    0.437239259   -0.137239233 (VIOLATED)
fanout1154/X                            0.300000012    0.437120408   -0.137120411 (VIOLATED)
fanout1254/X                            0.300000012    0.436833888   -0.136833876 (VIOLATED)
fanout1095/X                            0.300000012    0.436093211   -0.136093199 (VIOLATED)
fanout1097/X                            0.300000012    0.436088502   -0.136088490 (VIOLATED)
fanout1239/X                            0.300000012    0.433377951   -0.133377925 (VIOLATED)
fanout1025/X                            0.300000012    0.433335185   -0.133335158 (VIOLATED)
fanout1433/X                            0.300000012    0.432647139   -0.132647127 (VIOLATED)
_079684_/X                              0.300000012    0.429932147   -0.129932150 (VIOLATED)
fanout1697/X                            0.300000012    0.424378455   -0.124378428 (VIOLATED)
_079679_/X                              0.300000012    0.420643538   -0.120643511 (VIOLATED)
fanout1255/X                            0.300000012    0.420524567   -0.120524548 (VIOLATED)
_077003_/Y                              0.300000012    0.418946564   -0.118946545 (VIOLATED)
fanout1425/X                            0.300000012    0.418846369   -0.118846364 (VIOLATED)
fanout2788/X                            0.300000012    0.418333203   -0.118333183 (VIOLATED)
fanout1439/X                            0.300000012    0.418038309   -0.118038282 (VIOLATED)
fanout1156/X                            0.300000012    0.417505056   -0.117505044 (VIOLATED)
fanout1250/X                            0.300000012    0.417326212   -0.117326207 (VIOLATED)
fanout1018/X                            0.300000012    0.416399062   -0.116399050 (VIOLATED)
fanout2508/X                            0.300000012    0.412772834   -0.112772830 (VIOLATED)
fanout1093/X                            0.300000012    0.412606955   -0.112606943 (VIOLATED)
fanout1098/X                            0.300000012    0.412438899   -0.112438895 (VIOLATED)
fanout1263/X                            0.300000012    0.411877513   -0.111877494 (VIOLATED)
fanout1096/X                            0.300000012    0.411104530   -0.111104511 (VIOLATED)
fanout3277/X                            0.300000012    0.411004901   -0.111004874 (VIOLATED)
fanout1092/X                            0.300000012    0.409488320   -0.109488294 (VIOLATED)
fanout1247/X                            0.300000012    0.408112496   -0.108112492 (VIOLATED)
_067350_/Y                              0.300000012    0.406879991   -0.106879972 (VIOLATED)
fanout1157/X                            0.300000012    0.405008644   -0.105008610 (VIOLATED)
fanout1426/X                            0.300000012    0.403950274   -0.103950270 (VIOLATED)
fanout2227/X                            0.300000012    0.402715534   -0.102715522 (VIOLATED)
_082199_/X                              0.300000012    0.400373220   -0.100373216 (VIOLATED)
fanout1251/X                            0.300000012    0.399288356   -0.099288337 (VIOLATED)
_082437_/X                              0.300000012    0.398347229   -0.098347217 (VIOLATED)
fanout1090/X                            0.300000012    0.397208810   -0.097208783 (VIOLATED)
fanout2221/X                            0.300000012    0.395075411   -0.095075399 (VIOLATED)
fanout1245/X                            0.300000012    0.394872248   -0.094872214 (VIOLATED)
fanout1237/X                            0.300000012    0.394573092   -0.094573088 (VIOLATED)
fanout1023/X                            0.300000012    0.394381404   -0.094381399 (VIOLATED)
fanout3978/X                            0.300000012    0.393684030   -0.093684010 (VIOLATED)
fanout2515/X                            0.300000012    0.390661687   -0.090661667 (VIOLATED)
fanout1275/X                            0.300000012    0.390336812   -0.090336785 (VIOLATED)
fanout1424/X                            0.300000012    0.390092641   -0.090092622 (VIOLATED)
fanout1088/X                            0.300000012    0.388703734   -0.088703699 (VIOLATED)
fanout1028/X                            0.300000012    0.387622565   -0.087622561 (VIOLATED)
fanout1243/X                            0.300000012    0.383643836   -0.083643816 (VIOLATED)
fanout3368/X                            0.300000012    0.383244991   -0.083244964 (VIOLATED)
fanout4500/X                            0.300000012    0.381759256   -0.081759252 (VIOLATED)
fanout3975/X                            0.300000012    0.381620377   -0.081620365 (VIOLATED)
fanout2954/X                            0.300000012    0.381233245   -0.081233226 (VIOLATED)
fanout5335/X                            0.300000012    0.379627705   -0.079627685 (VIOLATED)
fanout1033/X                            0.300000012    0.378268868   -0.078268856 (VIOLATED)
fanout4505/X                            0.300000012    0.377574772   -0.077574745 (VIOLATED)
fanout1030/X                            0.300000012    0.372065395   -0.072065376 (VIOLATED)
fanout1083/X                            0.300000012    0.365235656   -0.065235630 (VIOLATED)
fanout2785/X                            0.300000012    0.361170501   -0.061170470 (VIOLATED)
fanout6609/X                            0.300000012    0.360166311   -0.060166311 (VIOLATED)
fanout1267/X                            0.300000012    0.357070565   -0.057070561 (VIOLATED)
fanout2512/X                            0.300000012    0.353456855   -0.053456832 (VIOLATED)
fanout1265/X                            0.300000012    0.353064001   -0.053063970 (VIOLATED)
fanout4369/X                            0.300000012    0.351692915   -0.051692888 (VIOLATED)
fanout1034/X                            0.300000012    0.351668179   -0.051668171 (VIOLATED)
fanout972/X                             0.300000012    0.347950757   -0.047950737 (VIOLATED)
_063666_/Y                              0.300000012    0.347893000   -0.047892977 (VIOLATED)
fanout4949/X                            0.300000012    0.346710235   -0.046710223 (VIOLATED)
fanout4725/X                            0.300000012    0.346368283   -0.046368264 (VIOLATED)
_129353_/Q                              0.300000012    0.345113188   -0.045113165 (VIOLATED)
fanout1159/X                            0.300000012    0.344651520   -0.044651512 (VIOLATED)
fanout4787/X                            0.300000012    0.341974080   -0.041974075 (VIOLATED)
fanout1158/X                            0.300000012    0.341549426   -0.041549418 (VIOLATED)
fanout2514/X                            0.300000012    0.341278434   -0.041278422 (VIOLATED)
fanout2496/X                            0.300000012    0.340970129   -0.040970102 (VIOLATED)
fanout5378/X                            0.300000012    0.340300828   -0.040300798 (VIOLATED)
fanout2783/X                            0.300000012    0.339571714   -0.039571699 (VIOLATED)
fanout975/X                             0.300000012    0.339545220   -0.039545190 (VIOLATED)
fanout4962/X                            0.300000012    0.337857783   -0.037857763 (VIOLATED)
_083123_/X                              0.300000012    0.337299764   -0.037299752 (VIOLATED)
fanout4783/X                            0.300000012    0.337290257   -0.037290238 (VIOLATED)
fanout2500/X                            0.300000012    0.336942822   -0.036942806 (VIOLATED)
fanout2226/X                            0.300000012    0.336419463   -0.036419436 (VIOLATED)
fanout6698/X                            0.300000012    0.336265862   -0.036265831 (VIOLATED)
fanout4818/X                            0.300000012    0.334786385   -0.034786385 (VIOLATED)
fanout1273/X                            0.300000012    0.334591836   -0.034591824 (VIOLATED)
fanout4678/X                            0.300000012    0.333305568   -0.033305552 (VIOLATED)
_079099_/Y                              0.300000012    0.331085414   -0.031085404 (VIOLATED)
fanout2498/X                            0.300000012    0.329394937   -0.029394917 (VIOLATED)
fanout2779/X                            0.300000012    0.329144478   -0.029144466 (VIOLATED)
fanout1259/X                            0.300000012    0.326806128   -0.026806112 (VIOLATED)
fanout971/X                             0.300000012    0.326540351   -0.026540348 (VIOLATED)
fanout1696/X                            0.300000012    0.324776798   -0.024776785 (VIOLATED)
_138146_/X                              0.300000012    0.319800079   -0.019800052 (VIOLATED)
_138143_/X                              0.300000012    0.318343073   -0.018343048 (VIOLATED)
fanout974/X                             0.300000012    0.318313509   -0.018313503 (VIOLATED)
_079275_/Y                              0.300000012    0.317637295   -0.017637286 (VIOLATED)
fanout2510/X                            0.300000012    0.313600749   -0.013600720 (VIOLATED)
_063630_/X                              0.300000012    0.312522590   -0.012522562 (VIOLATED)
fanout2032/X                            0.300000012    0.307851523   -0.007851521 (VIOLATED)
fanout2033/X                            0.300000012    0.307378501   -0.007378484 (VIOLATED)
_138450_/X                              0.300000012    0.307117999   -0.007117977 (VIOLATED)
_079070_/Y                              0.300000012    0.306486487   -0.006486456 (VIOLATED)
fanout2502/X                            0.300000012    0.306203008   -0.006202992 (VIOLATED)
fanout1261/X                            0.300000012    0.304887205   -0.004887204 (VIOLATED)
fanout2955/X                            0.300000012    0.304277062   -0.004277042 (VIOLATED)
fanout4806/X                            0.300000012    0.302069515   -0.002069498 (VIOLATED)
_078975_/X                              0.300000012    0.301799446   -0.001799423 (VIOLATED)
_068943_/Y                              0.300000012    0.301391661   -0.001391655 (VIOLATED)
_079259_/Y                              0.300000012    0.300735831   -0.000735821 (VIOLATED)

