sw/tests/test_pcie_gen3_integrity_v20_retire.py::test_exact_generated_inverse_and_wrapper_bridge
sw/tests/test_pcie_gen3_integrity_v20_retire.py::test_literal_balanced_read_all_metadata_and_unknown_masking[16]
sw/tests/test_pcie_gen3_integrity_v20_retire.py::test_literal_balanced_read_all_metadata_and_unknown_masking[64]
sw/tests/test_pcie_gen3_integrity_v20_retire.py::test_literal_balanced_read_all_metadata_and_unknown_masking[128]
sw/tests/test_pcie_gen3_integrity_v20_retire.py::test_actual_select_and_mask_faults_are_detected[ignore_lane_0]
sw/tests/test_pcie_gen3_integrity_v20_retire.py::test_actual_select_and_mask_faults_are_detected[ignore_lane_1]
sw/tests/test_pcie_gen3_integrity_v20_retire.py::test_actual_select_and_mask_faults_are_detected[ignore_lane_2]
sw/tests/test_pcie_gen3_integrity_v20_retire.py::test_actual_select_and_mask_faults_are_detected[ignore_lane_3]
sw/tests/test_pcie_gen3_integrity_v20_retire.py::test_actual_select_and_mask_faults_are_detected[rotate_root_lane]
sw/tests/test_pcie_gen3_integrity_v20_retire.py::test_actual_select_and_mask_faults_are_detected[ignore_control_count]
sw/tests/test_pcie_gen3_integrity_v20_retire.py::test_actual_select_and_mask_faults_are_detected[unknown_verdict_passes]
sw/tests/test_pcie_gen3_integrity_v20_retire.py::test_actual_select_and_mask_faults_are_detected[latch_read_any]
sw/tests/test_pcie_gen3_integrity_v20_retire.py::test_actual_select_and_mask_faults_are_detected[lose_selected_eligibility]
sw/tests/test_pcie_gen3_integrity_v20_retire.py::test_literal_selected_x_z_fields_and_unknown_conditions
sw/tests/test_pcie_gen3_integrity_v20_retire.py::test_actual_payload_or_z_conversion_fault_is_detected
sw/tests/test_pcie_gen3_integrity_v20_retire.py::test_isolated_leaf_events_and_inactive_to_active_transitions
sw/tests/test_pcie_gen3_integrity_v20_retire.py::test_exhaustive_local_fourstate_retire_predicate_and_masks
sw/tests/test_pcie_gen3_integrity_v20_miter.py::test_v17_v20_cycle_exact_all_public_outputs[150]
sw/tests/test_pcie_gen3_integrity_v20_miter.py::test_actual_miter_fault_is_observed[public_data_inversion]
sw/tests/test_pcie_gen3_integrity_v20_miter.py::test_actual_miter_fault_is_observed[unqualified_speculative_fault]
sw/tests/test_pcie_gen3_integrity_v20_miter.py::test_actual_miter_fault_is_observed[slot_writer_skips_step]
sw/tests/test_pcie_gen3_integrity_v20_miter.py::test_actual_miter_fault_is_observed[slot_data_lane_rotates]
sw/tests/test_pcie_gen3_integrity_v20_miter.py::test_actual_miter_fault_is_observed[fault_keeps_ring_owner]
sw/tests/test_pcie_gen3_integrity_v20_miter.py::test_actual_miter_fault_is_observed[retire_always_empty]
sw/tests/test_pcie_gen3_integrity_v20_miter.py::test_actual_miter_fault_is_observed[retire_never_empty]
sw/tests/test_pcie_gen3_integrity_v20_miter.py::test_only_retire_control_edits_to_frozen_sources
sw/tests/test_pcie_gen3_continuous_rx_integrity_v20.py::test_actual_wide_rx_full_positive_profiles[150]
sw/tests/test_pcie_gen3_continuous_rx_integrity_v20.py::test_actual_wide_rx_fault_rejected[selector_loses_stp]
sw/tests/test_pcie_gen3_continuous_rx_integrity_v20.py::test_actual_wide_rx_fault_rejected[sequence_byte_order]
sw/tests/test_pcie_gen3_continuous_rx_integrity_v20.py::test_actual_wide_rx_fault_rejected[carry_word_order]
sw/tests/test_pcie_gen3_continuous_rx_integrity_v20.py::test_actual_wide_rx_fault_rejected[stp_suffix_word_order]
sw/tests/test_pcie_gen3_continuous_rx_integrity_v20.py::test_actual_wide_rx_fault_rejected[initial_dllp_loses_carry]
sw/tests/test_pcie_gen3_continuous_rx_integrity_v20.py::test_actual_wide_rx_fault_rejected[dllp_preceding_seed_order]
sw/tests/test_pcie_gen3_continuous_rx_integrity_v20.py::test_actual_wide_rx_fault_rejected[look_drops_successor]
sw/tests/test_pcie_gen3_continuous_rx_integrity_v20.py::test_actual_wide_rx_fault_rejected[edb_releases_bad]

35/37 tests collected (2 deselected) in 0.14s
