{
  "delay_by_cell_family": {
    "launch_ff": {
      "count": 1,
      "delay_ns": 0.253793
    },
    "buffer": {
      "count": 27,
      "delay_ns": 4.467563999999999
    },
    "xor_xnor": {
      "count": 4,
      "delay_ns": 0.624228
    },
    "other_boolean": {
      "count": 18,
      "delay_ns": 2.7430420000000004
    },
    "mux": {
      "count": 1,
      "delay_ns": 0.238743
    }
  },
  "word_support_growth": [
    {
      "cell": "_187519_",
      "arrival_ns": 0.253793,
      "structural_current_word_support": []
    }
  ]
}
