{
  "delta_vs_v11": {
    "slow_max": -0.974262,
    "slow_min": -0.043661000000000005,
    "typical_max": -0.634365,
    "typical_min": 0.0017739999999999978,
    "fast_max": -0.42332299999999995,
    "fast_min": 0.0011290000000000189
  },
  "delta_vs_v17": {
    "slow_max": -1.1899899999999999,
    "slow_min": -0.04523299999999997,
    "typical_max": -0.7814979999999999,
    "typical_min": 0.0019730000000000025,
    "fast_max": -0.510451,
    "fast_min": 0.0013210000000000166
  },
  "repaired": [
    {
      "stage": "PREPLACEMENT_REPAIRED",
      "corner": "slow",
      "direction": "max",
      "all_group_slacks_ns": [
        3.561266,
        -4.526273
      ],
      "worst_slack_ns": -4.526273
    },
    {
      "stage": "PREPLACEMENT_REPAIRED",
      "corner": "slow",
      "direction": "min",
      "all_group_slacks_ns": [
        0.401006,
        0.355773
      ],
      "worst_slack_ns": 0.355773
    },
    {
      "stage": "PREPLACEMENT_REPAIRED",
      "corner": "typical",
      "direction": "max",
      "all_group_slacks_ns": [
        3.652583,
        -1.393055
      ],
      "worst_slack_ns": -1.393055
    },
    {
      "stage": "PREPLACEMENT_REPAIRED",
      "corner": "typical",
      "direction": "min",
      "all_group_slacks_ns": [
        0.3266,
        0.262185
      ],
      "worst_slack_ns": 0.262185
    },
    {
      "stage": "PREPLACEMENT_REPAIRED",
      "corner": "fast",
      "direction": "max",
      "all_group_slacks_ns": [
        3.698173,
        0.433082
      ],
      "worst_slack_ns": 0.433082
    },
    {
      "stage": "PREPLACEMENT_REPAIRED",
      "corner": "fast",
      "direction": "min",
      "all_group_slacks_ns": [
        0.286336,
        0.177321
      ],
      "worst_slack_ns": 0.177321
    }
  ]
}
