{
  "delay_by_cell_family": {
    "launch_ff": {
      "count": 1,
      "delay_ns": 0.234542
    },
    "buffer": {
      "count": 14,
      "delay_ns": 2.066417
    },
    "xor_xnor": {
      "count": 1,
      "delay_ns": 0.174688
    },
    "other_boolean": {
      "count": 28,
      "delay_ns": 4.340550999999999
    },
    "mux": {
      "count": 2,
      "delay_ns": 0.379992
    }
  },
  "word_support_growth": [
    {
      "cell": "_188016_",
      "arrival_ns": 0.234542,
      "structural_current_word_support": []
    }
  ]
}
