{
  "delta_vs_v11": {
    "slow_max": 0.1363439999999998,
    "slow_min": 0.0015719999999999623,
    "typical_max": 0.07589199999999996,
    "typical_min": -0.00019799999999997597,
    "fast_max": 0.04417400000000005,
    "fast_min": -0.00019199999999999773
  },
  "delta_vs_v17": {
    "slow_max": -0.07938400000000012,
    "slow_min": 0.0,
    "typical_max": -0.071241,
    "typical_min": 1.0000000000287557e-06,
    "fast_max": -0.04295399999999994,
    "fast_min": 0.0
  },
  "repaired": [
    {
      "stage": "PREPLACEMENT_REPAIRED",
      "corner": "slow",
      "direction": "max",
      "all_group_slacks_ns": [
        3.561266,
        -3.415667
      ],
      "worst_slack_ns": -3.415667
    },
    {
      "stage": "PREPLACEMENT_REPAIRED",
      "corner": "slow",
      "direction": "min",
      "all_group_slacks_ns": [
        0.401006,
        0.411507
      ],
      "worst_slack_ns": 0.401006
    },
    {
      "stage": "PREPLACEMENT_REPAIRED",
      "corner": "typical",
      "direction": "max",
      "all_group_slacks_ns": [
        3.652583,
        -0.682798
      ],
      "worst_slack_ns": -0.682798
    },
    {
      "stage": "PREPLACEMENT_REPAIRED",
      "corner": "typical",
      "direction": "min",
      "all_group_slacks_ns": [
        0.3266,
        0.260213
      ],
      "worst_slack_ns": 0.260213
    },
    {
      "stage": "PREPLACEMENT_REPAIRED",
      "corner": "fast",
      "direction": "max",
      "all_group_slacks_ns": [
        3.698173,
        0.900579
      ],
      "worst_slack_ns": 0.900579
    },
    {
      "stage": "PREPLACEMENT_REPAIRED",
      "corner": "fast",
      "direction": "min",
      "all_group_slacks_ns": [
        0.286336,
        0.176
      ],
      "worst_slack_ns": 0.176
    }
  ]
}
