{
  "status": "RECOVERED_SAVED_COMPARISON_NO_NATIVE_RERUN",
  "original_failed_controller": {
    "bytes": 1022,
    "sha256": "95ea682c37f535fa60247daec1883e1ebaaa9faabf2c1e9ddfb451c2e47e0821"
  },
  "captured_producer": {
    "bytes": 18465,
    "sha256": "868762a91139a7c3fa7eca7bbc4a8c5c3c0f63cf374917a944761282d6deffeb"
  },
  "fixed_product": {
    "bytes": 18471,
    "sha256": "bd5f0ee9e06213643ce6fe014bc4352918f40e7e14500f2ff625a0b4ebca1dc8"
  },
  "method": {
    "bytes": 3794,
    "sha256": "7349cb3a942047266a540ecd482ac6ff85cc3a84f40214ce6b8917e604c93ecf"
  },
  "native_arms": {
    "original": {
      "result": {
        "bytes": 655623,
        "sha256": "33f80e57bc33352d4bfca46e5872520e9a6574a3eb420c2ac87cc8ec7922c7ca"
      },
      "status": "FRESH_NPU_PHYSICAL_COMPLETE_ESTIMATE_ONLY"
    },
    "factored": {
      "result": {
        "bytes": 656131,
        "sha256": "5ea13e0d6ddcc379ead188a76fd356198621a4e3a9220c5da38ce85ea0e067ae"
      },
      "status": "FRESH_NPU_PHYSICAL_COMPLETE_ESTIMATE_ONLY"
    }
  },
  "source_peer": {
    "bytes": 6614,
    "sha256": "ce70fbcc16320584289cde829fe25543e0bfe08e73e89be14b581f1d65ae852c"
  },
  "template_peer": {
    "bytes": 57831,
    "sha256": "f7c91254a1ce09ae300ac78e7f3f211b23f6dd768e68ccb7af328f879ad8684d"
  },
  "comparison": {
    "status": "MATCHED_NPU_FRESH_GLOBAL_ROUTE_COMPARISON_ONLY",
    "original": {
      "setup_wns_seconds": -1.637249802399765e-08,
      "hold_wns_seconds": -2.4822766064858115e-09,
      "setup_tns_seconds": -1.5929366782074794e-05,
      "hold_tns_seconds": -4.861095135311189e-07,
      "setup_violating_endpoints": 1476,
      "hold_violating_endpoints": 6415,
      "slew_violations": 436,
      "capacitance_violations": 186,
      "instance_count": 89764
    },
    "factored": {
      "setup_wns_seconds": -1.872460764218431e-08,
      "hold_wns_seconds": -2.2633912521996535e-09,
      "setup_tns_seconds": -1.5037861885502934e-05,
      "hold_tns_seconds": -3.3607602745178156e-07,
      "setup_violating_endpoints": 1334,
      "hold_violating_endpoints": 6200,
      "slew_violations": 512,
      "capacitance_violations": 168,
      "instance_count": 90179
    },
    "factored_minus_original": {
      "setup_wns_seconds": -2.3521096181866596e-09,
      "hold_wns_seconds": 2.1888535428615796e-10,
      "setup_tns_seconds": 8.915048965718597e-07,
      "hold_tns_seconds": 1.500334860793373e-07,
      "setup_violating_endpoints": -142,
      "hold_violating_endpoints": -215,
      "slew_violations": 76,
      "capacitance_violations": -18,
      "instance_count": 415
    },
    "same_actual_pins_and_macros": true,
    "same_constraints_and_corners": true,
    "candidate_adopted": false,
    "timing_accepted": false,
    "manufacturing_approval": false
  },
  "native_reexecuted": false,
  "scope": "Both original native arms completed and rechecked their inputs. Preserve the failed final Python comparison, normalize only its serialized Path argument, then independently reparse complete saved captures under the exact archived producer. Global-route estimates only; no adoption."
}
