{
  "status": "PASS_INDEPENDENT_SAVED_NPU_TEMPLATE_CONTROL06",
  "peer": {
    "bytes": 57831,
    "sha256": "f7c91254a1ce09ae300ac78e7f3f211b23f6dd768e68ccb7af328f879ad8684d"
  },
  "verified_files": 196,
  "geometry": {
    "dbu": 1000,
    "macro_instances": 32,
    "master_counts": {
      "SP6TSRAM512x64": 16,
      "DP8TSRAMDP256x16": 16
    },
    "macro_witness": {
      "bytes": 9254,
      "sha256": "8a5136f7d8cdf3fd23e3b57023b5403d41cb2634072f406ee926a710b6573664"
    },
    "signal_terminals": 301,
    "signal_boxes": 301,
    "die_dbu": [
      0,
      0,
      3326400,
      2475900
    ],
    "core_dbu": [
      60000,
      45360,
      3266400,
      2430540
    ],
    "raw_DEF_parse": "Independently reparsed both entire saved source/output DEF component and pin sections, exact fixed32 macro identities/positions/orientations and all301 absolute signal boxes; matched both native TSV captures and unchanged config/witness. Native ODB bytes rehashed, no OpenDB invocation."
  },
  "observation": {
    "utc": "2026-10-06T04:20:42.272285+00:00",
    "boot_id": "e1b7ced9-2243-4340-a046-92e8b30a45bc",
    "native_controls": [
      {
        "pid": 272867,
        "expected_start": "4797369",
        "present": false
      },
      {
        "pid": 272907,
        "expected_start": "4797771",
        "present": false
      },
      {
        "pid": 272943,
        "expected_start": "4797972",
        "present": false
      }
    ],
    "pair02_owner": {
      "pid": 273309,
      "expected_start": "4802046",
      "present": true,
      "exact_birth": true,
      "state": "S",
      "ppid": 1,
      "process_group": 273309,
      "start_ticks": "4802046",
      "affinity": [
        0
      ]
    },
    "routes": {
      "RX16one": {
        "identities": [
          {
            "pid": 235510,
            "expected_start": "4403425",
            "present": false
          },
          {
            "pid": 235511,
            "expected_start": "4403468",
            "present": false
          },
          {
            "pid": 237298,
            "expected_start": "4431595",
            "present": true,
            "exact_birth": true,
            "state": "S",
            "ppid": 1,
            "process_group": 237298,
            "start_ticks": "4431595",
            "affinity": [
              8
            ]
          }
        ],
        "observer_status": "RUNNING_RX16ONE_COMPLETE_CAPTURE_SEAL",
        "native_status": "COMPLETE_RX16ONE_SIGNAL_DRT_ZERO_ROUTER_DRC_SAME_NETLIST__RC_REQUIRED",
        "last_optimization_iteration": "4th",
        "last_progress": [
          "100",
          "0"
        ],
        "scope": "Intermediate router progress only; not final DRC count."
      },
      "TX05": {
        "identities": [
          {
            "pid": 225863,
            "expected_start": "4263948",
            "present": true,
            "exact_birth": true,
            "state": "S",
            "ppid": 1,
            "process_group": 225863,
            "start_ticks": "4263948",
            "affinity": [
              4
            ]
          },
          {
            "pid": 225869,
            "expected_start": "4263984",
            "present": true,
            "exact_birth": true,
            "state": "R",
            "ppid": 225863,
            "process_group": 225869,
            "start_ticks": "4263984",
            "affinity": [
              4
            ]
          },
          {
            "pid": 246956,
            "expected_start": "4481198",
            "present": true,
            "exact_birth": true,
            "state": "S",
            "ppid": 1,
            "process_group": 246956,
            "start_ticks": "4481198",
            "affinity": [
              4
            ]
          }
        ],
        "observer_status": "WAITING_EXISTING_EXACT_TX05_DRT01",
        "native_status": "RUNNING",
        "last_optimization_iteration": "2nd",
        "last_progress": [
          "50",
          "17757"
        ],
        "scope": "Intermediate router progress only; not final DRC count."
      }
    }
  }
}
