LOGICROM_GL begin: immutable gates, no ROM or RAM preload
LOGICROM_GL progress cycles=10000 uart=0 flash_frames=0 ram_sec=0000 ram_ded=0000
LOGICROM_GL progress cycles=20000 uart=0 flash_frames=0 ram_sec=0000 ram_ded=0000
LOGICROM_GL progress cycles=30000 uart=0 flash_frames=0 ram_sec=0000 ram_ded=0000
LOGICROM_GL progress cycles=40000 uart=0 flash_frames=0 ram_sec=0000 ram_ded=0000
LOGICROM_GL progress cycles=50000 uart=0 flash_frames=0 ram_sec=0000 ram_ded=0000
LOGICROM_GL progress cycles=60000 uart=0 flash_frames=0 ram_sec=0000 ram_ded=0000
LOGICROM_GL progress cycles=70000 uart=0 flash_frames=0 ram_sec=0000 ram_ded=0000
LOGICROM_GL progress cycles=80000 uart=0 flash_frames=0 ram_sec=0000 ram_ded=0000
LOGICROM_GL progress cycles=90000 uart=0 flash_frames=0 ram_sec=0000 ram_ded=0000
LOGICROM_GL progress cycles=100000 uart=0 flash_frames=0 ram_sec=0000 ram_ded=0000
LOGICROM_GL progress cycles=110000 uart=0 flash_frames=0 ram_sec=0000 ram_ded=0000
LOGICROM_GL progress cycles=120000 uart=0 flash_frames=0 ram_sec=0000 ram_ded=0000
LOGICROM_GL progress cycles=130000 uart=0 flash_frames=0 ram_sec=0000 ram_ded=0000
LOGICROM_GL progress cycles=140000 uart=0 flash_frames=0 ram_sec=0000 ram_ded=0000
LOGICROM_GL progress cycles=150000 uart=0 flash_frames=0 ram_sec=0000 ram_ded=0000
LOGICROM_GL progress cycles=160000 uart=0 flash_frames=0 ram_sec=0000 ram_ded=0000
LOGICROM_GL progress cycles=170000 uart=0 flash_frames=0 ram_sec=0000 ram_ded=0000
LOGICROM_GL progress cycles=180000 uart=0 flash_frames=0 ram_sec=0000 ram_ded=0000
LOGICROM_GL progress cycles=190000 uart=0 flash_frames=0 ram_sec=0000 ram_ded=0000
LOGICROM_GL progress cycles=200000 uart=0 flash_frames=0 ram_sec=0000 ram_ded=0000
LOGICROM_GL progress cycles=210000 uart=0 flash_frames=0 ram_sec=0000 ram_ded=0000
LOGICROM_GL progress cycles=220000 uart=0 flash_frames=0 ram_sec=0000 ram_ded=0000
LOGICROM_GL progress cycles=230000 uart=0 flash_frames=0 ram_sec=0000 ram_ded=0000
LOGICROM_GL progress cycles=240000 uart=0 flash_frames=0 ram_sec=0000 ram_ded=0000
LOGICROM_GL progress cycles=250000 uart=0 flash_frames=0 ram_sec=0000 ram_ded=0000
LOGICROM_GL progress cycles=260000 uart=0 flash_frames=0 ram_sec=0000 ram_ded=0000
LOGICROM_GL progress cycles=270000 uart=0 flash_frames=0 ram_sec=0000 ram_ded=0000
LOGICROM_GL progress cycles=280000 uart=0 flash_frames=0 ram_sec=0000 ram_ded=0000
LOGICROM_GL progress cycles=290000 uart=0 flash_frames=0 ram_sec=0000 ram_ded=0000
LOGICROM_GL progress cycles=300000 uart=0 flash_frames=0 ram_sec=0000 ram_ded=0000
LOGICROM_GL progress cycles=310000 uart=0 flash_frames=0 ram_sec=0000 ram_ded=0000
LOGICROM_GL progress cycles=320000 uart=0 flash_frames=0 ram_sec=0000 ram_ded=0000
LOGICROM_GL progress cycles=330000 uart=0 flash_frames=0 ram_sec=0000 ram_ded=0000
LOGICROM_GL progress cycles=340000 uart=0 flash_frames=0 ram_sec=0000 ram_ded=0000
LOGICROM_GL progress cycles=350000 uart=0 flash_frames=0 ram_sec=0000 ram_ded=0000
LOGICROM_GL progress cycles=360000 uart=0 flash_frames=0 ram_sec=0000 ram_ded=0000
LOGICROM_GL progress cycles=370000 uart=0 flash_frames=0 ram_sec=0000 ram_ded=0000
LOGICROM_GL progress cycles=380000 uart=0 flash_frames=0 ram_sec=0000 ram_ded=0000
LOGICROM_GL progress cycles=390000 uart=0 flash_frames=0 ram_sec=0000 ram_ded=0000
LOGICROM_GL progress cycles=400000 uart=0 flash_frames=0 ram_sec=0000 ram_ded=0000
LOGICROM_GL progress cycles=410000 uart=0 flash_frames=0 ram_sec=0000 ram_ded=0000
LOGICROM_GL progress cycles=420000 uart=0 flash_frames=0 ram_sec=0000 ram_ded=0000
LOGICROM_GL progress cycles=430000 uart=0 flash_frames=0 ram_sec=0000 ram_ded=0000
LOGICROM_GL progress cycles=440000 uart=0 flash_frames=0 ram_sec=0000 ram_ded=0000
LOGICROM_GL progress cycles=450000 uart=0 flash_frames=0 ram_sec=0000 ram_ded=0000
LOGICROM_GL progress cycles=460000 uart=0 flash_frames=0 ram_sec=0000 ram_ded=0000
LOGICROM_GL progress cycles=470000 uart=0 flash_frames=0 ram_sec=0000 ram_ded=0000
LOGICROM_GL progress cycles=480000 uart=0 flash_frames=0 ram_sec=0000 ram_ded=0000
LOGICROM_GL progress cycles=490000 uart=0 flash_frames=0 ram_sec=0000 ram_ded=0000
LOGICROM_GL progress cycles=500000 uart=0 flash_frames=0 ram_sec=0000 ram_ded=0000
LOGICROM_GL progress cycles=510000 uart=0 flash_frames=0 ram_sec=0000 ram_ded=0000
LOGICROM_GL progress cycles=520000 uart=0 flash_frames=0 ram_sec=0000 ram_ded=0000
LOGICROM_GL progress cycles=530000 uart=0 flash_frames=0 ram_sec=0000 ram_ded=0000
LOGICROM_GL progress cycles=540000 uart=0 flash_frames=0 ram_sec=0000 ram_ded=0000
LOGICROM_GL progress cycles=550000 uart=0 flash_frames=0 ram_sec=0000 ram_ded=0000
LOGICROM_GL progress cycles=560000 uart=0 flash_frames=0 ram_sec=0000 ram_ded=0000
LOGICROM_GL progress cycles=570000 uart=0 flash_frames=0 ram_sec=0000 ram_ded=0000
LOGICROM_GL progress cycles=580000 uart=0 flash_frames=0 ram_sec=0000 ram_ded=0000
LOGICROM_GL progress cycles=590000 uart=0 flash_frames=0 ram_sec=0000 ram_ded=0000
LOGICROM_GL progress cycles=600000 uart=0 flash_frames=0 ram_sec=0000 ram_ded=0000
LOGICROM_GL progress cycles=610000 uart=0 flash_frames=0 ram_sec=0000 ram_ded=0000
LOGICROM_GL progress cycles=620000 uart=0 flash_frames=0 ram_sec=0000 ram_ded=0000
LOGICROM_GL progress cycles=630000 uart=0 flash_frames=0 ram_sec=0000 ram_ded=0000
LOGICROM_GL progress cycles=640000 uart=0 flash_frames=0 ram_sec=0000 ram_ded=0000
LOGICROM_GL progress cycles=650000 uart=0 flash_frames=0 ram_sec=0000 ram_ded=0000
LOGICROM_GL progress cycles=660000 uart=0 flash_frames=0 ram_sec=0000 ram_ded=0000
LOGICROM_GL progress cycles=670000 uart=0 flash_frames=0 ram_sec=0000 ram_ded=0000
LOGICROM_GL progress cycles=680000 uart=0 flash_frames=0 ram_sec=0000 ram_ded=0000
LOGICROM_GL progress cycles=690000 uart=0 flash_frames=0 ram_sec=0000 ram_ded=0000
LOGICROM_GL progress cycles=700000 uart=0 flash_frames=0 ram_sec=0000 ram_ded=0000
LOGICROM_GL progress cycles=710000 uart=0 flash_frames=0 ram_sec=0000 ram_ded=0000
LOGICROM_GL progress cycles=720000 uart=0 flash_frames=0 ram_sec=0000 ram_ded=0000
LOGICROM_GL progress cycles=730000 uart=0 flash_frames=0 ram_sec=0000 ram_ded=0000
LOGICROM_GL progress cycles=740000 uart=0 flash_frames=0 ram_sec=0000 ram_ded=0000
LOGICROM_GL progress cycles=750000 uart=0 flash_frames=0 ram_sec=0000 ram_ded=0000
LOGICROM_GL progress cycles=760000 uart=0 flash_frames=0 ram_sec=0000 ram_ded=0000
LOGICROM_GL progress cycles=770000 uart=0 flash_frames=0 ram_sec=0000 ram_ded=0000
LOGICROM_GL progress cycles=780000 uart=0 flash_frames=0 ram_sec=0000 ram_ded=0000
LOGICROM_GL progress cycles=790000 uart=0 flash_frames=0 ram_sec=0000 ram_ded=0000
LOGICROM_GL progress cycles=800000 uart=0 flash_frames=0 ram_sec=0000 ram_ded=0000
LOGICROM_GL progress cycles=810000 uart=0 flash_frames=0 ram_sec=0000 ram_ded=0000
LOGICROM_GL progress cycles=820000 uart=0 flash_frames=0 ram_sec=0000 ram_ded=0000
LOGICROM_GL progress cycles=830000 uart=0 flash_frames=0 ram_sec=0000 ram_ded=0000
LOGICROM_GL progress cycles=840000 uart=0 flash_frames=0 ram_sec=0000 ram_ded=0000
LOGICROM_GL progress cycles=850000 uart=0 flash_frames=0 ram_sec=0000 ram_ded=0000
LOGICROM_GL progress cycles=860000 uart=0 flash_frames=0 ram_sec=0000 ram_ded=0000
LOGICROM_GL progress cycles=870000 uart=0 flash_frames=0 ram_sec=0000 ram_ded=0000
LOGICROM_GL progress cycles=880000 uart=0 flash_frames=0 ram_sec=0000 ram_ded=0000
LOGICROM_GL progress cycles=890000 uart=0 flash_frames=0 ram_sec=0000 ram_ded=0000
LOGICROM_GL progress cycles=900000 uart=0 flash_frames=0 ram_sec=0000 ram_ded=0000
LOGICROM_GL progress cycles=910000 uart=0 flash_frames=0 ram_sec=0000 ram_ded=0000
LOGICROM_GL progress cycles=920000 uart=0 flash_frames=0 ram_sec=0000 ram_ded=0000
LOGICROM_GL progress cycles=930000 uart=0 flash_frames=0 ram_sec=0000 ram_ded=0000
LOGICROM_GL progress cycles=940000 uart=0 flash_frames=0 ram_sec=0000 ram_ded=0000
LOGICROM_GL progress cycles=950000 uart=0 flash_frames=0 ram_sec=0000 ram_ded=0000
LOGICROM_GL progress cycles=960000 uart=0 flash_frames=0 ram_sec=0000 ram_ded=0000
LOGICROM_GL progress cycles=970000 uart=0 flash_frames=0 ram_sec=0000 ram_ded=0000
LOGICROM_GL progress cycles=980000 uart=0 flash_frames=0 ram_sec=0000 ram_ded=0000
QUALIFICATION_MBIST PASS cycles=983043
LOGICROM_GL progress cycles=990000 uart=0 flash_frames=0 ram_sec=0000 ram_ded=0000
LOGICROM_GL progress cycles=1000000 uart=0 flash_frames=0 ram_sec=0000 ram_ded=0000
LOGICROM_GL progress cycles=1010000 uart=0 flash_frames=0 ram_sec=0000 ram_ded=0000
LOGICROM_GL progress cycles=1020000 uart=0 flash_frames=0 ram_sec=0000 ram_ded=0000
LOGICROM_GL progress cycles=1030000 uart=0 flash_frames=0 ram_sec=0000 ram_ded=0000
LOGICROM_GL progress cycles=1040000 uart=0 flash_frames=0 ram_sec=0000 ram_ded=0000
LOGICROM_GL progress cycles=1050000 uart=0 flash_frames=0 ram_sec=0000 ram_ded=0000
LOGICROM_GL progress cycles=1060000 uart=0 flash_frames=0 ram_sec=0000 ram_ded=0000
boot: strap 0x84000000 cnt 0x00000000 of 0x00000003 staLOGICROM_GL progress cycles=1070000 uart=55 flash_frames=0 ram_sec=0000 ram_ded=0000
t 0x00030000 wdog 0x00000000 rpt 0x00000000 tmr 0x00000000
boot: image 0x00000000 at 0x00018000
LOGICROM_GL progress cycles=1080000 uart=151 flash_frames=6 ram_sec=0000 ram_ded=0000
LOGICROM_GL progress cycles=1090000 uart=151 flash_frames=6 ram_sec=0000 ram_ded=0000
LOGICROM_GL progress cycles=1100000 uart=151 flash_frames=6 ram_sec=0000 ram_ded=0000
LOGICROM_GL progress cycles=1110000 uart=151 flash_frames=6 ram_sec=0000 ram_ded=0000
LOGICROM_GL progress cycles=1120000 uart=151 flash_frames=6 ram_sec=0000 ram_ded=0000
LOGICROM_GL progress cycles=1130000 uart=151 flash_frames=6 ram_sec=0000 ram_ded=0000
LOGICROM_GL progress cycles=1140000 uart=151 flash_frames=6 ram_sec=0000 ram_ded=0000
LOGICROM_GL progress cycles=1150000 uart=151 flash_frames=6 ram_sec=0000 ram_ded=0000
LOGICROM_GL progress cycles=1160000 uart=151 flash_frames=6 ram_sec=0000 ram_ded=0000
LOGICROM_GL progress cycles=1170000 uart=151 flash_frames=6 ram_sec=0000 ram_ded=0000
LOGICROM_GL progress cycles=1180000 uart=151 flash_frames=6 ram_sec=0000 ram_ded=0000
LOGICROM_GL progress cycles=1190000 uart=151 flash_frames=6 ram_sec=0000 ram_ded=0000
LOGICROM_GL progress cycles=1200000 uart=151 flash_frames=6 ram_sec=0000 ram_ded=0000
LOGICROM_GL progress cycles=1210000 uart=151 flash_frames=6 ram_sec=0000 ram_ded=0000
LOGICROM_GL progress cycles=1220000 uart=151 flash_frames=6 ram_sec=0000 ram_ded=0000
LOGICROM_GL progress cycles=1230000 uart=151 flash_frames=6 ram_sec=0000 ram_ded=0000
LOGICROM_GL progress cycles=1240000 uart=151 flash_frames=6 ram_sec=0000 ram_ded=0000
LOGICROM_GL progress cycles=1250000 uart=151 flash_frames=6 ram_sec=0000 ram_ded=0000
LOGICROM_GL progress cycles=1260000 uart=151 flash_frames=6 ram_sec=0000 ram_ded=0000
boot: cyLOGICROM_GL progress cycles=1270000 uart=159 flash_frames=6 ram_sec=0000 ram_ded=0000
cles sweep=0x0001402e open=0x000029ca hdr=0x00000f2e copy=0x00022f21 verify=0x0000b543
boot: entering 0x00000000
LOGICROM_GL progress cycles=1280000 uart=272 flash_frames=6 ram_sec=0000 ram_ded=0000
ibex bring-up self-test
  ok   test 0x00000001
  ok   test 0x00000002
  ok   test 0x00000003
  ok   test LOGICROM_GL progress cycles=1290000 uart=377 flash_frames=6 ram_sec=0000 ram_ded=0000
0x00000004
  ok   test 0x00000005
LOGICROM_GL progress cycles=1300000 uart=411 flash_frames=6 ram_sec=0000 ram_ded=0000
LOGICROM_GL progress cycles=1310000 uart=411 flash_frames=6 ram_sec=0000 ram_ded=0000
LOGICROM_GL progress cycles=1320000 uart=411 flash_frames=6 ram_sec=0000 ram_ded=0000
LOGICROM_GL progress cycles=1330000 uart=411 flash_frames=6 ram_sec=0000 ram_ded=0000
LOGICROM_GL progress cycles=1340000 uart=411 flash_frames=6 ram_sec=0000 ram_ded=0000
LOGICROM_GL progress cycles=1350000 uart=411 flash_frames=6 ram_sec=0000 ram_ded=0000
LOGICROM_GL progress cycles=1360000 uart=411 flash_frames=6 ram_sec=0000 ram_ded=0000
LOGICROM_GL progress cycles=1370000 uart=411 flash_frames=6 ram_sec=0000 ram_ded=0000
LOGICROM_GL progress cycles=1380000 uart=411 flash_frames=6 ram_sec=0000 ram_ded=0000
LOGICROM_GL progress cycles=1390000 uart=411 flash_frames=6 ram_sec=0000 ram_ded=0000
LOGICROM_GL progress cycles=1400000 uart=411 flash_frames=6 ram_sec=0000 ram_ded=0000
LOGICROM_GL progress cycles=1410000 uart=411 flash_frames=6 ram_sec=0000 ram_ded=0000
LOGICROM_GL progress cycles=1420000 uart=411 flash_frames=6 ram_sec=0000 ram_ded=0000
LOGICROM_GL progress cycles=1430000 uart=411 flash_frames=6 ram_sec=0000 ram_ded=0000
LOGICROM_GL progress cycles=1440000 uart=411 flash_frames=6 ram_sec=0000 ram_ded=0000
LOGICROM_GL progress cycles=1450000 uart=411 flash_frames=6 ram_sec=0000 ram_ded=0000
LOGICROM_GL progress cycles=1460000 uart=411 flash_frames=6 ram_sec=0000 ram_ded=0000
LOGICROM_GL progress cycles=1470000 uart=411 flash_frames=6 ram_sec=0000 ram_ded=0000
LOGICROM_GL progress cycles=1480000 uart=411 flash_frames=6 ram_sec=0000 ram_ded=0000
LOGICROM_GL progress cycles=1490000 uart=411 flash_frames=6 ram_sec=0000 ram_ded=0000
LOGICROM_GL progress cycles=1500000 uart=411 flash_frames=6 ram_sec=0000 ram_ded=0000
LOGICROM_GL progress cycles=1510000 uart=411 flash_frames=6 ram_sec=0000 ram_ded=0000
  ok   test 0x00000006
  ok   test LOGICROM_GL progress cycles=1520000 uart=446 flash_frames=6 ram_sec=0000 ram_ded=0000
0x00000007
  ok   test 0x00000008
  ok   test 0x00000009
  ok   test 0x0000000a
  ok   test 0x00000LOGICROM_GL progress cycles=1530000 uart=545 flash_frames=6 ram_sec=0000 ram_ded=0000
00c
  ok   test 0x0000000d
  ok   test 0x0000000e
  ok   test 0x0000000f
  ok   test 0x00000010
  ok  LOGICROM_GL progress cycles=1540000 uart=647 flash_frames=6 ram_sec=0000 ram_ded=0000
 test 0x00000011
  ok   test 0x00000012
  ok   test 0x00000013
  ok   test 0x00000014
LOGICROM_GL progress cycles=1550000 uart=733 flash_frames=6 ram_sec=0000 ram_ded=0000
  ok   test 0x00000015
  ok   test 0x00000016
  ok   test 0x00000017
  ok   test 0xLOGICROM_GL progress cycles=1560000 uart=816 flash_frames=6 ram_sec=0000 ram_ded=0000
00000018
  ok   test 0x00000019
LOGICROM_GL progress cycles=1570000 uart=848 flash_frames=6 ram_sec=0000 ram_ded=0000
npu: 0x0000000c events, cnt=0x000cLOGICROM_GL progress cycles=1580000 uart=882 flash_frames=6 ram_sec=0000 ram_ded=0000
0016 status=0x0000002a
  ok   test 0x0000001a
  ok   test 0x0000001b
  ok   test 0x0000001c
  ok   test LOGICROM_GL progress cycles=1590000 uart=986 flash_frames=6 ram_sec=0000 ram_ded=0000
0x0000000b
checks run: 0x0000001c  fail mask: 0x00000000
RESULT PASS
LOGICROM_GL cycles=1596123 checks=28 fails=00000000 code=00000000 magic=600dc0de watchdog=1/0/0 flash_violations=0 uart_pass=1 framing=0
LOGICROM_GL PASS checks=28
/home/runner/work/nssoc/nssoc/npu-init-eco/tb_qualification_boot.v:331: $finish called at 31922860000 (1ps)
