{
  "status": "PASS_INDEPENDENT_SAVED_TAIL115_SIXTEENTHSTEP_STREAMING_RECOUNT_FINITE_NUMERICAL_PASS",
  "result": {
    "bytes": 231674,
    "sha256": "cdcdb3f743fbb130dc951b0b0f021019aace10ea757b5097220ef9223bcf10e7"
  },
  "finite_values": 104137869,
  "minimum_HBT_VCE": 0.5240441115020871,
  "frequencies_hz": {
    "vco": 8148938182.503578,
    "feedback": 101824174.34024858
  },
  "max_phase_ps": {
    "vco": 2.2238254073860357,
    "cml": 2.2024004838152442,
    "feedback": 1.8586857796355802
  },
  "numeric_status": "PASS_FINITE_OPEN_LOOP_NUMERICAL_SCREEN",
  "maximum_resident_kib": 70004
}
