rtl	UNKNOWN STEP	﻿2026-10-06T14:20:47.3800177Z Current runner version: '2.337.0'
rtl	UNKNOWN STEP	2026-10-06T14:20:47.3825217Z ##[group]Runner Image Provisioner
rtl	UNKNOWN STEP	2026-10-06T14:20:47.3826215Z Hosted Compute Agent
rtl	UNKNOWN STEP	2026-10-06T14:20:47.3826824Z Version: 20260901.588
rtl	UNKNOWN STEP	2026-10-06T14:20:47.3827450Z Commit: f88ec8081b781fac6c440065ac7ff9e710ce3d0b
rtl	UNKNOWN STEP	2026-10-06T14:20:47.3828264Z Build Date: 2026-09-01T19:56:44Z
rtl	UNKNOWN STEP	2026-10-06T14:20:47.3829035Z Worker ID: {0ace473d-1be4-41e1-aae3-ab88bf704617}
rtl	UNKNOWN STEP	2026-10-06T14:20:47.3829801Z Azure Region: eastus
rtl	UNKNOWN STEP	2026-10-06T14:20:47.3830384Z ##[endgroup]
rtl	UNKNOWN STEP	2026-10-06T14:20:47.3832609Z ##[group]Operating System
rtl	UNKNOWN STEP	2026-10-06T14:20:47.3833497Z Ubuntu
rtl	UNKNOWN STEP	2026-10-06T14:20:47.3834053Z 24.04.5
rtl	UNKNOWN STEP	2026-10-06T14:20:47.3834617Z LTS
rtl	UNKNOWN STEP	2026-10-06T14:20:47.3835163Z ##[endgroup]
rtl	UNKNOWN STEP	2026-10-06T14:20:47.3835722Z ##[group]Runner Image
rtl	UNKNOWN STEP	2026-10-06T14:20:47.3836465Z Image: ubuntu-24.04
rtl	UNKNOWN STEP	2026-10-06T14:20:47.3837050Z Version: 20260927.320.1
rtl	UNKNOWN STEP	2026-10-06T14:20:47.3838362Z Included Software: https://github.com/actions/runner-images/blob/ubuntu24/20260927.320/images/ubuntu/Ubuntu2404-Readme.md
rtl	UNKNOWN STEP	2026-10-06T14:20:47.3839911Z Image Release: https://github.com/actions/runner-images/releases/tag/ubuntu24%2F20260927.320
rtl	UNKNOWN STEP	2026-10-06T14:20:47.3841508Z ##[endgroup]
rtl	UNKNOWN STEP	2026-10-06T14:20:47.3843252Z ##[group]GITHUB_TOKEN Permissions
rtl	UNKNOWN STEP	2026-10-06T14:20:47.3845820Z Contents: read
rtl	UNKNOWN STEP	2026-10-06T14:20:47.3846467Z Metadata: read
rtl	UNKNOWN STEP	2026-10-06T14:20:47.3847113Z ##[endgroup]
rtl	UNKNOWN STEP	2026-10-06T14:20:47.3849300Z Secret source: Actions
rtl	UNKNOWN STEP	2026-10-06T14:20:47.3850387Z Cache mode: write
rtl	UNKNOWN STEP	2026-10-06T14:20:47.3851415Z Prepare workflow directory
rtl	UNKNOWN STEP	2026-10-06T14:20:47.4403726Z Prepare all required actions
rtl	UNKNOWN STEP	2026-10-06T14:20:47.4453723Z Getting action download info
rtl	UNKNOWN STEP	2026-10-06T14:20:47.6955593Z Download action repository 'actions/checkout@11d5960a326750d5838078e36cf38b85af677262' (SHA:11d5960a326750d5838078e36cf38b85af677262)
rtl	UNKNOWN STEP	2026-10-06T14:20:47.8327446Z Download action repository 'actions/setup-python@a26af69be951a213d495a4c3e4e4022e16d87065' (SHA:a26af69be951a213d495a4c3e4e4022e16d87065)
rtl	UNKNOWN STEP	2026-10-06T14:20:47.9281613Z Download action repository 'actions/upload-artifact@ea165f8d65b6e75b540449e92b4886f43607fa02' (SHA:ea165f8d65b6e75b540449e92b4886f43607fa02)
rtl	UNKNOWN STEP	2026-10-06T14:20:48.1379409Z Complete job name: rtl
rtl	UNKNOWN STEP	2026-10-06T14:20:48.2347556Z ##[group]Run actions/checkout@11d5960a326750d5838078e36cf38b85af677262
rtl	UNKNOWN STEP	2026-10-06T14:20:48.2348826Z with:
rtl	UNKNOWN STEP	2026-10-06T14:20:48.2349425Z   repository: Melihakbulut221/nssoc
rtl	UNKNOWN STEP	2026-10-06T14:20:48.2354225Z   token: ***
rtl	UNKNOWN STEP	2026-10-06T14:20:48.2354692Z   ssh-strict: true
rtl	UNKNOWN STEP	2026-10-06T14:20:48.2355142Z   ssh-user: git
rtl	UNKNOWN STEP	2026-10-06T14:20:48.2355593Z   persist-credentials: true
rtl	UNKNOWN STEP	2026-10-06T14:20:48.2356239Z   clean: true
rtl	UNKNOWN STEP	2026-10-06T14:20:48.2356788Z   sparse-checkout-cone-mode: true
rtl	UNKNOWN STEP	2026-10-06T14:20:48.2357323Z   fetch-depth: 1
rtl	UNKNOWN STEP	2026-10-06T14:20:48.2357768Z   fetch-tags: false
rtl	UNKNOWN STEP	2026-10-06T14:20:48.2358330Z   show-progress: true
rtl	UNKNOWN STEP	2026-10-06T14:20:48.2358807Z   lfs: false
rtl	UNKNOWN STEP	2026-10-06T14:20:48.2359314Z   submodules: false
rtl	UNKNOWN STEP	2026-10-06T14:20:48.2359785Z   set-safe-directory: true
rtl	UNKNOWN STEP	2026-10-06T14:20:48.2360314Z   allow-unsafe-pr-checkout: false
rtl	UNKNOWN STEP	2026-10-06T14:20:48.2361556Z env:
rtl	UNKNOWN STEP	2026-10-06T14:20:48.2362030Z   SOC_INTERFACE_PROFILE: base
rtl	UNKNOWN STEP	2026-10-06T14:20:48.2362546Z ##[endgroup]
rtl	UNKNOWN STEP	2026-10-06T14:20:48.3545795Z Syncing repository: Melihakbulut221/nssoc
rtl	UNKNOWN STEP	2026-10-06T14:20:48.3547848Z ##[group]Getting Git version info
rtl	UNKNOWN STEP	2026-10-06T14:20:48.3548707Z Working directory is '/home/runner/work/nssoc/nssoc'
rtl	UNKNOWN STEP	2026-10-06T14:20:48.3549692Z [command]/usr/bin/git version
rtl	UNKNOWN STEP	2026-10-06T14:20:48.3594372Z git version 2.55.0
rtl	UNKNOWN STEP	2026-10-06T14:20:48.3673436Z ##[endgroup]
rtl	UNKNOWN STEP	2026-10-06T14:20:48.3727555Z Temporarily overriding HOME='/home/runner/work/_temp/87d77dc9-2cdb-473b-8e66-083b6d40dcd3' before making global git config changes
rtl	UNKNOWN STEP	2026-10-06T14:20:48.3759562Z Adding repository directory to the temporary git global config as a safe directory
rtl	UNKNOWN STEP	2026-10-06T14:20:48.3782203Z [command]/usr/bin/git config --global --add safe.directory /home/runner/work/nssoc/nssoc
rtl	UNKNOWN STEP	2026-10-06T14:20:48.3796022Z Deleting the contents of '/home/runner/work/nssoc/nssoc'
rtl	UNKNOWN STEP	2026-10-06T14:20:48.3797241Z ##[group]Initializing the repository
rtl	UNKNOWN STEP	2026-10-06T14:20:48.3798617Z [command]/usr/bin/git init /home/runner/work/nssoc/nssoc
rtl	UNKNOWN STEP	2026-10-06T14:20:48.3863984Z hint: Using 'master' as the name for the initial branch. This default branch name
rtl	UNKNOWN STEP	2026-10-06T14:20:48.3865901Z hint: will change to "main" in Git 3.0. To configure the initial branch name
rtl	UNKNOWN STEP	2026-10-06T14:20:48.3871245Z hint: to use in all of your new repositories, which will suppress this warning,
rtl	UNKNOWN STEP	2026-10-06T14:20:48.3873464Z hint: call:
rtl	UNKNOWN STEP	2026-10-06T14:20:48.3875152Z hint:
rtl	UNKNOWN STEP	2026-10-06T14:20:48.3876643Z hint: 	git config --global init.defaultBranch <name>
rtl	UNKNOWN STEP	2026-10-06T14:20:48.3878744Z hint:
rtl	UNKNOWN STEP	2026-10-06T14:20:48.3880323Z hint: Names commonly chosen instead of 'master' are 'main', 'trunk' and
rtl	UNKNOWN STEP	2026-10-06T14:20:48.3883131Z hint: 'development'. The just-created branch can be renamed via this command:
rtl	UNKNOWN STEP	2026-10-06T14:20:48.3886107Z hint:
rtl	UNKNOWN STEP	2026-10-06T14:20:48.3886933Z hint: 	git branch -m <name>
rtl	UNKNOWN STEP	2026-10-06T14:20:48.3887851Z hint:
rtl	UNKNOWN STEP	2026-10-06T14:20:48.3888974Z hint: Disable this message with "git config set advice.defaultBranchName false"
rtl	UNKNOWN STEP	2026-10-06T14:20:48.3890111Z Initialized empty Git repository in /home/runner/work/nssoc/nssoc/.git/
rtl	UNKNOWN STEP	2026-10-06T14:20:48.3893384Z [command]/usr/bin/git remote add origin https://github.com/Melihakbulut221/nssoc
rtl	UNKNOWN STEP	2026-10-06T14:20:48.3958762Z ##[endgroup]
rtl	UNKNOWN STEP	2026-10-06T14:20:48.3959599Z ##[group]Disabling automatic garbage collection
rtl	UNKNOWN STEP	2026-10-06T14:20:48.3960372Z [command]/usr/bin/git config --local gc.auto 0
rtl	UNKNOWN STEP	2026-10-06T14:20:48.4022333Z ##[endgroup]
rtl	UNKNOWN STEP	2026-10-06T14:20:48.4023987Z ##[group]Setting up auth
rtl	UNKNOWN STEP	2026-10-06T14:20:48.4025736Z [command]/usr/bin/git config --local --name-only --get-regexp core\.sshCommand
rtl	UNKNOWN STEP	2026-10-06T14:20:48.4061905Z [command]/usr/bin/git submodule foreach --recursive sh -c "git config --local --name-only --get-regexp 'core\.sshCommand' && git config --local --unset-all 'core.sshCommand' || :"
rtl	UNKNOWN STEP	2026-10-06T14:20:48.4473162Z [command]/usr/bin/git config --local --name-only --get-regexp http\.https\:\/\/github\.com\/\.extraheader
rtl	UNKNOWN STEP	2026-10-06T14:20:48.4577969Z [command]/usr/bin/git submodule foreach --recursive sh -c "git config --local --name-only --get-regexp 'http\.https\:\/\/github\.com\/\.extraheader' && git config --local --unset-all 'http.https://github.com/.extraheader' || :"
rtl	UNKNOWN STEP	2026-10-06T14:20:48.4854232Z [command]/usr/bin/git config --local --name-only --get-regexp ^includeIf\.gitdir:
rtl	UNKNOWN STEP	2026-10-06T14:20:48.4885421Z [command]/usr/bin/git submodule foreach --recursive git config --local --show-origin --name-only --get-regexp remote.origin.url
rtl	UNKNOWN STEP	2026-10-06T14:20:48.5117290Z [command]/usr/bin/git config --local http.https://github.com/.extraheader AUTHORIZATION: basic ***
rtl	UNKNOWN STEP	2026-10-06T14:20:48.5158312Z ##[endgroup]
rtl	UNKNOWN STEP	2026-10-06T14:20:48.5167775Z ##[group]Fetching the repository
rtl	UNKNOWN STEP	2026-10-06T14:20:48.5169332Z [command]/usr/bin/git -c protocol.version=2 fetch --no-tags --prune --no-recurse-submodules --depth=1 origin +1cabfbf474226e702b508000b041a9b64158aed5:refs/remotes/pull/1/merge
rtl	UNKNOWN STEP	2026-10-06T14:20:59.0958212Z From https://github.com/Melihakbulut221/nssoc
rtl	UNKNOWN STEP	2026-10-06T14:20:59.0959439Z  * [new ref]         1cabfbf474226e702b508000b041a9b64158aed5 -> pull/1/merge
rtl	UNKNOWN STEP	2026-10-06T14:20:59.0962971Z ##[endgroup]
rtl	UNKNOWN STEP	2026-10-06T14:20:59.0964164Z ##[group]Determining the checkout info
rtl	UNKNOWN STEP	2026-10-06T14:20:59.0972358Z ##[endgroup]
rtl	UNKNOWN STEP	2026-10-06T14:20:59.1008435Z [command]/usr/bin/git sparse-checkout disable
rtl	UNKNOWN STEP	2026-10-06T14:20:59.1064476Z [command]/usr/bin/git config --local --unset-all extensions.worktreeConfig
rtl	UNKNOWN STEP	2026-10-06T14:20:59.1098999Z ##[group]Checking out the ref
rtl	UNKNOWN STEP	2026-10-06T14:20:59.1103918Z [command]/usr/bin/git checkout --progress --force refs/remotes/pull/1/merge
rtl	UNKNOWN STEP	2026-10-06T14:21:00.1476873Z Updating files:  27% (5672/20724)
rtl	UNKNOWN STEP	2026-10-06T14:21:00.1698121Z Updating files:  28% (5803/20724)
rtl	UNKNOWN STEP	2026-10-06T14:21:00.1898155Z Updating files:  29% (6010/20724)
rtl	UNKNOWN STEP	2026-10-06T14:21:00.2153205Z Updating files:  30% (6218/20724)
rtl	UNKNOWN STEP	2026-10-06T14:21:00.2251465Z Updating files:  31% (6425/20724)
rtl	UNKNOWN STEP	2026-10-06T14:21:00.2372235Z Updating files:  32% (6632/20724)
rtl	UNKNOWN STEP	2026-10-06T14:21:00.2490378Z Updating files:  33% (6839/20724)
rtl	UNKNOWN STEP	2026-10-06T14:21:00.2608692Z Updating files:  34% (7047/20724)
rtl	UNKNOWN STEP	2026-10-06T14:21:00.2744617Z Updating files:  35% (7254/20724)
rtl	UNKNOWN STEP	2026-10-06T14:21:00.2820322Z Updating files:  36% (7461/20724)
rtl	UNKNOWN STEP	2026-10-06T14:21:00.2947052Z Updating files:  37% (7668/20724)
rtl	UNKNOWN STEP	2026-10-06T14:21:00.3022071Z Updating files:  38% (7876/20724)
rtl	UNKNOWN STEP	2026-10-06T14:21:00.3129635Z Updating files:  39% (8083/20724)
rtl	UNKNOWN STEP	2026-10-06T14:21:00.3218206Z Updating files:  40% (8290/20724)
rtl	UNKNOWN STEP	2026-10-06T14:21:00.3343553Z Updating files:  41% (8497/20724)
rtl	UNKNOWN STEP	2026-10-06T14:21:00.3523723Z Updating files:  42% (8705/20724)
rtl	UNKNOWN STEP	2026-10-06T14:21:00.3583997Z Updating files:  43% (8912/20724)
rtl	UNKNOWN STEP	2026-10-06T14:21:00.3705046Z Updating files:  44% (9119/20724)
rtl	UNKNOWN STEP	2026-10-06T14:21:00.3857944Z Updating files:  45% (9326/20724)
rtl	UNKNOWN STEP	2026-10-06T14:21:00.3959491Z Updating files:  46% (9534/20724)
rtl	UNKNOWN STEP	2026-10-06T14:21:00.4077085Z Updating files:  47% (9741/20724)
rtl	UNKNOWN STEP	2026-10-06T14:21:00.4172801Z Updating files:  48% (9948/20724)
rtl	UNKNOWN STEP	2026-10-06T14:21:00.4262229Z Updating files:  49% (10155/20724)
rtl	UNKNOWN STEP	2026-10-06T14:21:00.4359382Z Updating files:  50% (10362/20724)
rtl	UNKNOWN STEP	2026-10-06T14:21:00.4505925Z Updating files:  51% (10570/20724)
rtl	UNKNOWN STEP	2026-10-06T14:21:00.4618392Z Updating files:  52% (10777/20724)
rtl	UNKNOWN STEP	2026-10-06T14:21:00.4728921Z Updating files:  53% (10984/20724)
rtl	UNKNOWN STEP	2026-10-06T14:21:00.4971972Z Updating files:  54% (11191/20724)
rtl	UNKNOWN STEP	2026-10-06T14:21:00.5074956Z Updating files:  55% (11399/20724)
rtl	UNKNOWN STEP	2026-10-06T14:21:00.5171510Z Updating files:  56% (11606/20724)
rtl	UNKNOWN STEP	2026-10-06T14:21:00.5276151Z Updating files:  57% (11813/20724)
rtl	UNKNOWN STEP	2026-10-06T14:21:00.5385764Z Updating files:  58% (12020/20724)
rtl	UNKNOWN STEP	2026-10-06T14:21:00.5475347Z Updating files:  59% (12228/20724)
rtl	UNKNOWN STEP	2026-10-06T14:21:00.5601440Z Updating files:  60% (12435/20724)
rtl	UNKNOWN STEP	2026-10-06T14:21:00.5744082Z Updating files:  61% (12642/20724)
rtl	UNKNOWN STEP	2026-10-06T14:21:00.5856572Z Updating files:  62% (12849/20724)
rtl	UNKNOWN STEP	2026-10-06T14:21:00.6008768Z Updating files:  63% (13057/20724)
rtl	UNKNOWN STEP	2026-10-06T14:21:00.6107619Z Updating files:  64% (13264/20724)
rtl	UNKNOWN STEP	2026-10-06T14:21:00.6194326Z Updating files:  65% (13471/20724)
rtl	UNKNOWN STEP	2026-10-06T14:21:00.6278976Z Updating files:  66% (13678/20724)
rtl	UNKNOWN STEP	2026-10-06T14:21:00.6363423Z Updating files:  67% (13886/20724)
rtl	UNKNOWN STEP	2026-10-06T14:21:00.6455371Z Updating files:  68% (14093/20724)
rtl	UNKNOWN STEP	2026-10-06T14:21:00.6551601Z Updating files:  69% (14300/20724)
rtl	UNKNOWN STEP	2026-10-06T14:21:00.6673906Z Updating files:  70% (14507/20724)
rtl	UNKNOWN STEP	2026-10-06T14:21:00.6901829Z Updating files:  71% (14715/20724)
rtl	UNKNOWN STEP	2026-10-06T14:21:00.7063531Z Updating files:  72% (14922/20724)
rtl	UNKNOWN STEP	2026-10-06T14:21:00.7324328Z Updating files:  73% (15129/20724)
rtl	UNKNOWN STEP	2026-10-06T14:21:00.7514554Z Updating files:  74% (15336/20724)
rtl	UNKNOWN STEP	2026-10-06T14:21:00.7701937Z Updating files:  75% (15543/20724)
rtl	UNKNOWN STEP	2026-10-06T14:21:00.7813655Z Updating files:  76% (15751/20724)
rtl	UNKNOWN STEP	2026-10-06T14:21:00.7965820Z Updating files:  77% (15958/20724)
rtl	UNKNOWN STEP	2026-10-06T14:21:00.8077442Z Updating files:  78% (16165/20724)
rtl	UNKNOWN STEP	2026-10-06T14:21:00.8194999Z Updating files:  79% (16372/20724)
rtl	UNKNOWN STEP	2026-10-06T14:21:00.8290909Z Updating files:  80% (16580/20724)
rtl	UNKNOWN STEP	2026-10-06T14:21:00.8386314Z Updating files:  81% (16787/20724)
rtl	UNKNOWN STEP	2026-10-06T14:21:00.8483182Z Updating files:  82% (16994/20724)
rtl	UNKNOWN STEP	2026-10-06T14:21:00.8569383Z Updating files:  83% (17201/20724)
rtl	UNKNOWN STEP	2026-10-06T14:21:00.8649617Z Updating files:  84% (17409/20724)
rtl	UNKNOWN STEP	2026-10-06T14:21:00.8755106Z Updating files:  85% (17616/20724)
rtl	UNKNOWN STEP	2026-10-06T14:21:00.8858233Z Updating files:  86% (17823/20724)
rtl	UNKNOWN STEP	2026-10-06T14:21:00.9325791Z Updating files:  87% (18030/20724)
rtl	UNKNOWN STEP	2026-10-06T14:21:00.9438309Z Updating files:  88% (18238/20724)
rtl	UNKNOWN STEP	2026-10-06T14:21:00.9796947Z Updating files:  89% (18445/20724)
rtl	UNKNOWN STEP	2026-10-06T14:21:01.0032450Z Updating files:  90% (18652/20724)
rtl	UNKNOWN STEP	2026-10-06T14:21:01.0284755Z Updating files:  91% (18859/20724)
rtl	UNKNOWN STEP	2026-10-06T14:21:01.0501129Z Updating files:  92% (19067/20724)
rtl	UNKNOWN STEP	2026-10-06T14:21:01.0659446Z Updating files:  93% (19274/20724)
rtl	UNKNOWN STEP	2026-10-06T14:21:01.0860639Z Updating files:  94% (19481/20724)
rtl	UNKNOWN STEP	2026-10-06T14:21:01.1006293Z Updating files:  95% (19688/20724)
rtl	UNKNOWN STEP	2026-10-06T14:21:01.1174581Z Updating files:  96% (19896/20724)
rtl	UNKNOWN STEP	2026-10-06T14:21:01.1327284Z Updating files:  97% (20103/20724)
rtl	UNKNOWN STEP	2026-10-06T14:21:01.1334140Z Updating files:  98% (20310/20724)
rtl	UNKNOWN STEP	2026-10-06T14:21:01.1451109Z Updating files:  98% (20319/20724)
rtl	UNKNOWN STEP	2026-10-06T14:21:01.1703756Z Updating files:  99% (20517/20724)
rtl	UNKNOWN STEP	2026-10-06T14:21:01.1704447Z Updating files: 100% (20724/20724)
rtl	UNKNOWN STEP	2026-10-06T14:21:01.1705062Z Updating files: 100% (20724/20724), done.
rtl	UNKNOWN STEP	2026-10-06T14:21:01.6783122Z Note: switching to 'refs/remotes/pull/1/merge'.
rtl	UNKNOWN STEP	2026-10-06T14:21:01.6783575Z 
rtl	UNKNOWN STEP	2026-10-06T14:21:01.6784363Z You are in 'detached HEAD' state. You can look around, make experimental
rtl	UNKNOWN STEP	2026-10-06T14:21:01.6785464Z changes and commit them, and you can discard any commits you make in this
rtl	UNKNOWN STEP	2026-10-06T14:21:01.6786216Z state without impacting any branches by switching back to a branch.
rtl	UNKNOWN STEP	2026-10-06T14:21:01.6786626Z 
rtl	UNKNOWN STEP	2026-10-06T14:21:01.6786886Z If you want to create a new branch to retain commits you create, you may
rtl	UNKNOWN STEP	2026-10-06T14:21:01.6787515Z do so (now or later) by using -c with the switch command. Example:
rtl	UNKNOWN STEP	2026-10-06T14:21:01.6787883Z 
rtl	UNKNOWN STEP	2026-10-06T14:21:01.6788035Z   git switch -c <new-branch-name>
rtl	UNKNOWN STEP	2026-10-06T14:21:01.6788341Z 
rtl	UNKNOWN STEP	2026-10-06T14:21:01.6788477Z Or undo this operation with:
rtl	UNKNOWN STEP	2026-10-06T14:21:01.6788697Z 
rtl	UNKNOWN STEP	2026-10-06T14:21:01.6788831Z   git switch -
rtl	UNKNOWN STEP	2026-10-06T14:21:01.6789133Z 
rtl	UNKNOWN STEP	2026-10-06T14:21:01.6789433Z Turn off this advice by setting config variable advice.detachedHead to false
rtl	UNKNOWN STEP	2026-10-06T14:21:01.6789873Z 
rtl	UNKNOWN STEP	2026-10-06T14:21:01.6790454Z HEAD is now at 1cabfbf Merge 1d2590e621d13c3289be4d89f018d4ad977eb0c2 into 473b84f56cb26ab97aa2a5d409c779568c2507a3
rtl	UNKNOWN STEP	2026-10-06T14:21:01.7388044Z ##[endgroup]
rtl	UNKNOWN STEP	2026-10-06T14:21:01.7738871Z [command]/usr/bin/git log -1 --format=%H
rtl	UNKNOWN STEP	2026-10-06T14:21:01.7772960Z 1cabfbf474226e702b508000b041a9b64158aed5
rtl	UNKNOWN STEP	2026-10-06T14:21:01.8028168Z ##[group]Run actions/setup-python@a26af69be951a213d495a4c3e4e4022e16d87065
rtl	UNKNOWN STEP	2026-10-06T14:21:01.8028597Z with:
rtl	UNKNOWN STEP	2026-10-06T14:21:01.8028817Z   python-version: 3.12
rtl	UNKNOWN STEP	2026-10-06T14:21:01.8029038Z   cache: pip
rtl	UNKNOWN STEP	2026-10-06T14:21:01.8029341Z   cache-dependency-path: sw/requirements.txt
rtl	UNKNOWN STEP	hw/requirements.txt
rtl	UNKNOWN STEP	
rtl	UNKNOWN STEP	2026-10-06T14:21:01.8029714Z   check-latest: false
rtl	UNKNOWN STEP	2026-10-06T14:21:01.8032799Z   token: ***
rtl	UNKNOWN STEP	2026-10-06T14:21:01.8033027Z   update-environment: true
rtl	UNKNOWN STEP	2026-10-06T14:21:01.8033274Z   allow-prereleases: false
rtl	UNKNOWN STEP	2026-10-06T14:21:01.8033504Z   freethreaded: false
rtl	UNKNOWN STEP	2026-10-06T14:21:01.8033705Z env:
rtl	UNKNOWN STEP	2026-10-06T14:21:01.8033897Z   SOC_INTERFACE_PROFILE: base
rtl	UNKNOWN STEP	2026-10-06T14:21:01.8034136Z ##[endgroup]
rtl	UNKNOWN STEP	2026-10-06T14:21:01.9360271Z ##[group]Installed versions
rtl	UNKNOWN STEP	2026-10-06T14:21:01.9450960Z (node:2311) [DEP0040] DeprecationWarning: The `punycode` module is deprecated. Please use a userland alternative instead.
rtl	UNKNOWN STEP	2026-10-06T14:21:01.9452347Z (Use `node --trace-deprecation ...` to show where the warning was created)
rtl	UNKNOWN STEP	2026-10-06T14:21:01.9453252Z Successfully set up CPython (3.12.14)
rtl	UNKNOWN STEP	2026-10-06T14:21:01.9453930Z ##[endgroup]
rtl	UNKNOWN STEP	2026-10-06T14:21:01.9816960Z [command]/opt/hostedtoolcache/Python/3.12.14/x64/bin/pip cache dir
rtl	UNKNOWN STEP	2026-10-06T14:21:02.2927533Z /home/runner/.cache/pip
rtl	UNKNOWN STEP	2026-10-06T14:21:02.3834883Z Cache hit for: setup-python-Linux-x64-24.04-Ubuntu-python-3.12.14-pip-35a0007d11040d65da72ed4fcb169477e0be6d2b50171e75fc4dc2620916dbdf
rtl	UNKNOWN STEP	2026-10-06T14:21:02.3938698Z (node:2311) [DEP0169] DeprecationWarning: `url.parse()` behavior is not standardized and prone to errors that have security implications. Use the WHATWG URL API instead. CVEs are not issued for `url.parse()` vulnerabilities.
rtl	UNKNOWN STEP	2026-10-06T14:21:04.1042166Z Received 60183532 of 64377836 (93.5%), 57.4 MBs/sec
rtl	UNKNOWN STEP	2026-10-06T14:21:04.1506239Z Received 64377836 of 64377836 (100.0%), 58.6 MBs/sec
rtl	UNKNOWN STEP	2026-10-06T14:21:04.1507244Z Cache Size: ~61 MB (64377836 B)
rtl	UNKNOWN STEP	2026-10-06T14:21:04.1546699Z [command]/usr/bin/tar -xf /home/runner/work/_temp/d051edc6-0c1f-42f9-89c7-31547f05243b/cache.tzst -P -C /home/runner/work/nssoc/nssoc --use-compress-program unzstd
rtl	UNKNOWN STEP	2026-10-06T14:21:04.2702523Z Cache restored successfully
rtl	UNKNOWN STEP	2026-10-06T14:21:04.2738134Z Cache restored from key: setup-python-Linux-x64-24.04-Ubuntu-python-3.12.14-pip-35a0007d11040d65da72ed4fcb169477e0be6d2b50171e75fc4dc2620916dbdf
rtl	UNKNOWN STEP	2026-10-06T14:21:04.2917632Z ##[group]Run sudo apt-get update -qq
rtl	UNKNOWN STEP	2026-10-06T14:21:04.2918205Z ^[[36;1msudo apt-get update -qq^[[0m
rtl	UNKNOWN STEP	2026-10-06T14:21:04.2918594Z ^[[36;1msudo apt-get install -y --no-install-recommends iverilog^[[0m
rtl	UNKNOWN STEP	2026-10-06T14:21:04.2918982Z ^[[36;1mpython3 -m venv hw/.venv^[[0m
rtl	UNKNOWN STEP	2026-10-06T14:21:04.2919371Z ^[[36;1mhw/.venv/bin/pip install -r hw/requirements.txt^[[0m
rtl	UNKNOWN STEP	2026-10-06T14:21:04.3189572Z shell: /usr/bin/bash -e {0}
rtl	UNKNOWN STEP	2026-10-06T14:21:04.3189919Z env:
rtl	UNKNOWN STEP	2026-10-06T14:21:04.3190183Z   SOC_INTERFACE_PROFILE: base
rtl	UNKNOWN STEP	2026-10-06T14:21:04.3190582Z   pythonLocation: /opt/hostedtoolcache/Python/3.12.14/x64
rtl	UNKNOWN STEP	2026-10-06T14:21:04.3191470Z   PKG_CONFIG_PATH: /opt/hostedtoolcache/Python/3.12.14/x64/lib/pkgconfig
rtl	UNKNOWN STEP	2026-10-06T14:21:04.3192030Z   Python_ROOT_DIR: /opt/hostedtoolcache/Python/3.12.14/x64
rtl	UNKNOWN STEP	2026-10-06T14:21:04.3192526Z   Python2_ROOT_DIR: /opt/hostedtoolcache/Python/3.12.14/x64
rtl	UNKNOWN STEP	2026-10-06T14:21:04.3193030Z   Python3_ROOT_DIR: /opt/hostedtoolcache/Python/3.12.14/x64
rtl	UNKNOWN STEP	2026-10-06T14:21:04.3193591Z   LD_LIBRARY_PATH: /opt/hostedtoolcache/Python/3.12.14/x64/lib
rtl	UNKNOWN STEP	2026-10-06T14:21:04.3194033Z ##[endgroup]
rtl	UNKNOWN STEP	2026-10-06T14:21:09.9251776Z Reading package lists...
rtl	UNKNOWN STEP	2026-10-06T14:21:10.1237773Z Building dependency tree...
rtl	UNKNOWN STEP	2026-10-06T14:21:10.1245215Z Reading state information...
rtl	UNKNOWN STEP	2026-10-06T14:21:10.2701659Z Suggested packages:
rtl	UNKNOWN STEP	2026-10-06T14:21:10.2702046Z   gtkwave
rtl	UNKNOWN STEP	2026-10-06T14:21:10.2844647Z The following NEW packages will be installed:
rtl	UNKNOWN STEP	2026-10-06T14:21:10.2849457Z   iverilog
rtl	UNKNOWN STEP	2026-10-06T14:21:10.3011704Z 0 upgraded, 1 newly installed, 0 to remove and 28 not upgraded.
rtl	UNKNOWN STEP	2026-10-06T14:21:10.3012351Z Need to get 2126 kB of archives.
rtl	UNKNOWN STEP	2026-10-06T14:21:10.3012737Z After this operation, 6828 kB of additional disk space will be used.
rtl	UNKNOWN STEP	2026-10-06T14:21:10.3013174Z Get:1 file:/etc/apt/apt-mirrors.txt Mirrorlist [144 B]
rtl	UNKNOWN STEP	2026-10-06T14:21:10.3389958Z Get:2 http://azure.archive.ubuntu.com/ubuntu noble/universe amd64 iverilog amd64 12.0-2build2 [2126 kB]
rtl	UNKNOWN STEP	2026-10-06T14:21:10.8306695Z Fetched 2126 kB in 0s (33.5 MB/s)
rtl	UNKNOWN STEP	2026-10-06T14:21:10.8908234Z Selecting previously unselected package iverilog.
rtl	UNKNOWN STEP	2026-10-06T14:21:10.9897128Z (Reading database ... 
rtl	UNKNOWN STEP	2026-10-06T14:21:10.9898250Z (Reading database ... 5%
rtl	UNKNOWN STEP	2026-10-06T14:21:10.9898884Z (Reading database ... 10%
rtl	UNKNOWN STEP	2026-10-06T14:21:10.9899539Z (Reading database ... 15%
rtl	UNKNOWN STEP	2026-10-06T14:21:10.9900124Z (Reading database ... 20%
rtl	UNKNOWN STEP	2026-10-06T14:21:10.9901008Z (Reading database ... 25%
rtl	UNKNOWN STEP	2026-10-06T14:21:10.9901783Z (Reading database ... 30%
rtl	UNKNOWN STEP	2026-10-06T14:21:10.9902395Z (Reading database ... 35%
rtl	UNKNOWN STEP	2026-10-06T14:21:10.9902976Z (Reading database ... 40%
rtl	UNKNOWN STEP	2026-10-06T14:21:10.9903561Z (Reading database ... 45%
rtl	UNKNOWN STEP	2026-10-06T14:21:10.9904150Z (Reading database ... 50%
rtl	UNKNOWN STEP	2026-10-06T14:21:10.9977677Z (Reading database ... 55%
rtl	UNKNOWN STEP	2026-10-06T14:21:11.1724152Z (Reading database ... 60%
rtl	UNKNOWN STEP	2026-10-06T14:21:11.7271298Z (Reading database ... 65%
rtl	UNKNOWN STEP	2026-10-06T14:21:12.0851090Z (Reading database ... 70%
rtl	UNKNOWN STEP	2026-10-06T14:21:12.2682931Z (Reading database ... 75%
rtl	UNKNOWN STEP	2026-10-06T14:21:12.3874734Z (Reading database ... 80%
rtl	UNKNOWN STEP	2026-10-06T14:21:12.5372385Z (Reading database ... 85%
rtl	UNKNOWN STEP	2026-10-06T14:21:12.6891310Z (Reading database ... 90%
rtl	UNKNOWN STEP	2026-10-06T14:21:12.7935807Z (Reading database ... 95%
rtl	UNKNOWN STEP	2026-10-06T14:21:12.7936372Z (Reading database ... 100%
rtl	UNKNOWN STEP	2026-10-06T14:21:12.7937086Z (Reading database ... 202296 files and directories currently installed.)
rtl	UNKNOWN STEP	2026-10-06T14:21:12.7980243Z Preparing to unpack .../iverilog_12.0-2build2_amd64.deb ...
rtl	UNKNOWN STEP	2026-10-06T14:21:12.8030484Z Unpacking iverilog (12.0-2build2) ...
rtl	UNKNOWN STEP	2026-10-06T14:21:12.8782506Z Setting up iverilog (12.0-2build2) ...
rtl	UNKNOWN STEP	2026-10-06T14:21:12.8808824Z Processing triggers for man-db (2.12.0-4build2) ...
rtl	UNKNOWN STEP	2026-10-06T14:21:12.8828380Z Not building database; man-db/auto-update is not 'true'.
rtl	UNKNOWN STEP	2026-10-06T14:21:13.5057971Z 
rtl	UNKNOWN STEP	2026-10-06T14:21:13.5058576Z Running kernel seems to be up-to-date.
rtl	UNKNOWN STEP	2026-10-06T14:21:13.5058972Z 
rtl	UNKNOWN STEP	2026-10-06T14:21:13.5059164Z No services need to be restarted.
rtl	UNKNOWN STEP	2026-10-06T14:21:13.5059482Z 
rtl	UNKNOWN STEP	2026-10-06T14:21:13.5059668Z No containers need to be restarted.
rtl	UNKNOWN STEP	2026-10-06T14:21:13.5060000Z 
rtl	UNKNOWN STEP	2026-10-06T14:21:13.5060599Z No user sessions are running outdated binaries.
rtl	UNKNOWN STEP	2026-10-06T14:21:13.5061505Z 
rtl	UNKNOWN STEP	2026-10-06T14:21:13.5061864Z No VM guests are running outdated hypervisor (qemu) binaries on this host.
rtl	UNKNOWN STEP	2026-10-06T14:21:17.6351358Z Collecting cocotb==2.0.1 (from -r hw/requirements.txt (line 4))
rtl	UNKNOWN STEP	2026-10-06T14:21:17.6365187Z   Using cached cocotb-2.0.1-cp312-cp312-manylinux_2_17_x86_64.manylinux2014_x86_64.whl.metadata (2.8 kB)
rtl	UNKNOWN STEP	2026-10-06T14:21:17.6683216Z Collecting pytest>=8.0 (from -r hw/requirements.txt (line 5))
rtl	UNKNOWN STEP	2026-10-06T14:21:17.6694844Z   Using cached pytest-9.1.1-py3-none-any.whl.metadata (7.6 kB)
rtl	UNKNOWN STEP	2026-10-06T14:21:17.7009251Z Collecting pyyaml>=6.0 (from -r hw/requirements.txt (line 6))
rtl	UNKNOWN STEP	2026-10-06T14:21:17.7021087Z   Using cached pyyaml-6.0.3-cp312-cp312-manylinux2014_x86_64.manylinux_2_17_x86_64.manylinux_2_28_x86_64.whl.metadata (2.4 kB)
rtl	UNKNOWN STEP	2026-10-06T14:21:17.7107891Z Collecting find_libpython (from cocotb==2.0.1->-r hw/requirements.txt (line 4))
rtl	UNKNOWN STEP	2026-10-06T14:21:17.7119327Z   Using cached find_libpython-0.5.1-py3-none-any.whl.metadata (2.8 kB)
rtl	UNKNOWN STEP	2026-10-06T14:21:17.7208774Z Collecting iniconfig>=1.0.1 (from pytest>=8.0->-r hw/requirements.txt (line 5))
rtl	UNKNOWN STEP	2026-10-06T14:21:17.7219723Z   Using cached iniconfig-2.3.0-py3-none-any.whl.metadata (2.5 kB)
rtl	UNKNOWN STEP	2026-10-06T14:21:17.7370552Z Collecting packaging>=22 (from pytest>=8.0->-r hw/requirements.txt (line 5))
rtl	UNKNOWN STEP	2026-10-06T14:21:17.7382082Z   Using cached packaging-26.3-py3-none-any.whl.metadata (3.5 kB)
rtl	UNKNOWN STEP	2026-10-06T14:21:17.7487449Z Collecting pluggy<2,>=1.5 (from pytest>=8.0->-r hw/requirements.txt (line 5))
rtl	UNKNOWN STEP	2026-10-06T14:21:17.7498532Z   Using cached pluggy-1.6.0-py3-none-any.whl.metadata (4.8 kB)
rtl	UNKNOWN STEP	2026-10-06T14:21:17.7678233Z Collecting pygments>=2.7.2 (from pytest>=8.0->-r hw/requirements.txt (line 5))
rtl	UNKNOWN STEP	2026-10-06T14:21:17.7689585Z   Using cached pygments-2.21.0-py3-none-any.whl.metadata (2.5 kB)
rtl	UNKNOWN STEP	2026-10-06T14:21:17.7743324Z Using cached cocotb-2.0.1-cp312-cp312-manylinux_2_17_x86_64.manylinux2014_x86_64.whl (4.6 MB)
rtl	UNKNOWN STEP	2026-10-06T14:21:17.7771362Z Using cached pytest-9.1.1-py3-none-any.whl (386 kB)
rtl	UNKNOWN STEP	2026-10-06T14:21:17.7784629Z Using cached pyyaml-6.0.3-cp312-cp312-manylinux2014_x86_64.manylinux_2_17_x86_64.manylinux_2_28_x86_64.whl (807 kB)
rtl	UNKNOWN STEP	2026-10-06T14:21:17.7799083Z Using cached iniconfig-2.3.0-py3-none-any.whl (7.5 kB)
rtl	UNKNOWN STEP	2026-10-06T14:21:17.7809986Z Using cached packaging-26.3-py3-none-any.whl (129 kB)
rtl	UNKNOWN STEP	2026-10-06T14:21:17.7821363Z Using cached pluggy-1.6.0-py3-none-any.whl (20 kB)
rtl	UNKNOWN STEP	2026-10-06T14:21:17.7832609Z Using cached pygments-2.21.0-py3-none-any.whl (1.3 MB)
rtl	UNKNOWN STEP	2026-10-06T14:21:17.7848001Z Using cached find_libpython-0.5.1-py3-none-any.whl (9.2 kB)
rtl	UNKNOWN STEP	2026-10-06T14:21:17.8286645Z Installing collected packages: pyyaml, pygments, pluggy, packaging, iniconfig, find_libpython, pytest, cocotb
rtl	UNKNOWN STEP	2026-10-06T14:21:19.1447379Z Successfully installed cocotb-2.0.1 find_libpython-0.5.1 iniconfig-2.3.0 packaging-26.3 pluggy-1.6.0 pygments-2.21.0 pytest-9.1.1 pyyaml-6.0.3
rtl	UNKNOWN STEP	2026-10-06T14:21:19.2265034Z 
rtl	UNKNOWN STEP	2026-10-06T14:21:19.2265813Z [notice] A new release of pip is available: 25.0.1 -> 26.2.1
rtl	UNKNOWN STEP	2026-10-06T14:21:19.2266455Z [notice] To update, run: python3 -m pip install --upgrade pip
rtl	UNKNOWN STEP	2026-10-06T14:21:19.2833213Z ##[group]Run make soc-interfaces-prepare INTERFACE_PYTHON="$PWD/hw/.venv/bin/python"
rtl	UNKNOWN STEP	2026-10-06T14:21:19.2833860Z ^[[36;1mmake soc-interfaces-prepare INTERFACE_PYTHON="$PWD/hw/.venv/bin/python"^[[0m
rtl	UNKNOWN STEP	2026-10-06T14:21:19.2900160Z shell: /usr/bin/bash -e {0}
rtl	UNKNOWN STEP	2026-10-06T14:21:19.2900439Z env:
rtl	UNKNOWN STEP	2026-10-06T14:21:19.2900651Z   SOC_INTERFACE_PROFILE: base
rtl	UNKNOWN STEP	2026-10-06T14:21:19.2901188Z   pythonLocation: /opt/hostedtoolcache/Python/3.12.14/x64
rtl	UNKNOWN STEP	2026-10-06T14:21:19.2901671Z   PKG_CONFIG_PATH: /opt/hostedtoolcache/Python/3.12.14/x64/lib/pkgconfig
rtl	UNKNOWN STEP	2026-10-06T14:21:19.2902139Z   Python_ROOT_DIR: /opt/hostedtoolcache/Python/3.12.14/x64
rtl	UNKNOWN STEP	2026-10-06T14:21:19.2902572Z   Python2_ROOT_DIR: /opt/hostedtoolcache/Python/3.12.14/x64
rtl	UNKNOWN STEP	2026-10-06T14:21:19.2903035Z   Python3_ROOT_DIR: /opt/hostedtoolcache/Python/3.12.14/x64
rtl	UNKNOWN STEP	2026-10-06T14:21:19.2903485Z   LD_LIBRARY_PATH: /opt/hostedtoolcache/Python/3.12.14/x64/lib
rtl	UNKNOWN STEP	2026-10-06T14:21:19.2903876Z ##[endgroup]
rtl	UNKNOWN STEP	2026-10-06T14:21:19.3018813Z make -f /home/runner/work/nssoc/nssoc/hw/soc/tools.soc.mk fetch-verilog-i2c fetch-verilog-ethernet
rtl	UNKNOWN STEP	2026-10-06T14:21:19.3035833Z make[1]: Entering directory '/home/runner/work/nssoc/nssoc'
rtl	UNKNOWN STEP	2026-10-06T14:21:19.4784782Z git -C /home/runner/work/nssoc/nssoc/hw/soc/ext/verilog-i2c fetch --quiet origin
rtl	UNKNOWN STEP	2026-10-06T14:21:19.5864805Z git -C /home/runner/work/nssoc/nssoc/hw/soc/ext/verilog-i2c checkout --quiet a65be4045e898a52e791c6ee71f8f79a7cd2e129
rtl	UNKNOWN STEP	2026-10-06T14:21:19.5925872Z verilog-i2c @ a65be4045e898a52e791c6ee71f8f79a7cd2e129
rtl	UNKNOWN STEP	2026-10-06T14:21:20.3418208Z git -C /home/runner/work/nssoc/nssoc/hw/soc/ext/verilog-ethernet fetch --quiet origin
rtl	UNKNOWN STEP	2026-10-06T14:21:20.4522565Z git -C /home/runner/work/nssoc/nssoc/hw/soc/ext/verilog-ethernet checkout --quiet 77320a9471d19c7dd383914bc049e02d9f4f1ffb
rtl	UNKNOWN STEP	2026-10-06T14:21:20.5045293Z verilog-ethernet @ 77320a9471d19c7dd383914bc049e02d9f4f1ffb
rtl	UNKNOWN STEP	2026-10-06T14:21:20.5546268Z make[1]: Leaving directory '/home/runner/work/nssoc/nssoc'
rtl	UNKNOWN STEP	2026-10-06T14:21:20.5556798Z /home/runner/work/nssoc/nssoc/hw/.venv/bin/python /home/runner/work/nssoc/nssoc/hw/soc/flow/prepare_interfaces.py --profile base
rtl	UNKNOWN STEP	2026-10-06T14:21:20.6547171Z /home/runner/work/nssoc/nssoc/hw/soc/gen/interfaces.bundle.vh: 9 upstream RTL files, 9 inputs
rtl	UNKNOWN STEP	2026-10-06T14:21:20.6645668Z ##[group]Run scripts/run_cocotb.sh
rtl	UNKNOWN STEP	2026-10-06T14:21:20.6646009Z ^[[36;1mscripts/run_cocotb.sh^[[0m
rtl	UNKNOWN STEP	2026-10-06T14:21:20.6709404Z shell: /usr/bin/bash -e {0}
rtl	UNKNOWN STEP	2026-10-06T14:21:20.6709679Z env:
rtl	UNKNOWN STEP	2026-10-06T14:21:20.6709894Z   SOC_INTERFACE_PROFILE: base
rtl	UNKNOWN STEP	2026-10-06T14:21:20.6710282Z   pythonLocation: /opt/hostedtoolcache/Python/3.12.14/x64
rtl	UNKNOWN STEP	2026-10-06T14:21:20.6710980Z   PKG_CONFIG_PATH: /opt/hostedtoolcache/Python/3.12.14/x64/lib/pkgconfig
rtl	UNKNOWN STEP	2026-10-06T14:21:20.6711453Z   Python_ROOT_DIR: /opt/hostedtoolcache/Python/3.12.14/x64
rtl	UNKNOWN STEP	2026-10-06T14:21:20.6711858Z   Python2_ROOT_DIR: /opt/hostedtoolcache/Python/3.12.14/x64
rtl	UNKNOWN STEP	2026-10-06T14:21:20.6712265Z   Python3_ROOT_DIR: /opt/hostedtoolcache/Python/3.12.14/x64
rtl	UNKNOWN STEP	2026-10-06T14:21:20.6731377Z   LD_LIBRARY_PATH: /opt/hostedtoolcache/Python/3.12.14/x64/lib
rtl	UNKNOWN STEP	2026-10-06T14:21:20.6731995Z ##[endgroup]
rtl	UNKNOWN STEP	2026-10-06T14:21:20.6883228Z == hw/tb
rtl	UNKNOWN STEP	2026-10-06T14:21:28.6030368Z   tb                           20 passed, 0 skipped
rtl	UNKNOWN STEP	2026-10-06T14:21:28.6044202Z   fi                           skipped (see SKIP_DEFAULT)
rtl	UNKNOWN STEP	2026-10-06T14:21:28.6056755Z   gl                           skipped (see SKIP_DEFAULT)
rtl	UNKNOWN STEP	2026-10-06T14:21:28.6069341Z   glfi                         skipped (see SKIP_DEFAULT)
rtl	UNKNOWN STEP	2026-10-06T14:22:01.0904069Z   lif                          32 passed, 0 skipped
rtl	UNKNOWN STEP	2026-10-06T14:22:49.8565779Z   pilot                        31 passed, 0 skipped
rtl	UNKNOWN STEP	2026-10-06T14:22:53.0025095Z   regbank                      33 passed, 0 skipped
rtl	UNKNOWN STEP	2026-10-06T14:23:00.5133841Z   scrub                        42 passed, 0 skipped
rtl	UNKNOWN STEP	2026-10-06T14:23:05.2834517Z   secded                       12 passed, 12 skipped
rtl	UNKNOWN STEP	2026-10-06T14:23:10.9321226Z   tmr                          18 passed, 3 skipped
rtl	UNKNOWN STEP	2026-10-06T14:23:10.9324755Z == hw/soc/tb/cocotb
rtl	UNKNOWN STEP	2026-10-06T14:23:18.8416251Z   ibex_regfile_secded          6 passed, 0 skipped
rtl	UNKNOWN STEP	2026-10-06T14:23:32.8394285Z   pilotlink                    2 passed, 0 skipped
rtl	UNKNOWN STEP	2026-10-06T14:23:35.9760039Z   soc_apb_bridge               11 passed, 0 skipped
rtl	UNKNOWN STEP	2026-10-06T14:23:38.6278306Z   soc_apb_bridge_to            4 passed, 0 skipped
rtl	UNKNOWN STEP	2026-10-06T14:23:41.5477468Z   soc_boot                     22 passed, 0 skipped
rtl	UNKNOWN STEP	2026-10-06T14:23:54.8283258Z   soc_boot_fi                  4 passed, 0 skipped
rtl	UNKNOWN STEP	2026-10-06T14:23:58.4549561Z   soc_bus                      17 passed, 0 skipped
rtl	UNKNOWN STEP	2026-10-06T14:24:04.4256383Z   soc_busstat                  12 passed, 0 skipped
rtl	UNKNOWN STEP	2026-10-06T14:24:07.2815484Z   soc_clint                    17 passed, 0 skipped
rtl	UNKNOWN STEP	2026-10-06T14:24:43.5418632Z   soc_clint_fi                 3 passed, 0 skipped
rtl	UNKNOWN STEP	2026-10-06T14:24:56.5004872Z   soc_eth                      6 passed, 0 skipped
rtl	UNKNOWN STEP	2026-10-06T14:24:59.2037642Z   soc_gpio                     14 passed, 0 skipped
rtl	UNKNOWN STEP	2026-10-06T14:25:01.9153925Z   soc_gptimer                  10 passed, 0 skipped
rtl	UNKNOWN STEP	2026-10-06T14:25:06.8641195Z   soc_interfaces               8 passed, 6 skipped
rtl	UNKNOWN STEP	2026-10-06T14:25:10.4146004Z   soc_mem                      16 passed, 0 skipped
rtl	UNKNOWN STEP	2026-10-06T14:29:06.4416779Z   soc_npu                      36 passed, 0 skipped
rtl	UNKNOWN STEP	2026-10-06T14:29:09.1802222Z   soc_npu_ser                  3 passed, 0 skipped
rtl	UNKNOWN STEP	2026-10-06T14:29:12.0588767Z   soc_pcie_apb_arbiter         6 passed, 0 skipped
rtl	UNKNOWN STEP	2026-10-06T14:29:15.4862371Z   soc_pcie_buffered_flow_packets 5 passed, 0 skipped
rtl	UNKNOWN STEP	2026-10-06T14:29:20.2985481Z   soc_pcie_credit_tx           4 passed, 0 skipped
rtl	UNKNOWN STEP	2026-10-06T14:29:29.8263073Z   soc_pcie_dllp_rx             3 passed, 0 skipped
rtl	UNKNOWN STEP	2026-10-06T14:29:32.7975314Z   soc_pcie_fc_tx               3 passed, 0 skipped
rtl	UNKNOWN STEP	2026-10-06T14:29:35.8153273Z   soc_pcie_flow_packets        3 passed, 0 skipped
rtl	UNKNOWN STEP	2026-10-06T14:29:41.2660210Z   soc_pcie_gen3_block_cdc_v1   7 passed, 0 skipped
rtl	UNKNOWN STEP	2026-10-06T14:29:46.7693348Z   soc_pcie_gen3_continuous_rx  6 passed, 0 skipped
rtl	UNKNOWN STEP	2026-10-06T14:30:08.0125814Z   soc_pcie_gen3_continuous_rx_integrity_v1 12 passed, 0 skipped
rtl	UNKNOWN STEP	2026-10-06T14:31:12.6828729Z   soc_pcie_gen3_continuous_rx_integrity_v10 13 passed, 0 skipped
rtl	UNKNOWN STEP	2026-10-06T14:32:17.5924904Z   soc_pcie_gen3_continuous_rx_integrity_v11 13 passed, 0 skipped
rtl	UNKNOWN STEP	2026-10-06T14:33:22.4053217Z   soc_pcie_gen3_continuous_rx_integrity_v12 13 passed, 0 skipped
rtl	UNKNOWN STEP	2026-10-06T14:34:27.4624759Z   soc_pcie_gen3_continuous_rx_integrity_v13 13 passed, 0 skipped
rtl	UNKNOWN STEP	2026-10-06T14:35:35.5602676Z   soc_pcie_gen3_continuous_rx_integrity_v14 13 passed, 0 skipped
rtl	UNKNOWN STEP	2026-10-06T14:36:59.5273391Z   soc_pcie_gen3_continuous_rx_integrity_v17 13 passed, 0 skipped
rtl	UNKNOWN STEP	2026-10-06T14:38:22.9717464Z   soc_pcie_gen3_continuous_rx_integrity_v18 13 passed, 0 skipped
rtl	UNKNOWN STEP	2026-10-06T14:40:14.4458700Z   soc_pcie_gen3_continuous_rx_integrity_v19 14 passed, 0 skipped
rtl	UNKNOWN STEP	2026-10-06T14:40:35.8342504Z   soc_pcie_gen3_continuous_rx_integrity_v2 12 passed, 0 skipped
rtl	UNKNOWN STEP	2026-10-06T14:42:26.8578525Z   soc_pcie_gen3_continuous_rx_integrity_v20 15 passed, 0 skipped
rtl	UNKNOWN STEP	2026-10-06T14:43:53.4260577Z   soc_pcie_gen3_continuous_rx_integrity_v21 16 passed, 0 skipped
rtl	UNKNOWN STEP	2026-10-06T14:45:35.7250628Z   soc_pcie_gen3_continuous_rx_integrity_v22 17 passed, 0 skipped
rtl	UNKNOWN STEP	2026-10-06T14:47:29.0090502Z   soc_pcie_gen3_continuous_rx_integrity_v23 18 passed, 0 skipped
rtl	UNKNOWN STEP	2026-10-06T14:49:28.1413997Z   soc_pcie_gen3_continuous_rx_integrity_v24 18 passed, 0 skipped
rtl	UNKNOWN STEP	2026-10-06T14:51:08.9391029Z   soc_pcie_gen3_continuous_rx_integrity_v25 19 passed, 0 skipped
rtl	UNKNOWN STEP	2026-10-06T14:51:53.8904493Z   soc_pcie_gen3_continuous_rx_integrity_v3 13 passed, 0 skipped
rtl	UNKNOWN STEP	2026-10-06T14:52:43.9544054Z   soc_pcie_gen3_continuous_rx_integrity_v4 13 passed, 0 skipped
rtl	UNKNOWN STEP	2026-10-06T14:53:52.9673940Z   soc_pcie_gen3_continuous_rx_integrity_v5 13 passed, 0 skipped
rtl	UNKNOWN STEP	2026-10-06T14:55:03.1390273Z   soc_pcie_gen3_continuous_rx_integrity_v6 13 passed, 0 skipped
rtl	UNKNOWN STEP	2026-10-06T14:56:11.0997203Z   soc_pcie_gen3_continuous_rx_integrity_v7 13 passed, 0 skipped
rtl	UNKNOWN STEP	2026-10-06T14:57:17.9918973Z   soc_pcie_gen3_continuous_rx_integrity_v9 13 passed, 0 skipped
rtl	UNKNOWN STEP	2026-10-06T14:57:43.3112550Z   soc_pcie_gen3_continuous_rx_owned_v1 20 passed, 0 skipped
rtl	UNKNOWN STEP	2026-10-06T14:58:08.6416235Z   soc_pcie_gen3_continuous_rx_owned_v2 20 passed, 0 skipped
rtl	UNKNOWN STEP	2026-10-06T14:58:26.9457308Z   soc_pcie_gen3_continuous_rx_wide 9 passed, 0 skipped
rtl	UNKNOWN STEP	2026-10-06T14:58:45.4060672Z   soc_pcie_gen3_continuous_rx_wide_runtime_v3 9 passed, 0 skipped
rtl	UNKNOWN STEP	2026-10-06T14:59:16.4064020Z   soc_pcie_gen3_dllp_consumer_compare_v2 9 passed, 0 skipped
rtl	UNKNOWN STEP	2026-10-06T15:00:08.6595161Z   soc_pcie_gen3_dllp_consumer_compare_v3 9 passed, 0 skipped
rtl	UNKNOWN STEP	2026-10-06T15:01:19.7974024Z   soc_pcie_gen3_dllp_consumer_compare_v4 9 passed, 0 skipped
rtl	UNKNOWN STEP	2026-10-06T15:16:21.3634614Z   soc_pcie_gen3_dllp_consumer_compare_v5 INVALID/MISSING XML (make rc=124; /home/runner/work/nssoc/nssoc/hw/soc/out/cocotb/soc_pcie_gen3_dllp_consumer_compare_v5.log)
rtl	UNKNOWN STEP	2026-10-06T15:16:21.3653239Z       make: *** [Makefile.soc_pcie_gen3_dllp_consumer_compare_v5:13: sim] Terminated
rtl	UNKNOWN STEP	2026-10-06T15:16:21.3654650Z       make[2]: *** [/home/runner/work/nssoc/nssoc/hw/.venv/lib/python3.12/site-packages/cocotb_tools/makefiles/simulators/Makefile.icarus:66: results_soc_pcie_gen3_dllp_consumer_compare_v5.xml] Terminated
rtl	UNKNOWN STEP	2026-10-06T15:16:21.3656458Z       make[1]: *** [/home/runner/work/nssoc/nssoc/hw/.venv/lib/python3.12/site-packages/cocotb_tools/makefiles/Makefile.inc:17: sim] Terminated
rtl	UNKNOWN STEP	2026-10-06T15:16:21.3657840Z       usage: cocotb_results.py [-h] paths [paths ...]
rtl	UNKNOWN STEP	2026-10-06T15:16:21.3658659Z       cocotb_results.py: error: the following arguments are required: paths
rtl	UNKNOWN STEP	2026-10-06T15:31:22.9285890Z   soc_pcie_gen3_dllp_consumer_forwarding_v5 INVALID/MISSING XML (make rc=124; /home/runner/work/nssoc/nssoc/hw/soc/out/cocotb/soc_pcie_gen3_dllp_consumer_forwarding_v5.log)
rtl	UNKNOWN STEP	2026-10-06T15:31:22.9301467Z       make: *** [Makefile.soc_pcie_gen3_dllp_consumer_forwarding_v5:13: sim] Terminated
rtl	UNKNOWN STEP	2026-10-06T15:31:22.9303155Z       make[2]: *** [/home/runner/work/nssoc/nssoc/hw/.venv/lib/python3.12/site-packages/cocotb_tools/makefiles/simulators/Makefile.icarus:66: results_soc_pcie_gen3_dllp_consumer_forwarding_v5.xml] Terminated
rtl	UNKNOWN STEP	2026-10-06T15:31:22.9304637Z       make[1]: *** [/home/runner/work/nssoc/nssoc/hw/.venv/lib/python3.12/site-packages/cocotb_tools/makefiles/Makefile.inc:17: sim] Terminated
rtl	UNKNOWN STEP	2026-10-06T15:31:22.9315048Z       usage: cocotb_results.py [-h] paths [paths ...]
rtl	UNKNOWN STEP	2026-10-06T15:31:22.9315801Z       cocotb_results.py: error: the following arguments are required: paths
rtl	UNKNOWN STEP	2026-10-06T15:31:31.8592235Z   soc_pcie_gen3_dllp_consumer_v1 6 passed, 0 skipped
rtl	UNKNOWN STEP	2026-10-06T15:31:47.0917146Z   soc_pcie_gen3_dllp_consumer_v2 6 passed, 0 skipped
rtl	UNKNOWN STEP	2026-10-06T15:32:02.6023559Z   soc_pcie_gen3_dllp_consumer_v3 6 passed, 0 skipped
rtl	UNKNOWN STEP	2026-10-06T15:32:18.2590109Z   soc_pcie_gen3_dllp_consumer_v4 6 passed, 0 skipped
rtl	UNKNOWN STEP	2026-10-06T15:47:19.8298153Z   soc_pcie_gen3_dllp_consumer_v5 INVALID/MISSING XML (make rc=124; /home/runner/work/nssoc/nssoc/hw/soc/out/cocotb/soc_pcie_gen3_dllp_consumer_v5.log)
rtl	UNKNOWN STEP	2026-10-06T15:47:19.8313287Z       make: *** [Makefile.soc_pcie_gen3_dllp_consumer_v5:13: sim] Terminated
rtl	UNKNOWN STEP	2026-10-06T15:47:19.8314651Z       make[2]: *** [/home/runner/work/nssoc/nssoc/hw/.venv/lib/python3.12/site-packages/cocotb_tools/makefiles/simulators/Makefile.icarus:66: results_soc_pcie_gen3_dllp_consumer_v5.xml] Terminated
rtl	UNKNOWN STEP	2026-10-06T15:47:19.8315928Z       make[1]: *** [/home/runner/work/nssoc/nssoc/hw/.venv/lib/python3.12/site-packages/cocotb_tools/makefiles/Makefile.inc:17: sim] Terminated
rtl	UNKNOWN STEP	2026-10-06T15:47:19.8316744Z       usage: cocotb_results.py [-h] paths [paths ...]
rtl	UNKNOWN STEP	2026-10-06T15:47:19.8317207Z       cocotb_results.py: error: the following arguments are required: paths
rtl	UNKNOWN STEP	2026-10-06T16:02:21.4019002Z   soc_pcie_gen3_dllp_consumer_v6 INVALID/MISSING XML (make rc=124; /home/runner/work/nssoc/nssoc/hw/soc/out/cocotb/soc_pcie_gen3_dllp_consumer_v6.log)
rtl	UNKNOWN STEP	2026-10-06T16:02:21.4034617Z       make: *** [Makefile.soc_pcie_gen3_dllp_consumer_v6:13: sim] Terminated
rtl	UNKNOWN STEP	2026-10-06T16:02:21.4035972Z       make[2]: *** [/home/runner/work/nssoc/nssoc/hw/.venv/lib/python3.12/site-packages/cocotb_tools/makefiles/simulators/Makefile.icarus:66: results_soc_pcie_gen3_dllp_consumer_v6.xml] Terminated
rtl	UNKNOWN STEP	2026-10-06T16:02:21.4037154Z       make[1]: *** [/home/runner/work/nssoc/nssoc/hw/.venv/lib/python3.12/site-packages/cocotb_tools/makefiles/Makefile.inc:17: sim] Terminated
rtl	UNKNOWN STEP	2026-10-06T16:02:21.4037946Z       usage: cocotb_results.py [-h] paths [paths ...]
rtl	UNKNOWN STEP	2026-10-06T16:02:21.4038434Z       cocotb_results.py: error: the following arguments are required: paths
rtl	UNKNOWN STEP	2026-10-06T16:02:25.3529267Z   soc_pcie_gen3_framer_rx      6 passed, 0 skipped
rtl	UNKNOWN STEP	2026-10-06T16:02:28.5495163Z   soc_pcie_gen3_framer_tx      4 passed, 0 skipped
rtl	UNKNOWN STEP	2026-10-06T16:02:32.9144556Z   soc_pcie_gen3_gearbox        3 passed, 0 skipped
rtl	UNKNOWN STEP	2026-10-06T16:02:38.1223624Z   soc_pcie_gen3_ingress        4 passed, 0 skipped
rtl	UNKNOWN STEP	2026-10-06T16:02:43.7012175Z   soc_pcie_gen3_packet_duplex  5 passed, 0 skipped
rtl	UNKNOWN STEP	2026-10-06T16:02:47.6665050Z   soc_pcie_gen3_packet_tx_path 2 passed, 0 skipped
rtl	UNKNOWN STEP	2026-10-06T16:17:49.2279702Z   soc_pcie_gen3_recovered_events_v1 INVALID/MISSING XML (make rc=124; /home/runner/work/nssoc/nssoc/hw/soc/out/cocotb/soc_pcie_gen3_recovered_events_v1.log)
rtl	UNKNOWN STEP	2026-10-06T16:17:49.2294361Z       make: *** [Makefile.soc_pcie_gen3_recovered_events_v1:13: sim] Terminated
rtl	UNKNOWN STEP	2026-10-06T16:17:49.2295368Z       make[2]: *** [/home/runner/work/nssoc/nssoc/hw/.venv/lib/python3.12/site-packages/cocotb_tools/makefiles/simulators/Makefile.icarus:66: results_soc_pcie_gen3_recovered_events_v1.xml] Terminated
rtl	UNKNOWN STEP	2026-10-06T16:17:49.2296530Z       make[1]: *** [/home/runner/work/nssoc/nssoc/hw/.venv/lib/python3.12/site-packages/cocotb_tools/makefiles/Makefile.inc:17: sim] Terminated
rtl	UNKNOWN STEP	2026-10-06T16:17:49.2297241Z       usage: cocotb_results.py [-h] paths [paths ...]
rtl	UNKNOWN STEP	2026-10-06T16:17:49.2297759Z       cocotb_results.py: error: the following arguments are required: paths
rtl	UNKNOWN STEP	2026-10-06T16:32:50.7889006Z   soc_pcie_gen3_recovered_events_v2 INVALID/MISSING XML (make rc=124; /home/runner/work/nssoc/nssoc/hw/soc/out/cocotb/soc_pcie_gen3_recovered_events_v2.log)
rtl	UNKNOWN STEP	2026-10-06T16:32:50.7904117Z       make: *** [Makefile.soc_pcie_gen3_recovered_events_v2:13: sim] Terminated
rtl	UNKNOWN STEP	2026-10-06T16:32:50.7905738Z       make[2]: *** [/home/runner/work/nssoc/nssoc/hw/.venv/lib/python3.12/site-packages/cocotb_tools/makefiles/simulators/Makefile.icarus:66: results_soc_pcie_gen3_recovered_events_v2.xml] Terminated
rtl	UNKNOWN STEP	2026-10-06T16:32:50.7908375Z       make[1]: *** [/home/runner/work/nssoc/nssoc/hw/.venv/lib/python3.12/site-packages/cocotb_tools/makefiles/Makefile.inc:17: sim] Terminated
rtl	UNKNOWN STEP	2026-10-06T16:32:50.7909096Z       usage: cocotb_results.py [-h] paths [paths ...]
rtl	UNKNOWN STEP	2026-10-06T16:32:50.7909530Z       cocotb_results.py: error: the following arguments are required: paths
rtl	UNKNOWN STEP	2026-10-06T16:33:09.7013999Z   soc_pcie_gen3_recovered_packet_rx_v1 15 passed, 0 skipped
rtl	UNKNOWN STEP	2026-10-06T16:33:24.1227999Z   soc_pcie_gen3_recovered_x4_v1 7 passed, 0 skipped
rtl	UNKNOWN STEP	2026-10-06T16:33:41.5034743Z   soc_pcie_gen3_recovered_x4_v2 9 passed, 0 skipped
rtl	UNKNOWN STEP	2026-10-06T16:34:01.6004441Z   soc_pcie_gen3_recovered_x4_v3 11 passed, 0 skipped
rtl	UNKNOWN STEP	2026-10-06T16:34:04.0145523Z   soc_pcie_gen3_rx_events_v1   INVALID/MISSING XML (make rc=2; /home/runner/work/nssoc/nssoc/hw/soc/out/cocotb/soc_pcie_gen3_rx_events_v1.log)
rtl	UNKNOWN STEP	2026-10-06T16:34:04.0161080Z       make[2]: *** [/home/runner/work/nssoc/nssoc/hw/.venv/lib/python3.12/site-packages/cocotb_tools/makefiles/simulators/Makefile.icarus:52: sim_build_soc_pcie_gen3_rx_events_v1/sim.vvp] Error 3
rtl	UNKNOWN STEP	2026-10-06T16:34:04.0163095Z       make[1]: *** [/home/runner/work/nssoc/nssoc/hw/.venv/lib/python3.12/site-packages/cocotb_tools/makefiles/Makefile.inc:17: sim] Error 2
rtl	UNKNOWN STEP	2026-10-06T16:34:04.0164565Z       make: *** [Makefile.soc_pcie_gen3_rx_events_v1:13: sim] Error 2
rtl	UNKNOWN STEP	2026-10-06T16:34:04.0164994Z       usage: cocotb_results.py [-h] paths [paths ...]
rtl	UNKNOWN STEP	2026-10-06T16:34:04.0165429Z       cocotb_results.py: error: the following arguments are required: paths
rtl	UNKNOWN STEP	2026-10-06T16:34:06.4347744Z   soc_pcie_gen3_rx_events_v2   INVALID/MISSING XML (make rc=2; /home/runner/work/nssoc/nssoc/hw/soc/out/cocotb/soc_pcie_gen3_rx_events_v2.log)
rtl	UNKNOWN STEP	2026-10-06T16:34:06.4362984Z       make[2]: *** [/home/runner/work/nssoc/nssoc/hw/.venv/lib/python3.12/site-packages/cocotb_tools/makefiles/simulators/Makefile.icarus:52: sim_build_soc_pcie_gen3_rx_events_v2/sim.vvp] Error 3
rtl	UNKNOWN STEP	2026-10-06T16:34:06.4364291Z       make[1]: *** [/home/runner/work/nssoc/nssoc/hw/.venv/lib/python3.12/site-packages/cocotb_tools/makefiles/Makefile.inc:17: sim] Error 2
rtl	UNKNOWN STEP	2026-10-06T16:34:06.4364999Z       make: *** [Makefile.soc_pcie_gen3_rx_events_v2:13: sim] Error 2
rtl	UNKNOWN STEP	2026-10-06T16:34:06.4365402Z       usage: cocotb_results.py [-h] paths [paths ...]
rtl	UNKNOWN STEP	2026-10-06T16:34:06.4365920Z       cocotb_results.py: error: the following arguments are required: paths
rtl	UNKNOWN STEP	2026-10-06T16:34:08.8529893Z   soc_pcie_gen3_rx_events_v3   INVALID/MISSING XML (make rc=2; /home/runner/work/nssoc/nssoc/hw/soc/out/cocotb/soc_pcie_gen3_rx_events_v3.log)
rtl	UNKNOWN STEP	2026-10-06T16:34:08.8545783Z       make[2]: *** [/home/runner/work/nssoc/nssoc/hw/.venv/lib/python3.12/site-packages/cocotb_tools/makefiles/simulators/Makefile.icarus:52: sim_build_soc_pcie_gen3_rx_events_v3/sim.vvp] Error 3
rtl	UNKNOWN STEP	2026-10-06T16:34:08.8547046Z       make[1]: *** [/home/runner/work/nssoc/nssoc/hw/.venv/lib/python3.12/site-packages/cocotb_tools/makefiles/Makefile.inc:17: sim] Error 2
rtl	UNKNOWN STEP	2026-10-06T16:34:08.8548100Z       make: *** [Makefile.soc_pcie_gen3_rx_events_v3:13: sim] Error 2
rtl	UNKNOWN STEP	2026-10-06T16:34:08.8548535Z       usage: cocotb_results.py [-h] paths [paths ...]
rtl	UNKNOWN STEP	2026-10-06T16:34:08.8548980Z       cocotb_results.py: error: the following arguments are required: paths
rtl	UNKNOWN STEP	2026-10-06T16:34:11.2619754Z   soc_pcie_gen3_rx_events_v4   INVALID/MISSING XML (make rc=2; /home/runner/work/nssoc/nssoc/hw/soc/out/cocotb/soc_pcie_gen3_rx_events_v4.log)
rtl	UNKNOWN STEP	2026-10-06T16:34:11.2641148Z       make[2]: *** [/home/runner/work/nssoc/nssoc/hw/.venv/lib/python3.12/site-packages/cocotb_tools/makefiles/simulators/Makefile.icarus:52: sim_build_soc_pcie_gen3_rx_events_v4/sim.vvp] Error 3
rtl	UNKNOWN STEP	2026-10-06T16:34:11.2642953Z       make[1]: *** [/home/runner/work/nssoc/nssoc/hw/.venv/lib/python3.12/site-packages/cocotb_tools/makefiles/Makefile.inc:17: sim] Error 2
rtl	UNKNOWN STEP	2026-10-06T16:34:11.2643822Z       make: *** [Makefile.soc_pcie_gen3_rx_events_v4:13: sim] Error 2
rtl	UNKNOWN STEP	2026-10-06T16:34:11.2644252Z       usage: cocotb_results.py [-h] paths [paths ...]
rtl	UNKNOWN STEP	2026-10-06T16:34:11.2644679Z       cocotb_results.py: error: the following arguments are required: paths
rtl	UNKNOWN STEP	2026-10-06T16:34:13.6694427Z   soc_pcie_gen3_rx_events_v5   INVALID/MISSING XML (make rc=2; /home/runner/work/nssoc/nssoc/hw/soc/out/cocotb/soc_pcie_gen3_rx_events_v5.log)
rtl	UNKNOWN STEP	2026-10-06T16:34:13.6709656Z       make[2]: *** [/home/runner/work/nssoc/nssoc/hw/.venv/lib/python3.12/site-packages/cocotb_tools/makefiles/simulators/Makefile.icarus:52: sim_build_soc_pcie_gen3_rx_events_v5/sim.vvp] Error 3
rtl	UNKNOWN STEP	2026-10-06T16:34:13.6711240Z       make[1]: *** [/home/runner/work/nssoc/nssoc/hw/.venv/lib/python3.12/site-packages/cocotb_tools/makefiles/Makefile.inc:17: sim] Error 2
rtl	UNKNOWN STEP	2026-10-06T16:34:13.6712012Z       make: *** [Makefile.soc_pcie_gen3_rx_events_v5:13: sim] Error 2
rtl	UNKNOWN STEP	2026-10-06T16:34:13.6712480Z       usage: cocotb_results.py [-h] paths [paths ...]
rtl	UNKNOWN STEP	2026-10-06T16:34:13.6713051Z       cocotb_results.py: error: the following arguments are required: paths
rtl	UNKNOWN STEP	2026-10-06T16:34:19.9122274Z   soc_pcie_gen3_scrambler      3 passed, 0 skipped
rtl	UNKNOWN STEP	2026-10-06T16:34:22.9757137Z   soc_pcie_gen3_stp            1 passed, 0 skipped
rtl	UNKNOWN STEP	2026-10-06T16:34:29.7225531Z   soc_pcie_gen3_tx_path        3 passed, 0 skipped
rtl	UNKNOWN STEP	2026-10-06T16:34:37.6330459Z   soc_pcie_gen3_tx_path_v2     3 passed, 0 skipped
rtl	UNKNOWN STEP	2026-10-06T16:34:45.6420595Z   soc_pcie_gen3_tx_path_v3     3 passed, 0 skipped
rtl	UNKNOWN STEP	2026-10-06T16:34:53.7041084Z   soc_pcie_gen3_tx_path_v4     3 passed, 0 skipped
rtl	UNKNOWN STEP	2026-10-06T16:34:58.0258646Z   soc_pcie_gen3_variable_tx    4 passed, 0 skipped
rtl	UNKNOWN STEP	2026-10-06T16:35:00.8867764Z   soc_pcie_gpio                2 passed, 0 skipped
rtl	UNKNOWN STEP	2026-10-06T16:35:03.8766292Z   soc_pcie_lcrc_tx             2 passed, 0 skipped
rtl	UNKNOWN STEP	2026-10-06T16:35:07.0049645Z   soc_pcie_link_packets        3 passed, 0 skipped
rtl	UNKNOWN STEP	2026-10-06T16:35:42.3338001Z   soc_pcie_packet_endpoint     6 passed, 0 skipped
rtl	UNKNOWN STEP	2026-10-06T16:35:52.6098912Z   soc_pcie_packet_tx           4 passed, 0 skipped
rtl	UNKNOWN STEP	2026-10-06T16:35:55.8261996Z   soc_pcie_reliable_packets    4 passed, 0 skipped
rtl	UNKNOWN STEP	2026-10-06T16:36:16.5180390Z   soc_pcie_replay_tx           7 passed, 0 skipped
rtl	UNKNOWN STEP	2026-10-06T16:36:36.0253621Z   soc_pcie_rx_credit           5 passed, 0 skipped
rtl	UNKNOWN STEP	2026-10-06T16:36:58.9443023Z   soc_pcie_soc                 2 passed, 0 skipped
rtl	UNKNOWN STEP	2026-10-06T16:37:04.1129699Z   soc_pcie_tlp_integrity       6 passed, 0 skipped
rtl	UNKNOWN STEP	2026-10-06T16:37:07.0314628Z   soc_pcie_tlp_regs            6 passed, 0 skipped
rtl	UNKNOWN STEP	2026-10-06T16:37:10.5871915Z   soc_pcie_tlp_stream          6 passed, 0 skipped
rtl	UNKNOWN STEP	2026-10-06T16:37:14.8529936Z   soc_pnp                      12 passed, 0 skipped
rtl	UNKNOWN STEP	2026-10-06T16:37:18.6927350Z   soc_qspi                     16 passed, 0 skipped
rtl	UNKNOWN STEP	2026-10-06T16:37:31.0673744Z   soc_scrub                    12 passed, 0 skipped
rtl	UNKNOWN STEP	2026-10-06T16:37:33.9843136Z   soc_tmr_bank                 1 passed, 0 skipped
rtl	UNKNOWN STEP	2026-10-06T16:37:36.7892468Z   soc_uart                     14 passed, 0 skipped
rtl	UNKNOWN STEP	2026-10-06T16:37:52.6337877Z   soc_uart_rx                  7 passed, 0 skipped
rtl	UNKNOWN STEP	2026-10-06T16:37:57.0548533Z   soc_wdog                     15 passed, 0 skipped
rtl	UNKNOWN STEP	2026-10-06T16:38:17.9298703Z   soc_wdog_fi                  3 passed, 0 skipped
rtl	UNKNOWN STEP	2026-10-06T16:38:22.8356196Z   soc_wdog_win                 13 passed, 0 skipped
rtl	UNKNOWN STEP	2026-10-06T16:38:35.4785550Z   test_soc_npu_defects         6 passed, 0 skipped
rtl	UNKNOWN STEP	2026-10-06T16:38:38.5334359Z   test_soc_wdog_strap          3 passed, 0 skipped
rtl	UNKNOWN STEP	2026-10-06T16:38:42.0947066Z   test_soc_uart_defects        3 passed, 0 skipped
rtl	UNKNOWN STEP	2026-10-06T16:38:42.1772528Z SKIP hw/soc/tb/cocotb/test_soc_mem_parity: separately run by check_soc_memory_parity.sh (native PDK, Icarus >=13); results belong to the memory-parity job
rtl	UNKNOWN STEP	2026-10-06T16:38:42.5321777Z == tt/test
rtl	UNKNOWN STEP	2026-10-06T16:38:46.2629490Z   tt-submission                5 passed, 0 skipped
rtl	UNKNOWN STEP	2026-10-06T16:38:46.2629897Z 
rtl	UNKNOWN STEP	2026-10-06T16:38:46.2630090Z cocotb: 1084 passed, 0 failed, 11 suite(s) not clean, 22 skipped
rtl	UNKNOWN STEP	2026-10-06T16:38:46.2652511Z ##[error]Process completed with exit code 1.
rtl	UNKNOWN STEP	2026-10-06T16:38:46.2748009Z ##[group]Run actions/upload-artifact@ea165f8d65b6e75b540449e92b4886f43607fa02
rtl	UNKNOWN STEP	2026-10-06T16:38:46.2748451Z with:
rtl	UNKNOWN STEP	2026-10-06T16:38:46.2748649Z   name: rtl-results
rtl	UNKNOWN STEP	2026-10-06T16:38:46.2749286Z   path: hw/soc/out/cocotb/
rtl	UNKNOWN STEP	hw/soc/out/pcie-tlp-controls/
rtl	UNKNOWN STEP	hw/soc/out/pcie-stream-controls/
rtl	UNKNOWN STEP	hw/tb/results*.xml
rtl	UNKNOWN STEP	hw/soc/tb/cocotb/results*.xml
rtl	UNKNOWN STEP	tt/test/results.xml
rtl	UNKNOWN STEP	
rtl	UNKNOWN STEP	2026-10-06T16:38:46.2749963Z   retention-days: 30
rtl	UNKNOWN STEP	2026-10-06T16:38:46.2750187Z   if-no-files-found: warn
rtl	UNKNOWN STEP	2026-10-06T16:38:46.2750423Z   compression-level: 6
rtl	UNKNOWN STEP	2026-10-06T16:38:46.2750651Z   overwrite: false
rtl	UNKNOWN STEP	2026-10-06T16:38:46.2751394Z   include-hidden-files: false
rtl	UNKNOWN STEP	2026-10-06T16:38:46.2751714Z env:
rtl	UNKNOWN STEP	2026-10-06T16:38:46.2751913Z   SOC_INTERFACE_PROFILE: base
rtl	UNKNOWN STEP	2026-10-06T16:38:46.2752231Z   pythonLocation: /opt/hostedtoolcache/Python/3.12.14/x64
rtl	UNKNOWN STEP	2026-10-06T16:38:46.2752708Z   PKG_CONFIG_PATH: /opt/hostedtoolcache/Python/3.12.14/x64/lib/pkgconfig
rtl	UNKNOWN STEP	2026-10-06T16:38:46.2753145Z   Python_ROOT_DIR: /opt/hostedtoolcache/Python/3.12.14/x64
rtl	UNKNOWN STEP	2026-10-06T16:38:46.2753574Z   Python2_ROOT_DIR: /opt/hostedtoolcache/Python/3.12.14/x64
rtl	UNKNOWN STEP	2026-10-06T16:38:46.2753981Z   Python3_ROOT_DIR: /opt/hostedtoolcache/Python/3.12.14/x64
rtl	UNKNOWN STEP	2026-10-06T16:38:46.2754374Z   LD_LIBRARY_PATH: /opt/hostedtoolcache/Python/3.12.14/x64/lib
rtl	UNKNOWN STEP	2026-10-06T16:38:46.2754706Z ##[endgroup]
rtl	UNKNOWN STEP	2026-10-06T16:38:46.4577304Z (node:21286) [DEP0040] DeprecationWarning: The `punycode` module is deprecated. Please use a userland alternative instead.
rtl	UNKNOWN STEP	2026-10-06T16:38:46.4578062Z (Use `node --trace-deprecation ...` to show where the warning was created)
rtl	UNKNOWN STEP	2026-10-06T16:38:46.5838439Z Multiple search paths detected. Calculating the least common ancestor of all paths
rtl	UNKNOWN STEP	2026-10-06T16:38:46.5839958Z The least common ancestor is /home/runner/work/nssoc/nssoc. This will be the root directory of the artifact
rtl	UNKNOWN STEP	2026-10-06T16:38:46.5840525Z With the provided path, there will be 236 files uploaded
rtl	UNKNOWN STEP	2026-10-06T16:38:46.5841735Z Artifact name is valid!
rtl	UNKNOWN STEP	2026-10-06T16:38:46.5842121Z Root directory input is valid!
rtl	UNKNOWN STEP	2026-10-06T16:38:46.7978345Z Beginning upload of artifact content to blob storage
rtl	UNKNOWN STEP	2026-10-06T16:38:47.0866054Z (node:21286) [DEP0169] DeprecationWarning: `url.parse()` behavior is not standardized and prone to errors that have security implications. Use the WHATWG URL API instead. CVEs are not issued for `url.parse()` vulnerabilities.
rtl	UNKNOWN STEP	2026-10-06T16:38:47.1500499Z Uploaded bytes 881736
rtl	UNKNOWN STEP	2026-10-06T16:38:47.1668929Z Finished uploading artifact content to blob storage!
rtl	UNKNOWN STEP	2026-10-06T16:38:47.1670139Z SHA256 digest of uploaded artifact zip is 457ce31fe090828cf8fe79067516491500991cf5a40681eb841f8b7fc3ea998b
rtl	UNKNOWN STEP	2026-10-06T16:38:47.1672493Z Finalizing artifact upload
rtl	UNKNOWN STEP	2026-10-06T16:38:47.4137371Z Artifact rtl-results.zip successfully finalized. Artifact ID 11428695296
rtl	UNKNOWN STEP	2026-10-06T16:38:47.4139001Z Artifact rtl-results has been successfully uploaded! Final size is 881736 bytes. Artifact ID is 11428695296
rtl	UNKNOWN STEP	2026-10-06T16:38:47.4144604Z Artifact download URL: https://github.com/Melihakbulut221/nssoc/actions/runs/37446811365/artifacts/11428695296
rtl	UNKNOWN STEP	2026-10-06T16:38:47.4360715Z Post job cleanup.
rtl	UNKNOWN STEP	2026-10-06T16:38:47.5266927Z [command]/usr/bin/git version
rtl	UNKNOWN STEP	2026-10-06T16:38:47.5314288Z git version 2.55.0
rtl	UNKNOWN STEP	2026-10-06T16:38:47.5356474Z Temporarily overriding HOME='/home/runner/work/_temp/f5e626e5-4c43-4e0e-9e29-3a46f3dee4e6' before making global git config changes
rtl	UNKNOWN STEP	2026-10-06T16:38:47.5357821Z Adding repository directory to the temporary git global config as a safe directory
rtl	UNKNOWN STEP	2026-10-06T16:38:47.5362935Z [command]/usr/bin/git config --global --add safe.directory /home/runner/work/nssoc/nssoc
rtl	UNKNOWN STEP	2026-10-06T16:38:47.5406683Z [command]/usr/bin/git config --local --name-only --get-regexp core\.sshCommand
rtl	UNKNOWN STEP	2026-10-06T16:38:47.5446183Z [command]/usr/bin/git submodule foreach --recursive sh -c "git config --local --name-only --get-regexp 'core\.sshCommand' && git config --local --unset-all 'core.sshCommand' || :"
rtl	UNKNOWN STEP	2026-10-06T16:38:47.5738383Z [command]/usr/bin/git config --local --name-only --get-regexp http\.https\:\/\/github\.com\/\.extraheader
rtl	UNKNOWN STEP	2026-10-06T16:38:47.5774149Z http.https://github.com/.extraheader
rtl	UNKNOWN STEP	2026-10-06T16:38:47.5777085Z [command]/usr/bin/git config --local --unset-all http.https://github.com/.extraheader
rtl	UNKNOWN STEP	2026-10-06T16:38:47.5816073Z [command]/usr/bin/git submodule foreach --recursive sh -c "git config --local --name-only --get-regexp 'http\.https\:\/\/github\.com\/\.extraheader' && git config --local --unset-all 'http.https://github.com/.extraheader' || :"
rtl	UNKNOWN STEP	2026-10-06T16:38:47.6128871Z [command]/usr/bin/git config --local --name-only --get-regexp ^includeIf\.gitdir:
rtl	UNKNOWN STEP	2026-10-06T16:38:47.6177337Z [command]/usr/bin/git submodule foreach --recursive git config --local --show-origin --name-only --get-regexp remote.origin.url
rtl	UNKNOWN STEP	2026-10-06T16:38:47.6638030Z Cleaning up orphan processes
rtl	UNKNOWN STEP	2026-10-06T16:38:47.7016822Z ##[warning]Node.js 20 is deprecated. The following actions target Node.js 20 but are being forced to run on Node.js 24: actions/checkout@11d5960a326750d5838078e36cf38b85af677262, actions/setup-python@a26af69be951a213d495a4c3e4e4022e16d87065, actions/upload-artifact@ea165f8d65b6e75b540449e92b4886f43607fa02. For more information see: https://github.blog/changelog/2025-09-19-deprecation-of-node-20-on-github-actions-runners/
