{
  "status": "PASS_SOURCE_ONLY_DIVIDER_V7_BINDING_CONTROLS",
  "reviewer": "root independent source review",
  "freeze": {
    "bytes": 429483,
    "sha256": "e97fcd032181c13fc98b58c0dc8bd1aaf1f1b4985002ee307386e0b17110761a"
  },
  "findings": [],
  "inputs_checked": 1939,
  "geometry_steps": 7,
  "source_bridge": {
    "bytes": 990,
    "sha256": "b7bc9358b051dc840cc276aad60f886789b554aa623183130136a0930d905aa8"
  },
  "method": {
    "bytes": 2719,
    "sha256": "0b14331b97c0dc7ebd510fc7a4b5a482089050aaf0a08aa728b023c1d369a96d"
  },
  "scope": "Authorize exactly five copied-input binder runs; baseline identical and four single-edit reference/native faults must reject at their original assertions. No circuit mutation, new extraction, electrical result or production acceptance. Same inherited process ownership and resource guards retained.",
  "full_phy_acceptance": false
}
