OpenROAD dcf36133a369abc8f3c5e5738cd4d82e4903c0e0 
Features included (+) or not (-): +GPU +GUI +Python
This program is licensed under the BSD-3 license. See the LICENSE file for details.
Components of this program may be licensed under more restrictive licenses which must be honored.
[INFO ORD-0030] Using 1 thread(s).
[INFO ODB-0227] LEF file: /home/hasanmelih/.ciel/ciel/ihp-sg13g2/versions/c4b8b4e5e7a05f375cca3815d51b3a37721fbf5c/ihp-sg13g2/libs.ref/sg13g2_stdcell/lef/sg13g2_tech.lef, created 19 layers, 70 vias
[INFO ODB-0227] LEF file: /home/hasanmelih/.ciel/ciel/ihp-sg13g2/versions/c4b8b4e5e7a05f375cca3815d51b3a37721fbf5c/ihp-sg13g2/libs.ref/sg13g2_stdcell/lef/sg13g2_stdcell.lef, created 84 library cells
[INFO ODB-0227] LEF file: /home/hasanmelih/.ciel/ciel/ihp-sg13g2/versions/c4b8b4e5e7a05f375cca3815d51b3a37721fbf5c/ihp-sg13g2/libs.ref/sg13g2_sram/lef/RM_IHPSG13_1P_2048x64_c2_bm_bist.lef, created 1 library cells
[INFO ODB-0227] LEF file: /home/hasanmelih/.ciel/ciel/ihp-sg13g2/versions/c4b8b4e5e7a05f375cca3815d51b3a37721fbf5c/ihp-sg13g2/libs.ref/sg13g2_sram/lef/RM_IHPSG13_2P_256x16_c2_bm_bist.lef, created 1 library cells
MODE_IDEAL_1
CLOCK clk_i 0
CLOCK pcie_clk_i 0
CLOCK eth_rx_clk_i 0
CLOCK eth_tx_clk_i 0
CLOCK eth_gtx 0
MODE_IDEAL_0
CLOCK clk_i 1
CLOCK pcie_clk_i 1
CLOCK eth_rx_clk_i 1
CLOCK eth_tx_clk_i 1
CLOCK eth_gtx 1
