OpenROAD dcf36133a369abc8f3c5e5738cd4d82e4903c0e0 
Features included (+) or not (-): +GPU +GUI +Python
This program is licensed under the BSD-3 license. See the LICENSE file for details.
Components of this program may be licensed under more restrictive licenses which must be honored.
AUDIT|u_ram.g_ram_2048x64_ecc.u_b0|RM_IHPSG13_1P_2048x64_c2_bm_bist|120000|60480|MX|FIRM
AUDIT|u_ram.g_ram_2048x64_ecc.u_b1|RM_IHPSG13_1P_2048x64_c2_bm_bist|944640|60480|MX|FIRM
AUDIT|u_ram.g_ram_2048x64_ecc.u_b2|RM_IHPSG13_1P_2048x64_c2_bm_bist|120000|1787940|R0|FIRM
AUDIT|u_ram.g_ram_2048x64_ecc.u_b3|RM_IHPSG13_1P_2048x64_c2_bm_bist|944640|1787940|R0|FIRM
AUDIT|u_eth.u_mac.rx_fifo.fifo_inst.u_sram.g_bank\[0\].u_mem|RM_IHPSG13_2P_256x16_c2_bm_bist|2340000|60480|MX|FIRM
AUDIT|u_eth.u_mac.rx_fifo.fifo_inst.u_sram.g_bank\[1\].u_mem|RM_IHPSG13_2P_256x16_c2_bm_bist|2340000|351540|R0|FIRM
AUDIT|u_eth.u_mac.rx_fifo.fifo_inst.u_sram.g_bank\[2\].u_mem|RM_IHPSG13_2P_256x16_c2_bm_bist|2340000|642600|MX|FIRM
AUDIT|u_eth.u_mac.rx_fifo.fifo_inst.u_sram.g_bank\[3\].u_mem|RM_IHPSG13_2P_256x16_c2_bm_bist|2340000|933660|R0|FIRM
AUDIT|u_eth.u_mac.rx_fifo.fifo_inst.u_sram.g_bank\[4\].u_mem|RM_IHPSG13_2P_256x16_c2_bm_bist|2340000|1224720|MX|FIRM
AUDIT|u_eth.u_mac.rx_fifo.fifo_inst.u_sram.g_bank\[5\].u_mem|RM_IHPSG13_2P_256x16_c2_bm_bist|2340000|1515780|R0|FIRM
AUDIT|u_eth.u_mac.rx_fifo.fifo_inst.u_sram.g_bank\[6\].u_mem|RM_IHPSG13_2P_256x16_c2_bm_bist|2340000|1806840|MX|FIRM
AUDIT|u_eth.u_mac.rx_fifo.fifo_inst.u_sram.g_bank\[7\].u_mem|RM_IHPSG13_2P_256x16_c2_bm_bist|2340000|2097900|R0|FIRM
AUDIT|u_eth.u_mac.tx_fifo.fifo_inst.u_sram.g_bank\[0\].u_mem|RM_IHPSG13_2P_256x16_c2_bm_bist|2808000|60480|MX|FIRM
AUDIT|u_eth.u_mac.tx_fifo.fifo_inst.u_sram.g_bank\[1\].u_mem|RM_IHPSG13_2P_256x16_c2_bm_bist|2808000|351540|R0|FIRM
AUDIT|u_eth.u_mac.tx_fifo.fifo_inst.u_sram.g_bank\[2\].u_mem|RM_IHPSG13_2P_256x16_c2_bm_bist|2808000|642600|MX|FIRM
AUDIT|u_eth.u_mac.tx_fifo.fifo_inst.u_sram.g_bank\[3\].u_mem|RM_IHPSG13_2P_256x16_c2_bm_bist|2808000|933660|R0|FIRM
AUDIT|u_eth.u_mac.tx_fifo.fifo_inst.u_sram.g_bank\[4\].u_mem|RM_IHPSG13_2P_256x16_c2_bm_bist|2808000|1224720|MX|FIRM
AUDIT|u_eth.u_mac.tx_fifo.fifo_inst.u_sram.g_bank\[5\].u_mem|RM_IHPSG13_2P_256x16_c2_bm_bist|2808000|1515780|R0|FIRM
AUDIT|u_eth.u_mac.tx_fifo.fifo_inst.u_sram.g_bank\[6\].u_mem|RM_IHPSG13_2P_256x16_c2_bm_bist|2808000|1806840|MX|FIRM
AUDIT|u_eth.u_mac.tx_fifo.fifo_inst.u_sram.g_bank\[7\].u_mem|RM_IHPSG13_2P_256x16_c2_bm_bist|2808000|2097900|R0|FIRM
PASS_20_MACROS_60_SUPPLY_BINDINGS
check_power_grid -net power_net [-error_file error_file] [-floorplanning]
   [-dont_require_terminals] 

[INFO PSM-0040] All shapes on net VPWR are connected.
[INFO PSM-0040] All shapes on net VGND are connected.
