2026-10-06 07:30:59 +0300: Memory Usage (420604K) : Starting running SG13G2 Klayout LVS runset on /dev/shm/nssoc-div4-v9-bias-v1-layout-01/nssoc_clock_div4_v9_bias_v1_layout.gds
2026-10-06 07:30:59 +0300: Memory Usage (420604K) : Ruby Version for klayout: 3.3.10
2026-10-06 07:30:59 +0300: Memory Usage (421480K) : Loading database to memory is complete.
2026-10-06 07:30:59 +0300: Memory Usage (421480K) : SG13G2 Klayout LVS runset output at default location: nssoc_clock_div4_v9_bias_v1_layout.lvsdb
2026-10-06 07:30:59 +0300: Memory Usage (421480K) : Evaluate switches.
2026-10-06 07:30:59 +0300: Memory Usage (421480K) : Extracted netlist with net names: true
2026-10-06 07:30:59 +0300: Memory Usage (421480K) : Extracted netlist with comments in details: false
2026-10-06 07:30:59 +0300: Memory Usage (421480K) : Selected NET_ONLY option: true
2026-10-06 07:30:59 +0300: Memory Usage (421480K) : Selected LAYOUT_NETLIST option: (none)
2026-10-06 07:30:59 +0300: Memory Usage (421480K) : Selected IGNORE_TOP_PORTS_MISMATCH option: 
2026-10-06 07:30:59 +0300: Memory Usage (421480K) : Selected IMPLICIT_NETS option: (none)
2026-10-06 07:30:59 +0300: Memory Usage (421480K) : Selected TOP_LVL_PINS option: true
2026-10-06 07:30:59 +0300: Memory Usage (421480K) : Selected COMBINE DEVICES option: false
2026-10-06 07:30:59 +0300: Memory Usage (421480K) : Selected PURGE option: false
2026-10-06 07:30:59 +0300: Memory Usage (421480K) : Selected PURGE_NETS option: false
2026-10-06 07:30:59 +0300: Memory Usage (421480K) : Selected SIMPLIFY option: false
2026-10-06 07:30:59 +0300: Memory Usage (421480K) : Selected SERIES_RES option: true
2026-10-06 07:30:59 +0300: Memory Usage (421480K) : Selected PARALLEL_RES option: true
2026-10-06 07:30:59 +0300: Memory Usage (421480K) : Selected DISABLE_TAP_EXTRACTION option: false
2026-10-06 07:30:59 +0300: Memory Usage (421480K) : flat  mode is enabled.
2026-10-06 07:30:59 +0300: Memory Usage (421480K) : LVS extracted netlist at: /dev/shm/nssoc-div4-v9-bias-v1-wire-native-01/extracted.cir
2026-10-06 07:30:59 +0300: Memory Usage (421480K) : Applying SRAM integration support.
2026-10-06 07:30:59 +0300: Memory Usage (421480K) : Starting SG13G2 LVS runset
2026-10-06 07:30:59 +0300: Memory Usage (421480K) : Read in polygons from layers.
2026-10-06 07:30:59 +0300: Memory Usage (422528K) : activ_drw has 86 polygons
2026-10-06 07:30:59 +0300: Memory Usage (422528K) : activ_filler has 0 polygons
2026-10-06 07:30:59 +0300: Memory Usage (422528K) : activ has 86 polygons
2026-10-06 07:30:59 +0300: Memory Usage (422528K) : activ_pin has 0 polygons
2026-10-06 07:30:59 +0300: Memory Usage (422528K) : activ_mask has 34 polygons
2026-10-06 07:30:59 +0300: Memory Usage (422528K) : activ_nofill has 0 polygons
2026-10-06 07:30:59 +0300: Memory Usage (422528K) : activ_OPC has 0 polygons
2026-10-06 07:30:59 +0300: Memory Usage (422688K) : activ_iOPC has 0 polygons
2026-10-06 07:30:59 +0300: Memory Usage (422688K) : activ_noqrc has 0 polygons
2026-10-06 07:30:59 +0300: Memory Usage (422848K) : biwind_drw has 0 polygons
2026-10-06 07:30:59 +0300: Memory Usage (423008K) : biwind_OPC has 0 polygons
2026-10-06 07:30:59 +0300: Memory Usage (423168K) : gatpoly_drw has 66 polygons
2026-10-06 07:30:59 +0300: Memory Usage (423488K) : gatpoly_filler has 0 polygons
2026-10-06 07:30:59 +0300: Memory Usage (423488K) : gatpoly has 66 polygons
2026-10-06 07:30:59 +0300: Memory Usage (423648K) : gatpoly_pin has 0 polygons
2026-10-06 07:30:59 +0300: Memory Usage (424128K) : gatpoly_nofill has 0 polygons
2026-10-06 07:30:59 +0300: Memory Usage (424128K) : gatpoly_OPC has 0 polygons
2026-10-06 07:30:59 +0300: Memory Usage (424128K) : gatpoly_iOPC has 0 polygons
2026-10-06 07:30:59 +0300: Memory Usage (424288K) : gatpoly_noqrc has 0 polygons
2026-10-06 07:30:59 +0300: Memory Usage (424288K) : cont_drw has 698 polygons
2026-10-06 07:30:59 +0300: Memory Usage (424288K) : cont_OPC has 0 polygons
2026-10-06 07:30:59 +0300: Memory Usage (424448K) : nsd_drw has 0 polygons
2026-10-06 07:30:59 +0300: Memory Usage (424824K) : nsd_block has 34 polygons
2026-10-06 07:30:59 +0300: Memory Usage (424984K) : metal1_drw has 243 polygons
2026-10-06 07:30:59 +0300: Memory Usage (425144K) : metal1_filler has 0 polygons
2026-10-06 07:30:59 +0300: Memory Usage (425304K) : metal1_slit has 0 polygons
2026-10-06 07:30:59 +0300: Memory Usage (425464K) : metal1 has 243 polygons
2026-10-06 07:30:59 +0300: Memory Usage (425624K) : metal1_pin has 152 polygons
2026-10-06 07:30:59 +0300: Memory Usage (425784K) : metal1_mask has 0 polygons
2026-10-06 07:30:59 +0300: Memory Usage (425944K) : metal1_nofill has 0 polygons
2026-10-06 07:30:59 +0300: Memory Usage (425944K) : metal1_text has 0 polygons
2026-10-06 07:30:59 +0300: Memory Usage (426104K) : metal1_OPC has 0 polygons
2026-10-06 07:30:59 +0300: Memory Usage (426264K) : metal1_noqrc has 0 polygons
2026-10-06 07:30:59 +0300: Memory Usage (426424K) : metal1_res has 0 polygons
2026-10-06 07:30:59 +0300: Memory Usage (426744K) : metal1_iprobe has 0 polygons
2026-10-06 07:30:59 +0300: Memory Usage (426904K) : metal1_diffprb has 0 polygons
2026-10-06 07:30:59 +0300: Memory Usage (427064K) : passiv_drw has 0 polygons
2026-10-06 07:30:59 +0300: Memory Usage (427224K) : passiv_pin has 0 polygons
2026-10-06 07:30:59 +0300: Memory Usage (427864K) : passiv_sbump has 0 polygons
2026-10-06 07:30:59 +0300: Memory Usage (428024K) : passiv_pillar has 0 polygons
2026-10-06 07:30:59 +0300: Memory Usage (428184K) : passiv_pdl has 0 polygons
2026-10-06 07:30:59 +0300: Memory Usage (428184K) : metal2_drw has 186 polygons
2026-10-06 07:30:59 +0300: Memory Usage (428184K) : metal2_filler has 0 polygons
2026-10-06 07:30:59 +0300: Memory Usage (428184K) : metal2_slit has 0 polygons
2026-10-06 07:30:59 +0300: Memory Usage (428344K) : metal2 has 186 polygons
2026-10-06 07:30:59 +0300: Memory Usage (428504K) : metal2_pin has 34 polygons
2026-10-06 07:30:59 +0300: Memory Usage (428664K) : metal2_mask has 0 polygons
2026-10-06 07:30:59 +0300: Memory Usage (428824K) : metal2_nofill has 0 polygons
2026-10-06 07:30:59 +0300: Memory Usage (428984K) : metal2_text has 0 polygons
2026-10-06 07:30:59 +0300: Memory Usage (429144K) : metal2_OPC has 0 polygons
2026-10-06 07:30:59 +0300: Memory Usage (429304K) : metal2_noqrc has 0 polygons
2026-10-06 07:30:59 +0300: Memory Usage (429464K) : metal2_res has 0 polygons
2026-10-06 07:30:59 +0300: Memory Usage (429624K) : metal2_iprobe has 0 polygons
2026-10-06 07:30:59 +0300: Memory Usage (429784K) : metal2_diffprb has 0 polygons
2026-10-06 07:30:59 +0300: Memory Usage (429944K) : baspoly_drw has 0 polygons
2026-10-06 07:30:59 +0300: Memory Usage (430104K) : baspoly_pin has 0 polygons
2026-10-06 07:30:59 +0300: Memory Usage (430264K) : psd_drw has 85 polygons
2026-10-06 07:30:59 +0300: Memory Usage (430424K) : nldb_drw has 0 polygons
2026-10-06 07:30:59 +0300: Memory Usage (430584K) : digibnd_drw has 0 polygons
2026-10-06 07:30:59 +0300: Memory Usage (430744K) : via1_drw has 1216 polygons
2026-10-06 07:30:59 +0300: Memory Usage (431064K) : backmetal1_drw has 0 polygons
2026-10-06 07:30:59 +0300: Memory Usage (431224K) : backmetal1_pin has 0 polygons
2026-10-06 07:30:59 +0300: Memory Usage (431384K) : backmetal1_mask has 0 polygons
2026-10-06 07:30:59 +0300: Memory Usage (431544K) : backmetal1_filler has 0 polygons
2026-10-06 07:30:59 +0300: Memory Usage (431704K) : backmetal1_nofill has 0 polygons
2026-10-06 07:30:59 +0300: Memory Usage (431864K) : backmetal1_slit has 0 polygons
2026-10-06 07:30:59 +0300: Memory Usage (431864K) : backmetal1_text has 0 polygons
2026-10-06 07:30:59 +0300: Memory Usage (432184K) : backmetal1_OPC has 0 polygons
2026-10-06 07:30:59 +0300: Memory Usage (432344K) : backmetal1_noqrc has 0 polygons
2026-10-06 07:30:59 +0300: Memory Usage (432504K) : backmetal1_res has 0 polygons
2026-10-06 07:30:59 +0300: Memory Usage (432664K) : backmetal1_iprobe has 0 polygons
2026-10-06 07:30:59 +0300: Memory Usage (432824K) : backmetal1_diffprb has 0 polygons
2026-10-06 07:30:59 +0300: Memory Usage (432984K) : backpassiv_drw has 0 polygons
2026-10-06 07:30:59 +0300: Memory Usage (433144K) : res_drw has 0 polygons
2026-10-06 07:30:59 +0300: Memory Usage (433304K) : sram_drw has 0 polygons
2026-10-06 07:30:59 +0300: Memory Usage (433464K) : trans_drw has 34 polygons
2026-10-06 07:30:59 +0300: Memory Usage (433624K) : ind_drw has 0 polygons
2026-10-06 07:30:59 +0300: Memory Usage (433784K) : ind_pin has 0 polygons
2026-10-06 07:30:59 +0300: Memory Usage (433944K) : ind_text has 0 polygons
2026-10-06 07:30:59 +0300: Memory Usage (434104K) : salblock_drw has 33 polygons
2026-10-06 07:30:59 +0300: Memory Usage (434264K) : via2_drw has 624 polygons
2026-10-06 07:30:59 +0300: Memory Usage (434424K) : metal3_drw has 186 polygons
2026-10-06 07:30:59 +0300: Memory Usage (434584K) : metal3_filler has 0 polygons
2026-10-06 07:30:59 +0300: Memory Usage (434744K) : metal3_slit has 0 polygons
2026-10-06 07:30:59 +0300: Memory Usage (434904K) : metal3 has 186 polygons
2026-10-06 07:30:59 +0300: Memory Usage (435224K) : metal3_pin has 0 polygons
2026-10-06 07:30:59 +0300: Memory Usage (435224K) : metal3_mask has 0 polygons
2026-10-06 07:30:59 +0300: Memory Usage (435224K) : metal3_nofill has 0 polygons
2026-10-06 07:30:59 +0300: Memory Usage (435224K) : metal3_text has 0 polygons
2026-10-06 07:30:59 +0300: Memory Usage (435224K) : metal3_OPC has 0 polygons
2026-10-06 07:30:59 +0300: Memory Usage (435224K) : metal3_noqrc has 0 polygons
2026-10-06 07:30:59 +0300: Memory Usage (435224K) : metal3_res has 0 polygons
2026-10-06 07:30:59 +0300: Memory Usage (435224K) : metal3_iprobe has 0 polygons
2026-10-06 07:30:59 +0300: Memory Usage (435224K) : metal3_diffprb has 0 polygons
2026-10-06 07:30:59 +0300: Memory Usage (435224K) : nwell_drw has 0 polygons
2026-10-06 07:30:59 +0300: Memory Usage (435224K) : nwell_pin has 0 polygons
2026-10-06 07:30:59 +0300: Memory Usage (435224K) : nwell_text has 0 polygons
2026-10-06 07:30:59 +0300: Memory Usage (435224K) : nbulay_drw has 0 polygons
2026-10-06 07:30:59 +0300: Memory Usage (435224K) : nbulay_pin has 0 polygons
2026-10-06 07:30:59 +0300: Memory Usage (435224K) : nbulay_block has 0 polygons
2026-10-06 07:30:59 +0300: Memory Usage (435224K) : emwind_drw has 91 polygons
2026-10-06 07:30:59 +0300: Memory Usage (435224K) : emwind_OPC has 0 polygons
2026-10-06 07:30:59 +0300: Memory Usage (435224K) : deepco_drw has 0 polygons
2026-10-06 07:30:59 +0300: Memory Usage (435224K) : mim_drw has 6 polygons
2026-10-06 07:30:59 +0300: Memory Usage (435224K) : edgeseal_drw has 0 polygons
2026-10-06 07:30:59 +0300: Memory Usage (435224K) : substrate_drw has 18 polygons
2026-10-06 07:30:59 +0300: Memory Usage (435224K) : substrate_text has 0 polygons
2026-10-06 07:30:59 +0300: Memory Usage (435224K) : dfpad_drw has 0 polygons
2026-10-06 07:30:59 +0300: Memory Usage (435224K) : dfpad_pillar has 0 polygons
2026-10-06 07:30:59 +0300: Memory Usage (435224K) : dfpad_sbump has 0 polygons
2026-10-06 07:30:59 +0300: Memory Usage (435224K) : thickgateox_drw has 0 polygons
2026-10-06 07:30:59 +0300: Memory Usage (435224K) : pldb_drw has 0 polygons
2026-10-06 07:30:59 +0300: Memory Usage (435224K) : pwell_drw has 0 polygons
2026-10-06 07:30:59 +0300: Memory Usage (435224K) : pwell_pin has 0 polygons
2026-10-06 07:30:59 +0300: Memory Usage (435224K) : pwell_block has 0 polygons
2026-10-06 07:30:59 +0300: Memory Usage (435224K) : ic_drw has 0 polygons
2026-10-06 07:30:59 +0300: Memory Usage (435224K) : via3_drw has 390 polygons
2026-10-06 07:30:59 +0300: Memory Usage (435224K) : metal4_drw has 205 polygons
2026-10-06 07:30:59 +0300: Memory Usage (435224K) : metal4_filler has 0 polygons
2026-10-06 07:30:59 +0300: Memory Usage (435224K) : metal4_slit has 0 polygons
2026-10-06 07:30:59 +0300: Memory Usage (435224K) : metal4 has 205 polygons
2026-10-06 07:30:59 +0300: Memory Usage (435224K) : metal4_pin has 0 polygons
2026-10-06 07:30:59 +0300: Memory Usage (435224K) : metal4_mask has 0 polygons
2026-10-06 07:30:59 +0300: Memory Usage (435224K) : metal4_nofill has 0 polygons
2026-10-06 07:30:59 +0300: Memory Usage (435224K) : metal4_text has 0 polygons
2026-10-06 07:30:59 +0300: Memory Usage (435384K) : metal4_OPC has 0 polygons
2026-10-06 07:30:59 +0300: Memory Usage (435544K) : metal4_noqrc has 0 polygons
2026-10-06 07:30:59 +0300: Memory Usage (435704K) : metal4_res has 0 polygons
2026-10-06 07:30:59 +0300: Memory Usage (435864K) : metal4_iprobe has 0 polygons
2026-10-06 07:30:59 +0300: Memory Usage (435864K) : metal4_diffprb has 0 polygons
2026-10-06 07:30:59 +0300: Memory Usage (436024K) : heattrans_drw has 0 polygons
2026-10-06 07:30:59 +0300: Memory Usage (436184K) : heatres_drw has 33 polygons
2026-10-06 07:30:59 +0300: Memory Usage (436344K) : fbe_drw has 0 polygons
2026-10-06 07:30:59 +0300: Memory Usage (436504K) : empoly_drw has 0 polygons
2026-10-06 07:30:59 +0300: Memory Usage (436664K) : digisub_drw has 0 polygons
2026-10-06 07:30:59 +0300: Memory Usage (436836K) : text_drw has 221 polygons
2026-10-06 07:30:59 +0300: Memory Usage (436996K) : via4_drw has 610 polygons
2026-10-06 07:30:59 +0300: Memory Usage (437156K) : metal5_drw has 59 polygons
2026-10-06 07:30:59 +0300: Memory Usage (437316K) : metal5_filler has 0 polygons
2026-10-06 07:30:59 +0300: Memory Usage (437476K) : metal5_slit has 0 polygons
2026-10-06 07:30:59 +0300: Memory Usage (437476K) : metal5 has 59 polygons
2026-10-06 07:30:59 +0300: Memory Usage (437476K) : metal5_pin has 7 polygons
2026-10-06 07:30:59 +0300: Memory Usage (437476K) : metal5_mask has 0 polygons
2026-10-06 07:30:59 +0300: Memory Usage (437476K) : metal5_nofill has 0 polygons
2026-10-06 07:30:59 +0300: Memory Usage (437476K) : metal5_text has 7 polygons
2026-10-06 07:30:59 +0300: Memory Usage (437476K) : metal5_OPC has 0 polygons
2026-10-06 07:30:59 +0300: Memory Usage (437476K) : metal5_noqrc has 0 polygons
2026-10-06 07:30:59 +0300: Memory Usage (437476K) : metal5_res has 0 polygons
2026-10-06 07:30:59 +0300: Memory Usage (437476K) : metal5_iprobe has 0 polygons
2026-10-06 07:30:59 +0300: Memory Usage (437476K) : metal5_diffprb has 0 polygons
2026-10-06 07:30:59 +0300: Memory Usage (437476K) : radhard_drw has 0 polygons
2026-10-06 07:30:59 +0300: Memory Usage (437476K) : memcap_drw has 0 polygons
2026-10-06 07:30:59 +0300: Memory Usage (437476K) : varicap_drw has 0 polygons
2026-10-06 07:30:59 +0300: Memory Usage (437476K) : intbondvia_drw has 0 polygons
2026-10-06 07:30:59 +0300: Memory Usage (437476K) : intbondmet_drw has 0 polygons
2026-10-06 07:30:59 +0300: Memory Usage (437476K) : devbondvia_drw has 0 polygons
2026-10-06 07:30:59 +0300: Memory Usage (437476K) : devbondmet_drw has 0 polygons
2026-10-06 07:30:59 +0300: Memory Usage (437476K) : devtrench_drw has 0 polygons
2026-10-06 07:30:59 +0300: Memory Usage (437476K) : redist_drw has 0 polygons
2026-10-06 07:30:59 +0300: Memory Usage (437476K) : graphbot_drw has 0 polygons
2026-10-06 07:30:59 +0300: Memory Usage (437476K) : graphtop_drw has 0 polygons
2026-10-06 07:30:59 +0300: Memory Usage (437476K) : antvia1_drw has 0 polygons
2026-10-06 07:30:59 +0300: Memory Usage (437476K) : antmetal2_drw has 0 polygons
2026-10-06 07:30:59 +0300: Memory Usage (437476K) : graphcont_drw has 0 polygons
2026-10-06 07:30:59 +0300: Memory Usage (437476K) : siwg_drw has 0 polygons
2026-10-06 07:30:59 +0300: Memory Usage (437476K) : siwg_filler has 0 polygons
2026-10-06 07:30:59 +0300: Memory Usage (437476K) : siwg_nofill has 0 polygons
2026-10-06 07:30:59 +0300: Memory Usage (437476K) : sigrating_drw has 0 polygons
2026-10-06 07:30:59 +0300: Memory Usage (437476K) : singrating_drw has 0 polygons
2026-10-06 07:30:59 +0300: Memory Usage (437476K) : graphpas_drw has 0 polygons
2026-10-06 07:30:59 +0300: Memory Usage (437476K) : emwind3_drw has 0 polygons
2026-10-06 07:30:59 +0300: Memory Usage (437476K) : emwihv3_drw has 0 polygons
2026-10-06 07:30:59 +0300: Memory Usage (437476K) : redbulay_drw has 0 polygons
2026-10-06 07:30:59 +0300: Memory Usage (437476K) : smos_drw has 0 polygons
2026-10-06 07:30:59 +0300: Memory Usage (437476K) : graphpad_drw has 0 polygons
2026-10-06 07:30:59 +0300: Memory Usage (437636K) : polimide_drw has 0 polygons
2026-10-06 07:30:59 +0300: Memory Usage (437636K) : polimide_pin has 0 polygons
2026-10-06 07:30:59 +0300: Memory Usage (437796K) : recog_drw has 0 polygons
2026-10-06 07:30:59 +0300: Memory Usage (437956K) : recog_pin has 0 polygons
2026-10-06 07:30:59 +0300: Memory Usage (438116K) : recog_esd has 0 polygons
2026-10-06 07:30:59 +0300: Memory Usage (438276K) : recog_diode has 0 polygons
2026-10-06 07:30:59 +0300: Memory Usage (438436K) : recog_tsv has 0 polygons
2026-10-06 07:30:59 +0300: Memory Usage (438596K) : recog_iprobe has 0 polygons
2026-10-06 07:30:59 +0300: Memory Usage (438596K) : recog_diffprb has 0 polygons
2026-10-06 07:30:59 +0300: Memory Usage (438756K) : recog_pillar has 0 polygons
2026-10-06 07:30:59 +0300: Memory Usage (438916K) : recog_sbump has 0 polygons
2026-10-06 07:30:59 +0300: Memory Usage (439076K) : recog_otp has 0 polygons
2026-10-06 07:30:59 +0300: Memory Usage (439236K) : recog_pdiode has 0 polygons
2026-10-06 07:30:59 +0300: Memory Usage (439396K) : recog_mom has 0 polygons
2026-10-06 07:30:59 +0300: Memory Usage (439556K) : recog_momf has 0 polygons
2026-10-06 07:30:59 +0300: Memory Usage (439556K) : recog_pcm has 0 polygons
2026-10-06 07:30:59 +0300: Memory Usage (439716K) : colopen_drw has 0 polygons
2026-10-06 07:30:59 +0300: Memory Usage (439876K) : graphmetal1_drw has 0 polygons
2026-10-06 07:30:59 +0300: Memory Usage (440036K) : graphmetal1_filler has 0 polygons
2026-10-06 07:30:59 +0300: Memory Usage (440196K) : graphmetal1_nofill has 0 polygons
2026-10-06 07:30:59 +0300: Memory Usage (440356K) : graphmetal1_slit has 0 polygons
2026-10-06 07:30:59 +0300: Memory Usage (440516K) : graphmetal1_OPC has 0 polygons
2026-10-06 07:30:59 +0300: Memory Usage (440516K) : graphmet1l_drw has 0 polygons
2026-10-06 07:30:59 +0300: Memory Usage (440676K) : graphmet1l_filler has 0 polygons
2026-10-06 07:30:59 +0300: Memory Usage (440836K) : graphmet1l_nofill has 0 polygons
2026-10-06 07:30:59 +0300: Memory Usage (440996K) : graphmet1l_slit has 0 polygons
2026-10-06 07:30:59 +0300: Memory Usage (441316K) : graphmet1l_OPC has 0 polygons
2026-10-06 07:30:59 +0300: Memory Usage (441476K) : extblock_drw has 33 polygons
2026-10-06 07:30:59 +0300: Memory Usage (441636K) : nldd_drw has 0 polygons
2026-10-06 07:30:59 +0300: Memory Usage (441796K) : pldd_drw has 0 polygons
2026-10-06 07:30:59 +0300: Memory Usage (441956K) : next_drw has 0 polygons
2026-10-06 07:30:59 +0300: Memory Usage (442116K) : pext_drw has 0 polygons
2026-10-06 07:30:59 +0300: Memory Usage (442276K) : nexthv_drw has 0 polygons
2026-10-06 07:30:59 +0300: Memory Usage (442436K) : pexthv_drw has 0 polygons
2026-10-06 07:30:59 +0300: Memory Usage (442596K) : graphgate_drw has 0 polygons
2026-10-06 07:30:59 +0300: Memory Usage (442756K) : sinwg_drw has 0 polygons
2026-10-06 07:30:59 +0300: Memory Usage (442916K) : sinwg_filler has 0 polygons
2026-10-06 07:30:59 +0300: Memory Usage (443076K) : sinwg_nofill has 0 polygons
2026-10-06 07:30:59 +0300: Memory Usage (443236K) : mempad_drw has 0 polygons
2026-10-06 07:30:59 +0300: Memory Usage (443396K) : topvia1_drw has 176 polygons
2026-10-06 07:30:59 +0300: Memory Usage (443396K) : topmetal1_drw has 49 polygons
2026-10-06 07:30:59 +0300: Memory Usage (443396K) : topmetal1_filler has 0 polygons
2026-10-06 07:30:59 +0300: Memory Usage (443396K) : topmetal1_slit has 0 polygons
2026-10-06 07:30:59 +0300: Memory Usage (443396K) : topmetal1 has 49 polygons
2026-10-06 07:30:59 +0300: Memory Usage (443396K) : topmetal1_pin has 0 polygons
2026-10-06 07:30:59 +0300: Memory Usage (443396K) : topmetal1_mask has 0 polygons
2026-10-06 07:30:59 +0300: Memory Usage (443396K) : topmetal1_nofill has 0 polygons
2026-10-06 07:30:59 +0300: Memory Usage (443396K) : topmetal1_text has 0 polygons
2026-10-06 07:30:59 +0300: Memory Usage (443396K) : topmetal1_noqrc has 0 polygons
2026-10-06 07:30:59 +0300: Memory Usage (443396K) : topmetal1_res has 0 polygons
2026-10-06 07:30:59 +0300: Memory Usage (443396K) : topmetal1_iprobe has 0 polygons
2026-10-06 07:30:59 +0300: Memory Usage (443396K) : topmetal1_diffprb has 0 polygons
2026-10-06 07:30:59 +0300: Memory Usage (443396K) : inldpwl_drw has 0 polygons
2026-10-06 07:30:59 +0300: Memory Usage (443396K) : polyres_drw has 33 polygons
2026-10-06 07:30:59 +0300: Memory Usage (443396K) : polyres_pin has 0 polygons
2026-10-06 07:30:59 +0300: Memory Usage (443396K) : vmim_drw has 726 polygons
2026-10-06 07:30:59 +0300: Memory Usage (443396K) : nbulaycut_drw has 0 polygons
2026-10-06 07:30:59 +0300: Memory Usage (443396K) : antmetal1_drw has 0 polygons
2026-10-06 07:30:59 +0300: Memory Usage (443396K) : topvia2_drw has 188 polygons
2026-10-06 07:30:59 +0300: Memory Usage (443396K) : topmetal2_drw has 6 polygons
2026-10-06 07:30:59 +0300: Memory Usage (443396K) : topmetal2_filler has 0 polygons
2026-10-06 07:30:59 +0300: Memory Usage (443396K) : topmetal2_slit has 0 polygons
2026-10-06 07:30:59 +0300: Memory Usage (443396K) : topmetal2 has 6 polygons
2026-10-06 07:30:59 +0300: Memory Usage (443396K) : topmetal2_pin has 0 polygons
2026-10-06 07:30:59 +0300: Memory Usage (443396K) : topmetal2_mask has 0 polygons
2026-10-06 07:30:59 +0300: Memory Usage (443396K) : topmetal2_nofill has 0 polygons
2026-10-06 07:30:59 +0300: Memory Usage (443396K) : topmetal2_text has 0 polygons
2026-10-06 07:30:59 +0300: Memory Usage (443396K) : topmetal2_noqrc has 0 polygons
2026-10-06 07:30:59 +0300: Memory Usage (443396K) : topmetal2_res has 0 polygons
2026-10-06 07:30:59 +0300: Memory Usage (443396K) : topmetal2_iprobe has 0 polygons
2026-10-06 07:30:59 +0300: Memory Usage (443396K) : topmetal2_diffprb has 0 polygons
2026-10-06 07:30:59 +0300: Memory Usage (443396K) : snsring_drw has 0 polygons
2026-10-06 07:30:59 +0300: Memory Usage (443396K) : sensor_drw has 0 polygons
2026-10-06 07:30:59 +0300: Memory Usage (443396K) : snsarms_drw has 0 polygons
2026-10-06 07:30:59 +0300: Memory Usage (443396K) : snscmosvia_drw has 0 polygons
2026-10-06 07:30:59 +0300: Memory Usage (443396K) : colwind_drw has 0 polygons
2026-10-06 07:30:59 +0300: Memory Usage (443396K) : flm_drw has 0 polygons
2026-10-06 07:30:59 +0300: Memory Usage (443396K) : hafniumox_drw has 0 polygons
2026-10-06 07:30:59 +0300: Memory Usage (443396K) : memvia_drw has 0 polygons
2026-10-06 07:30:59 +0300: Memory Usage (443396K) : thinfilmres_drw has 0 polygons
2026-10-06 07:30:59 +0300: Memory Usage (443396K) : rfmem_drw has 0 polygons
2026-10-06 07:30:59 +0300: Memory Usage (443396K) : norcx_drw has 0 polygons
2026-10-06 07:30:59 +0300: Memory Usage (443396K) : norcx_m2m3 has 0 polygons
2026-10-06 07:30:59 +0300: Memory Usage (443396K) : norcx_m2m4 has 0 polygons
2026-10-06 07:30:59 +0300: Memory Usage (443396K) : norcx_m2m5 has 0 polygons
2026-10-06 07:30:59 +0300: Memory Usage (443396K) : norcx_m2tm1 has 0 polygons
2026-10-06 07:30:59 +0300: Memory Usage (443396K) : norcx_m2tm2 has 0 polygons
2026-10-06 07:30:59 +0300: Memory Usage (443396K) : norcx_m3m4 has 0 polygons
2026-10-06 07:30:59 +0300: Memory Usage (443396K) : norcx_m3m5 has 0 polygons
2026-10-06 07:30:59 +0300: Memory Usage (443396K) : norcx_m3tm1 has 0 polygons
2026-10-06 07:30:59 +0300: Memory Usage (443396K) : norcx_m3tm2 has 0 polygons
2026-10-06 07:30:59 +0300: Memory Usage (443556K) : norcx_m4m5 has 0 polygons
2026-10-06 07:30:59 +0300: Memory Usage (443556K) : norcx_m4tm1 has 0 polygons
2026-10-06 07:30:59 +0300: Memory Usage (443556K) : norcx_m4tm2 has 0 polygons
2026-10-06 07:30:59 +0300: Memory Usage (443556K) : norcx_m5tm1 has 0 polygons
2026-10-06 07:30:59 +0300: Memory Usage (443556K) : norcx_m5tm2 has 0 polygons
2026-10-06 07:30:59 +0300: Memory Usage (443556K) : norcx_tm1tm2 has 0 polygons
2026-10-06 07:30:59 +0300: Memory Usage (443556K) : norcx_m1sub has 0 polygons
2026-10-06 07:30:59 +0300: Memory Usage (443556K) : norcx_m2sub has 0 polygons
2026-10-06 07:30:59 +0300: Memory Usage (443556K) : norcx_m3sub has 0 polygons
2026-10-06 07:30:59 +0300: Memory Usage (443556K) : norcx_m4sub has 0 polygons
2026-10-06 07:30:59 +0300: Memory Usage (443556K) : norcx_m5sub has 0 polygons
2026-10-06 07:30:59 +0300: Memory Usage (443556K) : norcx_tm1sub has 0 polygons
2026-10-06 07:30:59 +0300: Memory Usage (443556K) : norcx_tm2sub has 0 polygons
2026-10-06 07:30:59 +0300: Memory Usage (443556K) : snsbotvia_drw has 0 polygons
2026-10-06 07:30:59 +0300: Memory Usage (443556K) : snstopvia_drw has 0 polygons
2026-10-06 07:30:59 +0300: Memory Usage (443556K) : deepvia_drw has 0 polygons
2026-10-06 07:30:59 +0300: Memory Usage (443556K) : fgetch_drw has 0 polygons
2026-10-06 07:30:59 +0300: Memory Usage (443556K) : ctrgat_drw has 0 polygons
2026-10-06 07:30:59 +0300: Memory Usage (443556K) : fgimp_drw has 0 polygons
2026-10-06 07:30:59 +0300: Memory Usage (443556K) : emwihv_drw has 0 polygons
2026-10-06 07:30:59 +0300: Memory Usage (443556K) : lbe_drw has 0 polygons
2026-10-06 07:30:59 +0300: Memory Usage (443556K) : alcustop_drw has 0 polygons
2026-10-06 07:30:59 +0300: Memory Usage (443556K) : nometfiller_drw has 0 polygons
2026-10-06 07:30:59 +0300: Memory Usage (443556K) : prboundary_drw has 0 polygons
2026-10-06 07:30:59 +0300: Memory Usage (443556K) : exchange0_drw has 0 polygons
2026-10-06 07:30:59 +0300: Memory Usage (443556K) : exchange0_pin has 0 polygons
2026-10-06 07:30:59 +0300: Memory Usage (443556K) : exchange0_text has 0 polygons
2026-10-06 07:30:59 +0300: Memory Usage (443556K) : exchange1_drw has 0 polygons
2026-10-06 07:30:59 +0300: Memory Usage (443556K) : exchange1_pin has 0 polygons
2026-10-06 07:30:59 +0300: Memory Usage (443556K) : exchange1_text has 0 polygons
2026-10-06 07:30:59 +0300: Memory Usage (443556K) : exchange2_drw has 0 polygons
2026-10-06 07:30:59 +0300: Memory Usage (443556K) : exchange2_pin has 0 polygons
2026-10-06 07:30:59 +0300: Memory Usage (443556K) : exchange2_text has 0 polygons
2026-10-06 07:30:59 +0300: Memory Usage (443556K) : exchange3_drw has 0 polygons
2026-10-06 07:30:59 +0300: Memory Usage (443556K) : exchange3_pin has 0 polygons
2026-10-06 07:30:59 +0300: Memory Usage (443556K) : exchange3_text has 0 polygons
2026-10-06 07:30:59 +0300: Memory Usage (443556K) : exchange4_drw has 0 polygons
2026-10-06 07:30:59 +0300: Memory Usage (443556K) : exchange4_pin has 0 polygons
2026-10-06 07:30:59 +0300: Memory Usage (443556K) : exchange4_text has 0 polygons
2026-10-06 07:30:59 +0300: Memory Usage (443556K) : isonwell_drw has 0 polygons
2026-10-06 07:30:59 +0300: Memory Usage (443556K) : Total no. of polygons in the design is 6569
2026-10-06 07:30:59 +0300: Memory Usage (443556K) : Starting base layers derivations
2026-10-06 07:30:59 +0300: Memory Usage (443556K) : Starting general LVS derivations
2026-10-06 07:30:59 +0300: Memory Usage (444620K) : Starting MOSFET DERIVATIONS
2026-10-06 07:30:59 +0300: Memory Usage (446060K) : Starting NMOS DERIVATIONS
2026-10-06 07:30:59 +0300: Memory Usage (446060K) : Starting PMOS DERIVATIONS
2026-10-06 07:30:59 +0300: Memory Usage (446060K) : Starting RF-MOSFET DERIVATIONS
2026-10-06 07:30:59 +0300: Memory Usage (446060K) : Starting RF-NMOS DERIVATIONS
2026-10-06 07:30:59 +0300: Memory Usage (446060K) : Starting RF-PMOS DERIVATIONS
2026-10-06 07:30:59 +0300: Memory Usage (446060K) : Starting BJT DERIVATIONS
2026-10-06 07:30:59 +0300: Memory Usage (446060K) : Starting NPN-BJT DERIVATIONS
2026-10-06 07:31:00 +0300: Memory Usage (446224K) : Starting PNP-BJT DERIVATIONS
2026-10-06 07:31:00 +0300: Memory Usage (446224K) : Starting DIODE DERIVATIONS
2026-10-06 07:31:00 +0300: Memory Usage (446224K) : Starting RESISTOR DERIVATIONS
2026-10-06 07:31:00 +0300: Memory Usage (446400K) : Starting CAP DERIVATIONS
2026-10-06 07:31:00 +0300: Memory Usage (446400K) : Starting CAP_CMOM DERIVATIONS
2026-10-06 07:31:00 +0300: Memory Usage (446400K) : Starting CAP_CMOMF DERIVATIONS
2026-10-06 07:31:00 +0300: Memory Usage (446400K) : Starting ESD DERIVATIONS
2026-10-06 07:31:00 +0300: Memory Usage (446400K) : Starting Inductor DERIVATIONS
2026-10-06 07:31:00 +0300: Memory Usage (447680K) : Starting Taps DERIVATIONS
2026-10-06 07:31:00 +0300: Memory Usage (449440K) : Starting SG13G2 LVS connectivity setup
2026-10-06 07:31:00 +0300: Memory Usage (449440K) : Starting SG13G2 LVS connectivity setup (Inter-layer)
2026-10-06 07:31:00 +0300: Memory Usage (449784K) : Starting SG13G2 LVS connectivity setup (Global)
2026-10-06 07:31:00 +0300: Memory Usage (449784K) : Starting LVS MOSFET CONNECTIONS
2026-10-06 07:31:00 +0300: Memory Usage (449784K) : Starting LVS RF-MOSFET CONNECTIONS
2026-10-06 07:31:00 +0300: Memory Usage (449784K) : Starting LVS BJT CONNECTIONS
2026-10-06 07:31:00 +0300: Memory Usage (449784K) : Starting LVS DIODE CONNECTIONS
2026-10-06 07:31:00 +0300: Memory Usage (449784K) : Starting RESISTOR CONNECTIONS
2026-10-06 07:31:00 +0300: Memory Usage (449784K) : Starting LVS CAP CONNECTIONS
2026-10-06 07:31:00 +0300: Memory Usage (449784K) : Starting CAP_CMOM CONNECTIONS
2026-10-06 07:31:00 +0300: Memory Usage (449784K) : Starting CAP_CMOMF CONNECTIONS
2026-10-06 07:31:00 +0300: Memory Usage (449784K) : Starting ESD CONNECTIONS
2026-10-06 07:31:00 +0300: Memory Usage (449784K) : Starting Inductor CONNECTIONS
2026-10-06 07:31:00 +0300: Memory Usage (449784K) : Starting LVS Taps CONNECTIONS
2026-10-06 07:31:00 +0300: Memory Usage (449784K) : Starting SG13G2 LVS DEVICES EXTRACTION
2026-10-06 07:31:00 +0300: Memory Usage (449784K) : Starting MOSFET EXTRACTION
2026-10-06 07:31:00 +0300: Memory Usage (449784K) : Starting NMOS EXTRACTION
2026-10-06 07:31:00 +0300: Memory Usage (449784K) : Extraction of NMOS-LV transistor
2026-10-06 07:31:00 +0300: Memory Usage (450276K) : Extraction of NMOS-HV transistor
2026-10-06 07:31:00 +0300: Memory Usage (450276K) : Starting PMOS EXTRACTION
2026-10-06 07:31:00 +0300: Memory Usage (450276K) : Extraction of PMOS-LV transistor
2026-10-06 07:31:00 +0300: Memory Usage (450276K) : Extraction of PMOS-HV transistor
2026-10-06 07:31:00 +0300: Memory Usage (450276K) : Starting RF-MOSFET EXTRACTION
2026-10-06 07:31:00 +0300: Memory Usage (450276K) : Extraction of RF-NMOS-LV transistor
2026-10-06 07:31:00 +0300: Memory Usage (450276K) : Extraction of RF-NMOS-HV transistor
2026-10-06 07:31:00 +0300: Memory Usage (450276K) : Extraction of RF-PMOS-LV transistor
2026-10-06 07:31:00 +0300: Memory Usage (450276K) : Extraction of RF-PMOS-HV transistor
2026-10-06 07:31:00 +0300: Memory Usage (450276K) : Starting BJT EXTRACTION
2026-10-06 07:31:00 +0300: Memory Usage (450276K) : Starting NPN-BJT EXTRACTION
2026-10-06 07:31:00 +0300: Memory Usage (450276K) : Extraction of npn13G2 BJT transistor
2026-10-06 07:31:00 +0300: Memory Usage (450652K) : Extraction of npn13G2L BJT transistor
2026-10-06 07:31:00 +0300: Memory Usage (450652K) : Extraction of npn13G2V BJT transistor
2026-10-06 07:31:00 +0300: Memory Usage (450652K) : Starting PNP-BJT EXTRACTION
2026-10-06 07:31:00 +0300: Memory Usage (450652K) : Extracting pnpMPA BJT
2026-10-06 07:31:00 +0300: Memory Usage (450652K) : Starting DIODE EXTRACTION
2026-10-06 07:31:00 +0300: Memory Usage (450652K) : Extracting dantenna diode
2026-10-06 07:31:00 +0300: Memory Usage (450652K) : Extracting dpantenna diode
2026-10-06 07:31:00 +0300: Memory Usage (450652K) : Extracting schottky_nbl1 diode
2026-10-06 07:31:00 +0300: Memory Usage (450652K) : Extracting isolbox diode
2026-10-06 07:31:00 +0300: Memory Usage (450652K) : Starting RESISTOR EXTRACTION
2026-10-06 07:31:00 +0300: Memory Usage (450652K) : Extracting rsil resistor
2026-10-06 07:31:00 +0300: Memory Usage (450652K) : Extracting rppd resistor
2026-10-06 07:31:00 +0300: Memory Usage (450864K) : Extracting rhigh resistor
2026-10-06 07:31:00 +0300: Memory Usage (450864K) : Extracting res_metal1 resistor
2026-10-06 07:31:00 +0300: Memory Usage (450864K) : Extracting res_metal2 resistor
2026-10-06 07:31:00 +0300: Memory Usage (450864K) : Extracting res_metal3 resistor
2026-10-06 07:31:00 +0300: Memory Usage (450864K) : Extracting res_metal4 resistor
2026-10-06 07:31:00 +0300: Memory Usage (450864K) : Extracting res_metal5 resistor
2026-10-06 07:31:00 +0300: Memory Usage (450864K) : Extracting res_topmetal1 resistor
2026-10-06 07:31:00 +0300: Memory Usage (450864K) : Extracting res_topmetal2 resistor
2026-10-06 07:31:00 +0300: Memory Usage (450864K) : Starting CAP EXTRACTION
2026-10-06 07:31:00 +0300: Memory Usage (450864K) : Extracting cap_cmim device
2026-10-06 07:31:00 +0300: Memory Usage (450864K) : Extracting rfcmim device
2026-10-06 07:31:00 +0300: Memory Usage (450864K) : Extracting sg13_hv_svaricap varactor
2026-10-06 07:31:00 +0300: Memory Usage (450864K) : Extracting cap_cmomi device
2026-10-06 07:31:00 +0300: Memory Usage (450864K) : Extracting cap_cmomf device
2026-10-06 07:31:00 +0300: Memory Usage (450864K) : Extracting sg13_moscap_n capacitor
2026-10-06 07:31:00 +0300: Memory Usage (450864K) : Extracting sg13_moscap_p capacitor
2026-10-06 07:31:00 +0300: Memory Usage (450864K) : Starting ESD EXTRACTION
2026-10-06 07:31:00 +0300: Memory Usage (450864K) : Extracting diodevdd_2kv ESD device
2026-10-06 07:31:00 +0300: Memory Usage (450864K) : Extracting diodevdd_4kv ESD device
2026-10-06 07:31:00 +0300: Memory Usage (450864K) : Extracting diodevss_2kv ESD device
2026-10-06 07:31:00 +0300: Memory Usage (450864K) : Extracting diodevss_4kv ESD device
2026-10-06 07:31:00 +0300: Memory Usage (450864K) : Extracting idiodevdd_2kv ESD device
2026-10-06 07:31:00 +0300: Memory Usage (450864K) : Extracting idiodevdd_4kv ESD device
2026-10-06 07:31:00 +0300: Memory Usage (450864K) : Extracting idiodevss_2kv ESD device
2026-10-06 07:31:00 +0300: Memory Usage (450864K) : Extracting idiodevss_4kv ESD device
2026-10-06 07:31:00 +0300: Memory Usage (450864K) : Extracting nmoscl_2 ESD device
2026-10-06 07:31:00 +0300: Memory Usage (450864K) : Extracting nmoscl_4 ESD device
2026-10-06 07:31:00 +0300: Memory Usage (450864K) : Starting Inductor EXTRACTION
2026-10-06 07:31:00 +0300: Memory Usage (450864K) : Extracting Inductor2 device
2026-10-06 07:31:00 +0300: Memory Usage (450864K) : Extracting Inductor3 device
2026-10-06 07:31:00 +0300: Memory Usage (450864K) : Starting Taps EXTRACTION
2026-10-06 07:31:00 +0300: Memory Usage (450864K) : Extracting ntap1 device
2026-10-06 07:31:00 +0300: Memory Usage (450864K) : Extracting ptap1 device
2026-10-06 07:31:00 +0300: Memory Usage (450864K) : Starting SG13G2 LVS RF MOS Model Mapping
2026-10-06 07:31:00 +0300: Memory Usage (450864K) : [layout_netlist] Apply RF MOS model mapping and rfmode parameter.
2026-10-06 07:31:00 +0300: Memory Usage (451024K) : Starting SG13G2 LVS Options Preparations
2026-10-06 07:31:00 +0300: Memory Usage (451024K) : NET_ONLY enabled: apply extraction netlist options and skip comparison.
2026-10-06 07:31:00 +0300: Memory Usage (451024K) : SG13G2 LVS flow: extraction -> option preparation -> write netlist -> exit.
2026-10-06 07:31:00 +0300: Memory Usage (451024K) : Starting SG13G2 LVS Simplification
2026-10-06 07:31:00 +0300: Memory Usage (451024K) : [layout_netlist] simplify: SKIPPED
2026-10-06 07:31:00 +0300: Memory Usage (451024K) : [layout_netlist] make_top_level_pins: ENABLED
2026-10-06 07:31:00 +0300: Memory Usage (451024K) : [layout_netlist] combine_devices: SKIPPED
2026-10-06 07:31:00 +0300: Memory Usage (451024K) : [layout_netlist] purge: SKIPPED
2026-10-06 07:31:00 +0300: Memory Usage (451024K) : [layout_netlist] purge_nets: SKIPPED
2026-10-06 07:31:00 +0300: Memory Usage (451024K) : [layout_netlist] purge_devices: SKIPPED
2026-10-06 07:31:00 +0300: Memory Usage (451024K) : LVS Total Run time 0.888870 seconds
2026-10-06 07:31:00 +0300: Memory Usage (451024K) : NSSOC_UNSIMPLIFIED_GEOMETRY_L2N_EXPORT_REQUESTED
