{
  "status": "PASS_INDEPENDENT_SAVED_TAIL115_EIGHTHSTEP_STREAMING_RECOUNT_NUMERICAL_FAIL_RETAINED",
  "result": {
    "bytes": 231085,
    "sha256": "7bbe1784295e1e09a462351ed6ea4b1caa0496fbaf46f44f0bbb9b17648725bb"
  },
  "finite_values": 52077069,
  "minimum_HBT_VCE": 0.5240445969675581,
  "frequencies_hz": {
    "vco": 8148388270.083548,
    "feedback": 101817318.56487878
  },
  "max_phase_ps": {
    "vco": 8.901880803457837,
    "cml": 8.816107041662383,
    "feedback": 7.441198862530392
  },
  "numeric_status": "FAIL_FINITE_OPEN_LOOP_NUMERICAL_SCREEN",
  "maximum_resident_kib": 63772
}
