DIV__XFIRST__XCORE bothtrack50mV 0.0 neithertrack50mV 0.0
DIV__XSECOND bothtrack50mV 0.0 neithertrack50mV 0.0
DIV__XFIRST__XCORE__XM {'min': -0.14665522729595426, 'max': 0.14310021654054594, 'mean': -0.002187446996921519} smallclock 0.1321446425595734
DIV__XFIRST__XCORE__XM__XCS VCE {'min': 0.7858581620534009, 'max': 0.9688554538591373, 'mean': 0.8887755220829414} VBE {'min': 0.7124827667318759, 'max': 0.839141548647621, 'mean': 0.7892770538361502}
DIV__XFIRST__XCORE__XM__XCH VCE {'min': 0.8476608117578559, 'max': 1.0246107612049933, 'mean': 0.948833292011215} VBE {'min': 0.7216196852251818, 'max': 0.8357280949965775, 'mean': 0.7922846839136372}
DIV__XFIRST__XCORE__XM__XT VCE {'min': 0.524285947804626, 'max': 0.5806682664120288, 'mean': 0.5528498230595035} VBE {'min': 0.8278046135359338, 'max': 0.8365615873438174, 'mean': 0.8316344452937292}
DIV__XFIRST__XCORE__XM__XDP VCE {'min': 0.727135356282846, 'max': 0.9575997903042701, 'mean': 0.82880520617275} VBE {'min': 0.6750244691471419, 'max': 0.870493514621931, 'mean': 0.7832840345135499}
DIV__XFIRST__XCORE__XM__XDN VCE {'min': 0.7325286238259223, 'max': 0.9590673461949533, 'mean': 0.8282298373907054} VBE {'min': 0.6762365366456855, 'max': 0.8714564044121416, 'mean': 0.7845516046261235}
DIV__XFIRST__XCORE__XM__XLP VCE {'min': 0.6333047997037962, 'max': 0.8915529984032478, 'mean': 0.7707982304488422} VBE {'min': 0.6422324565316484, 'max': 0.8667922618193065, 'mean': 0.7781668540270085}
DIV__XFIRST__XCORE__XM__XLN VCE {'min': 0.6297411532537809, 'max': 0.89314579216094, 'mean': 0.7701715502436577} VBE {'min': 0.6490303843586658, 'max': 0.8671237202893718, 'mean': 0.7803095883632873}
DIV__XFIRST__XCORE__XS {'min': -0.14263644510056483, 'max': 0.14642291689690312, 'mean': 0.0021896581911284886} smallclock 0.1324779203466089
DIV__XFIRST__XCORE__XS__XCS VCE {'min': 0.854084416447577, 'max': 1.0263915912910127, 'mean': 0.9526651788746671} VBE {'min': 0.7191526260587382, 'max': 0.8363068533999686, 'mean': 0.7917462083162293}
DIV__XFIRST__XCORE__XS__XCH VCE {'min': 0.7891314570007417, 'max': 0.9704701957198494, 'mean': 0.8899928414191157} VBE {'min': 0.7112850894776301, 'max': 0.8392696265177515, 'mean': 0.7900345536799632}
DIV__XFIRST__XCORE__XS__XT VCE {'min': 0.5294441282488727, 'max': 0.5847485870967751, 'mean': 0.5569720973059783} VBE {'min': 0.8283787237356927, 'max': 0.8373806383177217, 'mean': 0.832293924666887}
DIV__XFIRST__XCORE__XS__XDP VCE {'min': 0.606319471818451, 'max': 0.8251413566621577, 'mean': 0.7133141108230632} VBE {'min': 0.6481978498668082, 'max': 0.8678168061552547, 'mean': 0.779573176925983}
DIV__XFIRST__XCORE__XS__XDN VCE {'min': 0.6105340533917705, 'max': 0.8314782616611112, 'mean': 0.7145525796740759} VBE {'min': 0.6552888676887918, 'max': 0.8688156653770884, 'mean': 0.7821274230647312}
DIV__XFIRST__XCORE__XS__XLP VCE {'min': 0.6654588725559636, 'max': 0.8953233957814857, 'mean': 0.7754785162704619} VBE {'min': 0.6769474005639171, 'max': 0.8722368609745683, 'mean': 0.7847185033860896}
DIV__XFIRST__XCORE__XS__XLN VCE {'min': 0.6666155886274121, 'max': 0.8996615947765545, 'mean': 0.7772105653529762} VBE {'min': 0.6794629067971176, 'max': 0.8710038872259838, 'mean': 0.7855752348545568}
DIV__XSECOND__XM {'min': -0.13181982010299653, 'max': 0.12854279154108528, 'mean': -0.0010352696254531286} smallclock 0.1406432261289785
DIV__XSECOND__XM__XCS VCE {'min': 0.8499605531158182, 'max': 1.009388159129344, 'mean': 0.9434098392228554} VBE {'min': 0.7218679367469245, 'max': 0.8340417941810343, 'mean': 0.7918547365065511}
DIV__XSECOND__XM__XCH VCE {'min': 0.8731645890762861, 'max': 1.0351190108568062, 'mean': 0.9624584068278654} VBE {'min': 0.7270511718240212, 'max': 0.8328737307774288, 'mean': 0.7934965724327345}
DIV__XSECOND__XM__XT VCE {'min': 0.48564540986862165, 'max': 0.5248291885651469, 'mean': 0.5061856572300157} VBE {'min': 0.8286301434030019, 'max': 0.8345139097306892, 'mean': 0.8314165035659632}
DIV__XSECOND__XM__XDP VCE {'min': 0.7609073704662674, 'max': 0.8881331833470199, 'mean': 0.8080837016746283} VBE {'min': 0.717902602957031, 'max': 0.8536213208060655, 'mean': 0.7991329547156083}
DIV__XSECOND__XM__XDN VCE {'min': 0.771297136836524, 'max': 0.8948762958399974, 'mean': 0.8158337077840654} VBE {'min': 0.7423486205356145, 'max': 0.8476714624639878, 'mean': 0.804946613228387}
DIV__XSECOND__XM__XLP VCE {'min': 0.6951751240242254, 'max': 0.84442630850487, 'mean': 0.7889485842274757} VBE {'min': 0.7343577540317598, 'max': 0.8491463363314078, 'mean': 0.8050335695986642}
DIV__XSECOND__XM__XLN VCE {'min': 0.7217626938870492, 'max': 0.8516555104708734, 'mean': 0.7989275014914611} VBE {'min': 0.7083882084472981, 'max': 0.8467401936143548, 'mean': 0.800137243924417}
DIV__XSECOND__XS {'min': -0.12859993727976016, 'max': 0.1317864564024902, 'mean': 0.001056956237800031} smallclock 0.1413097817030495
DIV__XSECOND__XS__XCS VCE {'min': 0.8755640857983608, 'max': 1.0368946217385466, 'mean': 0.9652001596160031} VBE {'min': 0.7264841226076577, 'max': 0.8334630449399388, 'mean': 0.7934813210484922}
DIV__XSECOND__XS__XCH VCE {'min': 0.8522920568204374, 'max': 1.0113228739785454, 'mean': 0.9454279816653959} VBE {'min': 0.7237295682606222, 'max': 0.8347445398424147, 'mean': 0.7930727018481206}
DIV__XSECOND__XS__XT VCE {'min': 0.4856206924610069, 'max': 0.5235074157802466, 'mean': 0.5061643949822783} VBE {'min': 0.8292194052568878, 'max': 0.8352471298454449, 'mean': 0.8320740731361842}
DIV__XSECOND__XS__XDP VCE {'min': 0.7296772536129967, 'max': 0.8383296261279363, 'mean': 0.7686503501347356} VBE {'min': 0.7367419986604522, 'max': 0.8487610407068207, 'mean': 0.8052981761892326}
DIV__XSECOND__XS__XDN VCE {'min': 0.707230602830712, 'max': 0.8539594869673146, 'mean': 0.7763662565337602} VBE {'min': 0.7121821159259323, 'max': 0.8468791762802304, 'mean': 0.8010245428250083}
DIV__XSECOND__XS__XLP VCE {'min': 0.7098427016100382, 'max': 0.8610117073166719, 'mean': 0.7930056178644018} VBE {'min': 0.74228965550305, 'max': 0.8475363545790855, 'mean': 0.804904739529425}
DIV__XSECOND__XS__XLN VCE {'min': 0.7335623538436278, 'max': 0.8472287470833963, 'mean': 0.79815177976003} VBE {'min': 0.7204013409948029, 'max': 0.8555470574078754, 'mean': 0.8010096501240417}
