{
  "delta_vs_v11": {
    "slow_max": 0.13158199999999987,
    "slow_min": -0.043655,
    "typical_max": 0.05336200000000002,
    "typical_min": 0.001664999999999972,
    "fast_max": 0.024567000000000005,
    "fast_min": 0.0008840000000000237
  },
  "delta_vs_v17": {
    "slow_max": -0.08414600000000005,
    "slow_min": -0.04522699999999996,
    "typical_max": -0.09377099999999994,
    "typical_min": 0.0018639999999999768,
    "fast_max": -0.06256099999999998,
    "fast_min": 0.0010760000000000214
  },
  "repaired": [
    {
      "stage": "PREPLACEMENT_REPAIRED",
      "corner": "slow",
      "direction": "max",
      "all_group_slacks_ns": [
        3.561266,
        -3.420429
      ],
      "worst_slack_ns": -3.420429
    },
    {
      "stage": "PREPLACEMENT_REPAIRED",
      "corner": "slow",
      "direction": "min",
      "all_group_slacks_ns": [
        0.401006,
        0.355779
      ],
      "worst_slack_ns": 0.355779
    },
    {
      "stage": "PREPLACEMENT_REPAIRED",
      "corner": "typical",
      "direction": "max",
      "all_group_slacks_ns": [
        3.652583,
        -0.705328
      ],
      "worst_slack_ns": -0.705328
    },
    {
      "stage": "PREPLACEMENT_REPAIRED",
      "corner": "typical",
      "direction": "min",
      "all_group_slacks_ns": [
        0.3266,
        0.262076
      ],
      "worst_slack_ns": 0.262076
    },
    {
      "stage": "PREPLACEMENT_REPAIRED",
      "corner": "fast",
      "direction": "max",
      "all_group_slacks_ns": [
        3.698173,
        0.880972
      ],
      "worst_slack_ns": 0.880972
    },
    {
      "stage": "PREPLACEMENT_REPAIRED",
      "corner": "fast",
      "direction": "min",
      "all_group_slacks_ns": [
        0.286336,
        0.177076
      ],
      "worst_slack_ns": 0.177076
    }
  ]
}
