{
  "delay_by_cell_family": {
    "launch_ff": {
      "count": 1,
      "delay_ns": 0.234542
    },
    "buffer": {
      "count": 21,
      "delay_ns": 3.4945589999999993
    },
    "xor_xnor": {
      "count": 2,
      "delay_ns": 0.44929399999999997
    },
    "other_boolean": {
      "count": 56,
      "delay_ns": 7.640502999999998
    },
    "mux": {
      "count": 1,
      "delay_ns": 0.237761
    }
  },
  "word_support_growth": [
    {
      "cell": "_162013_",
      "arrival_ns": 0.234542,
      "structural_current_word_support": []
    }
  ]
}
