{
  "delta_vs_v11": {
    "slow_max": -4.703536999999999,
    "slow_min": 0.0005080000000000084,
    "typical_max": -2.9804779999999997,
    "typical_min": -0.00019799999999997597,
    "fast_max": -1.924035,
    "fast_min": -0.00019199999999999773
  },
  "repaired": [
    {
      "stage": "PREPLACEMENT_REPAIRED",
      "corner": "slow",
      "direction": "max",
      "all_group_slacks_ns": [
        3.561266,
        -8.255548
      ],
      "worst_slack_ns": -8.255548
    },
    {
      "stage": "PREPLACEMENT_REPAIRED",
      "corner": "slow",
      "direction": "min",
      "all_group_slacks_ns": [
        0.401006,
        0.399942
      ],
      "worst_slack_ns": 0.399942
    },
    {
      "stage": "PREPLACEMENT_REPAIRED",
      "corner": "typical",
      "direction": "max",
      "all_group_slacks_ns": [
        3.652583,
        -3.739168
      ],
      "worst_slack_ns": -3.739168
    },
    {
      "stage": "PREPLACEMENT_REPAIRED",
      "corner": "typical",
      "direction": "min",
      "all_group_slacks_ns": [
        0.3266,
        0.260213
      ],
      "worst_slack_ns": 0.260213
    },
    {
      "stage": "PREPLACEMENT_REPAIRED",
      "corner": "fast",
      "direction": "max",
      "all_group_slacks_ns": [
        3.698173,
        -1.06763
      ],
      "worst_slack_ns": -1.06763
    },
    {
      "stage": "PREPLACEMENT_REPAIRED",
      "corner": "fast",
      "direction": "min",
      "all_group_slacks_ns": [
        0.286336,
        0.176
      ],
      "worst_slack_ns": 0.176
    }
  ]
}
