
Note: No compatibility mode selected!


Circuit: pump13 exact subset ideal-command diagnostic; no loaded-force or loop acceptance

Doing analysis at TEMP = 27.000000 and TNOM = 27.000000

Using SPARSE 1.3 as Direct Linear Solver

No. of Data Rows : 1
binary raw file "op.raw"
binary raw file "stream.fifo"
Doing analysis at TEMP = 27.000000 and TNOM = 27.000000

Using SPARSE 1.3 as Direct Linear Solver
No. of Data Columns : 28  

Initial Transient Solution
--------------------------

Node                                   Voltage
----                                   -------
avdd                                         0
dvdd                                         0
up                                           0
down                                         0
vctrl                                        0
xloop.xdet.xcp.nb                            0
xloop.xdet.xcp.xrbias.dt                     0
xloop.xdet.xcp.pb                            0
xloop.xdet.xcp.source                        0
xloop.xdet.xcp.upb                           0
xloop.xdet.xcp.sink                          0
xloop.xrhi.dt                                0
xloop.xrlo.dt                                0
xloop.xc.1                                   0
vctrl#branch                                 0
vdown#branch                                 0
vup#branch                                   0
vddiv#branch                                 0
vdd#branch                                   0

 Reference value :  1.36484e-09 Reference value :  2.67234e-09 Reference value :  4.22391e-09 Reference value :  6.04734e-09 Reference value :  7.95234e-09 Reference value :  9.85578e-09 Reference value :  1.17533e-08 Reference value :  1.36402e-08 Reference value :  1.55486e-08 Reference value :  1.74436e-08 Reference value :  1.93505e-08 Reference value :  2.12270e-08 Reference value :  2.31298e-08 Reference value :  2.50295e-08 Reference value :  2.69458e-08 Reference value :  2.88573e-08 Reference value :  3.07645e-08 Reference value :  3.26705e-08
No. of Data Rows : 108811
List of plots available:

Current op1	pump13 exact subset ideal-command diagnostic; no loaded-force or loop acceptance (Operating Point)
	const	Constant values (constants)
Here are the vectors currently active:

Title: pump13 exact subset ideal-command diagnostic; no loaded-force or loop acceptance
Name: op1 (Operating Point)
Date: Wed Oct  7 22:14:05  2026

    @n.xloop.xdet.xcp.xnbias.nsg13_hv_nmos[ids]: current, real, 1 long
    @n.xloop.xdet.xcp.xnenable.nsg13_hv_nmos[ids]: current, real, 1 long
    @n.xloop.xdet.xcp.xnref.nsg13_hv_nmos[ids]: current, real, 1 long
    @n.xloop.xdet.xcp.xnsink.nsg13_hv_nmos[ids]: current, real, 1 long
    @n.xloop.xdet.xcp.xpenable.nsg13_hv_pmos[ids]: current, real, 1 long
    @n.xloop.xdet.xcp.xpref.nsg13_hv_pmos[ids]: current, real, 1 long
    @n.xloop.xdet.xcp.xpsource.nsg13_hv_pmos[ids]: current, real, 1 long
    @n.xloop.xdet.xcp.xub.xn.nsg13_hv_nmos[ids]: current, real, 1 long
    @n.xloop.xdet.xcp.xub.xp.nsg13_hv_pmos[ids]: current, real, 1 long
    avdd                : voltage, real, 1 long [default scale]
    down                : voltage, real, 1 long
    dvdd                : voltage, real, 1 long
    up                  : voltage, real, 1 long
    vctrl               : voltage, real, 1 long
    vctrl#branch        : current, real, 1 long
    vdd#branch          : current, real, 1 long
    vddiv#branch        : current, real, 1 long
    vdown#branch        : current, real, 1 long
    vup#branch          : current, real, 1 long
    xloop.xdet.xcp.nb   : voltage, real, 1 long
    xloop.xdet.xcp.pb   : voltage, real, 1 long
    xloop.xdet.xcp.sink : voltage, real, 1 long
    xloop.xdet.xcp.source: voltage, real, 1 long
    xloop.xdet.xcp.upb  : voltage, real, 1 long
    xloop.xdet.xcp.xrbias.dt: voltage, real, 1 long
    xloop.xrhi.dt       : voltage, real, 1 long
    xloop.xrlo.dt       : voltage, real, 1 long
Total DRAM available = 31773.570 MB.
DRAM currently available = 13930.594 MB.
Maximum ngspice program size =   34.816 MB.
Current ngspice program size =   21.836 MB.

Shared ngspice pages =   12.230 MB.
Text (code) pages =    6.504 MB.
Stack = 0 bytes.
Library pages =    9.613 MB.
ngspice-47 done
