{
  "status": "PASS_SOURCE_ONLY_LOADED455_HALFSTEP_CONVERGENCE",
  "freeze": {
    "bytes": 60982,
    "sha256": "8461f08b646f5b8e1bff882b996cd68271fad2e7742f17a20f7f7baddbc8db5e"
  },
  "findings": [],
  "method": {
    "bytes": 3906,
    "sha256": "b2bfad2e0abea16b53d539d185281308d742898614471c046dbe527ea6fb8d02"
  },
  "pins_rechecked": 232,
  "whole_source_bridges": 3,
  "independent_complete_recipe_and_deck_comparisons": 4,
  "saved_resource_controls": 7,
  "inherited_source_tests": 32,
  "inherited_handoff_tests": 4,
  "runtime": {
    "bytes": 710,
    "sha256": "297b68dc92bf5b6766f9fc806653a881779c35aaf6ac3cfb253815469f722e88"
  },
  "scope": "Exact455intrinsics1271R1414C and four physical recipes unchanged, complete34ns from0 and4\u201334ns criteria unchanged. Only output/maxstep5ps\u21922.5ps, new namespace, explicit128MiB cap and accurate raw estimate. Same Meter/capture/native lifecycle; prior5psFAIL preserved. This is source review, not a new analog result or acceptance.",
  "physical_acceptance": false
}
