{
  "status": "PASS_SOURCE_ONLY_DIVIDER_V9_BIAS_V1",
  "peer": {
    "bytes": 12222,
    "sha256": "f3eb48370dc6fc199fb51051087eb15e8daca1b1ac683f6e72b8f5a9076b8ab4"
  },
  "sealer_peer": {
    "bytes": 1307,
    "sha256": "da0e2ed55f6652a3240b4524dfb4309e1130d0040baa00fa21622badf2b15808"
  },
  "raw_baseline_shapes": {
    "DIV__XDN": {
      "cell": "rppd$10",
      "placement_dbu": [
        496000,
        224420
      ],
      "layers": 9,
      "polygons": 19
    },
    "DIV__XDP": {
      "cell": "rppd$10",
      "placement_dbu": [
        472000,
        224420
      ],
      "layers": 9,
      "polygons": 19
    }
  },
  "frozen_input_count": 707,
  "saved_cases": 63
}
